-- The C compiler identification is GNU 11.3.0
-- The CXX compiler identification is GNU 11.3.0
-- Detecting C compiler ABI info
-- Detecting C compiler ABI info - done
-- Check for working C compiler: /usr/bin/cc - skipped
-- Detecting C compile features
-- Detecting C compile features - done
-- Detecting CXX compiler ABI info
-- Detecting CXX compiler ABI info - done
-- Check for working CXX compiler: /usr/bin/c++ - skipped
-- Detecting CXX compile features
-- Detecting CXX compile features - done
-- Looking for pthread.h
-- Looking for pthread.h - found
-- Performing Test CMAKE_HAVE_LIBC_PTHREAD
-- Performing Test CMAKE_HAVE_LIBC_PTHREAD - Success
-- Found Threads: TRUE  
-- Found Protobuf: /usr/lib/x86_64-linux-gnu/libprotobuf.so (found version "3.12.4") 
-- Found PkgConfig: /usr/bin/pkg-config (found version "0.29.2") 
-- Checking for modules 'gstreamer-app-1.0;gstreamer-pbutils-1.0;gstreamer-audio-1.0'
--   Found gstreamer-app-1.0, version 1.20.1
--   Found gstreamer-pbutils-1.0, version 1.20.1
--   Found gstreamer-audio-1.0, version 1.20.1
-- Could NOT find MONGOOSE (missing: MONGOOSE_LIBRARY MONGOOSE_INCLUDE_DIR) 
-- Configuring done
-- Generating done
-- Build files have been written to: /home/lukewill95/rialto/build
[  3%] Building CXX object logging/CMakeFiles/RialtoLogging.dir/source/RialtoLogging.cpp.o
[  3%] Building CXX object logging/CMakeFiles/RialtoLogging.dir/source/LogFileHandle.cpp.o
[  3%] Creating directories for 'googletest-project'
[  7%] Building CXX object tests/common/misc/CMakeFiles/RialtoCommonMisc.dir/MediaSourceUtil.cpp.o
[  7%] Building CXX object logging/CMakeFiles/RialtoLogging.dir/source/EnvVariableParser.cpp.o
[  7%] Performing download step (download, verify and extract) for 'googletest-project'
-- Downloading...
   dst='/home/lukewill95/rialto/build/deps/googletest-1.12.1/src/release-1.12.1.tar.gz'
   timeout='none'
   inactivity timeout='none'
-- Using src='https://github.com/google/googletest/archive/release-1.12.1.tar.gz'
[  7%] Linking CXX static library libRialtoCommonMisc.a
[  7%] Built target RialtoCommonMisc
[  7%] Linking CXX static library libRialtoLogging.a
[  7%] Built target RialtoLogging
[  7%] Building CXX object common/CMakeFiles/RialtoCommon.dir/source/Timer.cpp.o
[  7%] Building CXX object common/CMakeFiles/RialtoCommon.dir/source/EventThread.cpp.o
-- [download 0% complete]
-- [download 1% complete]
-- [download 2% complete]
-- [download 3% complete]
-- [download 4% complete]
-- [download 5% complete]
-- [download 6% complete]
-- [download 7% complete]
-- [download 8% complete]
-- [download 9% complete]
-- [download 10% complete]
-- [download 11% complete]
-- [download 12% complete]
-- [download 13% complete]
-- [download 14% complete]
-- [download 16% complete]
-- [download 18% complete]
-- [download 19% complete]
-- [download 20% complete]
-- [download 21% complete]
-- [download 22% complete]
-- [download 24% complete]
-- [download 25% complete]
-- [download 26% complete]
-- [download 27% complete]
-- [download 28% complete]
-- [download 29% complete]
-- [download 30% complete]
-- [download 31% complete]
-- [download 32% complete]
-- [download 33% complete]
-- [download 34% complete]
-- [download 35% complete]
-- [download 36% complete]
-- [download 37% complete]
-- [download 38% complete]
-- [download 39% complete]
-- [download 40% complete]
-- [download 41% complete]
-- [download 42% complete]
-- [download 44% complete]
-- [download 45% complete]
-- [download 46% complete]
-- [download 47% complete]
-- [download 48% complete]
-- [download 49% complete]
-- [download 50% complete]
-- [download 51% complete]
-- [download 52% complete]
-- [download 53% complete]
-- [download 54% complete]
-- [download 55% complete]
-- [download 56% complete]
-- [download 57% complete]
-- [download 58% complete]
-- [download 59% complete]
-- [download 60% complete]
-- [download 61% complete]
-- [download 62% complete]
-- [download 64% complete]
-- [download 65% complete]
-- [download 66% complete]
-- [download 67% complete]
-- [download 68% complete]
-- [download 69% complete]
-- [download 70% complete]
-- [download 71% complete]
-- [download 72% complete]
-- [download 73% complete]
-- [download 74% complete]
-- [download 75% complete]
-- [download 76% complete]
-- [download 78% complete]
-- [download 79% complete]
-- [download 80% complete]
-- [download 81% complete]
-- [download 82% complete]
-- [download 83% complete]
-- [download 84% complete]
-- [download 86% complete]
-- [download 88% complete]
-- [download 89% complete]
-- [download 90% complete]
-- [download 91% complete]
-- [download 92% complete]
-- [download 93% complete]
-- [download 94% complete]
-- [download 95% complete]
-- [download 96% complete]
-- [download 97% complete]
-- [download 98% complete]
-- [download 99% complete]
-- [download 100% complete]
-- Downloading... done
-- extracting...
     src='/home/lukewill95/rialto/build/deps/googletest-1.12.1/src/release-1.12.1.tar.gz'
     dst='/home/lukewill95/rialto/build/deps/googletest-1.12.1/src/googletest-project'
-- extracting... [tar xfz]
-- extracting... [analysis]
-- extracting... [rename]
-- extracting... [clean up]
-- extracting... done
[ 10%] No update step for 'googletest-project'
[ 10%] Linking CXX static library libRialtoCommon.a
[ 10%] No patch step for 'googletest-project'
[ 14%] Performing configure step for 'googletest-project'
[ 14%] Built target RialtoCommon
[ 14%] Running cpp protocol buffer compiler on proto/metadata.proto
-- The C compiler identification is GNU 11.3.0
[ 14%] Building CXX object media/server/main/CMakeFiles/RialtoServerMain.dir/source/MediaPipelineServerInternal.cpp.o
[ 14%] Building CXX object media/server/main/CMakeFiles/RialtoServerMain.dir/metadata.pb.cc.o
[ 14%] Building CXX object media/server/main/CMakeFiles/RialtoServerMain.dir/source/MediaPipelineCapabilities.cpp.o
[ 14%] Building CXX object media/server/main/CMakeFiles/RialtoServerMain.dir/source/DataReaderFactory.cpp.o
[ 14%] Building CXX object media/server/main/CMakeFiles/RialtoServerMain.dir/source/DataReaderV2.cpp.o
[ 14%] Building CXX object media/server/main/CMakeFiles/RialtoServerMain.dir/source/NeedMediaData.cpp.o
[ 14%] Building CXX object media/server/main/CMakeFiles/RialtoServerMain.dir/source/SharedMemoryBuffer.cpp.o
[ 17%] Building CXX object media/server/main/CMakeFiles/RialtoServerMain.dir/source/MediaKeysServerInternal.cpp.o
[ 17%] Building CXX object media/server/main/CMakeFiles/RialtoServerMain.dir/source/DataReaderV1.cpp.o
[ 21%] Building CXX object media/server/main/CMakeFiles/RialtoServerMain.dir/source/ActiveRequests.cpp.o
[ 21%] Building CXX object media/server/main/CMakeFiles/RialtoServerMain.dir/source/MediaKeysCapabilities.cpp.o
-- The CXX compiler identification is GNU 11.3.0
-- Detecting C compiler ABI info
-- Detecting C compiler ABI info - done
-- Check for working C compiler: /usr/bin/cc - skipped
-- Detecting C compile features
-- Detecting C compile features - done
-- Detecting CXX compiler ABI info
-- Detecting CXX compiler ABI info - done
-- Check for working CXX compiler: /usr/bin/c++ - skipped
-- Detecting CXX compile features
-- Detecting CXX compile features - done
[ 21%] Building CXX object media/server/main/CMakeFiles/RialtoServerMain.dir/source/MediaKeySession.cpp.o
-- Found Python: /usr/bin/python3.10 (found version "3.10.6") found components: Interpreter 
-- Looking for pthread.h
[ 21%] Building CXX object media/server/main/CMakeFiles/RialtoServerMain.dir/source/MainThread.cpp.o
-- Looking for pthread.h - found
-- Performing Test CMAKE_HAVE_LIBC_PTHREAD
[ 21%] Building CXX object media/server/main/CMakeFiles/RialtoServerMain.dir/source/WebAudioPlayerServerInternal.cpp.o
[ 25%] Building CXX object media/server/main/CMakeFiles/RialtoServerMain.dir/source/ControlServerInternal.cpp.o
-- Performing Test CMAKE_HAVE_LIBC_PTHREAD - Success
-- Found Threads: TRUE  
-- Configuring done
-- Generating done
-- Build files have been written to: /home/lukewill95/rialto/build/deps/googletest-1.12.1/src/googletest-project-build
[ 25%] Performing build step for 'googletest-project'
[ 25%] Building CXX object media/server/main/CMakeFiles/RialtoServerMain.dir/source/HeartbeatProcedure.cpp.o
[ 12%] Building CXX object googletest/CMakeFiles/gtest.dir/src/gtest-all.cc.o
[ 25%] Linking CXX static library libRialtoServerMain.a
[ 25%] Built target RialtoServerMain
[ 28%] Building CXX object media/server/gstplayer/CMakeFiles/RialtoServerGstPlayer.dir/source/tasks/generic/AttachSamples.cpp.o
[ 28%] Building CXX object media/server/gstplayer/CMakeFiles/RialtoServerGstPlayer.dir/source/tasks/generic/EnoughData.cpp.o
[ 28%] Building CXX object media/server/gstplayer/CMakeFiles/RialtoServerGstPlayer.dir/source/tasks/generic/DeepElementAdded.cpp.o
[ 28%] Building CXX object media/server/gstplayer/CMakeFiles/RialtoServerGstPlayer.dir/source/tasks/generic/AttachSource.cpp.o
[ 28%] Building CXX object media/server/gstplayer/CMakeFiles/RialtoServerGstPlayer.dir/source/tasks/generic/GenericPlayerTaskFactory.cpp.o
[ 32%] Building CXX object media/server/gstplayer/CMakeFiles/RialtoServerGstPlayer.dir/source/tasks/generic/FinishSetupSource.cpp.o
[ 32%] Building CXX object media/server/gstplayer/CMakeFiles/RialtoServerGstPlayer.dir/source/tasks/generic/Eos.cpp.o
[ 32%] Building CXX object media/server/gstplayer/CMakeFiles/RialtoServerGstPlayer.dir/source/tasks/generic/HandleBusMessage.cpp.o
[ 32%] Building CXX object media/server/gstplayer/CMakeFiles/RialtoServerGstPlayer.dir/source/tasks/generic/NeedData.cpp.o
[ 32%] Building CXX object media/server/gstplayer/CMakeFiles/RialtoServerGstPlayer.dir/source/tasks/generic/Pause.cpp.o
[ 32%] Building CXX object media/server/gstplayer/CMakeFiles/RialtoServerGstPlayer.dir/source/tasks/generic/Play.cpp.o
[ 35%] Building CXX object media/server/gstplayer/CMakeFiles/RialtoServerGstPlayer.dir/source/tasks/generic/ReadShmDataAndAttachSamples.cpp.o
[ 35%] Building CXX object media/server/gstplayer/CMakeFiles/RialtoServerGstPlayer.dir/source/tasks/generic/RemoveSource.cpp.o
[ 35%] Building CXX object media/server/gstplayer/CMakeFiles/RialtoServerGstPlayer.dir/source/tasks/generic/RenderFrame.cpp.o
[ 35%] Building CXX object media/server/gstplayer/CMakeFiles/RialtoServerGstPlayer.dir/source/tasks/generic/ReportPosition.cpp.o
[ 35%] Building CXX object media/server/gstplayer/CMakeFiles/RialtoServerGstPlayer.dir/source/tasks/generic/CheckAudioUnderflow.cpp.o
[ 35%] Building CXX object media/server/gstplayer/CMakeFiles/RialtoServerGstPlayer.dir/source/tasks/generic/SetPlaybackRate.cpp.o
[ 39%] Building CXX object media/server/gstplayer/CMakeFiles/RialtoServerGstPlayer.dir/source/tasks/generic/SetPosition.cpp.o
[ 39%] Building CXX object media/server/gstplayer/CMakeFiles/RialtoServerGstPlayer.dir/source/tasks/generic/SetupElement.cpp.o
[ 39%] Building CXX object media/server/gstplayer/CMakeFiles/RialtoServerGstPlayer.dir/source/tasks/generic/SetupSource.cpp.o
[ 39%] Building CXX object media/server/gstplayer/CMakeFiles/RialtoServerGstPlayer.dir/source/tasks/generic/SetVideoGeometry.cpp.o
[ 39%] Building CXX object media/server/gstplayer/CMakeFiles/RialtoServerGstPlayer.dir/source/tasks/generic/SetVolume.cpp.o
[ 39%] Building CXX object media/server/gstplayer/CMakeFiles/RialtoServerGstPlayer.dir/source/tasks/generic/SetMute.cpp.o
[ 42%] Building CXX object media/server/gstplayer/CMakeFiles/RialtoServerGstPlayer.dir/source/tasks/generic/Shutdown.cpp.o
[ 42%] Building CXX object media/server/gstplayer/CMakeFiles/RialtoServerGstPlayer.dir/source/tasks/generic/Stop.cpp.o
[ 42%] Building CXX object media/server/gstplayer/CMakeFiles/RialtoServerGstPlayer.dir/source/tasks/generic/Underflow.cpp.o
[ 42%] Building CXX object media/server/gstplayer/CMakeFiles/RialtoServerGstPlayer.dir/source/tasks/generic/UpdatePlaybackGroup.cpp.o
[ 42%] Building CXX object media/server/gstplayer/CMakeFiles/RialtoServerGstPlayer.dir/source/tasks/webAudio/WebAudioPlayerTaskFactory.cpp.o
[ 46%] Building CXX object media/server/gstplayer/CMakeFiles/RialtoServerGstPlayer.dir/source/tasks/webAudio/Shutdown.cpp.o
[ 46%] Building CXX object media/server/gstplayer/CMakeFiles/RialtoServerGstPlayer.dir/source/tasks/webAudio/Stop.cpp.o
[ 46%] Building CXX object media/server/gstplayer/CMakeFiles/RialtoServerGstPlayer.dir/source/tasks/webAudio/Pause.cpp.o
[ 46%] Building CXX object media/server/gstplayer/CMakeFiles/RialtoServerGstPlayer.dir/source/tasks/webAudio/Play.cpp.o
[ 46%] Building CXX object media/server/gstplayer/CMakeFiles/RialtoServerGstPlayer.dir/source/tasks/webAudio/Eos.cpp.o
[ 46%] Building CXX object media/server/gstplayer/CMakeFiles/RialtoServerGstPlayer.dir/source/tasks/webAudio/SetCaps.cpp.o
[ 50%] Building CXX object media/server/gstplayer/CMakeFiles/RialtoServerGstPlayer.dir/source/tasks/webAudio/SetVolume.cpp.o
[ 50%] Building CXX object media/server/gstplayer/CMakeFiles/RialtoServerGstPlayer.dir/source/tasks/webAudio/WriteBuffer.cpp.o
[ 50%] Building CXX object media/server/gstplayer/CMakeFiles/RialtoServerGstPlayer.dir/source/tasks/webAudio/HandleBusMessage.cpp.o
[ 50%] Building CXX object media/server/gstplayer/CMakeFiles/RialtoServerGstPlayer.dir/source/GstInit.cpp.o
[ 50%] Building CXX object media/server/gstplayer/CMakeFiles/RialtoServerGstPlayer.dir/source/GstDispatcherThread.cpp.o
[ 53%] Building CXX object media/server/gstplayer/CMakeFiles/RialtoServerGstPlayer.dir/source/GstGenericPlayer.cpp.o
[ 53%] Building CXX object media/server/gstplayer/CMakeFiles/RialtoServerGstPlayer.dir/source/GstWebAudioPlayer.cpp.o
[ 53%] Building CXX object media/server/gstplayer/CMakeFiles/RialtoServerGstPlayer.dir/source/GstProtectionMetadata.cpp.o
[ 53%] Building CXX object media/server/gstplayer/CMakeFiles/RialtoServerGstPlayer.dir/source/GstProtectionMetadataWrapper.cpp.o
[ 53%] Building CXX object media/server/gstplayer/CMakeFiles/RialtoServerGstPlayer.dir/source/GstWrapper.cpp.o
[ 53%] Building CXX object media/server/gstplayer/CMakeFiles/RialtoServerGstPlayer.dir/source/GlibWrapper.cpp.o
[ 57%] Building CXX object media/server/gstplayer/CMakeFiles/RialtoServerGstPlayer.dir/source/GstSrc.cpp.o
[ 57%] Building CXX object media/server/gstplayer/CMakeFiles/RialtoServerGstPlayer.dir/source/Utils.cpp.o
[ 57%] Building CXX object media/server/gstplayer/CMakeFiles/RialtoServerGstPlayer.dir/source/WorkerThread.cpp.o
[ 57%] Building CXX object media/server/gstplayer/CMakeFiles/RialtoServerGstPlayer.dir/source/GstCapabilities.cpp.o
[ 57%] Building CXX object media/server/gstplayer/CMakeFiles/RialtoServerGstPlayer.dir/source/GstDecryptor.cpp.o
[ 60%] Building CXX object media/server/gstplayer/CMakeFiles/RialtoServerGstPlayer.dir/source/GstLogForwarding.cpp.o
[ 25%] Linking CXX static library ../lib/libgtest.a
[ 25%] Built target gtest
[ 50%] Building CXX object googletest/CMakeFiles/gtest_main.dir/src/gtest_main.cc.o
[ 50%] Building CXX object googlemock/CMakeFiles/gmock.dir/src/gmock-all.cc.o
[ 60%] Linking CXX static library libRialtoServerGstPlayer.a
[ 60%] Built target RialtoServerGstPlayer
[ 62%] Linking CXX static library ../lib/libgtest_main.a
[ 62%] Built target gtest_main
[ 75%] Linking CXX static library ../lib/libgmock.a
[ 75%] Built target gmock
[ 87%] Building CXX object googlemock/CMakeFiles/gmock_main.dir/src/gmock_main.cc.o
[100%] Linking CXX static library ../lib/libgmock_main.a
[100%] Built target gmock_main
[ 60%] Performing install step for 'googletest-project'
Consolidate compiler generated dependencies of target gtest
[ 25%] Built target gtest
Consolidate compiler generated dependencies of target gtest_main
Consolidate compiler generated dependencies of target gmock
[ 50%] Built target gmock
[ 75%] Built target gtest_main
Consolidate compiler generated dependencies of target gmock_main
[100%] Built target gmock_main
Install the project...
-- Install configuration: ""
-- Up-to-date: /home/lukewill95/rialto/build/deps/googletest-1.12.1/include
-- Installing: /home/lukewill95/rialto/build/deps/googletest-1.12.1/include/gmock
-- Installing: /home/lukewill95/rialto/build/deps/googletest-1.12.1/include/gmock/gmock-matchers.h
-- Installing: /home/lukewill95/rialto/build/deps/googletest-1.12.1/include/gmock/gmock-function-mocker.h
-- Installing: /home/lukewill95/rialto/build/deps/googletest-1.12.1/include/gmock/internal
-- Installing: /home/lukewill95/rialto/build/deps/googletest-1.12.1/include/gmock/internal/gmock-pp.h
-- Installing: /home/lukewill95/rialto/build/deps/googletest-1.12.1/include/gmock/internal/gmock-internal-utils.h
-- Installing: /home/lukewill95/rialto/build/deps/googletest-1.12.1/include/gmock/internal/gmock-port.h
-- Installing: /home/lukewill95/rialto/build/deps/googletest-1.12.1/include/gmock/internal/custom
-- Installing: /home/lukewill95/rialto/build/deps/googletest-1.12.1/include/gmock/internal/custom/gmock-port.h
-- Installing: /home/lukewill95/rialto/build/deps/googletest-1.12.1/include/gmock/internal/custom/gmock-matchers.h
-- Installing: /home/lukewill95/rialto/build/deps/googletest-1.12.1/include/gmock/internal/custom/gmock-generated-actions.h
-- Installing: /home/lukewill95/rialto/build/deps/googletest-1.12.1/include/gmock/internal/custom/README.md
-- Installing: /home/lukewill95/rialto/build/deps/googletest-1.12.1/include/gmock/gmock-more-actions.h
-- Installing: /home/lukewill95/rialto/build/deps/googletest-1.12.1/include/gmock/gmock-more-matchers.h
-- Installing: /home/lukewill95/rialto/build/deps/googletest-1.12.1/include/gmock/gmock-nice-strict.h
-- Installing: /home/lukewill95/rialto/build/deps/googletest-1.12.1/include/gmock/gmock.h
-- Installing: /home/lukewill95/rialto/build/deps/googletest-1.12.1/include/gmock/gmock-cardinalities.h
-- Installing: /home/lukewill95/rialto/build/deps/googletest-1.12.1/include/gmock/gmock-spec-builders.h
-- Installing: /home/lukewill95/rialto/build/deps/googletest-1.12.1/include/gmock/gmock-actions.h
-- Installing: /home/lukewill95/rialto/build/deps/googletest-1.12.1/lib/libgmock.a
-- Installing: /home/lukewill95/rialto/build/deps/googletest-1.12.1/lib/libgmock_main.a
-- Installing: /home/lukewill95/rialto/build/deps/googletest-1.12.1/lib/pkgconfig/gmock.pc
-- Installing: /home/lukewill95/rialto/build/deps/googletest-1.12.1/lib/pkgconfig/gmock_main.pc
-- Installing: /home/lukewill95/rialto/build/deps/googletest-1.12.1/lib/cmake/GTest/GTestTargets.cmake
-- Installing: /home/lukewill95/rialto/build/deps/googletest-1.12.1/lib/cmake/GTest/GTestTargets-noconfig.cmake
-- Installing: /home/lukewill95/rialto/build/deps/googletest-1.12.1/lib/cmake/GTest/GTestConfigVersion.cmake
-- Installing: /home/lukewill95/rialto/build/deps/googletest-1.12.1/lib/cmake/GTest/GTestConfig.cmake
-- Up-to-date: /home/lukewill95/rialto/build/deps/googletest-1.12.1/include
-- Installing: /home/lukewill95/rialto/build/deps/googletest-1.12.1/include/gtest
-- Installing: /home/lukewill95/rialto/build/deps/googletest-1.12.1/include/gtest/gtest-param-test.h
-- Installing: /home/lukewill95/rialto/build/deps/googletest-1.12.1/include/gtest/internal
-- Installing: /home/lukewill95/rialto/build/deps/googletest-1.12.1/include/gtest/internal/gtest-port-arch.h
-- Installing: /home/lukewill95/rialto/build/deps/googletest-1.12.1/include/gtest/internal/gtest-string.h
-- Installing: /home/lukewill95/rialto/build/deps/googletest-1.12.1/include/gtest/internal/gtest-death-test-internal.h
-- Installing: /home/lukewill95/rialto/build/deps/googletest-1.12.1/include/gtest/internal/gtest-type-util.h
-- Installing: /home/lukewill95/rialto/build/deps/googletest-1.12.1/include/gtest/internal/gtest-port.h
-- Installing: /home/lukewill95/rialto/build/deps/googletest-1.12.1/include/gtest/internal/gtest-internal.h
-- Installing: /home/lukewill95/rialto/build/deps/googletest-1.12.1/include/gtest/internal/gtest-param-util.h
-- Installing: /home/lukewill95/rialto/build/deps/googletest-1.12.1/include/gtest/internal/gtest-filepath.h
-- Installing: /home/lukewill95/rialto/build/deps/googletest-1.12.1/include/gtest/internal/custom
-- Installing: /home/lukewill95/rialto/build/deps/googletest-1.12.1/include/gtest/internal/custom/README.md
-- Installing: /home/lukewill95/rialto/build/deps/googletest-1.12.1/include/gtest/internal/custom/gtest.h
-- Installing: /home/lukewill95/rialto/build/deps/googletest-1.12.1/include/gtest/internal/custom/gtest-port.h
-- Installing: /home/lukewill95/rialto/build/deps/googletest-1.12.1/include/gtest/internal/custom/gtest-printers.h
-- Installing: /home/lukewill95/rialto/build/deps/googletest-1.12.1/include/gtest/gtest-matchers.h
-- Installing: /home/lukewill95/rialto/build/deps/googletest-1.12.1/include/gtest/gtest-death-test.h
-- Installing: /home/lukewill95/rialto/build/deps/googletest-1.12.1/include/gtest/gtest-spi.h
-- Installing: /home/lukewill95/rialto/build/deps/googletest-1.12.1/include/gtest/gtest.h
-- Installing: /home/lukewill95/rialto/build/deps/googletest-1.12.1/include/gtest/gtest-test-part.h
-- Installing: /home/lukewill95/rialto/build/deps/googletest-1.12.1/include/gtest/gtest-typed-test.h
-- Installing: /home/lukewill95/rialto/build/deps/googletest-1.12.1/include/gtest/gtest_prod.h
-- Installing: /home/lukewill95/rialto/build/deps/googletest-1.12.1/include/gtest/gtest-assertion-result.h
-- Installing: /home/lukewill95/rialto/build/deps/googletest-1.12.1/include/gtest/gtest_pred_impl.h
-- Installing: /home/lukewill95/rialto/build/deps/googletest-1.12.1/include/gtest/gtest-message.h
-- Installing: /home/lukewill95/rialto/build/deps/googletest-1.12.1/include/gtest/gtest-printers.h
-- Installing: /home/lukewill95/rialto/build/deps/googletest-1.12.1/lib/libgtest.a
-- Installing: /home/lukewill95/rialto/build/deps/googletest-1.12.1/lib/libgtest_main.a
-- Installing: /home/lukewill95/rialto/build/deps/googletest-1.12.1/lib/pkgconfig/gtest.pc
-- Installing: /home/lukewill95/rialto/build/deps/googletest-1.12.1/lib/pkgconfig/gtest_main.pc
[ 60%] Completed 'googletest-project'
[ 60%] Built target googletest-project
[ 60%] Building CXX object tests/media/server/gstplayer/CMakeFiles/RialtoServerGstPlayerUnitTests.dir/genericPlayer/common/TasksTestsBase.cpp.o
[ 60%] Building CXX object tests/media/server/gstplayer/CMakeFiles/RialtoServerGstPlayerUnitTests.dir/genericPlayer/tasksTests/AttachSourceTest.cpp.o
[ 60%] Building CXX object tests/media/server/gstplayer/CMakeFiles/RialtoServerGstPlayerUnitTests.dir/genericPlayer/tasksTests/AttachSamplesTest.cpp.o
[ 60%] Building CXX object tests/media/server/gstplayer/CMakeFiles/RialtoServerGstPlayerUnitTests.dir/genericPlayer/tasksTests/DeepElementAddedTest.cpp.o
[ 64%] Building CXX object tests/media/server/gstplayer/CMakeFiles/RialtoServerGstPlayerUnitTests.dir/genericPlayer/tasksTests/EnoughDataTest.cpp.o
[ 64%] Building CXX object tests/media/server/gstplayer/CMakeFiles/RialtoServerGstPlayerUnitTests.dir/genericPlayer/tasksTests/FinishSetupSourceTest.cpp.o
[ 64%] Building CXX object tests/media/server/gstplayer/CMakeFiles/RialtoServerGstPlayerUnitTests.dir/genericPlayer/tasksTests/EosTest.cpp.o
[ 64%] Building CXX object tests/media/server/gstplayer/CMakeFiles/RialtoServerGstPlayerUnitTests.dir/genericPlayer/tasksTests/HandleBusMessageTest.cpp.o
[ 64%] Building CXX object tests/media/server/gstplayer/CMakeFiles/RialtoServerGstPlayerUnitTests.dir/genericPlayer/tasksTests/NeedDataTest.cpp.o
[ 67%] Building CXX object tests/media/server/gstplayer/CMakeFiles/RialtoServerGstPlayerUnitTests.dir/genericPlayer/tasksTests/PauseTest.cpp.o
[ 67%] Building CXX object tests/media/server/gstplayer/CMakeFiles/RialtoServerGstPlayerUnitTests.dir/genericPlayer/tasksTests/GenericPlayerTaskFactoryTest.cpp.o
[ 67%] Building CXX object tests/media/server/gstplayer/CMakeFiles/RialtoServerGstPlayerUnitTests.dir/genericPlayer/tasksTests/PlayTest.cpp.o
[ 67%] Building CXX object tests/media/server/gstplayer/CMakeFiles/RialtoServerGstPlayerUnitTests.dir/genericPlayer/tasksTests/ReadShmDataAndAttachSamplesTest.cpp.o
[ 67%] Building CXX object tests/media/server/gstplayer/CMakeFiles/RialtoServerGstPlayerUnitTests.dir/genericPlayer/tasksTests/RemoveSourceTest.cpp.o
[ 67%] Building CXX object tests/media/server/gstplayer/CMakeFiles/RialtoServerGstPlayerUnitTests.dir/genericPlayer/tasksTests/RenderFrameTest.cpp.o
[ 71%] Building CXX object tests/media/server/gstplayer/CMakeFiles/RialtoServerGstPlayerUnitTests.dir/genericPlayer/tasksTests/ReportPositionTest.cpp.o
[ 71%] Building CXX object tests/media/server/gstplayer/CMakeFiles/RialtoServerGstPlayerUnitTests.dir/genericPlayer/tasksTests/CheckAudioUnderflowTest.cpp.o
[ 71%] Building CXX object tests/media/server/gstplayer/CMakeFiles/RialtoServerGstPlayerUnitTests.dir/genericPlayer/tasksTests/SetPlaybackRateTest.cpp.o
[ 71%] Building CXX object tests/media/server/gstplayer/CMakeFiles/RialtoServerGstPlayerUnitTests.dir/genericPlayer/tasksTests/SetPositionTest.cpp.o
[ 71%] Building CXX object tests/media/server/gstplayer/CMakeFiles/RialtoServerGstPlayerUnitTests.dir/genericPlayer/tasksTests/SetupElementTest.cpp.o
[ 71%] Building CXX object tests/media/server/gstplayer/CMakeFiles/RialtoServerGstPlayerUnitTests.dir/genericPlayer/tasksTests/SetupSourceTest.cpp.o
[ 75%] Building CXX object tests/media/server/gstplayer/CMakeFiles/RialtoServerGstPlayerUnitTests.dir/genericPlayer/tasksTests/SetVideoGeometryTest.cpp.o
[ 75%] Building CXX object tests/media/server/gstplayer/CMakeFiles/RialtoServerGstPlayerUnitTests.dir/genericPlayer/tasksTests/SetVolumeTest.cpp.o
[ 75%] Building CXX object tests/media/server/gstplayer/CMakeFiles/RialtoServerGstPlayerUnitTests.dir/genericPlayer/tasksTests/SetMuteTest.cpp.o
[ 75%] Building CXX object tests/media/server/gstplayer/CMakeFiles/RialtoServerGstPlayerUnitTests.dir/genericPlayer/tasksTests/ShutdownTest.cpp.o
[ 75%] Building CXX object tests/media/server/gstplayer/CMakeFiles/RialtoServerGstPlayerUnitTests.dir/genericPlayer/tasksTests/StopTest.cpp.o
[ 78%] Building CXX object tests/media/server/gstplayer/CMakeFiles/RialtoServerGstPlayerUnitTests.dir/genericPlayer/tasksTests/UnderflowTest.cpp.o
[ 78%] Building CXX object tests/media/server/gstplayer/CMakeFiles/RialtoServerGstPlayerUnitTests.dir/genericPlayer/tasksTests/UpdatePlaybackGroupTest.cpp.o
[ 78%] Building CXX object tests/media/server/gstplayer/CMakeFiles/RialtoServerGstPlayerUnitTests.dir/genericPlayer/common/Matchers.cpp.o
[ 78%] Building CXX object tests/media/server/gstplayer/CMakeFiles/RialtoServerGstPlayerUnitTests.dir/genericPlayer/common/GstGenericPlayerTestCommon.cpp.o
[ 78%] Building CXX object tests/media/server/gstplayer/CMakeFiles/RialtoServerGstPlayerUnitTests.dir/genericPlayer/CreateTest.cpp.o
[ 78%] Building CXX object tests/media/server/gstplayer/CMakeFiles/RialtoServerGstPlayerUnitTests.dir/genericPlayer/GstGenericPlayerPrivateTest.cpp.o
[ 82%] Building CXX object tests/media/server/gstplayer/CMakeFiles/RialtoServerGstPlayerUnitTests.dir/genericPlayer/GstGenericPlayerTest.cpp.o
[ 82%] Building CXX object tests/media/server/gstplayer/CMakeFiles/RialtoServerGstPlayerUnitTests.dir/genericPlayer/GstDispatcherThreadClientTest.cpp.o
[ 82%] Building CXX object tests/media/server/gstplayer/CMakeFiles/RialtoServerGstPlayerUnitTests.dir/genericPlayer/GstCapabilitiesTest.cpp.o
[ 82%] Building CXX object tests/media/server/gstplayer/CMakeFiles/RialtoServerGstPlayerUnitTests.dir/webAudioPlayer/taskTests/WebAudioPlayerTaskFactoryTest.cpp.o
[ 82%] Building CXX object tests/media/server/gstplayer/CMakeFiles/RialtoServerGstPlayerUnitTests.dir/webAudioPlayer/taskTests/PlayTest.cpp.o
[ 85%] Building CXX object tests/media/server/gstplayer/CMakeFiles/RialtoServerGstPlayerUnitTests.dir/webAudioPlayer/taskTests/PauseTest.cpp.o
[ 85%] Building CXX object tests/media/server/gstplayer/CMakeFiles/RialtoServerGstPlayerUnitTests.dir/webAudioPlayer/taskTests/EosTest.cpp.o
[ 85%] Building CXX object tests/media/server/gstplayer/CMakeFiles/RialtoServerGstPlayerUnitTests.dir/webAudioPlayer/taskTests/HandleBusMessageTest.cpp.o
[ 85%] Building CXX object tests/media/server/gstplayer/CMakeFiles/RialtoServerGstPlayerUnitTests.dir/webAudioPlayer/taskTests/SetVolumeTest.cpp.o
[ 85%] Building CXX object tests/media/server/gstplayer/CMakeFiles/RialtoServerGstPlayerUnitTests.dir/webAudioPlayer/taskTests/ShutdownTest.cpp.o
[ 85%] Building CXX object tests/media/server/gstplayer/CMakeFiles/RialtoServerGstPlayerUnitTests.dir/webAudioPlayer/taskTests/StopTest.cpp.o
[ 89%] Building CXX object tests/media/server/gstplayer/CMakeFiles/RialtoServerGstPlayerUnitTests.dir/webAudioPlayer/taskTests/SetCapsTest.cpp.o
[ 89%] Building CXX object tests/media/server/gstplayer/CMakeFiles/RialtoServerGstPlayerUnitTests.dir/webAudioPlayer/taskTests/WriteBufferTest.cpp.o
[ 89%] Building CXX object tests/media/server/gstplayer/CMakeFiles/RialtoServerGstPlayerUnitTests.dir/webAudioPlayer/CreateTest.cpp.o
[ 89%] Building CXX object tests/media/server/gstplayer/CMakeFiles/RialtoServerGstPlayerUnitTests.dir/webAudioPlayer/GstWebAudioPlayerPrivateTest.cpp.o
[ 89%] Building CXX object tests/media/server/gstplayer/CMakeFiles/RialtoServerGstPlayerUnitTests.dir/webAudioPlayer/GstDispatcherThreadClientTest.cpp.o
[ 92%] Building CXX object tests/media/server/gstplayer/CMakeFiles/RialtoServerGstPlayerUnitTests.dir/webAudioPlayer/GstWebAudioPlayerTest.cpp.o
[ 92%] Building CXX object tests/media/server/gstplayer/CMakeFiles/RialtoServerGstPlayerUnitTests.dir/webAudioPlayer/common/GstWebAudioPlayerTestCommon.cpp.o
[ 92%] Building CXX object tests/media/server/gstplayer/CMakeFiles/RialtoServerGstPlayerUnitTests.dir/rialtoSrc/CreateTest.cpp.o
[ 92%] Building CXX object tests/media/server/gstplayer/CMakeFiles/RialtoServerGstPlayerUnitTests.dir/rialtoSrc/InitTest.cpp.o
[ 92%] Building CXX object tests/media/server/gstplayer/CMakeFiles/RialtoServerGstPlayerUnitTests.dir/rialtoSrc/AppSrcTest.cpp.o
[ 92%] Building CXX object tests/media/server/gstplayer/CMakeFiles/RialtoServerGstPlayerUnitTests.dir/decryptor/CreateTest.cpp.o
[ 96%] Building CXX object tests/media/server/gstplayer/CMakeFiles/RialtoServerGstPlayerUnitTests.dir/decryptor/DecryptTest.cpp.o
[ 96%] Building CXX object tests/media/server/gstplayer/CMakeFiles/RialtoServerGstPlayerUnitTests.dir/protectionMetadata/ProtectionMetadataTest.cpp.o
[ 96%] Building CXX object tests/media/server/gstplayer/CMakeFiles/RialtoServerGstPlayerUnitTests.dir/dispatcherThread/GstDispatcherThreadTest.cpp.o
[ 96%] Building CXX object tests/media/server/gstplayer/CMakeFiles/RialtoServerGstPlayerUnitTests.dir/gstInit/InitTest.cpp.o
[ 96%] Building CXX object tests/media/server/gstplayer/CMakeFiles/RialtoServerGstPlayerUnitTests.dir/workerThread/WorkerThreadTest.cpp.o
[100%] Linking CXX executable RialtoServerGstPlayerUnitTests
[100%] Built target RialtoServerGstPlayerUnitTests
==7139== Memcheck, a memory error detector
==7139== Copyright (C) 2002-2017, and GNU GPL'd, by Julian Seward et al.
==7139== Using Valgrind-3.18.1-42b08ed5bd-20211015 and LibVEX; rerun with -h for copyright info
==7139== Command: ./tests/media/server/gstplayer/RialtoServerGstPlayerUnitTests
==7139== 
--7139-- Valgrind options:
--7139--    --leak-check=full
--7139--    --show-leak-kinds=all
--7139--    --track-origins=yes
--7139--    --verbose
--7139--    --error-exitcode=101
--7139--    --suppressions=/home/lukewill95/rialto/rialto.supp
--7139-- Contents of /proc/version:
--7139--   Linux version 5.10.16.3-microsoft-standard-WSL2 (oe-user@oe-host) (x86_64-msft-linux-gcc (GCC) 9.3.0, GNU ld (GNU Binutils) 2.34.0.20200220) #1 SMP Fri Apr 2 22:23:49 UTC 2021
--7139-- 
--7139-- Arch and hwcaps: AMD64, LittleEndian, amd64-cx16-lzcnt-rdtscp-sse3-ssse3-avx-avx2-bmi-f16c-rdrand-rdseed
--7139-- Page sizes: currently 4096, max supported 4096
--7139-- Valgrind library directory: /usr/libexec/valgrind
--7139-- Reading syms from /home/lukewill95/rialto/build/tests/media/server/gstplayer/RialtoServerGstPlayerUnitTests
--7139-- Reading syms from /usr/lib/x86_64-linux-gnu/ld-linux-x86-64.so.2
--7139--   Considering /usr/lib/debug/.build-id/61/ef896a699bb1c2e4e231642b2e1688b2f1a61e.debug ..
--7139--   .. build-id is valid
--7139-- Reading syms from /usr/libexec/valgrind/memcheck-amd64-linux
--7139--    object doesn't have a symbol table
--7139--    object doesn't have a dynamic symbol table
--7139-- Scheduler: using generic scheduler lock implementation.
--7139-- Reading suppressions file: /home/lukewill95/rialto/rialto.supp
--7139-- Reading suppressions file: /usr/libexec/valgrind/default.supp
==7139== embedded gdbserver: reading from /tmp/vgdb-pipe-from-vgdb-to-7139-by-lukewill95-on-???
==7139== embedded gdbserver: writing to   /tmp/vgdb-pipe-to-vgdb-from-7139-by-lukewill95-on-???
==7139== embedded gdbserver: shared mem   /tmp/vgdb-pipe-shared-mem-vgdb-7139-by-lukewill95-on-???
==7139== 
==7139== TO CONTROL THIS PROCESS USING vgdb (which you probably
==7139== don't want to do, unless you know exactly what you're doing,
==7139== or are doing some strange experiment):
==7139==   /usr/bin/vgdb --pid=7139 ...command...
==7139== 
==7139== TO DEBUG THIS PROCESS USING GDB: start GDB like this
==7139==   /path/to/gdb ./tests/media/server/gstplayer/RialtoServerGstPlayerUnitTests
==7139== and then give GDB the following command
==7139==   target remote | /usr/bin/vgdb --pid=7139
==7139== --pid is optional if only one valgrind process is running
==7139== 
--7139-- REDIR: 0x402aa60 (ld-linux-x86-64.so.2:strlen) redirected to 0x580bcec2 (???)
--7139-- REDIR: 0x402a830 (ld-linux-x86-64.so.2:index) redirected to 0x580bcedc (???)
--7139-- Reading syms from /usr/libexec/valgrind/vgpreload_core-amd64-linux.so
--7139--    object doesn't have a symbol table
--7139-- Reading syms from /usr/libexec/valgrind/vgpreload_memcheck-amd64-linux.so
--7139--    object doesn't have a symbol table
==7139== WARNING: new redirection conflicts with existing -- ignoring it
--7139--     old: 0x0402aa60 (strlen              ) R-> (0000.0) 0x580bcec2 ???
--7139--     new: 0x0402aa60 (strlen              ) R-> (2007.0) 0x0484ee30 strlen
--7139-- REDIR: 0x4027240 (ld-linux-x86-64.so.2:strcmp) redirected to 0x484fcd0 (strcmp)
--7139-- REDIR: 0x402afc0 (ld-linux-x86-64.so.2:mempcpy) redirected to 0x4853840 (mempcpy)
--7139-- Reading syms from /usr/lib/x86_64-linux-gnu/libgstapp-1.0.so.0.2001.0
--7139--    object doesn't have a symbol table
--7139-- Reading syms from /usr/lib/x86_64-linux-gnu/libgstpbutils-1.0.so.0.2001.0
--7139--    object doesn't have a symbol table
--7139-- Reading syms from /usr/lib/x86_64-linux-gnu/libgstaudio-1.0.so.0.2001.0
--7139--    object doesn't have a symbol table
--7139-- Reading syms from /usr/lib/x86_64-linux-gnu/libgstbase-1.0.so.0.2003.0
--7139--    object doesn't have a symbol table
--7139-- Reading syms from /usr/lib/x86_64-linux-gnu/libgstreamer-1.0.so.0.2003.0
--7139--    object doesn't have a symbol table
--7139-- Reading syms from /usr/lib/x86_64-linux-gnu/libgobject-2.0.so.0.7200.4
--7139--    object doesn't have a symbol table
--7139-- Reading syms from /usr/lib/x86_64-linux-gnu/libglib-2.0.so.0.7200.4
--7139--    object doesn't have a symbol table
--7139-- Reading syms from /usr/lib/x86_64-linux-gnu/libstdc++.so.6.0.30
--7139--    object doesn't have a symbol table
--7139-- Reading syms from /usr/lib/x86_64-linux-gnu/libm.so.6
--7139--   Considering /usr/lib/debug/.build-id/27/e82301dba6c3f644404d504e1bb1c97894b433.debug ..
--7139--   .. build-id is valid
--7139-- Reading syms from /usr/lib/x86_64-linux-gnu/libgcc_s.so.1
--7139--    object doesn't have a symbol table
--7139-- Reading syms from /usr/lib/x86_64-linux-gnu/libc.so.6
--7139--   Considering /usr/lib/debug/.build-id/69/389d485a9793dbe873f0ea2c93e02efaa9aa3d.debug ..
--7139--   .. build-id is valid
==7139== WARNING: new redirection conflicts with existing -- ignoring it
--7139--     old: 0x05094ce0 (memalign            ) R-> (1011.0) 0x0484e080 memalign
--7139--     new: 0x05094ce0 (memalign            ) R-> (1017.0) 0x0484e050 aligned_alloc
==7139== WARNING: new redirection conflicts with existing -- ignoring it
--7139--     old: 0x05094ce0 (memalign            ) R-> (1011.0) 0x0484e080 memalign
--7139--     new: 0x05094ce0 (memalign            ) R-> (1017.0) 0x0484e020 aligned_alloc
==7139== WARNING: new redirection conflicts with existing -- ignoring it
--7139--     old: 0x05094ce0 (memalign            ) R-> (1011.0) 0x0484e080 memalign
--7139--     new: 0x05094ce0 (memalign            ) R-> (1017.0) 0x0484e050 aligned_alloc
==7139== WARNING: new redirection conflicts with existing -- ignoring it
--7139--     old: 0x05094ce0 (memalign            ) R-> (1011.0) 0x0484e080 memalign
--7139--     new: 0x05094ce0 (memalign            ) R-> (1017.0) 0x0484e020 aligned_alloc
--7139-- Reading syms from /usr/lib/x86_64-linux-gnu/libgstvideo-1.0.so.0.2001.0
--7139--    object doesn't have a symbol table
--7139-- Reading syms from /usr/lib/x86_64-linux-gnu/libgsttag-1.0.so.0.2001.0
--7139--    object doesn't have a symbol table
--7139-- Reading syms from /usr/lib/x86_64-linux-gnu/liborc-0.4.so.0.32.0
--7139--    object doesn't have a symbol table
--7139-- Reading syms from /usr/lib/x86_64-linux-gnu/libgmodule-2.0.so.0.7200.4
--7139--    object doesn't have a symbol table
--7139-- Reading syms from /usr/lib/x86_64-linux-gnu/libunwind.so.8.0.1
--7139--    object doesn't have a symbol table
--7139-- Reading syms from /usr/lib/x86_64-linux-gnu/libdw-0.186.so
--7139--    object doesn't have a symbol table
--7139-- Reading syms from /usr/lib/x86_64-linux-gnu/libffi.so.8.1.0
--7139--    object doesn't have a symbol table
--7139-- Reading syms from /usr/lib/x86_64-linux-gnu/libpcre.so.3.13.3
--7139--    object doesn't have a symbol table
--7139-- Reading syms from /usr/lib/x86_64-linux-gnu/libz.so.1.2.11
--7139--    object doesn't have a symbol table
--7139-- Reading syms from /usr/lib/x86_64-linux-gnu/liblzma.so.5.2.5
--7139--    object doesn't have a symbol table
--7139-- Reading syms from /usr/lib/x86_64-linux-gnu/libelf-0.186.so
--7139--    object doesn't have a symbol table
--7139-- Reading syms from /usr/lib/x86_64-linux-gnu/libbz2.so.1.0.4
--7139--    object doesn't have a symbol table
--7139-- REDIR: 0x50977a0 (libc.so.6:strnlen) redirected to 0x483f220 (_vgnU_ifunc_wrapper)
--7139-- REDIR: 0x5097a60 (libc.so.6:strpbrk) redirected to 0x483f220 (_vgnU_ifunc_wrapper)
--7139-- REDIR: 0x5097360 (libc.so.6:strcmp) redirected to 0x483f220 (_vgnU_ifunc_wrapper)
--7139-- REDIR: 0x50b5d50 (libc.so.6:wcsnlen) redirected to 0x483f220 (_vgnU_ifunc_wrapper)
--7139-- REDIR: 0x5098750 (libc.so.6:memset) redirected to 0x483f220 (_vgnU_ifunc_wrapper)
--7139-- REDIR: 0x50b45c0 (libc.so.6:wcslen) redirected to 0x483f220 (_vgnU_ifunc_wrapper)
--7139-- REDIR: 0x5098c90 (libc.so.6:memcpy@@GLIBC_2.14) redirected to 0x483f220 (_vgnU_ifunc_wrapper)
--7139-- REDIR: 0x50b43f0 (libc.so.6:wcschr) redirected to 0x483f220 (_vgnU_ifunc_wrapper)
--7139-- REDIR: 0x50972e0 (libc.so.6:index) redirected to 0x483f220 (_vgnU_ifunc_wrapper)
--7139-- REDIR: 0x50979e0 (libc.so.6:rindex) redirected to 0x483f220 (_vgnU_ifunc_wrapper)
--7139-- REDIR: 0x5098620 (libc.so.6:memmove) redirected to 0x483f220 (_vgnU_ifunc_wrapper)
==7139== Preferring higher priority redirection:
--7139--     old: 0x0518f940 (__memcpy_avx_unalign) R-> (2018.0) 0x04850f90 __memcpy_avx_unaligned_erms
--7139--     new: 0x0518f940 (__memcpy_avx_unalign) R-> (2018.1) 0x04852880 memmove
--7139-- REDIR: 0x50b4470 (libc.so.6:wcscmp) redirected to 0x483f220 (_vgnU_ifunc_wrapper)
--7139-- REDIR: 0x5098a60 (libc.so.6:stpncpy) redirected to 0x483f220 (_vgnU_ifunc_wrapper)
--7139-- REDIR: 0x50b4a30 (libc.so.6:wmemchr) redirected to 0x483f220 (_vgnU_ifunc_wrapper)
--7139-- REDIR: 0x50978b0 (libc.so.6:strncmp) redirected to 0x483f220 (_vgnU_ifunc_wrapper)
--7139-- REDIR: 0x5098af0 (libc.so.6:strcasecmp) redirected to 0x483f220 (_vgnU_ifunc_wrapper)
--7139-- REDIR: 0x50974a0 (libc.so.6:strcspn) redirected to 0x483f220 (_vgnU_ifunc_wrapper)
--7139-- REDIR: 0x50b44f0 (libc.so.6:wcscpy) redirected to 0x483f220 (_vgnU_ifunc_wrapper)
--7139-- REDIR: 0x5097250 (libc.so.6:strcat) redirected to 0x483f220 (_vgnU_ifunc_wrapper)
--7139-- REDIR: 0x5098be0 (libc.so.6:strncasecmp_l) redirected to 0x483f220 (_vgnU_ifunc_wrapper)
--7139-- REDIR: 0x5098500 (libc.so.6:bcmp) redirected to 0x483f220 (_vgnU_ifunc_wrapper)
--7139-- REDIR: 0x50a05f0 (libc.so.6:memrchr) redirected to 0x483f220 (_vgnU_ifunc_wrapper)
--7139-- REDIR: 0x509a090 (libc.so.6:strchrnul) redirected to 0x483f220 (_vgnU_ifunc_wrapper)
--7139-- REDIR: 0x5097410 (libc.so.6:strcpy) redirected to 0x483f220 (_vgnU_ifunc_wrapper)
--7139-- REDIR: 0x5098b90 (libc.so.6:strcasecmp_l) redirected to 0x483f220 (_vgnU_ifunc_wrapper)
--7139-- REDIR: 0x5097720 (libc.so.6:strlen) redirected to 0x483f220 (_vgnU_ifunc_wrapper)
--7139-- REDIR: 0x5097950 (libc.so.6:strncpy) redirected to 0x483f220 (_vgnU_ifunc_wrapper)
--7139-- REDIR: 0x50989d0 (libc.so.6:stpcpy) redirected to 0x483f220 (_vgnU_ifunc_wrapper)
--7139-- REDIR: 0x5098470 (libc.so.6:memchr) redirected to 0x483f220 (_vgnU_ifunc_wrapper)
--7139-- REDIR: 0x5097b80 (libc.so.6:strspn) redirected to 0x483f220 (_vgnU_ifunc_wrapper)
--7139-- REDIR: 0x5098850 (libc.so.6:mempcpy) redirected to 0x483f220 (_vgnU_ifunc_wrapper)
--7139-- REDIR: 0x5098b40 (libc.so.6:strncasecmp) redirected to 0x483f220 (_vgnU_ifunc_wrapper)
--7139-- REDIR: 0x509a000 (libc.so.6:rawmemchr) redirected to 0x483f220 (_vgnU_ifunc_wrapper)
--7139-- REDIR: 0x5123430 (libc.so.6:__memcpy_chk) redirected to 0x483f220 (_vgnU_ifunc_wrapper)
--7139-- REDIR: 0x5098390 (libc.so.6:strstr) redirected to 0x483f220 (_vgnU_ifunc_wrapper)
--7139-- REDIR: 0x518c790 (libc.so.6:__strrchr_avx2) redirected to 0x484e810 (rindex)
--7139-- REDIR: 0x5094120 (libc.so.6:malloc) redirected to 0x4848820 (malloc)
--7139-- REDIR: 0x5094460 (libc.so.6:free) redirected to 0x484b210 (free)
--7139-- REDIR: 0x50955a0 (libc.so.6:calloc) redirected to 0x484d9d0 (calloc)
--7139-- Reading syms from /usr/lib/x86_64-linux-gnu/libdebuginfod-0.186.so
--7139--    object doesn't have a symbol table
--7139-- Reading syms from /usr/lib/x86_64-linux-gnu/libcurl-gnutls.so.4.7.0
--7139--    object doesn't have a symbol table
--7139-- Reading syms from /usr/lib/x86_64-linux-gnu/libnghttp2.so.14.20.1
--7139--    object doesn't have a symbol table
--7139-- Reading syms from /usr/lib/x86_64-linux-gnu/libidn2.so.0.3.7
--7139--    object doesn't have a symbol table
--7139-- Reading syms from /usr/lib/x86_64-linux-gnu/librtmp.so.1
--7139--    object doesn't have a symbol table
--7139-- Reading syms from /usr/lib/x86_64-linux-gnu/libssh.so.4.8.7
--7139--    object doesn't have a symbol table
--7139-- Reading syms from /usr/lib/x86_64-linux-gnu/libpsl.so.5.3.2
--7139--    object doesn't have a symbol table
--7139-- Reading syms from /usr/lib/x86_64-linux-gnu/libnettle.so.8.4
--7139--    object doesn't have a symbol table
--7139-- Reading syms from /usr/lib/x86_64-linux-gnu/libgnutls.so.30.31.0
--7139--    object doesn't have a symbol table
--7139-- Reading syms from /usr/lib/x86_64-linux-gnu/libgssapi_krb5.so.2.2
--7139--    object doesn't have a symbol table
--7139-- Reading syms from /usr/lib/x86_64-linux-gnu/libldap-2.5.so.0.1.9
--7139--    object doesn't have a symbol table
--7139-- Reading syms from /usr/lib/x86_64-linux-gnu/liblber-2.5.so.0.1.9
--7139--    object doesn't have a symbol table
--7139-- Reading syms from /usr/lib/x86_64-linux-gnu/libzstd.so.1.4.8
--7139--    object doesn't have a symbol table
--7139-- Reading syms from /usr/lib/x86_64-linux-gnu/libbrotlidec.so.1.0.9
--7139--    object doesn't have a symbol table
--7139-- Reading syms from /usr/lib/x86_64-linux-gnu/libunistring.so.2.2.0
--7139--    object doesn't have a symbol table
--7139-- Reading syms from /usr/lib/x86_64-linux-gnu/libhogweed.so.6.4
--7139--    object doesn't have a symbol table
--7139-- Reading syms from /usr/lib/x86_64-linux-gnu/libgmp.so.10.4.1
--7139--    object doesn't have a symbol table
--7139-- Reading syms from /usr/lib/x86_64-linux-gnu/libcrypto.so.3
--7139--    object doesn't have a symbol table
--7139-- Reading syms from /usr/lib/x86_64-linux-gnu/libp11-kit.so.0.3.0
--7139--    object doesn't have a symbol table
--7139-- Reading syms from /usr/lib/x86_64-linux-gnu/libtasn1.so.6.6.2
--7139--    object doesn't have a symbol table
--7139-- Reading syms from /usr/lib/x86_64-linux-gnu/libkrb5.so.3.3
--7139--    object doesn't have a symbol table
--7139-- Reading syms from /usr/lib/x86_64-linux-gnu/libk5crypto.so.3.1
--7139--    object doesn't have a symbol table
--7139-- Reading syms from /usr/lib/x86_64-linux-gnu/libcom_err.so.2.1
--7139--    object doesn't have a symbol table
--7139-- Reading syms from /usr/lib/x86_64-linux-gnu/libkrb5support.so.0.1
--7139--    object doesn't have a symbol table
--7139-- Reading syms from /usr/lib/x86_64-linux-gnu/libsasl2.so.2.0.25
--7139--    object doesn't have a symbol table
--7139-- Reading syms from /usr/lib/x86_64-linux-gnu/libbrotlicommon.so.1.0.9
--7139--    object doesn't have a symbol table
--7139-- Reading syms from /usr/lib/x86_64-linux-gnu/libkeyutils.so.1.9
--7139--    object doesn't have a symbol table
--7139-- Reading syms from /usr/lib/x86_64-linux-gnu/libresolv.so.2
--7139--   Considering /usr/lib/debug/.build-id/7f/d7253c61aa6fce2b7e13851c15afa14a5ab160.debug ..
--7139--   .. build-id is valid
--7139-- REDIR: 0x5097820 (libc.so.6:strncat) redirected to 0x483f220 (_vgnU_ifunc_wrapper)
--7139-- REDIR: 0x5123560 (libc.so.6:__memmove_chk) redirected to 0x483f220 (_vgnU_ifunc_wrapper)
==7139== WARNING: new redirection conflicts with existing -- ignoring it
--7139--     old: 0x0518f910 (__memcpy_chk_avx_una) R-> (2030.0) 0x04853940 __memcpy_chk
--7139--     new: 0x0518f910 (__memcpy_chk_avx_una) R-> (2024.0) 0x048532c0 __memmove_chk
==7139== WARNING: new redirection conflicts with existing -- ignoring it
--7139--     old: 0x0518f910 (__memcpy_chk_avx_una) R-> (2030.0) 0x04853940 __memcpy_chk
--7139--     new: 0x0518f910 (__memcpy_chk_avx_una) R-> (2024.0) 0x048532c0 __memmove_chk
--7139-- REDIR: 0x518c960 (libc.so.6:__strlen_avx2) redirected to 0x484ed10 (strlen)
--7139-- REDIR: 0x5187f00 (libc.so.6:__strncmp_avx2) redirected to 0x484f3e0 (strncmp)
--7139-- REDIR: 0x518c300 (libc.so.6:__strchr_avx2) redirected to 0x484e9f0 (index)
--7139-- REDIR: 0x5187ac0 (libc.so.6:__strcmp_avx2) redirected to 0x484fbd0 (strcmp)
--7139-- REDIR: 0x5188c00 (libc.so.6:__memcmp_avx2_movbe) redirected to 0x4852010 (bcmp)
--7139-- REDIR: 0x518f940 (libc.so.6:__memcpy_avx_unaligned_erms) redirected to 0x4852880 (memmove)
--7139-- REDIR: 0x518f910 (libc.so.6:__memcpy_chk_avx_unaligned_erms) redirected to 0x4853940 (__memcpy_chk)
--7139-- REDIR: 0x5190100 (libc.so.6:__memset_avx2_unaligned_erms) redirected to 0x4852770 (memset)
--7139-- REDIR: 0x50947c0 (libc.so.6:realloc) redirected to 0x484dc50 (realloc)
--7139-- REDIR: 0x518cdb0 (libc.so.6:__strcat_avx2) redirected to 0x484ea20 (strcat)
--7139-- REDIR: 0x4d6a9b0 (libstdc++.so.6:operator new(unsigned long)) redirected to 0x4848fa0 (operator new(unsigned long))
--7139-- REDIR: 0x4d68c50 (libstdc++.so.6:operator delete(void*)) redirected to 0x484b840 (operator delete(void*))
--7139-- REDIR: 0x5188440 (libc.so.6:__memchr_avx2) redirected to 0x484fd50 (memchr)
--7139-- REDIR: 0x4d68c60 (libstdc++.so.6:operator delete(void*, unsigned long)) redirected to 0x484bb00 (operator delete(void*, unsigned long))
--7139-- REDIR: 0x518c580 (libc.so.6:__strchrnul_avx2) redirected to 0x4853330 (strchrnul)
--7139-- REDIR: 0x518f900 (libc.so.6:__mempcpy_avx_unaligned_erms) redirected to 0x4853440 (mempcpy)
--7139-- REDIR: 0x51892b0 (libc.so.6:__strcasecmp_avx) redirected to 0x484f560 (strcasecmp)
Running main() from /home/lukewill95/rialto/build/deps/googletest-1.12.1/src/googletest-project/googletest/src/gtest_main.cc
[==========] Running 360 tests from 55 test suites.
[----------] Global test environment set-up.
[----------] 2 tests from AttachSamplesTest
[ RUN      ] AttachSamplesTest.shouldAttachAllAudioSamples
[       OK ] AttachSamplesTest.shouldAttachAllAudioSamples (354 ms)
[ RUN      ] AttachSamplesTest.shouldAttachAllVideoSamples
[       OK ] AttachSamplesTest.shouldAttachAllVideoSamples (77 ms)
[----------] 2 tests from AttachSamplesTest (439 ms total)

[----------] 9 tests from AttachSourceTest
[ RUN      ] AttachSourceTest.shouldAttachAudioSource
--7139-- REDIR: 0x518de30 (libc.so.6:__strcpy_avx2) redirected to 0x484ee60 (strcpy)
--7139-- REDIR: 0x5098040 (libc.so.6:__GI_strstr) redirected to 0x4853ae0 (__strstr_sse2)
--7139-- REDIR: 0x50b3200 (libc.so.6:__strstr_sse2_unaligned) redirected to 0x4853a50 (strstr)

(process:7139): GLib-GObject-WARNING **: 09:00:31.182: invalid unclassed pointer in cast to 'GstAppSrc'
--7139-- REDIR: 0x518cae0 (libc.so.6:__strnlen_avx2) redirected to 0x484ecb0 (strnlen)
0000003168.605009 MIL: SRV: < T:7139 M:AttachSource.cpp F:addSource L:282 > Adding Audio appsrc

(process:7139): GLib-GObject-WARNING **: 09:00:31.444: invalid unclassed pointer in cast to 'GstAppSrc'
[       OK ] AttachSourceTest.shouldAttachAudioSource (870 ms)
[ RUN      ] AttachSourceTest.shouldAttachAudioSourceWithChannelsAndRate

(process:7139): GLib-GObject-WARNING **: 09:00:31.808: invalid unclassed pointer in cast to 'GstAppSrc'
0000003169.004792 MIL: SRV: < T:7139 M:AttachSource.cpp F:addSource L:282 > Adding Audio appsrc

(process:7139): GLib-GObject-WARNING **: 09:00:31.816: invalid unclassed pointer in cast to 'GstAppSrc'
[       OK ] AttachSourceTest.shouldAttachAudioSourceWithChannelsAndRate (40 ms)
[ RUN      ] AttachSourceTest.shouldAttachOpusWithAudioSpecificConf

(process:7139): GLib-GObject-WARNING **: 09:00:31.884: invalid unclassed pointer in cast to 'GstAppSrc'
0000003169.102567 MIL: SRV: < T:7139 M:AttachSource.cpp F:addSource L:282 > Adding Audio appsrc

(process:7139): GLib-GObject-WARNING **: 09:00:31.913: invalid unclassed pointer in cast to 'GstAppSrc'
[       OK ] AttachSourceTest.shouldAttachOpusWithAudioSpecificConf (105 ms)
[ RUN      ] AttachSourceTest.shouldAttachVideoSource

(process:7139): GLib-GObject-WARNING **: 09:00:32.077: invalid unclassed pointer in cast to 'GstAppSrc'
0000003169.367473 MIL: SRV: < T:7139 M:AttachSource.cpp F:addSource L:287 > Adding Video appsrc

(process:7139): GLib-GObject-WARNING **: 09:00:32.178: invalid unclassed pointer in cast to 'GstAppSrc'
[       OK ] AttachSourceTest.shouldAttachVideoSource (283 ms)
[ RUN      ] AttachSourceTest.shouldAttachVideoSourceWithStringCodecData

(process:7139): GLib-GObject-WARNING **: 09:00:32.250: invalid unclassed pointer in cast to 'GstAppSrc'
0000003169.450284 MIL: SRV: < T:7139 M:AttachSource.cpp F:addSource L:287 > Adding Video appsrc

(process:7139): GLib-GObject-WARNING **: 09:00:32.261: invalid unclassed pointer in cast to 'GstAppSrc'
[       OK ] AttachSourceTest.shouldAttachVideoSourceWithStringCodecData (56 ms)
[ RUN      ] AttachSourceTest.shouldAttachVideoSourceEmptyCodecData

(process:7139): GLib-GObject-WARNING **: 09:00:32.303: invalid unclassed pointer in cast to 'GstAppSrc'
0000003169.499070 MIL: SRV: < T:7139 M:AttachSource.cpp F:addSource L:287 > Adding Video appsrc

(process:7139): GLib-GObject-WARNING **: 09:00:32.310: invalid unclassed pointer in cast to 'GstAppSrc'
[       OK ] AttachSourceTest.shouldAttachVideoSourceEmptyCodecData (47 ms)
[ RUN      ] AttachSourceTest.shouldAttachVideoDolbyVisionSource

(process:7139): GLib-GObject-WARNING **: 09:00:32.380: invalid unclassed pointer in cast to 'GstAppSrc'
0000003169.599879 MIL: SRV: < T:7139 M:AttachSource.cpp F:addSource L:287 > Adding Video appsrc

(process:7139): GLib-GObject-WARNING **: 09:00:32.411: invalid unclassed pointer in cast to 'GstAppSrc'
[       OK ] AttachSourceTest.shouldAttachVideoDolbyVisionSource (104 ms)
[ RUN      ] AttachSourceTest.shouldSwitchAudioSource

(process:7139): GLib-GObject-WARNING **: 09:00:32.445: invalid unclassed pointer in cast to 'GstAppSrc'

(process:7139): GLib-GObject-WARNING **: 09:00:32.609: invalid unclassed pointer in cast to 'GstAppSrc'
0000003169.818822 MIL: SRV: < T:7139 M:AttachSource.cpp F:switchAudioSource L:327 > Switching audio source.
0000003169.819080 MIL: SRV: < T:7139 M:AttachSource.cpp F:switchAudioSource L:328 > Old caps: audio/x-eac3
0000003169.819363 MIL: SRV: < T:7139 M:AttachSource.cpp F:switchAudioSource L:329 > New caps: 
0000003169.926672 WRN: SRV: < T:7139 M:AttachSource.cpp F:switchAudioSource L:354 > performAudioTrackCodecChannelSwitch failed! Result: 1, retval 0
[       OK ] AttachSourceTest.shouldSwitchAudioSource (347 ms)
[ RUN      ] AttachSourceTest.shouldNotSwitchAudioSourceWhenMimeTypeIsEmpty
0000003170.014205 WRN: SRV: < T:7139 M:AttachSource.cpp F:switchAudioSource L:314 > SKIP switching audio source. Unknown mime type
[       OK ] AttachSourceTest.shouldNotSwitchAudioSourceWhenMimeTypeIsEmpty (65 ms)
[----------] 9 tests from AttachSourceTest (1924 ms total)

[----------] 13 tests from DeepElementAddedTest
[ RUN      ] DeepElementAddedTest.shouldNotRegisterCallbackWhenPtrsAreNotEqual
[       OK ] DeepElementAddedTest.shouldNotRegisterCallbackWhenPtrsAreNotEqual (72 ms)
[ RUN      ] DeepElementAddedTest.shouldNotRegisterCallbackWhenElementIsNull
[       OK ] DeepElementAddedTest.shouldNotRegisterCallbackWhenElementIsNull (77 ms)
[ RUN      ] DeepElementAddedTest.shouldNotRegisterCallbackWhenElementNameIsNotTypefind
[       OK ] DeepElementAddedTest.shouldNotRegisterCallbackWhenElementNameIsNotTypefind (87 ms)
[ RUN      ] DeepElementAddedTest.shouldRegisterCallbackForTypefindElement

(process:7139): GLib-GObject-WARNING **: 09:00:33.103: invalid unclassed pointer in cast to 'GObject'

(process:7139): GLib-GObject-WARNING **: 09:00:33.147: invalid unclassed pointer in cast to 'GObject'
[       OK ] DeepElementAddedTest.shouldRegisterCallbackForTypefindElement (116 ms)
[ RUN      ] DeepElementAddedTest.shouldUpdatePlaybackGroupWhenCallbackIsCalled

(process:7139): GLib-GObject-WARNING **: 09:00:33.210: invalid unclassed pointer in cast to 'GObject'

(process:7139): GLib-GObject-WARNING **: 09:00:33.232: invalid unclassed pointer in cast to 'GObject'
[       OK ] DeepElementAddedTest.shouldUpdatePlaybackGroupWhenCallbackIsCalled (65 ms)
[ RUN      ] DeepElementAddedTest.shouldAddSignalIdOfRegisteredCallbackToPlayerContext

(process:7139): GLib-GObject-WARNING **: 09:00:33.297: invalid unclassed pointer in cast to 'GObject'

(process:7139): GLib-GObject-WARNING **: 09:00:33.305: invalid unclassed pointer in cast to 'GObject'

(process:7139): GLib-GObject-WARNING **: 09:00:33.307: invalid unclassed pointer in cast to 'GstElement'

(process:7139): GLib-GObject-WARNING **: 09:00:33.311: invalid unclassed pointer in cast to 'GstElement'
[       OK ] DeepElementAddedTest.shouldAddSignalIdOfRegisteredCallbackToPlayerContext (64 ms)
[ RUN      ] DeepElementAddedTest.shouldAssignPipelineOnlyWhenElementNameIsNull

(process:7139): GLib-GObject-WARNING **: 09:00:33.337: invalid unclassed pointer in cast to 'GstElement'

(process:7139): GLib-GObject-WARNING **: 09:00:33.338: invalid unclassed pointer in cast to 'GstElement'
[       OK ] DeepElementAddedTest.shouldAssignPipelineOnlyWhenElementNameIsNull (20 ms)
[ RUN      ] DeepElementAddedTest.shouldDetectParseElement

(process:7139): GLib-GObject-WARNING **: 09:00:33.368: invalid unclassed pointer in cast to 'GstElement'

(process:7139): GLib-GObject-WARNING **: 09:00:33.370: invalid unclassed pointer in cast to 'GstElement'
[       OK ] DeepElementAddedTest.shouldDetectParseElement (32 ms)
[ RUN      ] DeepElementAddedTest.shouldDetectDecElement

(process:7139): GLib-GObject-WARNING **: 09:00:33.403: invalid unclassed pointer in cast to 'GstElement'

(process:7139): GLib-GObject-WARNING **: 09:00:33.405: invalid unclassed pointer in cast to 'GstElement'
[       OK ] DeepElementAddedTest.shouldDetectDecElement (35 ms)
[ RUN      ] DeepElementAddedTest.shouldDoNothingForNotHandledElementName

(process:7139): GLib-GObject-WARNING **: 09:00:33.436: invalid unclassed pointer in cast to 'GstElement'

(process:7139): GLib-GObject-WARNING **: 09:00:33.437: invalid unclassed pointer in cast to 'GstElement'
[       OK ] DeepElementAddedTest.shouldDoNothingForNotHandledElementName (31 ms)
[ RUN      ] DeepElementAddedTest.shouldDoNothingWhenAudiosinkParentNameIsNull

(process:7139): GLib-GObject-WARNING **: 09:00:33.476: invalid unclassed pointer in cast to 'GstObject'

(process:7139): GLib-GObject-WARNING **: 09:00:33.504: invalid unclassed pointer in cast to 'GstElement'

(process:7139): GLib-GObject-WARNING **: 09:00:33.526: invalid unclassed pointer in cast to 'GstElement'
[       OK ] DeepElementAddedTest.shouldDoNothingWhenAudiosinkParentNameIsNull (97 ms)
[ RUN      ] DeepElementAddedTest.shouldDoNothingWhenAudiosinkParentIsNotBin

(process:7139): GLib-GObject-WARNING **: 09:00:33.563: invalid unclassed pointer in cast to 'GstObject'

(process:7139): GLib-GObject-WARNING **: 09:00:33.574: invalid unclassed pointer in cast to 'GstElement'

(process:7139): GLib-GObject-WARNING **: 09:00:33.577: invalid unclassed pointer in cast to 'GstElement'
[       OK ] DeepElementAddedTest.shouldDoNothingWhenAudiosinkParentIsNotBin (42 ms)
[ RUN      ] DeepElementAddedTest.shouldFindAudioSinkBin

(process:7139): GLib-GObject-WARNING **: 09:00:33.606: invalid unclassed pointer in cast to 'GstObject'

(process:7139): GLib-GObject-WARNING **: 09:00:33.616: invalid unclassed pointer in cast to 'GstElement'

(process:7139): GLib-GObject-WARNING **: 09:00:33.620: invalid unclassed pointer in cast to 'GstElement'
[       OK ] DeepElementAddedTest.shouldFindAudioSinkBin (42 ms)
[----------] 13 tests from DeepElementAddedTest (790 ms total)

[----------] 4 tests from EnoughDataTest
[ RUN      ] EnoughDataTest.shouldDoNothingWhenAudioAppSourceIsNotPresent
[       OK ] EnoughDataTest.shouldDoNothingWhenAudioAppSourceIsNotPresent (4 ms)
[ RUN      ] EnoughDataTest.shouldDoNothingWhenVideoAppSourceIsNotPresent
[       OK ] EnoughDataTest.shouldDoNothingWhenVideoAppSourceIsNotPresent (1 ms)
[ RUN      ] EnoughDataTest.shouldMarkEnoughAudioData

(process:7139): GLib-GObject-WARNING **: 09:00:33.641: invalid unclassed pointer in cast to 'GstElement'

(process:7139): GLib-GObject-WARNING **: 09:00:33.642: invalid unclassed pointer in cast to 'GstElement'
[       OK ] EnoughDataTest.shouldMarkEnoughAudioData (3 ms)
[ RUN      ] EnoughDataTest.shouldMarkEnoughVideoData

(process:7139): GLib-GObject-WARNING **: 09:00:33.645: invalid unclassed pointer in cast to 'GstElement'

(process:7139): GLib-GObject-WARNING **: 09:00:33.646: invalid unclassed pointer in cast to 'GstElement'
[       OK ] EnoughDataTest.shouldMarkEnoughVideoData (3 ms)
[----------] 4 tests from EnoughDataTest (14 ms total)

[----------] 7 tests from EosTest
[ RUN      ] EosTest.shouldFailWhenStreamIsNotFound
0000003170.842221 WRN: SRV: < T:7139 M:Eos.cpp F:execute L:55 > Set eos failed - Stream not found
[       OK ] EosTest.shouldFailWhenStreamIsNotFound (11 ms)
[ RUN      ] EosTest.shouldSetEos

(process:7139): GLib-GObject-WARNING **: 09:00:33.691: invalid unclassed pointer in cast to 'GstAppSrc'
[       OK ] EosTest.shouldSetEos (66 ms)
[ RUN      ] EosTest.shouldFailToSetEos

(process:7139): GLib-GObject-WARNING **: 09:00:33.729: invalid unclassed pointer in cast to 'GstAppSrc'
0000003170.920006 WRN: SRV: < T:7139 M:Eos.cpp F:execute L:60 > Set eos failed - Gstreamer error
[       OK ] EosTest.shouldFailToSetEos (11 ms)
[ RUN      ] EosTest.shouldSetEosForAudioAndCancelAudioUnderflow

(process:7139): GLib-GObject-WARNING **: 09:00:33.765: invalid unclassed pointer in cast to 'GstAppSrc'
[       OK ] EosTest.shouldSetEosForAudioAndCancelAudioUnderflow (38 ms)
[ RUN      ] EosTest.shouldSetEosForAudioAndSkipCancellingVideoUnderflow

(process:7139): GLib-GObject-WARNING **: 09:00:33.780: invalid unclassed pointer in cast to 'GstAppSrc'
[       OK ] EosTest.shouldSetEosForAudioAndSkipCancellingVideoUnderflow (11 ms)
[ RUN      ] EosTest.shouldSetEosForVideoAndCancelVideoUnderflow

(process:7139): GLib-GObject-WARNING **: 09:00:33.794: invalid unclassed pointer in cast to 'GstAppSrc'
[       OK ] EosTest.shouldSetEosForVideoAndCancelVideoUnderflow (14 ms)
[ RUN      ] EosTest.shouldSetEosForVideoAndSkipCancellingAudioUnderflow

(process:7139): GLib-GObject-WARNING **: 09:00:33.807: invalid unclassed pointer in cast to 'GstAppSrc'
[       OK ] EosTest.shouldSetEosForVideoAndSkipCancellingAudioUnderflow (11 ms)
[----------] 7 tests from EosTest (166 ms total)

[----------] 8 tests from FinishSetupSourceTest
[ RUN      ] FinishSetupSourceTest.shouldFinishSetupSource

(process:7139): GLib-GObject-WARNING **: 09:00:33.830: invalid unclassed pointer in cast to 'GstElement'

(process:7139): GLib-GObject-WARNING **: 09:00:33.831: invalid unclassed pointer in cast to 'GstElement'
[       OK ] FinishSetupSourceTest.shouldFinishSetupSource (229 ms)
[ RUN      ] FinishSetupSourceTest.shouldScheduleAudioNeedData

(process:7139): GLib-GObject-WARNING **: 09:00:34.045: invalid unclassed pointer in cast to 'GstElement'

(process:7139): GLib-GObject-WARNING **: 09:00:34.045: invalid unclassed pointer in cast to 'GstElement'
[       OK ] FinishSetupSourceTest.shouldScheduleAudioNeedData (27 ms)
[ RUN      ] FinishSetupSourceTest.shouldScheduleVideoNeedData

(process:7139): GLib-GObject-WARNING **: 09:00:34.073: invalid unclassed pointer in cast to 'GstElement'

(process:7139): GLib-GObject-WARNING **: 09:00:34.073: invalid unclassed pointer in cast to 'GstElement'
[       OK ] FinishSetupSourceTest.shouldScheduleVideoNeedData (13 ms)
[ RUN      ] FinishSetupSourceTest.shouldScheduleAudioEnoughData

(process:7139): GLib-GObject-WARNING **: 09:00:34.086: invalid unclassed pointer in cast to 'GstElement'

(process:7139): GLib-GObject-WARNING **: 09:00:34.086: invalid unclassed pointer in cast to 'GstElement'
[       OK ] FinishSetupSourceTest.shouldScheduleAudioEnoughData (14 ms)
[ RUN      ] FinishSetupSourceTest.shouldScheduleVideoEnoughData

(process:7139): GLib-GObject-WARNING **: 09:00:34.101: invalid unclassed pointer in cast to 'GstElement'

(process:7139): GLib-GObject-WARNING **: 09:00:34.101: invalid unclassed pointer in cast to 'GstElement'
[       OK ] FinishSetupSourceTest.shouldScheduleVideoEnoughData (13 ms)
[ RUN      ] FinishSetupSourceTest.shouldScheduleAudioSeekData

(process:7139): GLib-GObject-WARNING **: 09:00:34.114: invalid unclassed pointer in cast to 'GstElement'

(process:7139): GLib-GObject-WARNING **: 09:00:34.114: invalid unclassed pointer in cast to 'GstElement'
[       OK ] FinishSetupSourceTest.shouldScheduleAudioSeekData (13 ms)
[ RUN      ] FinishSetupSourceTest.shouldScheduleVideoSeekData

(process:7139): GLib-GObject-WARNING **: 09:00:34.128: invalid unclassed pointer in cast to 'GstElement'

(process:7139): GLib-GObject-WARNING **: 09:00:34.128: invalid unclassed pointer in cast to 'GstElement'
[       OK ] FinishSetupSourceTest.shouldScheduleVideoSeekData (12 ms)
[ RUN      ] FinishSetupSourceTest.shouldntFinishSetupSourceWhenSourceNotSet

(process:7139): GLib-GObject-WARNING **: 09:00:34.141: invalid unclassed pointer in cast to 'GstElement'

(process:7139): GLib-GObject-WARNING **: 09:00:34.141: invalid unclassed pointer in cast to 'GstElement'
[       OK ] FinishSetupSourceTest.shouldntFinishSetupSourceWhenSourceNotSet (4 ms)
[----------] 8 tests from FinishSetupSourceTest (329 ms total)

[----------] 23 tests from HandleBusMessageTest
[ RUN      ] HandleBusMessageTest.shouldNotHandleMessageWithUnknownType

(process:7139): GLib-GObject-WARNING **: 09:00:34.148: invalid unclassed pointer in cast to 'GstElement'

(process:7139): GLib-GObject-WARNING **: 09:00:34.148: invalid unclassed pointer in cast to 'GstElement'

(process:7139): GLib-GObject-WARNING **: 09:00:34.149: invalid unclassed pointer in cast to 'GstObject'
[       OK ] HandleBusMessageTest.shouldNotHandleMessageWithUnknownType (42 ms)
[ RUN      ] HandleBusMessageTest.shouldNotHandleEosMessageForAnotherPipeline

(process:7139): GLib-GObject-WARNING **: 09:00:34.188: invalid unclassed pointer in cast to 'GstElement'

(process:7139): GLib-GObject-WARNING **: 09:00:34.189: invalid unclassed pointer in cast to 'GstElement'

(process:7139): GLib-GObject-WARNING **: 09:00:34.192: invalid unclassed pointer in cast to 'GstObject'
[       OK ] HandleBusMessageTest.shouldNotHandleEosMessageForAnotherPipeline (13 ms)
[ RUN      ] HandleBusMessageTest.shouldNotHandleMessageEosWhenPipelineIsNull

(process:7139): GLib-GObject-WARNING **: 09:00:34.202: invalid unclassed pointer in cast to 'GstElement'

(process:7139): GLib-GObject-WARNING **: 09:00:34.202: invalid unclassed pointer in cast to 'GstElement'

(process:7139): GLib-GObject-WARNING **: 09:00:34.203: invalid unclassed pointer in cast to 'GstObject'
[       OK ] HandleBusMessageTest.shouldNotHandleMessageEosWhenPipelineIsNull (13 ms)
[ RUN      ] HandleBusMessageTest.shouldNotHandleMessageEosWhenEosAlreadyNotified

(process:7139): GLib-GObject-WARNING **: 09:00:34.216: invalid unclassed pointer in cast to 'GstElement'

(process:7139): GLib-GObject-WARNING **: 09:00:34.216: invalid unclassed pointer in cast to 'GstElement'

(process:7139): GLib-GObject-WARNING **: 09:00:34.217: invalid unclassed pointer in cast to 'GstObject'

(process:7139): GLib-GObject-WARNING **: 09:00:34.220: invalid unclassed pointer in cast to 'GstObject'
0000003171.410063 MIL: SRV: < T:7139 M:HandleBusMessage.cpp F:execute L:110 > End of stream reached.
[       OK ] HandleBusMessageTest.shouldNotHandleMessageEosWhenEosAlreadyNotified (14 ms)
[ RUN      ] HandleBusMessageTest.shouldHandleEosMessage

(process:7139): GLib-GObject-WARNING **: 09:00:34.230: invalid unclassed pointer in cast to 'GstElement'

(process:7139): GLib-GObject-WARNING **: 09:00:34.230: invalid unclassed pointer in cast to 'GstElement'

(process:7139): GLib-GObject-WARNING **: 09:00:34.231: invalid unclassed pointer in cast to 'GstObject'

(process:7139): GLib-GObject-WARNING **: 09:00:34.235: invalid unclassed pointer in cast to 'GstObject'
0000003171.424902 MIL: SRV: < T:7139 M:HandleBusMessage.cpp F:execute L:110 > End of stream reached.
[       OK ] HandleBusMessageTest.shouldHandleEosMessage (17 ms)
[ RUN      ] HandleBusMessageTest.shouldNotHandleStateChangedMessageForAnotherPipeline

(process:7139): GLib-GObject-WARNING **: 09:00:34.247: invalid unclassed pointer in cast to 'GstElement'

(process:7139): GLib-GObject-WARNING **: 09:00:34.247: invalid unclassed pointer in cast to 'GstElement'

(process:7139): GLib-GObject-WARNING **: 09:00:34.251: invalid unclassed pointer in cast to 'GstObject'
[       OK ] HandleBusMessageTest.shouldNotHandleStateChangedMessageForAnotherPipeline (13 ms)
[ RUN      ] HandleBusMessageTest.shouldNotHandleMessageStateChangedWhenPipelineIsNull

(process:7139): GLib-GObject-WARNING **: 09:00:34.260: invalid unclassed pointer in cast to 'GstElement'

(process:7139): GLib-GObject-WARNING **: 09:00:34.261: invalid unclassed pointer in cast to 'GstElement'

(process:7139): GLib-GObject-WARNING **: 09:00:34.262: invalid unclassed pointer in cast to 'GstObject'
[       OK ] HandleBusMessageTest.shouldNotHandleMessageStateChangedWhenPipelineIsNull (13 ms)
[ RUN      ] HandleBusMessageTest.shouldNotHandleStateChangedMessageWhenGstPlayerClientIsNull

(process:7139): GLib-GObject-WARNING **: 09:00:34.274: invalid unclassed pointer in cast to 'GstElement'

(process:7139): GLib-GObject-WARNING **: 09:00:34.274: invalid unclassed pointer in cast to 'GstElement'

(process:7139): GLib-GObject-WARNING **: 09:00:34.275: invalid unclassed pointer in cast to 'GstObject'

(process:7139): GLib-GObject-WARNING **: 09:00:34.368: invalid unclassed pointer in cast to 'GstBin'

(process:7139): GLib-GObject-WARNING **: 09:00:34.388: invalid unclassed pointer in cast to 'GstObject'

(process:7139): GLib-GObject-WARNING **: 09:00:34.453: invalid unclassed pointer in cast to 'GstBin'
[       OK ] HandleBusMessageTest.shouldNotHandleStateChangedMessageWhenGstPlayerClientIsNull (220 ms)
[ RUN      ] HandleBusMessageTest.shouldHandleStateChangedToNullMessage

(process:7139): GLib-GObject-WARNING **: 09:00:34.495: invalid unclassed pointer in cast to 'GstElement'

(process:7139): GLib-GObject-WARNING **: 09:00:34.495: invalid unclassed pointer in cast to 'GstElement'

(process:7139): GLib-GObject-WARNING **: 09:00:34.496: invalid unclassed pointer in cast to 'GstObject'

(process:7139): GLib-GObject-WARNING **: 09:00:34.506: invalid unclassed pointer in cast to 'GstBin'

(process:7139): GLib-GObject-WARNING **: 09:00:34.512: invalid unclassed pointer in cast to 'GstObject'

(process:7139): GLib-GObject-WARNING **: 09:00:34.514: invalid unclassed pointer in cast to 'GstBin'
[       OK ] HandleBusMessageTest.shouldHandleStateChangedToNullMessage (33 ms)
[ RUN      ] HandleBusMessageTest.shouldHandleStateChangedToPausedMessage

(process:7139): GLib-GObject-WARNING **: 09:00:34.528: invalid unclassed pointer in cast to 'GstElement'

(process:7139): GLib-GObject-WARNING **: 09:00:34.528: invalid unclassed pointer in cast to 'GstElement'

(process:7139): GLib-GObject-WARNING **: 09:00:34.529: invalid unclassed pointer in cast to 'GstObject'

(process:7139): GLib-GObject-WARNING **: 09:00:34.541: invalid unclassed pointer in cast to 'GstBin'

(process:7139): GLib-GObject-WARNING **: 09:00:34.546: invalid unclassed pointer in cast to 'GstObject'

(process:7139): GLib-GObject-WARNING **: 09:00:34.549: invalid unclassed pointer in cast to 'GstBin'
[       OK ] HandleBusMessageTest.shouldHandleStateChangedToPausedMessage (35 ms)
[ RUN      ] HandleBusMessageTest.shouldHandleStateChangedToPausedAndPendingPausedMessage

(process:7139): GLib-GObject-WARNING **: 09:00:34.564: invalid unclassed pointer in cast to 'GstElement'

(process:7139): GLib-GObject-WARNING **: 09:00:34.564: invalid unclassed pointer in cast to 'GstElement'

(process:7139): GLib-GObject-WARNING **: 09:00:34.565: invalid unclassed pointer in cast to 'GstObject'

(process:7139): GLib-GObject-WARNING **: 09:00:34.572: invalid unclassed pointer in cast to 'GstBin'

(process:7139): GLib-GObject-WARNING **: 09:00:34.576: invalid unclassed pointer in cast to 'GstObject'

(process:7139): GLib-GObject-WARNING **: 09:00:34.579: invalid unclassed pointer in cast to 'GstBin'
[       OK ] HandleBusMessageTest.shouldHandleStateChangedToPausedAndPendingPausedMessage (26 ms)
[ RUN      ] HandleBusMessageTest.shouldHandleStateChangedToPlayingMessage

(process:7139): GLib-GObject-WARNING **: 09:00:34.591: invalid unclassed pointer in cast to 'GstElement'

(process:7139): GLib-GObject-WARNING **: 09:00:34.591: invalid unclassed pointer in cast to 'GstElement'

(process:7139): GLib-GObject-WARNING **: 09:00:34.592: invalid unclassed pointer in cast to 'GstObject'

(process:7139): GLib-GObject-WARNING **: 09:00:34.603: invalid unclassed pointer in cast to 'GstBin'

(process:7139): GLib-GObject-WARNING **: 09:00:34.609: invalid unclassed pointer in cast to 'GstObject'

(process:7139): GLib-GObject-WARNING **: 09:00:34.612: invalid unclassed pointer in cast to 'GstBin'
[       OK ] HandleBusMessageTest.shouldHandleStateChangedToPlayingMessage (38 ms)
[ RUN      ] HandleBusMessageTest.shouldHandleStateChangedToPlayingMessageAndSetPendingPlaybackRate

(process:7139): GLib-GObject-WARNING **: 09:00:34.630: invalid unclassed pointer in cast to 'GstElement'

(process:7139): GLib-GObject-WARNING **: 09:00:34.630: invalid unclassed pointer in cast to 'GstElement'

(process:7139): GLib-GObject-WARNING **: 09:00:34.631: invalid unclassed pointer in cast to 'GstObject'

(process:7139): GLib-GObject-WARNING **: 09:00:34.642: invalid unclassed pointer in cast to 'GstBin'

(process:7139): GLib-GObject-WARNING **: 09:00:34.649: invalid unclassed pointer in cast to 'GstObject'

(process:7139): GLib-GObject-WARNING **: 09:00:34.652: invalid unclassed pointer in cast to 'GstBin'
[       OK ] HandleBusMessageTest.shouldHandleStateChangedToPlayingMessageAndSetPendingPlaybackRate (38 ms)
[ RUN      ] HandleBusMessageTest.shouldNotHandleQosMessageForUnsupportedFormat

(process:7139): GLib-GObject-WARNING **: 09:00:34.668: invalid unclassed pointer in cast to 'GstElement'

(process:7139): GLib-GObject-WARNING **: 09:00:34.669: invalid unclassed pointer in cast to 'GstElement'
0000003172.074618 WRN: SRV: < T:7139 M:HandleBusMessage.cpp F:execute L:163 > Received a QOS_MESSAGE with unhandled format Undefined
[       OK ] HandleBusMessageTest.shouldNotHandleQosMessageForUnsupportedFormat (257 ms)
[ RUN      ] HandleBusMessageTest.shouldNotHandleQosMessageForUnknownSourceType

(process:7139): GLib-GObject-WARNING **: 09:00:34.926: invalid unclassed pointer in cast to 'GstElement'

(process:7139): GLib-GObject-WARNING **: 09:00:34.926: invalid unclassed pointer in cast to 'GstElement'
0000003172.183985 WRN: SRV: < T:7139 M:HandleBusMessage.cpp F:execute L:157 > Unknown source type for class 'Unknown', ignoring QOS Message
[       OK ] HandleBusMessageTest.shouldNotHandleQosMessageForUnknownSourceType (87 ms)
[ RUN      ] HandleBusMessageTest.shouldHandleQosMessageForVideo

(process:7139): GLib-GObject-WARNING **: 09:00:35.013: invalid unclassed pointer in cast to 'GstElement'

(process:7139): GLib-GObject-WARNING **: 09:00:35.013: invalid unclassed pointer in cast to 'GstElement'
[       OK ] HandleBusMessageTest.shouldHandleQosMessageForVideo (62 ms)
[ RUN      ] HandleBusMessageTest.shouldHandleQosMessageForAudio

(process:7139): GLib-GObject-WARNING **: 09:00:35.076: invalid unclassed pointer in cast to 'GstElement'

(process:7139): GLib-GObject-WARNING **: 09:00:35.076: invalid unclassed pointer in cast to 'GstElement'
[       OK ] HandleBusMessageTest.shouldHandleQosMessageForAudio (27 ms)
[ RUN      ] HandleBusMessageTest.shouldHandleErrorMessageNoEos

(process:7139): GLib-GObject-WARNING **: 09:00:35.103: invalid unclassed pointer in cast to 'GstElement'

(process:7139): GLib-GObject-WARNING **: 09:00:35.104: invalid unclassed pointer in cast to 'GstElement'
0000003172.376939 ERR: SRV: < T:7139 M:HandleBusMessage.cpp F:execute L:188 > Error from (null) - 0: (null) (Error message)
[       OK ] HandleBusMessageTest.shouldHandleErrorMessageNoEos (114 ms)
[ RUN      ] HandleBusMessageTest.shouldHandleErrorMessageWhenEosAllSources

(process:7139): GLib-GObject-WARNING **: 09:00:35.218: invalid unclassed pointer in cast to 'GstElement'

(process:7139): GLib-GObject-WARNING **: 09:00:35.219: invalid unclassed pointer in cast to 'GstElement'

(process:7139): GLib-GObject-WARNING **: 09:00:35.220: invalid unclassed pointer in cast to 'GstElement'

(process:7139): GLib-GObject-WARNING **: 09:00:35.220: invalid unclassed pointer in cast to 'GstElement'
0000003172.420527 ERR: SRV: < T:7139 M:HandleBusMessage.cpp F:execute L:188 > Error from (null) - 0: (null) (Error message)
[       OK ] HandleBusMessageTest.shouldHandleErrorMessageWhenEosAllSources (25 ms)
[ RUN      ] HandleBusMessageTest.shouldHandleStreamErrorMessageNoEos

(process:7139): GLib-GObject-WARNING **: 09:00:35.244: invalid unclassed pointer in cast to 'GstElement'

(process:7139): GLib-GObject-WARNING **: 09:00:35.244: invalid unclassed pointer in cast to 'GstElement'
0000003172.445667 ERR: SRV: < T:7139 M:HandleBusMessage.cpp F:execute L:188 > Error from (null) - 0: (null) (Error message)
[       OK ] HandleBusMessageTest.shouldHandleStreamErrorMessageNoEos (25 ms)
[ RUN      ] HandleBusMessageTest.shouldHandleStreamErrorMessageWhenEosSingleSource

(process:7139): GLib-GObject-WARNING **: 09:00:35.269: invalid unclassed pointer in cast to 'GstElement'

(process:7139): GLib-GObject-WARNING **: 09:00:35.269: invalid unclassed pointer in cast to 'GstElement'

(process:7139): GLib-GObject-WARNING **: 09:00:35.270: invalid unclassed pointer in cast to 'GstElement'
0000003172.470033 ERR: SRV: < T:7139 M:HandleBusMessage.cpp F:execute L:188 > Error from (null) - 0: (null) (Error message)
[       OK ] HandleBusMessageTest.shouldHandleStreamErrorMessageWhenEosSingleSource (24 ms)
[ RUN      ] HandleBusMessageTest.shouldHandleStreamErrorMessageWhenEosAllSources

(process:7139): GLib-GObject-WARNING **: 09:00:35.293: invalid unclassed pointer in cast to 'GstElement'

(process:7139): GLib-GObject-WARNING **: 09:00:35.294: invalid unclassed pointer in cast to 'GstElement'

(process:7139): GLib-GObject-WARNING **: 09:00:35.295: invalid unclassed pointer in cast to 'GstElement'

(process:7139): GLib-GObject-WARNING **: 09:00:35.295: invalid unclassed pointer in cast to 'GstElement'
0000003172.495616 WRN: SRV: < T:7139 M:HandleBusMessage.cpp F:execute L:176 > Got stream error from (null). But all streams are ended, so reporting EOS. Error code 0: (null) (Error message).
[       OK ] HandleBusMessageTest.shouldHandleStreamErrorMessageWhenEosAllSources (26 ms)
[ RUN      ] HandleBusMessageTest.shouldHandleStreamErrorMessageWhenEosAllSourcesAndEosAlreadyNotfied

(process:7139): GLib-GObject-WARNING **: 09:00:35.319: invalid unclassed pointer in cast to 'GstElement'

(process:7139): GLib-GObject-WARNING **: 09:00:35.320: invalid unclassed pointer in cast to 'GstElement'

(process:7139): GLib-GObject-WARNING **: 09:00:35.321: invalid unclassed pointer in cast to 'GstElement'

(process:7139): GLib-GObject-WARNING **: 09:00:35.321: invalid unclassed pointer in cast to 'GstElement'
0000003172.519598 WRN: SRV: < T:7139 M:HandleBusMessage.cpp F:execute L:176 > Got stream error from (null). But all streams are ended, so reporting EOS. Error code 0: (null) (Error message).
[       OK ] HandleBusMessageTest.shouldHandleStreamErrorMessageWhenEosAllSourcesAndEosAlreadyNotfied (20 ms)
[----------] 23 tests from HandleBusMessageTest (1194 ms total)

[----------] 10 tests from NeedDataTest
[ RUN      ] NeedDataTest.shouldDoNothingWhenAudioAppSourceIsNotPresent
[       OK ] NeedDataTest.shouldDoNothingWhenAudioAppSourceIsNotPresent (4 ms)
[ RUN      ] NeedDataTest.shouldDoNothingWhenVideoAppSourceIsNotPresent
[       OK ] NeedDataTest.shouldDoNothingWhenVideoAppSourceIsNotPresent (1 ms)
[ RUN      ] NeedDataTest.shouldDoNothingForUnknownAppSource

(process:7139): GLib-GObject-WARNING **: 09:00:35.347: invalid unclassed pointer in cast to 'GstElement'

(process:7139): GLib-GObject-WARNING **: 09:00:35.348: invalid unclassed pointer in cast to 'GstElement'

(process:7139): GLib-GObject-WARNING **: 09:00:35.349: invalid unclassed pointer in cast to 'GstElement'

(process:7139): GLib-GObject-WARNING **: 09:00:35.350: invalid unclassed pointer in cast to 'GstElement'
[       OK ] NeedDataTest.shouldDoNothingForUnknownAppSource (4 ms)
[ RUN      ] NeedDataTest.shouldNotifyNeedAudioData

(process:7139): GLib-GObject-WARNING **: 09:00:35.352: invalid unclassed pointer in cast to 'GstElement'

(process:7139): GLib-GObject-WARNING **: 09:00:35.352: invalid unclassed pointer in cast to 'GstElement'

(process:7139): GLib-GObject-WARNING **: 09:00:35.380: invalid unclassed pointer in cast to 'GstElement'

(process:7139): GLib-GObject-WARNING **: 09:00:35.397: invalid unclassed pointer in cast to 'GstElement'
[       OK ] NeedDataTest.shouldNotifyNeedAudioData (56 ms)
[ RUN      ] NeedDataTest.shouldFailToNotifyNeedAudioData

(process:7139): GLib-GObject-WARNING **: 09:00:35.409: invalid unclassed pointer in cast to 'GstElement'

(process:7139): GLib-GObject-WARNING **: 09:00:35.409: invalid unclassed pointer in cast to 'GstElement'

(process:7139): GLib-GObject-WARNING **: 09:00:35.412: invalid unclassed pointer in cast to 'GstElement'

(process:7139): GLib-GObject-WARNING **: 09:00:35.412: invalid unclassed pointer in cast to 'GstElement'
[       OK ] NeedDataTest.shouldFailToNotifyNeedAudioData (7 ms)
[ RUN      ] NeedDataTest.shouldSkipToNotifyNeedAudioDataWhenAnotherOneIsPending

(process:7139): GLib-GObject-WARNING **: 09:00:35.416: invalid unclassed pointer in cast to 'GstElement'

(process:7139): GLib-GObject-WARNING **: 09:00:35.417: invalid unclassed pointer in cast to 'GstElement'

(process:7139): GLib-GObject-WARNING **: 09:00:35.417: invalid unclassed pointer in cast to 'GstElement'

(process:7139): GLib-GObject-WARNING **: 09:00:35.418: invalid unclassed pointer in cast to 'GstElement'
[       OK ] NeedDataTest.shouldSkipToNotifyNeedAudioDataWhenAnotherOneIsPending (4 ms)
[ RUN      ] NeedDataTest.shouldSkipToNotifyNeedAudioDataWhenAudioSourceIsRemoved

(process:7139): GLib-GObject-WARNING **: 09:00:35.421: invalid unclassed pointer in cast to 'GstElement'

(process:7139): GLib-GObject-WARNING **: 09:00:35.422: invalid unclassed pointer in cast to 'GstElement'

(process:7139): GLib-GObject-WARNING **: 09:00:35.423: invalid unclassed pointer in cast to 'GstElement'

(process:7139): GLib-GObject-WARNING **: 09:00:35.423: invalid unclassed pointer in cast to 'GstElement'
[       OK ] NeedDataTest.shouldSkipToNotifyNeedAudioDataWhenAudioSourceIsRemoved (5 ms)
[ RUN      ] NeedDataTest.shouldNotifyNeedVideoData

(process:7139): GLib-GObject-WARNING **: 09:00:35.427: invalid unclassed pointer in cast to 'GstElement'

(process:7139): GLib-GObject-WARNING **: 09:00:35.427: invalid unclassed pointer in cast to 'GstElement'

(process:7139): GLib-GObject-WARNING **: 09:00:35.430: invalid unclassed pointer in cast to 'GstElement'

(process:7139): GLib-GObject-WARNING **: 09:00:35.430: invalid unclassed pointer in cast to 'GstElement'
[       OK ] NeedDataTest.shouldNotifyNeedVideoData (7 ms)
[ RUN      ] NeedDataTest.shouldFailToNotifyNeedVideoData

(process:7139): GLib-GObject-WARNING **: 09:00:35.434: invalid unclassed pointer in cast to 'GstElement'

(process:7139): GLib-GObject-WARNING **: 09:00:35.435: invalid unclassed pointer in cast to 'GstElement'

(process:7139): GLib-GObject-WARNING **: 09:00:35.438: invalid unclassed pointer in cast to 'GstElement'

(process:7139): GLib-GObject-WARNING **: 09:00:35.438: invalid unclassed pointer in cast to 'GstElement'
[       OK ] NeedDataTest.shouldFailToNotifyNeedVideoData (7 ms)
[ RUN      ] NeedDataTest.shouldSkipToNotifyNeedVideoData

(process:7139): GLib-GObject-WARNING **: 09:00:35.442: invalid unclassed pointer in cast to 'GstElement'

(process:7139): GLib-GObject-WARNING **: 09:00:35.442: invalid unclassed pointer in cast to 'GstElement'

(process:7139): GLib-GObject-WARNING **: 09:00:35.443: invalid unclassed pointer in cast to 'GstElement'

(process:7139): GLib-GObject-WARNING **: 09:00:35.443: invalid unclassed pointer in cast to 'GstElement'
[       OK ] NeedDataTest.shouldSkipToNotifyNeedVideoData (4 ms)
[----------] 10 tests from NeedDataTest (106 ms total)

[----------] 2 tests from PauseTest
[ RUN      ] PauseTest.shouldPause
[       OK ] PauseTest.shouldPause (23 ms)
[ RUN      ] PauseTest.shouldPauseDuringUnderflow
[       OK ] PauseTest.shouldPauseDuringUnderflow (5 ms)
[----------] 2 tests from PauseTest (28 ms total)

[----------] 25 tests from GenericPlayerTaskFactoryTest
[ RUN      ] GenericPlayerTaskFactoryTest.ShouldCreateAttachSamples
[       OK ] GenericPlayerTaskFactoryTest.ShouldCreateAttachSamples (21 ms)
[ RUN      ] GenericPlayerTaskFactoryTest.ShouldCreateAttachSource
[       OK ] GenericPlayerTaskFactoryTest.ShouldCreateAttachSource (17 ms)
[ RUN      ] GenericPlayerTaskFactoryTest.ShouldCreateDeepElementAdded
[       OK ] GenericPlayerTaskFactoryTest.ShouldCreateDeepElementAdded (28 ms)
[ RUN      ] GenericPlayerTaskFactoryTest.ShouldCreateEnoughData
[       OK ] GenericPlayerTaskFactoryTest.ShouldCreateEnoughData (14 ms)
[ RUN      ] GenericPlayerTaskFactoryTest.ShouldCreateEos
[       OK ] GenericPlayerTaskFactoryTest.ShouldCreateEos (14 ms)
[ RUN      ] GenericPlayerTaskFactoryTest.ShouldCreateFinishSetupSource
[       OK ] GenericPlayerTaskFactoryTest.ShouldCreateFinishSetupSource (14 ms)
[ RUN      ] GenericPlayerTaskFactoryTest.ShouldCreateHandleBusMessage
[       OK ] GenericPlayerTaskFactoryTest.ShouldCreateHandleBusMessage (15 ms)
[ RUN      ] GenericPlayerTaskFactoryTest.ShouldCreateNeedData
[       OK ] GenericPlayerTaskFactoryTest.ShouldCreateNeedData (14 ms)
[ RUN      ] GenericPlayerTaskFactoryTest.ShouldCreatePause
[       OK ] GenericPlayerTaskFactoryTest.ShouldCreatePause (14 ms)
[ RUN      ] GenericPlayerTaskFactoryTest.ShouldCreatePlay
[       OK ] GenericPlayerTaskFactoryTest.ShouldCreatePlay (14 ms)
[ RUN      ] GenericPlayerTaskFactoryTest.ShouldCreateReadShmDataAndAttachSamples
[       OK ] GenericPlayerTaskFactoryTest.ShouldCreateReadShmDataAndAttachSamples (16 ms)
[ RUN      ] GenericPlayerTaskFactoryTest.ShouldCreateRemoveSource
[       OK ] GenericPlayerTaskFactoryTest.ShouldCreateRemoveSource (15 ms)
[ RUN      ] GenericPlayerTaskFactoryTest.ShouldCreateReportPosition
[       OK ] GenericPlayerTaskFactoryTest.ShouldCreateReportPosition (15 ms)
[ RUN      ] GenericPlayerTaskFactoryTest.ShouldCreateCheckAudioUnderflow
[       OK ] GenericPlayerTaskFactoryTest.ShouldCreateCheckAudioUnderflow (15 ms)
[ RUN      ] GenericPlayerTaskFactoryTest.ShouldCreateSetPosition
[       OK ] GenericPlayerTaskFactoryTest.ShouldCreateSetPosition (15 ms)
[ RUN      ] GenericPlayerTaskFactoryTest.ShouldCreateSetupElement
[       OK ] GenericPlayerTaskFactoryTest.ShouldCreateSetupElement (16 ms)
[ RUN      ] GenericPlayerTaskFactoryTest.ShouldCreateSetupSource
[       OK ] GenericPlayerTaskFactoryTest.ShouldCreateSetupSource (14 ms)
[ RUN      ] GenericPlayerTaskFactoryTest.ShouldCreateSetVideoGeometry
[       OK ] GenericPlayerTaskFactoryTest.ShouldCreateSetVideoGeometry (15 ms)
[ RUN      ] GenericPlayerTaskFactoryTest.ShouldCreateSetVolume
[       OK ] GenericPlayerTaskFactoryTest.ShouldCreateSetVolume (15 ms)
[ RUN      ] GenericPlayerTaskFactoryTest.ShouldCreateSetMute
[       OK ] GenericPlayerTaskFactoryTest.ShouldCreateSetMute (15 ms)
[ RUN      ] GenericPlayerTaskFactoryTest.ShouldCreateShutdown
[       OK ] GenericPlayerTaskFactoryTest.ShouldCreateShutdown (14 ms)
[ RUN      ] GenericPlayerTaskFactoryTest.ShouldCreateStop
[       OK ] GenericPlayerTaskFactoryTest.ShouldCreateStop (14 ms)
[ RUN      ] GenericPlayerTaskFactoryTest.ShouldCreateUnderflow
[       OK ] GenericPlayerTaskFactoryTest.ShouldCreateUnderflow (15 ms)
[ RUN      ] GenericPlayerTaskFactoryTest.ShouldCreateSetPlaybackRate
[       OK ] GenericPlayerTaskFactoryTest.ShouldCreateSetPlaybackRate (16 ms)
[ RUN      ] GenericPlayerTaskFactoryTest.ShouldCreateUpdatePlaybackGroup
[       OK ] GenericPlayerTaskFactoryTest.ShouldCreateUpdatePlaybackGroup (16 ms)
[----------] 25 tests from GenericPlayerTaskFactoryTest (404 ms total)

[----------] 2 tests from PlayTest
[ RUN      ] PlayTest.shouldPlay
[       OK ] PlayTest.shouldPlay (41 ms)
[ RUN      ] PlayTest.shouldFailToPlay
[       OK ] PlayTest.shouldFailToPlay (4 ms)
[----------] 2 tests from PlayTest (47 ms total)

[----------] 2 tests from ReadShmDataAndAttachSamplesTest
[ RUN      ] ReadShmDataAndAttachSamplesTest.shouldAttachAllAudioSamples
[       OK ] ReadShmDataAndAttachSamplesTest.shouldAttachAllAudioSamples (87 ms)
[ RUN      ] ReadShmDataAndAttachSamplesTest.shouldAttachAllVideoSamples
[       OK ] ReadShmDataAndAttachSamplesTest.shouldAttachAllVideoSamples (20 ms)
[----------] 2 tests from ReadShmDataAndAttachSamplesTest (108 ms total)

[----------] 4 tests from RemoveSourceTest
[ RUN      ] RemoveSourceTest.shouldRemoveAudioSourceWithoutFlushing
0000003173.256863 WRN: SRV: < T:7139 M:RemoveSource.cpp F:execute L:58 > failed to flush - source is NULL
[       OK ] RemoveSourceTest.shouldRemoveAudioSourceWithoutFlushing (43 ms)
[ RUN      ] RemoveSourceTest.shouldNotRemoveVideoSource
[       OK ] RemoveSourceTest.shouldNotRemoveVideoSource (15 ms)
[ RUN      ] RemoveSourceTest.shouldRemoveAudioSource
[       OK ] RemoveSourceTest.shouldRemoveAudioSource (191 ms)
[ RUN      ] RemoveSourceTest.shouldRemoveAudioSourceFlushEventError
0000003173.504740 WRN: SRV: < T:7139 M:RemoveSource.cpp F:execute L:64 > failed to send flush-start event
0000003173.505675 WRN: SRV: < T:7139 M:RemoveSource.cpp F:execute L:69 > failed to send flush-stop event
[       OK ] RemoveSourceTest.shouldRemoveAudioSourceFlushEventError (41 ms)
[----------] 4 tests from RemoveSourceTest (292 ms total)

[----------] 3 tests from RenderFrameTest
[ RUN      ] RenderFrameTest.shouldRenderFrame

(process:7139): GLib-GObject-WARNING **: 09:00:36.468: invalid unclassed pointer in cast to 'GstObject'

(process:7139): GLib-GObject-WARNING **: 09:00:36.575: invalid unclassed pointer in cast to 'GstObject'
[       OK ] RenderFrameTest.shouldRenderFrame (284 ms)
[ RUN      ] RenderFrameTest.RenderFrameFailsOnGettingSink
0000003173.820498 ERR: SRV: < T:7139 M:RenderFrame.cpp F:execute L:61 > There's no video sink
[       OK ] RenderFrameTest.RenderFrameFailsOnGettingSink (25 ms)
[ RUN      ] RenderFrameTest.RenderFrameFailsOnFindProperty

(process:7139): GLib-GObject-WARNING **: 09:00:36.667: invalid unclassed pointer in cast to 'GstObject'
0000003173.866373 ERR: SRV: < T:7139 M:RenderFrame.cpp F:execute L:54 > Video sink doesn't have property `frame-step-on-preroll`

(process:7139): GLib-GObject-WARNING **: 09:00:36.677: invalid unclassed pointer in cast to 'GstObject'
[       OK ] RenderFrameTest.RenderFrameFailsOnFindProperty (51 ms)
[----------] 3 tests from RenderFrameTest (363 ms total)

[----------] 2 tests from ReportPositionTest
[ RUN      ] ReportPositionTest.shouldReportPosition
[       OK ] ReportPositionTest.shouldReportPosition (63 ms)
[ RUN      ] ReportPositionTest.shouldFailToReportPosition
[       OK ] ReportPositionTest.shouldFailToReportPosition (24 ms)
[----------] 2 tests from ReportPositionTest (88 ms total)

[----------] 2 tests from CheckAudioUnderflowTest
[ RUN      ] CheckAudioUnderflowTest.shouldNotTriggerAudioUnderflow
[       OK ] CheckAudioUnderflowTest.shouldNotTriggerAudioUnderflow (29 ms)
[ RUN      ] CheckAudioUnderflowTest.shouldTriggerAudioUnderflow
[       OK ] CheckAudioUnderflowTest.shouldTriggerAudioUnderflow (109 ms)
[----------] 2 tests from CheckAudioUnderflowTest (139 ms total)

[----------] 9 tests from SetPlaybackRateTest
[ RUN      ] SetPlaybackRateTest.shouldNotChangePlaybackRateIfItsAlreadySet
[       OK ] SetPlaybackRateTest.shouldNotChangePlaybackRateIfItsAlreadySet (13 ms)
[ RUN      ] SetPlaybackRateTest.shouldNotChangePlaybackRateIfPipelineIsNull
[       OK ] SetPlaybackRateTest.shouldNotChangePlaybackRateIfPipelineIsNull (8 ms)
[ RUN      ] SetPlaybackRateTest.shouldNotChangePlaybackRateIfPipelineStateIsBelowPlaying
[       OK ] SetPlaybackRateTest.shouldNotChangePlaybackRateIfPipelineStateIsBelowPlaying (8 ms)
[ RUN      ] SetPlaybackRateTest.shouldSetPlaybackRateAudioSinkNull
[       OK ] SetPlaybackRateTest.shouldSetPlaybackRateAudioSinkNull (183 ms)
[ RUN      ] SetPlaybackRateTest.shouldFailToSetPlaybackRateAudioSinkNull
[       OK ] SetPlaybackRateTest.shouldFailToSetPlaybackRateAudioSinkNull (23 ms)
[ RUN      ] SetPlaybackRateTest.shouldSetPlaybackRateAudioSinkOtherThanAmlhala
[       OK ] SetPlaybackRateTest.shouldSetPlaybackRateAudioSinkOtherThanAmlhala (90 ms)
[ RUN      ] SetPlaybackRateTest.shouldFailToSetPlaybackRateAudioSinkOtherThanAmlhala
[       OK ] SetPlaybackRateTest.shouldFailToSetPlaybackRateAudioSinkOtherThanAmlhala (42 ms)
[ RUN      ] SetPlaybackRateTest.shouldSetPlaybackRateAmlhalaAudioSink
[       OK ] SetPlaybackRateTest.shouldSetPlaybackRateAmlhalaAudioSink (269 ms)
[ RUN      ] SetPlaybackRateTest.shouldFailToSetPlaybackRateAmlhalaAudioSink
[       OK ] SetPlaybackRateTest.shouldFailToSetPlaybackRateAmlhalaAudioSink (57 ms)
[----------] 9 tests from SetPlaybackRateTest (699 ms total)

[----------] 5 tests from SetPositionTest
[ RUN      ] SetPositionTest.shouldFailToSetPositionWhenClientIsNull

(process:7139): GLib-GObject-WARNING **: 09:00:37.626: invalid unclassed pointer in cast to 'GstElement'

(process:7139): GLib-GObject-WARNING **: 09:00:37.627: invalid unclassed pointer in cast to 'GstElement'

(process:7139): GLib-GObject-WARNING **: 09:00:37.627: invalid unclassed pointer in cast to 'GstElement'

(process:7139): GLib-GObject-WARNING **: 09:00:37.628: invalid unclassed pointer in cast to 'GstElement'
0000003174.819331 ERR: SRV: < T:7139 M:SetPosition.cpp F:execute L:47 > Seek failed - GstPlayerClient is NULL
[       OK ] SetPositionTest.shouldFailToSetPositionWhenClientIsNull (16 ms)
[ RUN      ] SetPositionTest.shouldFailToSetPositionWhenPipelineIsNull

(process:7139): GLib-GObject-WARNING **: 09:00:37.640: invalid unclassed pointer in cast to 'GstElement'

(process:7139): GLib-GObject-WARNING **: 09:00:37.640: invalid unclassed pointer in cast to 'GstElement'

(process:7139): GLib-GObject-WARNING **: 09:00:37.640: invalid unclassed pointer in cast to 'GstElement'

(process:7139): GLib-GObject-WARNING **: 09:00:37.641: invalid unclassed pointer in cast to 'GstElement'
0000003174.843435 ERR: SRV: < T:7139 M:SetPosition.cpp F:execute L:77 > Seek failed - pipeline is null
[       OK ] SetPositionTest.shouldFailToSetPositionWhenPipelineIsNull (27 ms)
[ RUN      ] SetPositionTest.shouldFailToSetPositionWhenSeekFailed

(process:7139): GLib-GObject-WARNING **: 09:00:37.667: invalid unclassed pointer in cast to 'GstElement'

(process:7139): GLib-GObject-WARNING **: 09:00:37.668: invalid unclassed pointer in cast to 'GstElement'

(process:7139): GLib-GObject-WARNING **: 09:00:37.668: invalid unclassed pointer in cast to 'GstElement'

(process:7139): GLib-GObject-WARNING **: 09:00:37.668: invalid unclassed pointer in cast to 'GstElement'
0000003174.964838 ERR: SRV: < T:7139 M:SetPosition.cpp F:execute L:85 > Seek failed - gstreamer error
[       OK ] SetPositionTest.shouldFailToSetPositionWhenSeekFailed (128 ms)
[ RUN      ] SetPositionTest.shouldSetPosition

(process:7139): GLib-GObject-WARNING **: 09:00:37.796: invalid unclassed pointer in cast to 'GstElement'

(process:7139): GLib-GObject-WARNING **: 09:00:37.797: invalid unclassed pointer in cast to 'GstElement'

(process:7139): GLib-GObject-WARNING **: 09:00:37.797: invalid unclassed pointer in cast to 'GstElement'

(process:7139): GLib-GObject-WARNING **: 09:00:37.797: invalid unclassed pointer in cast to 'GstElement'

(process:7139): GLib-GObject-WARNING **: 09:00:37.815: invalid unclassed pointer in cast to 'GstAppSrc'

(process:7139): GLib-GObject-WARNING **: 09:00:37.816: invalid unclassed pointer in cast to 'GstElement'

(process:7139): GLib-GObject-WARNING **: 09:00:37.816: invalid unclassed pointer in cast to 'GstElement'

(process:7139): GLib-GObject-WARNING **: 09:00:37.817: invalid unclassed pointer in cast to 'GstAppSrc'

(process:7139): GLib-GObject-WARNING **: 09:00:37.818: invalid unclassed pointer in cast to 'GstElement'

(process:7139): GLib-GObject-WARNING **: 09:00:37.819: invalid unclassed pointer in cast to 'GstElement'
[       OK ] SetPositionTest.shouldSetPosition (35 ms)
[ RUN      ] SetPositionTest.shouldSetPositionWithChangedPlaybackRate

(process:7139): GLib-GObject-WARNING **: 09:00:37.833: invalid unclassed pointer in cast to 'GstElement'

(process:7139): GLib-GObject-WARNING **: 09:00:37.833: invalid unclassed pointer in cast to 'GstElement'

(process:7139): GLib-GObject-WARNING **: 09:00:37.834: invalid unclassed pointer in cast to 'GstElement'

(process:7139): GLib-GObject-WARNING **: 09:00:37.834: invalid unclassed pointer in cast to 'GstElement'

(process:7139): GLib-GObject-WARNING **: 09:00:37.852: invalid unclassed pointer in cast to 'GstAppSrc'

(process:7139): GLib-GObject-WARNING **: 09:00:37.852: invalid unclassed pointer in cast to 'GstElement'

(process:7139): GLib-GObject-WARNING **: 09:00:37.853: invalid unclassed pointer in cast to 'GstElement'

(process:7139): GLib-GObject-WARNING **: 09:00:37.853: invalid unclassed pointer in cast to 'GstAppSrc'

(process:7139): GLib-GObject-WARNING **: 09:00:37.854: invalid unclassed pointer in cast to 'GstElement'

(process:7139): GLib-GObject-WARNING **: 09:00:37.854: invalid unclassed pointer in cast to 'GstElement'
[       OK ] SetPositionTest.shouldSetPositionWithChangedPlaybackRate (36 ms)
[----------] 5 tests from SetPositionTest (245 ms total)

[----------] 7 tests from SetupElementTest
[ RUN      ] SetupElementTest.shouldSetupVideoElement
--7139-- REDIR: 0x518eb20 (libc.so.6:__stpcpy_avx2) redirected to 0x4852130 (stpcpy)
--7139-- REDIR: 0x518e1c0 (libc.so.6:__strncpy_avx2) redirected to 0x484efe0 (strncpy)
[       OK ] SetupElementTest.shouldSetupVideoElement (1062 ms)
[ RUN      ] SetupElementTest.shouldSetupVideoElementWithPendingGeometry
[       OK ] SetupElementTest.shouldSetupVideoElementWithPendingGeometry (42 ms)
[ RUN      ] SetupElementTest.shouldSetupVideoElementForAmlhalasink

(RialtoServerGstPlayerUnitTests:7139): GLib-GObject-WARNING **: 09:00:38.980: invalid unclassed pointer in cast to 'GObject'

(RialtoServerGstPlayerUnitTests:7139): GLib-GObject-WARNING **: 09:00:38.983: invalid unclassed pointer in cast to 'GObject'

(RialtoServerGstPlayerUnitTests:7139): GLib-GObject-WARNING **: 09:00:38.985: invalid unclassed pointer in cast to 'GObject'
[       OK ] SetupElementTest.shouldSetupVideoElementForAmlhalasink (34 ms)
[ RUN      ] SetupElementTest.shouldSetupVideoElementWithPendingGeometryOtherThanWesterosSink
[       OK ] SetupElementTest.shouldSetupVideoElementWithPendingGeometryOtherThanWesterosSink (25 ms)
[ RUN      ] SetupElementTest.shouldSetupAudioElement
[       OK ] SetupElementTest.shouldSetupAudioElement (110 ms)
[ RUN      ] SetupElementTest.shouldReportVideoUnderflow
[       OK ] SetupElementTest.shouldReportVideoUnderflow (26 ms)
[ RUN      ] SetupElementTest.shouldReportAudioUnderflow
[       OK ] SetupElementTest.shouldReportAudioUnderflow (27 ms)
[----------] 7 tests from SetupElementTest (1332 ms total)

[----------] 2 tests from SetupSourceTest
[ RUN      ] SetupSourceTest.shouldSetupSource
[       OK ] SetupSourceTest.shouldSetupSource (9 ms)
[ RUN      ] SetupSourceTest.shouldScheduleAllSourcesAttachedWhenItWasReceivedBefore
[       OK ] SetupSourceTest.shouldScheduleAllSourcesAttachedWhenItWasReceivedBefore (11 ms)
[----------] 2 tests from SetupSourceTest (21 ms total)

[----------] 2 tests from SetVideoGeometryTest
[ RUN      ] SetVideoGeometryTest.shouldNotSetVideoGeometryWhenPipelineIsNull
[       OK ] SetVideoGeometryTest.shouldNotSetVideoGeometryWhenPipelineIsNull (9 ms)
[ RUN      ] SetVideoGeometryTest.shouldSetVideoGeometry
[       OK ] SetVideoGeometryTest.shouldSetVideoGeometry (11 ms)
[----------] 2 tests from SetVideoGeometryTest (21 ms total)

[----------] 2 tests from SetVolumeTest
[ RUN      ] SetVolumeTest.shouldFailToSetVolumeWhenPipelineIsNull
0000003176.436472 ERR: SRV: < T:7139 M:SetVolume.cpp F:execute L:42 > Setting volume failed. Pipeline is NULL
[       OK ] SetVolumeTest.shouldFailToSetVolumeWhenPipelineIsNull (8 ms)
[ RUN      ] SetVolumeTest.shouldSetVolume

(RialtoServerGstPlayerUnitTests:7139): GLib-GObject-WARNING **: 09:00:39.274: invalid unclassed pointer in cast to 'GstStreamVolume'
[       OK ] SetVolumeTest.shouldSetVolume (47 ms)
[----------] 2 tests from SetVolumeTest (56 ms total)

[----------] 2 tests from SetMuteTest
[ RUN      ] SetMuteTest.shouldFailToSetMuteWhenPipelineIsNull
0000003176.493941 ERR: SRV: < T:7139 M:SetMute.cpp F:execute L:42 > Setting mute failed. Pipeline is NULL
[       OK ] SetMuteTest.shouldFailToSetMuteWhenPipelineIsNull (7 ms)
[ RUN      ] SetMuteTest.shouldSetMute

(RialtoServerGstPlayerUnitTests:7139): GLib-GObject-WARNING **: 09:00:39.311: invalid unclassed pointer in cast to 'GstStreamVolume'

(RialtoServerGstPlayerUnitTests:7139): GLib-GObject-WARNING **: 09:00:39.324: invalid unclassed pointer in cast to 'GstStreamVolume'
[       OK ] SetMuteTest.shouldSetMute (34 ms)
[----------] 2 tests from SetMuteTest (42 ms total)

[----------] 1 test from ShutdownTest
[ RUN      ] ShutdownTest.shouldShutdown
[       OK ] ShutdownTest.shouldShutdown (4 ms)
[----------] 1 test from ShutdownTest (4 ms total)

[----------] 1 test from StopTest
[ RUN      ] StopTest.shouldStop
[       OK ] StopTest.shouldStop (8 ms)
[----------] 1 test from StopTest (8 ms total)

[----------] 5 tests from UnderflowTest
[ RUN      ] UnderflowTest.shouldNotReportUnderflowWhenItIsDisabled
[       OK ] UnderflowTest.shouldNotReportUnderflowWhenItIsDisabled (5 ms)
[ RUN      ] UnderflowTest.shouldNotReportUnderflowWhenItIsAlreadyActive
[       OK ] UnderflowTest.shouldNotReportUnderflowWhenItIsAlreadyActive (2 ms)
[ RUN      ] UnderflowTest.shouldReportUnderflow
[       OK ] UnderflowTest.shouldReportUnderflow (4 ms)
[ RUN      ] UnderflowTest.shouldNotReportEosWhenEosAlreadyNotified

(RialtoServerGstPlayerUnitTests:7139): GLib-GObject-WARNING **: 09:00:39.373: invalid unclassed pointer in cast to 'GstElement'
0000003176.563803 WRN: SRV: < T:7139 M:Underflow.cpp F:execute L:56 > Received underflow, but all streams are ended, so reporting EOS.
[       OK ] UnderflowTest.shouldNotReportEosWhenEosAlreadyNotified (4 ms)
[ RUN      ] UnderflowTest.shouldReportEos

(RialtoServerGstPlayerUnitTests:7139): GLib-GObject-WARNING **: 09:00:39.377: invalid unclassed pointer in cast to 'GstElement'
0000003176.568960 WRN: SRV: < T:7139 M:Underflow.cpp F:execute L:56 > Received underflow, but all streams are ended, so reporting EOS.
[       OK ] UnderflowTest.shouldReportEos (6 ms)
[----------] 5 tests from UnderflowTest (23 ms total)

[----------] 6 tests from UpdatePlaybackGroupTest
[ RUN      ] UpdatePlaybackGroupTest.shouldDoNothingWhenCapsAreNull
[       OK ] UpdatePlaybackGroupTest.shouldDoNothingWhenCapsAreNull (11 ms)
[ RUN      ] UpdatePlaybackGroupTest.shouldDoNothingWhenCapsStrIsNull
[       OK ] UpdatePlaybackGroupTest.shouldDoNothingWhenCapsStrIsNull (25 ms)
[ RUN      ] UpdatePlaybackGroupTest.shouldDoNothingForVideoCaps
[       OK ] UpdatePlaybackGroupTest.shouldDoNothingForVideoCaps (18 ms)
[ RUN      ] UpdatePlaybackGroupTest.shouldDoNothingWhenTypefindParentIsNull
[       OK ] UpdatePlaybackGroupTest.shouldDoNothingWhenTypefindParentIsNull (33 ms)
[ RUN      ] UpdatePlaybackGroupTest.shouldDoNothingWhenElementOtherThanDecodebin

(RialtoServerGstPlayerUnitTests:7139): GLib-GObject-WARNING **: 09:00:39.480: invalid unclassed pointer in cast to 'GstObject'
[       OK ] UpdatePlaybackGroupTest.shouldDoNothingWhenElementOtherThanDecodebin (31 ms)
[ RUN      ] UpdatePlaybackGroupTest.shouldSuccessfullyFindTypefindAndParent

(RialtoServerGstPlayerUnitTests:7139): GLib-GObject-WARNING **: 09:00:39.512: invalid unclassed pointer in cast to 'GstObject'
[       OK ] UpdatePlaybackGroupTest.shouldSuccessfullyFindTypefindAndParent (35 ms)
[----------] 6 tests from UpdatePlaybackGroupTest (157 ms total)

[----------] 12 tests from RialtoServerCreateGstGenericPlayerTest
[ RUN      ] RialtoServerCreateGstGenericPlayerTest.CreateDestroyPrimaryVideoSuccess

(RialtoServerGstPlayerUnitTests:7139): GLib-GObject-WARNING **: 09:00:39.806: invalid unclassed pointer in cast to 'GstBin'

(RialtoServerGstPlayerUnitTests:7139): GLib-GObject-WARNING **: 09:00:40.117: invalid unclassed pointer in cast to 'GstBin'

(RialtoServerGstPlayerUnitTests:7139): GLib-GObject-WARNING **: 09:00:40.138: invalid unclassed pointer in cast to 'GObject'

(RialtoServerGstPlayerUnitTests:7139): GLib-GObject-WARNING **: 09:00:40.278: invalid unclassed pointer in cast to 'GstPipeline'

(RialtoServerGstPlayerUnitTests:7139): GLib-GObject-WARNING **: 09:00:40.414: invalid unclassed pointer in cast to 'GstPipeline'
[       OK ] RialtoServerCreateGstGenericPlayerTest.CreateDestroyPrimaryVideoSuccess (1066 ms)
[ RUN      ] RialtoServerCreateGstGenericPlayerTest.CreateDestroySecondaryVideoMinWidthSuccess

(RialtoServerGstPlayerUnitTests:7139): GLib-GObject-WARNING **: 09:00:40.668: invalid unclassed pointer in cast to 'GstBin'

(RialtoServerGstPlayerUnitTests:7139): GLib-GObject-WARNING **: 09:00:40.681: invalid unclassed pointer in cast to 'GstBin'

(RialtoServerGstPlayerUnitTests:7139): GLib-GObject-WARNING **: 09:00:40.681: invalid unclassed pointer in cast to 'GObject'

(RialtoServerGstPlayerUnitTests:7139): GLib-GObject-WARNING **: 09:00:40.708: invalid unclassed pointer in cast to 'GstObject'

(RialtoServerGstPlayerUnitTests:7139): GLib-GObject-WARNING **: 09:00:40.713: invalid unclassed pointer in cast to 'GstPipeline'

(RialtoServerGstPlayerUnitTests:7139): GLib-GObject-WARNING **: 09:00:40.719: invalid unclassed pointer in cast to 'GstPipeline'
[       OK ] RialtoServerCreateGstGenericPlayerTest.CreateDestroySecondaryVideoMinWidthSuccess (138 ms)
[ RUN      ] RialtoServerCreateGstGenericPlayerTest.CreateDestroySecondaryVideoMinHeightSuccess

(RialtoServerGstPlayerUnitTests:7139): GLib-GObject-WARNING **: 09:00:40.761: invalid unclassed pointer in cast to 'GstBin'

(RialtoServerGstPlayerUnitTests:7139): GLib-GObject-WARNING **: 09:00:40.773: invalid unclassed pointer in cast to 'GstBin'

(RialtoServerGstPlayerUnitTests:7139): GLib-GObject-WARNING **: 09:00:40.774: invalid unclassed pointer in cast to 'GObject'

(RialtoServerGstPlayerUnitTests:7139): GLib-GObject-WARNING **: 09:00:40.777: invalid unclassed pointer in cast to 'GstObject'

(RialtoServerGstPlayerUnitTests:7139): GLib-GObject-WARNING **: 09:00:40.781: invalid unclassed pointer in cast to 'GstPipeline'

(RialtoServerGstPlayerUnitTests:7139): GLib-GObject-WARNING **: 09:00:40.786: invalid unclassed pointer in cast to 'GstPipeline'
[       OK ] RialtoServerCreateGstGenericPlayerTest.CreateDestroySecondaryVideoMinHeightSuccess (55 ms)
[ RUN      ] RialtoServerCreateGstGenericPlayerTest.CreateDestroySecondaryVideoNoWesterousSuccess

(RialtoServerGstPlayerUnitTests:7139): GLib-GObject-WARNING **: 09:00:40.816: invalid unclassed pointer in cast to 'GstBin'

(RialtoServerGstPlayerUnitTests:7139): GLib-GObject-WARNING **: 09:00:40.828: invalid unclassed pointer in cast to 'GstBin'

(RialtoServerGstPlayerUnitTests:7139): GLib-GObject-WARNING **: 09:00:40.828: invalid unclassed pointer in cast to 'GObject'

(RialtoServerGstPlayerUnitTests:7139): GLib-GObject-WARNING **: 09:00:40.834: invalid unclassed pointer in cast to 'GstPipeline'

(RialtoServerGstPlayerUnitTests:7139): GLib-GObject-WARNING **: 09:00:40.839: invalid unclassed pointer in cast to 'GstPipeline'
[       OK ] RialtoServerCreateGstGenericPlayerTest.CreateDestroySecondaryVideoNoWesterousSuccess (51 ms)
[ RUN      ] RialtoServerCreateGstGenericPlayerTest.CreateWesterossinkFailureForSecondaryVideo

(RialtoServerGstPlayerUnitTests:7139): GLib-GObject-WARNING **: 09:00:40.866: invalid unclassed pointer in cast to 'GstBin'

(RialtoServerGstPlayerUnitTests:7139): GLib-GObject-WARNING **: 09:00:40.877: invalid unclassed pointer in cast to 'GstPipeline'

(RialtoServerGstPlayerUnitTests:7139): GLib-GObject-WARNING **: 09:00:40.904: invalid unclassed pointer in cast to 'GstBin'

(RialtoServerGstPlayerUnitTests:7139): GLib-GObject-WARNING **: 09:00:40.905: invalid unclassed pointer in cast to 'GObject'
0000003178.098685 ERR: SRV: < T:7139 M:GstGenericPlayer.cpp F:setWesterossinkSecondaryVideo L:787 > Failed to create the westerossink

(RialtoServerGstPlayerUnitTests:7139): GLib-GObject-WARNING **: 09:00:40.909: invalid unclassed pointer in cast to 'GstObject'

(RialtoServerGstPlayerUnitTests:7139): GLib-GObject-WARNING **: 09:00:40.913: invalid unclassed pointer in cast to 'GstPipeline'
[       OK ] RialtoServerCreateGstGenericPlayerTest.CreateWesterossinkFailureForSecondaryVideo (112 ms)
[ RUN      ] RialtoServerCreateGstGenericPlayerTest.SetResUsageFailureForSecondaryVideo

(RialtoServerGstPlayerUnitTests:7139): GLib-GObject-WARNING **: 09:00:40.978: invalid unclassed pointer in cast to 'GstBin'

(RialtoServerGstPlayerUnitTests:7139): GLib-GObject-WARNING **: 09:00:40.985: invalid unclassed pointer in cast to 'GstPipeline'

(RialtoServerGstPlayerUnitTests:7139): GLib-GObject-WARNING **: 09:00:41.005: invalid unclassed pointer in cast to 'GstBin'

(RialtoServerGstPlayerUnitTests:7139): GLib-GObject-WARNING **: 09:00:41.005: invalid unclassed pointer in cast to 'GObject'
0000003178.197298 ERR: SRV: < T:7139 M:GstGenericPlayer.cpp F:setWesterossinkSecondaryVideo L:781 > Failed to set the westerossink res-usage

(RialtoServerGstPlayerUnitTests:7139): GLib-GObject-WARNING **: 09:00:41.008: invalid unclassed pointer in cast to 'GstObject'

(RialtoServerGstPlayerUnitTests:7139): GLib-GObject-WARNING **: 09:00:41.009: invalid unclassed pointer in cast to 'GstObject'

(RialtoServerGstPlayerUnitTests:7139): GLib-GObject-WARNING **: 09:00:41.012: invalid unclassed pointer in cast to 'GstPipeline'
[       OK ] RialtoServerCreateGstGenericPlayerTest.SetResUsageFailureForSecondaryVideo (62 ms)
[ RUN      ] RialtoServerCreateGstGenericPlayerTest.GstSrcFactoryNull
[       OK ] RialtoServerCreateGstGenericPlayerTest.GstSrcFactoryNull (16 ms)
[ RUN      ] RialtoServerCreateGstGenericPlayerTest.TimerFactoryFails
[       OK ] RialtoServerCreateGstGenericPlayerTest.TimerFactoryFails (17 ms)
[ RUN      ] RialtoServerCreateGstGenericPlayerTest.GstSrcFactoryFails
[       OK ] RialtoServerCreateGstGenericPlayerTest.GstSrcFactoryFails (29 ms)
[ RUN      ] RialtoServerCreateGstGenericPlayerTest.UnknownMediaType
[       OK ] RialtoServerCreateGstGenericPlayerTest.UnknownMediaType (29 ms)
[ RUN      ] RialtoServerCreateGstGenericPlayerTest.PlaysinkNotFound

(RialtoServerGstPlayerUnitTests:7139): GLib-GObject-WARNING **: 09:00:41.162: invalid unclassed pointer in cast to 'GstBin'

(RialtoServerGstPlayerUnitTests:7139): GLib-GObject-WARNING **: 09:00:41.170: invalid unclassed pointer in cast to 'GstPipeline'

(RialtoServerGstPlayerUnitTests:7139): GLib-GObject-WARNING **: 09:00:41.176: invalid unclassed pointer in cast to 'GstPipeline'
[       OK ] RialtoServerCreateGstGenericPlayerTest.PlaysinkNotFound (69 ms)
[ RUN      ] RialtoServerCreateGstGenericPlayerTest.SetNativeAudioForBrcmAudioSink

(RialtoServerGstPlayerUnitTests:7139): GLib-GObject-WARNING **: 09:00:41.222: invalid unclassed pointer in cast to 'GstBin'

(RialtoServerGstPlayerUnitTests:7139): GLib-GObject-WARNING **: 09:00:41.237: invalid unclassed pointer in cast to 'GstObject'

(RialtoServerGstPlayerUnitTests:7139): GLib-GObject-WARNING **: 09:00:41.241: invalid unclassed pointer in cast to 'GstBin'

(RialtoServerGstPlayerUnitTests:7139): GLib-GObject-WARNING **: 09:00:41.242: invalid unclassed pointer in cast to 'GObject'

(RialtoServerGstPlayerUnitTests:7139): GLib-GObject-WARNING **: 09:00:41.249: invalid unclassed pointer in cast to 'GstPipeline'

(RialtoServerGstPlayerUnitTests:7139): GLib-GObject-WARNING **: 09:00:41.258: invalid unclassed pointer in cast to 'GstPipeline'
[       OK ] RialtoServerCreateGstGenericPlayerTest.SetNativeAudioForBrcmAudioSink (90 ms)
[----------] 12 tests from RialtoServerCreateGstGenericPlayerTest (1744 ms total)

[----------] 53 tests from GstGenericPlayerPrivateTest
[ RUN      ] GstGenericPlayerPrivateTest.shouldScheduleNeedData

(RialtoServerGstPlayerUnitTests:7139): GLib-GObject-WARNING **: 09:00:41.299: invalid unclassed pointer in cast to 'GstBin'

(RialtoServerGstPlayerUnitTests:7139): GLib-GObject-WARNING **: 09:00:41.314: invalid unclassed pointer in cast to 'GstBin'

(RialtoServerGstPlayerUnitTests:7139): GLib-GObject-WARNING **: 09:00:41.315: invalid unclassed pointer in cast to 'GObject'

(RialtoServerGstPlayerUnitTests:7139): GLib-GObject-WARNING **: 09:00:41.380: invalid unclassed pointer in cast to 'GstPipeline'

(RialtoServerGstPlayerUnitTests:7139): GLib-GObject-WARNING **: 09:00:41.386: invalid unclassed pointer in cast to 'GstPipeline'
[       OK ] GstGenericPlayerPrivateTest.shouldScheduleNeedData (124 ms)
[ RUN      ] GstGenericPlayerPrivateTest.shouldScheduleEnoughDataData

(RialtoServerGstPlayerUnitTests:7139): GLib-GObject-WARNING **: 09:00:41.421: invalid unclassed pointer in cast to 'GstBin'

(RialtoServerGstPlayerUnitTests:7139): GLib-GObject-WARNING **: 09:00:41.434: invalid unclassed pointer in cast to 'GstBin'

(RialtoServerGstPlayerUnitTests:7139): GLib-GObject-WARNING **: 09:00:41.435: invalid unclassed pointer in cast to 'GObject'

(RialtoServerGstPlayerUnitTests:7139): GLib-GObject-WARNING **: 09:00:41.449: invalid unclassed pointer in cast to 'GstPipeline'

(RialtoServerGstPlayerUnitTests:7139): GLib-GObject-WARNING **: 09:00:41.454: invalid unclassed pointer in cast to 'GstPipeline'
[       OK ] GstGenericPlayerPrivateTest.shouldScheduleEnoughDataData (60 ms)
[ RUN      ] GstGenericPlayerPrivateTest.shouldScheduleAudioUnderflowWithUnderflowEnabled

(RialtoServerGstPlayerUnitTests:7139): GLib-GObject-WARNING **: 09:00:41.482: invalid unclassed pointer in cast to 'GstBin'

(RialtoServerGstPlayerUnitTests:7139): GLib-GObject-WARNING **: 09:00:41.494: invalid unclassed pointer in cast to 'GstBin'

(RialtoServerGstPlayerUnitTests:7139): GLib-GObject-WARNING **: 09:00:41.495: invalid unclassed pointer in cast to 'GObject'

(RialtoServerGstPlayerUnitTests:7139): GLib-GObject-WARNING **: 09:00:41.596: invalid unclassed pointer in cast to 'GstPipeline'

(RialtoServerGstPlayerUnitTests:7139): GLib-GObject-WARNING **: 09:00:41.601: invalid unclassed pointer in cast to 'GstPipeline'
[       OK ] GstGenericPlayerPrivateTest.shouldScheduleAudioUnderflowWithUnderflowEnabled (157 ms)
[ RUN      ] GstGenericPlayerPrivateTest.shouldScheduleAudioUnderflowWithUnderflowDisabledNotPlaying

(RialtoServerGstPlayerUnitTests:7139): GLib-GObject-WARNING **: 09:00:41.640: invalid unclassed pointer in cast to 'GstBin'

(RialtoServerGstPlayerUnitTests:7139): GLib-GObject-WARNING **: 09:00:41.652: invalid unclassed pointer in cast to 'GstBin'

(RialtoServerGstPlayerUnitTests:7139): GLib-GObject-WARNING **: 09:00:41.653: invalid unclassed pointer in cast to 'GObject'

(RialtoServerGstPlayerUnitTests:7139): GLib-GObject-WARNING **: 09:00:41.671: invalid unclassed pointer in cast to 'GstPipeline'

(RialtoServerGstPlayerUnitTests:7139): GLib-GObject-WARNING **: 09:00:41.676: invalid unclassed pointer in cast to 'GstPipeline'
[       OK ] GstGenericPlayerPrivateTest.shouldScheduleAudioUnderflowWithUnderflowDisabledNotPlaying (63 ms)
[ RUN      ] GstGenericPlayerPrivateTest.shouldScheduleAudioUnderflowWithUnderflowDisabledRemoveSource

(RialtoServerGstPlayerUnitTests:7139): GLib-GObject-WARNING **: 09:00:41.704: invalid unclassed pointer in cast to 'GstBin'

(RialtoServerGstPlayerUnitTests:7139): GLib-GObject-WARNING **: 09:00:41.716: invalid unclassed pointer in cast to 'GstBin'

(RialtoServerGstPlayerUnitTests:7139): GLib-GObject-WARNING **: 09:00:41.717: invalid unclassed pointer in cast to 'GObject'

(RialtoServerGstPlayerUnitTests:7139): GLib-GObject-WARNING **: 09:00:41.734: invalid unclassed pointer in cast to 'GstPipeline'

(RialtoServerGstPlayerUnitTests:7139): GLib-GObject-WARNING **: 09:00:41.739: invalid unclassed pointer in cast to 'GstPipeline'
[       OK ] GstGenericPlayerPrivateTest.shouldScheduleAudioUnderflowWithUnderflowDisabledRemoveSource (63 ms)
[ RUN      ] GstGenericPlayerPrivateTest.shouldScheduleVideoUnderflowWithUnderflowEnabled

(RialtoServerGstPlayerUnitTests:7139): GLib-GObject-WARNING **: 09:00:41.767: invalid unclassed pointer in cast to 'GstBin'

(RialtoServerGstPlayerUnitTests:7139): GLib-GObject-WARNING **: 09:00:41.779: invalid unclassed pointer in cast to 'GstBin'

(RialtoServerGstPlayerUnitTests:7139): GLib-GObject-WARNING **: 09:00:41.780: invalid unclassed pointer in cast to 'GObject'

(RialtoServerGstPlayerUnitTests:7139): GLib-GObject-WARNING **: 09:00:41.797: invalid unclassed pointer in cast to 'GstPipeline'

(RialtoServerGstPlayerUnitTests:7139): GLib-GObject-WARNING **: 09:00:41.802: invalid unclassed pointer in cast to 'GstPipeline'
[       OK ] GstGenericPlayerPrivateTest.shouldScheduleVideoUnderflowWithUnderflowEnabled (61 ms)
[ RUN      ] GstGenericPlayerPrivateTest.shouldScheduleVideoUnderflowWithUnderflowDisabled

(RialtoServerGstPlayerUnitTests:7139): GLib-GObject-WARNING **: 09:00:41.829: invalid unclassed pointer in cast to 'GstBin'

(RialtoServerGstPlayerUnitTests:7139): GLib-GObject-WARNING **: 09:00:41.841: invalid unclassed pointer in cast to 'GstBin'

(RialtoServerGstPlayerUnitTests:7139): GLib-GObject-WARNING **: 09:00:41.842: invalid unclassed pointer in cast to 'GObject'

(RialtoServerGstPlayerUnitTests:7139): GLib-GObject-WARNING **: 09:00:41.859: invalid unclassed pointer in cast to 'GstPipeline'

(RialtoServerGstPlayerUnitTests:7139): GLib-GObject-WARNING **: 09:00:41.864: invalid unclassed pointer in cast to 'GstPipeline'
[       OK ] GstGenericPlayerPrivateTest.shouldScheduleVideoUnderflowWithUnderflowDisabled (62 ms)
[ RUN      ] GstGenericPlayerPrivateTest.shouldNotSetVideoRectangleWhenVideoSinkIsNull

(RialtoServerGstPlayerUnitTests:7139): GLib-GObject-WARNING **: 09:00:41.891: invalid unclassed pointer in cast to 'GstBin'

(RialtoServerGstPlayerUnitTests:7139): GLib-GObject-WARNING **: 09:00:41.903: invalid unclassed pointer in cast to 'GstBin'

(RialtoServerGstPlayerUnitTests:7139): GLib-GObject-WARNING **: 09:00:41.904: invalid unclassed pointer in cast to 'GObject'
0000003179.099118 ERR: SRV: < T:7139 M:GstGenericPlayer.cpp F:setWesterossinkRectangle L:755 > Failed to set the westerossink rectangle

(RialtoServerGstPlayerUnitTests:7139): GLib-GObject-WARNING **: 09:00:41.913: invalid unclassed pointer in cast to 'GstPipeline'

(RialtoServerGstPlayerUnitTests:7139): GLib-GObject-WARNING **: 09:00:41.918: invalid unclassed pointer in cast to 'GstPipeline'
[       OK ] GstGenericPlayerPrivateTest.shouldNotSetVideoRectangleWhenVideoSinkIsNull (53 ms)
[ RUN      ] GstGenericPlayerPrivateTest.shouldNotSetVideoRectangleWhenVideoSinkDoesNotHaveRectangleProperty

(RialtoServerGstPlayerUnitTests:7139): GLib-GObject-WARNING **: 09:00:41.945: invalid unclassed pointer in cast to 'GstBin'

(RialtoServerGstPlayerUnitTests:7139): GLib-GObject-WARNING **: 09:00:41.957: invalid unclassed pointer in cast to 'GstBin'

(RialtoServerGstPlayerUnitTests:7139): GLib-GObject-WARNING **: 09:00:41.958: invalid unclassed pointer in cast to 'GObject'
0000003179.167138 ERR: SRV: < T:7139 M:GstGenericPlayer.cpp F:setWesterossinkRectangle L:755 > Failed to set the westerossink rectangle

(RialtoServerGstPlayerUnitTests:7139): GLib-GObject-WARNING **: 09:00:41.978: invalid unclassed pointer in cast to 'GstObject'

(RialtoServerGstPlayerUnitTests:7139): GLib-GObject-WARNING **: 09:00:41.982: invalid unclassed pointer in cast to 'GstPipeline'

(RialtoServerGstPlayerUnitTests:7139): GLib-GObject-WARNING **: 09:00:41.987: invalid unclassed pointer in cast to 'GstPipeline'
[       OK ] GstGenericPlayerPrivateTest.shouldNotSetVideoRectangleWhenVideoSinkDoesNotHaveRectangleProperty (74 ms)
[ RUN      ] GstGenericPlayerPrivateTest.shouldSetVideoRectangle

(RialtoServerGstPlayerUnitTests:7139): GLib-GObject-WARNING **: 09:00:42.020: invalid unclassed pointer in cast to 'GstBin'

(RialtoServerGstPlayerUnitTests:7139): GLib-GObject-WARNING **: 09:00:42.032: invalid unclassed pointer in cast to 'GstBin'

(RialtoServerGstPlayerUnitTests:7139): GLib-GObject-WARNING **: 09:00:42.033: invalid unclassed pointer in cast to 'GObject'

(RialtoServerGstPlayerUnitTests:7139): GLib-GObject-WARNING **: 09:00:42.055: invalid unclassed pointer in cast to 'GstObject'

(RialtoServerGstPlayerUnitTests:7139): GLib-GObject-WARNING **: 09:00:42.060: invalid unclassed pointer in cast to 'GstPipeline'

(RialtoServerGstPlayerUnitTests:7139): GLib-GObject-WARNING **: 09:00:42.065: invalid unclassed pointer in cast to 'GstPipeline'
[       OK ] GstGenericPlayerPrivateTest.shouldSetVideoRectangle (73 ms)
[ RUN      ] GstGenericPlayerPrivateTest.shouldNotifyNeedAudioData

(RialtoServerGstPlayerUnitTests:7139): GLib-GObject-WARNING **: 09:00:42.094: invalid unclassed pointer in cast to 'GstBin'

(RialtoServerGstPlayerUnitTests:7139): GLib-GObject-WARNING **: 09:00:42.106: invalid unclassed pointer in cast to 'GstBin'

(RialtoServerGstPlayerUnitTests:7139): GLib-GObject-WARNING **: 09:00:42.107: invalid unclassed pointer in cast to 'GObject'

(RialtoServerGstPlayerUnitTests:7139): GLib-GObject-WARNING **: 09:00:42.120: invalid unclassed pointer in cast to 'GstPipeline'

(RialtoServerGstPlayerUnitTests:7139): GLib-GObject-WARNING **: 09:00:42.125: invalid unclassed pointer in cast to 'GstPipeline'
[       OK ] GstGenericPlayerPrivateTest.shouldNotifyNeedAudioData (59 ms)
[ RUN      ] GstGenericPlayerPrivateTest.shouldNotifyNeedVideoData

(RialtoServerGstPlayerUnitTests:7139): GLib-GObject-WARNING **: 09:00:42.154: invalid unclassed pointer in cast to 'GstBin'

(RialtoServerGstPlayerUnitTests:7139): GLib-GObject-WARNING **: 09:00:42.165: invalid unclassed pointer in cast to 'GstBin'

(RialtoServerGstPlayerUnitTests:7139): GLib-GObject-WARNING **: 09:00:42.166: invalid unclassed pointer in cast to 'GObject'

(RialtoServerGstPlayerUnitTests:7139): GLib-GObject-WARNING **: 09:00:42.179: invalid unclassed pointer in cast to 'GstPipeline'

(RialtoServerGstPlayerUnitTests:7139): GLib-GObject-WARNING **: 09:00:42.184: invalid unclassed pointer in cast to 'GstPipeline'
[       OK ] GstGenericPlayerPrivateTest.shouldNotifyNeedVideoData (58 ms)
[ RUN      ] GstGenericPlayerPrivateTest.shouldNotNotifyNeedAudioDataWhenNotNeeded

(RialtoServerGstPlayerUnitTests:7139): GLib-GObject-WARNING **: 09:00:42.213: invalid unclassed pointer in cast to 'GstBin'

(RialtoServerGstPlayerUnitTests:7139): GLib-GObject-WARNING **: 09:00:42.224: invalid unclassed pointer in cast to 'GstBin'

(RialtoServerGstPlayerUnitTests:7139): GLib-GObject-WARNING **: 09:00:42.225: invalid unclassed pointer in cast to 'GObject'

(RialtoServerGstPlayerUnitTests:7139): GLib-GObject-WARNING **: 09:00:42.230: invalid unclassed pointer in cast to 'GstPipeline'

(RialtoServerGstPlayerUnitTests:7139): GLib-GObject-WARNING **: 09:00:42.235: invalid unclassed pointer in cast to 'GstPipeline'
[       OK ] GstGenericPlayerPrivateTest.shouldNotNotifyNeedAudioDataWhenNotNeeded (48 ms)
[ RUN      ] GstGenericPlayerPrivateTest.shouldNotNotifyNeedVideoDataWhenNotNeeded

(RialtoServerGstPlayerUnitTests:7139): GLib-GObject-WARNING **: 09:00:42.261: invalid unclassed pointer in cast to 'GstBin'

(RialtoServerGstPlayerUnitTests:7139): GLib-GObject-WARNING **: 09:00:42.273: invalid unclassed pointer in cast to 'GstBin'

(RialtoServerGstPlayerUnitTests:7139): GLib-GObject-WARNING **: 09:00:42.273: invalid unclassed pointer in cast to 'GObject'

(RialtoServerGstPlayerUnitTests:7139): GLib-GObject-WARNING **: 09:00:42.279: invalid unclassed pointer in cast to 'GstPipeline'

(RialtoServerGstPlayerUnitTests:7139): GLib-GObject-WARNING **: 09:00:42.284: invalid unclassed pointer in cast to 'GstPipeline'
[       OK ] GstGenericPlayerPrivateTest.shouldNotNotifyNeedVideoDataWhenNotNeeded (49 ms)
[ RUN      ] GstGenericPlayerPrivateTest.shouldCreateClearGstBuffer

(RialtoServerGstPlayerUnitTests:7139): GLib-GObject-WARNING **: 09:00:42.310: invalid unclassed pointer in cast to 'GstBin'

(RialtoServerGstPlayerUnitTests:7139): GLib-GObject-WARNING **: 09:00:42.322: invalid unclassed pointer in cast to 'GstBin'

(RialtoServerGstPlayerUnitTests:7139): GLib-GObject-WARNING **: 09:00:42.323: invalid unclassed pointer in cast to 'GObject'

(RialtoServerGstPlayerUnitTests:7139): GLib-GObject-WARNING **: 09:00:42.435: invalid unclassed pointer in cast to 'GstPipeline'

(RialtoServerGstPlayerUnitTests:7139): GLib-GObject-WARNING **: 09:00:42.440: invalid unclassed pointer in cast to 'GstPipeline'
[       OK ] GstGenericPlayerPrivateTest.shouldCreateClearGstBuffer (167 ms)
[ RUN      ] GstGenericPlayerPrivateTest.shouldCreateCENSEncryptedGstBuffer

(RialtoServerGstPlayerUnitTests:7139): GLib-GObject-WARNING **: 09:00:42.479: invalid unclassed pointer in cast to 'GstBin'

(RialtoServerGstPlayerUnitTests:7139): GLib-GObject-WARNING **: 09:00:42.491: invalid unclassed pointer in cast to 'GstBin'

(RialtoServerGstPlayerUnitTests:7139): GLib-GObject-WARNING **: 09:00:42.492: invalid unclassed pointer in cast to 'GObject'

(RialtoServerGstPlayerUnitTests:7139): GLib-GObject-WARNING **: 09:00:42.737: invalid unclassed pointer in cast to 'GstPipeline'

(RialtoServerGstPlayerUnitTests:7139): GLib-GObject-WARNING **: 09:00:42.742: invalid unclassed pointer in cast to 'GstPipeline'
[       OK ] GstGenericPlayerPrivateTest.shouldCreateCENSEncryptedGstBuffer (314 ms)
[ RUN      ] GstGenericPlayerPrivateTest.shouldCreateCENCEncryptedGstBuffer

(RialtoServerGstPlayerUnitTests:7139): GLib-GObject-WARNING **: 09:00:42.793: invalid unclassed pointer in cast to 'GstBin'

(RialtoServerGstPlayerUnitTests:7139): GLib-GObject-WARNING **: 09:00:42.805: invalid unclassed pointer in cast to 'GstBin'

(RialtoServerGstPlayerUnitTests:7139): GLib-GObject-WARNING **: 09:00:42.806: invalid unclassed pointer in cast to 'GObject'

(RialtoServerGstPlayerUnitTests:7139): GLib-GObject-WARNING **: 09:00:42.847: invalid unclassed pointer in cast to 'GstPipeline'

(RialtoServerGstPlayerUnitTests:7139): GLib-GObject-WARNING **: 09:00:42.852: invalid unclassed pointer in cast to 'GstPipeline'
[       OK ] GstGenericPlayerPrivateTest.shouldCreateCENCEncryptedGstBuffer (85 ms)
[ RUN      ] GstGenericPlayerPrivateTest.shouldFailToAddProtectionMetadata

(RialtoServerGstPlayerUnitTests:7139): GLib-GObject-WARNING **: 09:00:42.879: invalid unclassed pointer in cast to 'GstBin'

(RialtoServerGstPlayerUnitTests:7139): GLib-GObject-WARNING **: 09:00:42.891: invalid unclassed pointer in cast to 'GstBin'

(RialtoServerGstPlayerUnitTests:7139): GLib-GObject-WARNING **: 09:00:42.892: invalid unclassed pointer in cast to 'GObject'
0000003180.135024 ERR: SRV: < T:7139 M:GstGenericPlayer.cpp F:createBuffer L:428 > Failed to add protection metadata

(RialtoServerGstPlayerUnitTests:7139): GLib-GObject-WARNING **: 09:00:42.951: invalid unclassed pointer in cast to 'GstPipeline'

(RialtoServerGstPlayerUnitTests:7139): GLib-GObject-WARNING **: 09:00:42.956: invalid unclassed pointer in cast to 'GstPipeline'
[       OK ] GstGenericPlayerPrivateTest.shouldFailToAddProtectionMetadata (107 ms)
[ RUN      ] GstGenericPlayerPrivateTest.shouldNotAttachAudioDataWhenBuffersAreEmpty

(RialtoServerGstPlayerUnitTests:7139): GLib-GObject-WARNING **: 09:00:42.987: invalid unclassed pointer in cast to 'GstBin'

(RialtoServerGstPlayerUnitTests:7139): GLib-GObject-WARNING **: 09:00:42.999: invalid unclassed pointer in cast to 'GstBin'

(RialtoServerGstPlayerUnitTests:7139): GLib-GObject-WARNING **: 09:00:42.999: invalid unclassed pointer in cast to 'GObject'

(RialtoServerGstPlayerUnitTests:7139): GLib-GObject-WARNING **: 09:00:43.005: invalid unclassed pointer in cast to 'GstPipeline'

(RialtoServerGstPlayerUnitTests:7139): GLib-GObject-WARNING **: 09:00:43.010: invalid unclassed pointer in cast to 'GstPipeline'
[       OK ] GstGenericPlayerPrivateTest.shouldNotAttachAudioDataWhenBuffersAreEmpty (47 ms)
[ RUN      ] GstGenericPlayerPrivateTest.shouldNotAttachAudioDataWhenItIsNotNeeded

(RialtoServerGstPlayerUnitTests:7139): GLib-GObject-WARNING **: 09:00:43.035: invalid unclassed pointer in cast to 'GstBin'

(RialtoServerGstPlayerUnitTests:7139): GLib-GObject-WARNING **: 09:00:43.047: invalid unclassed pointer in cast to 'GstBin'

(RialtoServerGstPlayerUnitTests:7139): GLib-GObject-WARNING **: 09:00:43.047: invalid unclassed pointer in cast to 'GObject'

(RialtoServerGstPlayerUnitTests:7139): GLib-GObject-WARNING **: 09:00:43.060: invalid unclassed pointer in cast to 'GstPipeline'

(RialtoServerGstPlayerUnitTests:7139): GLib-GObject-WARNING **: 09:00:43.066: invalid unclassed pointer in cast to 'GstPipeline'
[       OK ] GstGenericPlayerPrivateTest.shouldNotAttachAudioDataWhenItIsNotNeeded (56 ms)
[ RUN      ] GstGenericPlayerPrivateTest.shouldNotAttachAudioWhenSourceIsNotPresent

(RialtoServerGstPlayerUnitTests:7139): GLib-GObject-WARNING **: 09:00:43.092: invalid unclassed pointer in cast to 'GstBin'

(RialtoServerGstPlayerUnitTests:7139): GLib-GObject-WARNING **: 09:00:43.104: invalid unclassed pointer in cast to 'GstBin'

(RialtoServerGstPlayerUnitTests:7139): GLib-GObject-WARNING **: 09:00:43.104: invalid unclassed pointer in cast to 'GObject'

(RialtoServerGstPlayerUnitTests:7139): GLib-GObject-WARNING **: 09:00:43.117: invalid unclassed pointer in cast to 'GstPipeline'

(RialtoServerGstPlayerUnitTests:7139): GLib-GObject-WARNING **: 09:00:43.122: invalid unclassed pointer in cast to 'GstPipeline'
[       OK ] GstGenericPlayerPrivateTest.shouldNotAttachAudioWhenSourceIsNotPresent (56 ms)
[ RUN      ] GstGenericPlayerPrivateTest.shouldAttachAudioData

(RialtoServerGstPlayerUnitTests:7139): GLib-GObject-WARNING **: 09:00:43.149: invalid unclassed pointer in cast to 'GstBin'

(RialtoServerGstPlayerUnitTests:7139): GLib-GObject-WARNING **: 09:00:43.161: invalid unclassed pointer in cast to 'GstBin'

(RialtoServerGstPlayerUnitTests:7139): GLib-GObject-WARNING **: 09:00:43.161: invalid unclassed pointer in cast to 'GObject'

(RialtoServerGstPlayerUnitTests:7139): GLib-GObject-WARNING **: 09:00:43.172: invalid unclassed pointer in cast to 'GstElement'

(RialtoServerGstPlayerUnitTests:7139): GLib-GObject-WARNING **: 09:00:43.211: invalid unclassed pointer in cast to 'GstAppSrc'

(RialtoServerGstPlayerUnitTests:7139): GLib-GObject-WARNING **: 09:00:43.228: invalid unclassed pointer in cast to 'GstPipeline'

(RialtoServerGstPlayerUnitTests:7139): GLib-GObject-WARNING **: 09:00:43.233: invalid unclassed pointer in cast to 'GstPipeline'
[       OK ] GstGenericPlayerPrivateTest.shouldAttachAudioData (113 ms)
[ RUN      ] GstGenericPlayerPrivateTest.shouldCancelAudioUnderflowAndResume

(RialtoServerGstPlayerUnitTests:7139): GLib-GObject-WARNING **: 09:00:43.262: invalid unclassed pointer in cast to 'GstBin'

(RialtoServerGstPlayerUnitTests:7139): GLib-GObject-WARNING **: 09:00:43.274: invalid unclassed pointer in cast to 'GstBin'

(RialtoServerGstPlayerUnitTests:7139): GLib-GObject-WARNING **: 09:00:43.274: invalid unclassed pointer in cast to 'GObject'

(RialtoServerGstPlayerUnitTests:7139): GLib-GObject-WARNING **: 09:00:43.281: invalid unclassed pointer in cast to 'GstElement'

(RialtoServerGstPlayerUnitTests:7139): GLib-GObject-WARNING **: 09:00:43.285: invalid unclassed pointer in cast to 'GstAppSrc'

(RialtoServerGstPlayerUnitTests:7139): GLib-GObject-WARNING **: 09:00:43.289: invalid unclassed pointer in cast to 'GstPipeline'

(RialtoServerGstPlayerUnitTests:7139): GLib-GObject-WARNING **: 09:00:43.294: invalid unclassed pointer in cast to 'GstPipeline'
[       OK ] GstGenericPlayerPrivateTest.shouldCancelAudioUnderflowAndResume (58 ms)
[ RUN      ] GstGenericPlayerPrivateTest.shouldNotAttachVideoDataWhenBuffersAreEmpty

(RialtoServerGstPlayerUnitTests:7139): GLib-GObject-WARNING **: 09:00:43.320: invalid unclassed pointer in cast to 'GstBin'

(RialtoServerGstPlayerUnitTests:7139): GLib-GObject-WARNING **: 09:00:43.332: invalid unclassed pointer in cast to 'GstBin'

(RialtoServerGstPlayerUnitTests:7139): GLib-GObject-WARNING **: 09:00:43.333: invalid unclassed pointer in cast to 'GObject'

(RialtoServerGstPlayerUnitTests:7139): GLib-GObject-WARNING **: 09:00:43.338: invalid unclassed pointer in cast to 'GstPipeline'

(RialtoServerGstPlayerUnitTests:7139): GLib-GObject-WARNING **: 09:00:43.343: invalid unclassed pointer in cast to 'GstPipeline'
[       OK ] GstGenericPlayerPrivateTest.shouldNotAttachVideoDataWhenBuffersAreEmpty (48 ms)
[ RUN      ] GstGenericPlayerPrivateTest.shouldNotAttachVideoDataWhenItIsNotNeeded

(RialtoServerGstPlayerUnitTests:7139): GLib-GObject-WARNING **: 09:00:43.369: invalid unclassed pointer in cast to 'GstBin'

(RialtoServerGstPlayerUnitTests:7139): GLib-GObject-WARNING **: 09:00:43.381: invalid unclassed pointer in cast to 'GstBin'

(RialtoServerGstPlayerUnitTests:7139): GLib-GObject-WARNING **: 09:00:43.381: invalid unclassed pointer in cast to 'GObject'

(RialtoServerGstPlayerUnitTests:7139): GLib-GObject-WARNING **: 09:00:43.393: invalid unclassed pointer in cast to 'GstPipeline'

(RialtoServerGstPlayerUnitTests:7139): GLib-GObject-WARNING **: 09:00:43.399: invalid unclassed pointer in cast to 'GstPipeline'
[       OK ] GstGenericPlayerPrivateTest.shouldNotAttachVideoDataWhenItIsNotNeeded (56 ms)
[ RUN      ] GstGenericPlayerPrivateTest.shouldNotAttachVideoWhenSourceIsNotPresent

(RialtoServerGstPlayerUnitTests:7139): GLib-GObject-WARNING **: 09:00:43.426: invalid unclassed pointer in cast to 'GstBin'

(RialtoServerGstPlayerUnitTests:7139): GLib-GObject-WARNING **: 09:00:43.437: invalid unclassed pointer in cast to 'GstBin'

(RialtoServerGstPlayerUnitTests:7139): GLib-GObject-WARNING **: 09:00:43.438: invalid unclassed pointer in cast to 'GObject'

(RialtoServerGstPlayerUnitTests:7139): GLib-GObject-WARNING **: 09:00:43.451: invalid unclassed pointer in cast to 'GstPipeline'

(RialtoServerGstPlayerUnitTests:7139): GLib-GObject-WARNING **: 09:00:43.456: invalid unclassed pointer in cast to 'GstPipeline'
[       OK ] GstGenericPlayerPrivateTest.shouldNotAttachVideoWhenSourceIsNotPresent (57 ms)
[ RUN      ] GstGenericPlayerPrivateTest.shouldAttachVideoData

(RialtoServerGstPlayerUnitTests:7139): GLib-GObject-WARNING **: 09:00:43.483: invalid unclassed pointer in cast to 'GstBin'

(RialtoServerGstPlayerUnitTests:7139): GLib-GObject-WARNING **: 09:00:43.495: invalid unclassed pointer in cast to 'GstBin'

(RialtoServerGstPlayerUnitTests:7139): GLib-GObject-WARNING **: 09:00:43.496: invalid unclassed pointer in cast to 'GObject'

(RialtoServerGstPlayerUnitTests:7139): GLib-GObject-WARNING **: 09:00:43.503: invalid unclassed pointer in cast to 'GstElement'

(RialtoServerGstPlayerUnitTests:7139): GLib-GObject-WARNING **: 09:00:43.508: invalid unclassed pointer in cast to 'GstAppSrc'

(RialtoServerGstPlayerUnitTests:7139): GLib-GObject-WARNING **: 09:00:43.512: invalid unclassed pointer in cast to 'GstPipeline'

(RialtoServerGstPlayerUnitTests:7139): GLib-GObject-WARNING **: 09:00:43.517: invalid unclassed pointer in cast to 'GstPipeline'
[       OK ] GstGenericPlayerPrivateTest.shouldAttachVideoData (60 ms)
[ RUN      ] GstGenericPlayerPrivateTest.shouldCancelVideoUnderflowAndResume

(RialtoServerGstPlayerUnitTests:7139): GLib-GObject-WARNING **: 09:00:43.544: invalid unclassed pointer in cast to 'GstBin'

(RialtoServerGstPlayerUnitTests:7139): GLib-GObject-WARNING **: 09:00:43.556: invalid unclassed pointer in cast to 'GstBin'

(RialtoServerGstPlayerUnitTests:7139): GLib-GObject-WARNING **: 09:00:43.557: invalid unclassed pointer in cast to 'GObject'

(RialtoServerGstPlayerUnitTests:7139): GLib-GObject-WARNING **: 09:00:43.566: invalid unclassed pointer in cast to 'GstElement'

(RialtoServerGstPlayerUnitTests:7139): GLib-GObject-WARNING **: 09:00:43.570: invalid unclassed pointer in cast to 'GstAppSrc'

(RialtoServerGstPlayerUnitTests:7139): GLib-GObject-WARNING **: 09:00:43.574: invalid unclassed pointer in cast to 'GstPipeline'

(RialtoServerGstPlayerUnitTests:7139): GLib-GObject-WARNING **: 09:00:43.579: invalid unclassed pointer in cast to 'GstPipeline'
[       OK ] GstGenericPlayerPrivateTest.shouldCancelVideoUnderflowAndResume (61 ms)
[ RUN      ] GstGenericPlayerPrivateTest.shouldNotCancelVideoUnderflowWhenAudioUnderflowIsActive

(RialtoServerGstPlayerUnitTests:7139): GLib-GObject-WARNING **: 09:00:43.606: invalid unclassed pointer in cast to 'GstBin'

(RialtoServerGstPlayerUnitTests:7139): GLib-GObject-WARNING **: 09:00:43.618: invalid unclassed pointer in cast to 'GstBin'

(RialtoServerGstPlayerUnitTests:7139): GLib-GObject-WARNING **: 09:00:43.618: invalid unclassed pointer in cast to 'GObject'

(RialtoServerGstPlayerUnitTests:7139): GLib-GObject-WARNING **: 09:00:43.625: invalid unclassed pointer in cast to 'GstElement'

(RialtoServerGstPlayerUnitTests:7139): GLib-GObject-WARNING **: 09:00:43.629: invalid unclassed pointer in cast to 'GstAppSrc'

(RialtoServerGstPlayerUnitTests:7139): GLib-GObject-WARNING **: 09:00:43.633: invalid unclassed pointer in cast to 'GstPipeline'

(RialtoServerGstPlayerUnitTests:7139): GLib-GObject-WARNING **: 09:00:43.638: invalid unclassed pointer in cast to 'GstPipeline'
[       OK ] GstGenericPlayerPrivateTest.shouldNotCancelVideoUnderflowWhenAudioUnderflowIsActive (58 ms)
[ RUN      ] GstGenericPlayerPrivateTest.shouldAttachAudioAndVideoData

(RialtoServerGstPlayerUnitTests:7139): GLib-GObject-WARNING **: 09:00:43.665: invalid unclassed pointer in cast to 'GstBin'

(RialtoServerGstPlayerUnitTests:7139): GLib-GObject-WARNING **: 09:00:43.677: invalid unclassed pointer in cast to 'GstBin'

(RialtoServerGstPlayerUnitTests:7139): GLib-GObject-WARNING **: 09:00:43.678: invalid unclassed pointer in cast to 'GObject'

(RialtoServerGstPlayerUnitTests:7139): GLib-GObject-WARNING **: 09:00:43.686: invalid unclassed pointer in cast to 'GstElement'

(RialtoServerGstPlayerUnitTests:7139): GLib-GObject-WARNING **: 09:00:43.686: invalid unclassed pointer in cast to 'GstElement'

(RialtoServerGstPlayerUnitTests:7139): GLib-GObject-WARNING **: 09:00:43.690: invalid unclassed pointer in cast to 'GstAppSrc'

(RialtoServerGstPlayerUnitTests:7139): GLib-GObject-WARNING **: 09:00:43.705: invalid unclassed pointer in cast to 'GstAppSrc'

(RialtoServerGstPlayerUnitTests:7139): GLib-GObject-WARNING **: 09:00:43.720: invalid unclassed pointer in cast to 'GstPipeline'

(RialtoServerGstPlayerUnitTests:7139): GLib-GObject-WARNING **: 09:00:43.725: invalid unclassed pointer in cast to 'GstPipeline'
[       OK ] GstGenericPlayerPrivateTest.shouldAttachAudioAndVideoData (91 ms)
[ RUN      ] GstGenericPlayerPrivateTest.shouldUpdateAudioCaps

(RialtoServerGstPlayerUnitTests:7139): GLib-GObject-WARNING **: 09:00:43.757: invalid unclassed pointer in cast to 'GstBin'

(RialtoServerGstPlayerUnitTests:7139): GLib-GObject-WARNING **: 09:00:43.769: invalid unclassed pointer in cast to 'GstBin'

(RialtoServerGstPlayerUnitTests:7139): GLib-GObject-WARNING **: 09:00:43.770: invalid unclassed pointer in cast to 'GObject'

(RialtoServerGstPlayerUnitTests:7139): GLib-GObject-WARNING **: 09:00:43.777: invalid unclassed pointer in cast to 'GstElement'

(RialtoServerGstPlayerUnitTests:7139): GLib-GObject-WARNING **: 09:00:43.779: invalid unclassed pointer in cast to 'GstAppSrc'

(RialtoServerGstPlayerUnitTests:7139): GLib-GObject-WARNING **: 09:00:43.823: invalid unclassed pointer in cast to 'GstAppSrc'

(RialtoServerGstPlayerUnitTests:7139): GLib-GObject-WARNING **: 09:00:43.829: invalid unclassed pointer in cast to 'GstAppSrc'

(RialtoServerGstPlayerUnitTests:7139): GLib-GObject-WARNING **: 09:00:43.849: invalid unclassed pointer in cast to 'GstAppSrc'

(RialtoServerGstPlayerUnitTests:7139): GLib-GObject-WARNING **: 09:00:43.854: invalid unclassed pointer in cast to 'GstPipeline'

(RialtoServerGstPlayerUnitTests:7139): GLib-GObject-WARNING **: 09:00:43.860: invalid unclassed pointer in cast to 'GstPipeline'
[       OK ] GstGenericPlayerPrivateTest.shouldUpdateAudioCaps (138 ms)
[ RUN      ] GstGenericPlayerPrivateTest.shouldUpdateAudioCapsWithStringCodecData

(RialtoServerGstPlayerUnitTests:7139): GLib-GObject-WARNING **: 09:00:43.896: invalid unclassed pointer in cast to 'GstBin'

(RialtoServerGstPlayerUnitTests:7139): GLib-GObject-WARNING **: 09:00:43.908: invalid unclassed pointer in cast to 'GstBin'

(RialtoServerGstPlayerUnitTests:7139): GLib-GObject-WARNING **: 09:00:43.909: invalid unclassed pointer in cast to 'GObject'

(RialtoServerGstPlayerUnitTests:7139): GLib-GObject-WARNING **: 09:00:43.915: invalid unclassed pointer in cast to 'GstElement'

(RialtoServerGstPlayerUnitTests:7139): GLib-GObject-WARNING **: 09:00:43.917: invalid unclassed pointer in cast to 'GstAppSrc'

(RialtoServerGstPlayerUnitTests:7139): GLib-GObject-WARNING **: 09:00:43.929: invalid unclassed pointer in cast to 'GstAppSrc'

(RialtoServerGstPlayerUnitTests:7139): GLib-GObject-WARNING **: 09:00:43.933: invalid unclassed pointer in cast to 'GstAppSrc'

(RialtoServerGstPlayerUnitTests:7139): GLib-GObject-WARNING **: 09:00:43.936: invalid unclassed pointer in cast to 'GstAppSrc'

(RialtoServerGstPlayerUnitTests:7139): GLib-GObject-WARNING **: 09:00:43.941: invalid unclassed pointer in cast to 'GstPipeline'

(RialtoServerGstPlayerUnitTests:7139): GLib-GObject-WARNING **: 09:00:43.946: invalid unclassed pointer in cast to 'GstPipeline'
[       OK ] GstGenericPlayerPrivateTest.shouldUpdateAudioCapsWithStringCodecData (76 ms)
[ RUN      ] GstGenericPlayerPrivateTest.shouldUpdateAudioCapsSampleRateOnly

(RialtoServerGstPlayerUnitTests:7139): GLib-GObject-WARNING **: 09:00:43.973: invalid unclassed pointer in cast to 'GstBin'

(RialtoServerGstPlayerUnitTests:7139): GLib-GObject-WARNING **: 09:00:43.984: invalid unclassed pointer in cast to 'GstBin'

(RialtoServerGstPlayerUnitTests:7139): GLib-GObject-WARNING **: 09:00:43.985: invalid unclassed pointer in cast to 'GObject'

(RialtoServerGstPlayerUnitTests:7139): GLib-GObject-WARNING **: 09:00:43.991: invalid unclassed pointer in cast to 'GstElement'

(RialtoServerGstPlayerUnitTests:7139): GLib-GObject-WARNING **: 09:00:43.994: invalid unclassed pointer in cast to 'GstAppSrc'

(RialtoServerGstPlayerUnitTests:7139): GLib-GObject-WARNING **: 09:00:44.000: invalid unclassed pointer in cast to 'GstAppSrc'

(RialtoServerGstPlayerUnitTests:7139): GLib-GObject-WARNING **: 09:00:44.004: invalid unclassed pointer in cast to 'GstAppSrc'

(RialtoServerGstPlayerUnitTests:7139): GLib-GObject-WARNING **: 09:00:44.006: invalid unclassed pointer in cast to 'GstAppSrc'

(RialtoServerGstPlayerUnitTests:7139): GLib-GObject-WARNING **: 09:00:44.011: invalid unclassed pointer in cast to 'GstPipeline'

(RialtoServerGstPlayerUnitTests:7139): GLib-GObject-WARNING **: 09:00:44.016: invalid unclassed pointer in cast to 'GstPipeline'
[       OK ] GstGenericPlayerPrivateTest.shouldUpdateAudioCapsSampleRateOnly (69 ms)
[ RUN      ] GstGenericPlayerPrivateTest.shouldUpdateAudioCapsNumOfChannelsOnly

(RialtoServerGstPlayerUnitTests:7139): GLib-GObject-WARNING **: 09:00:44.043: invalid unclassed pointer in cast to 'GstBin'

(RialtoServerGstPlayerUnitTests:7139): GLib-GObject-WARNING **: 09:00:44.054: invalid unclassed pointer in cast to 'GstBin'

(RialtoServerGstPlayerUnitTests:7139): GLib-GObject-WARNING **: 09:00:44.055: invalid unclassed pointer in cast to 'GObject'

(RialtoServerGstPlayerUnitTests:7139): GLib-GObject-WARNING **: 09:00:44.062: invalid unclassed pointer in cast to 'GstElement'

(RialtoServerGstPlayerUnitTests:7139): GLib-GObject-WARNING **: 09:00:44.064: invalid unclassed pointer in cast to 'GstAppSrc'

(RialtoServerGstPlayerUnitTests:7139): GLib-GObject-WARNING **: 09:00:44.071: invalid unclassed pointer in cast to 'GstAppSrc'

(RialtoServerGstPlayerUnitTests:7139): GLib-GObject-WARNING **: 09:00:44.075: invalid unclassed pointer in cast to 'GstAppSrc'

(RialtoServerGstPlayerUnitTests:7139): GLib-GObject-WARNING **: 09:00:44.077: invalid unclassed pointer in cast to 'GstAppSrc'

(RialtoServerGstPlayerUnitTests:7139): GLib-GObject-WARNING **: 09:00:44.081: invalid unclassed pointer in cast to 'GstPipeline'

(RialtoServerGstPlayerUnitTests:7139): GLib-GObject-WARNING **: 09:00:44.086: invalid unclassed pointer in cast to 'GstPipeline'
[       OK ] GstGenericPlayerPrivateTest.shouldUpdateAudioCapsNumOfChannelsOnly (70 ms)
[ RUN      ] GstGenericPlayerPrivateTest.shouldUpdateAudioCapsCodecDataOnly

(RialtoServerGstPlayerUnitTests:7139): GLib-GObject-WARNING **: 09:00:44.113: invalid unclassed pointer in cast to 'GstBin'

(RialtoServerGstPlayerUnitTests:7139): GLib-GObject-WARNING **: 09:00:44.125: invalid unclassed pointer in cast to 'GstBin'

(RialtoServerGstPlayerUnitTests:7139): GLib-GObject-WARNING **: 09:00:44.125: invalid unclassed pointer in cast to 'GObject'

(RialtoServerGstPlayerUnitTests:7139): GLib-GObject-WARNING **: 09:00:44.132: invalid unclassed pointer in cast to 'GstElement'

(RialtoServerGstPlayerUnitTests:7139): GLib-GObject-WARNING **: 09:00:44.134: invalid unclassed pointer in cast to 'GstAppSrc'

(RialtoServerGstPlayerUnitTests:7139): GLib-GObject-WARNING **: 09:00:44.148: invalid unclassed pointer in cast to 'GstAppSrc'

(RialtoServerGstPlayerUnitTests:7139): GLib-GObject-WARNING **: 09:00:44.152: invalid unclassed pointer in cast to 'GstAppSrc'

(RialtoServerGstPlayerUnitTests:7139): GLib-GObject-WARNING **: 09:00:44.154: invalid unclassed pointer in cast to 'GstAppSrc'

(RialtoServerGstPlayerUnitTests:7139): GLib-GObject-WARNING **: 09:00:44.159: invalid unclassed pointer in cast to 'GstPipeline'

(RialtoServerGstPlayerUnitTests:7139): GLib-GObject-WARNING **: 09:00:44.164: invalid unclassed pointer in cast to 'GstPipeline'
[       OK ] GstGenericPlayerPrivateTest.shouldUpdateAudioCapsCodecDataOnly (78 ms)
[ RUN      ] GstGenericPlayerPrivateTest.shouldNotUpdateAudioCapsWhenValuesAreInvalid

(RialtoServerGstPlayerUnitTests:7139): GLib-GObject-WARNING **: 09:00:44.192: invalid unclassed pointer in cast to 'GstBin'

(RialtoServerGstPlayerUnitTests:7139): GLib-GObject-WARNING **: 09:00:44.203: invalid unclassed pointer in cast to 'GstBin'

(RialtoServerGstPlayerUnitTests:7139): GLib-GObject-WARNING **: 09:00:44.204: invalid unclassed pointer in cast to 'GObject'

(RialtoServerGstPlayerUnitTests:7139): GLib-GObject-WARNING **: 09:00:44.211: invalid unclassed pointer in cast to 'GstElement'

(RialtoServerGstPlayerUnitTests:7139): GLib-GObject-WARNING **: 09:00:44.213: invalid unclassed pointer in cast to 'GstAppSrc'

(RialtoServerGstPlayerUnitTests:7139): GLib-GObject-WARNING **: 09:00:44.220: invalid unclassed pointer in cast to 'GstAppSrc'

(RialtoServerGstPlayerUnitTests:7139): GLib-GObject-WARNING **: 09:00:44.225: invalid unclassed pointer in cast to 'GstPipeline'

(RialtoServerGstPlayerUnitTests:7139): GLib-GObject-WARNING **: 09:00:44.229: invalid unclassed pointer in cast to 'GstPipeline'
[       OK ] GstGenericPlayerPrivateTest.shouldNotUpdateAudioCapsWhenValuesAreInvalid (64 ms)
[ RUN      ] GstGenericPlayerPrivateTest.shouldNotUpdateAudioCapsWhenNoSrc

(RialtoServerGstPlayerUnitTests:7139): GLib-GObject-WARNING **: 09:00:44.256: invalid unclassed pointer in cast to 'GstBin'

(RialtoServerGstPlayerUnitTests:7139): GLib-GObject-WARNING **: 09:00:44.268: invalid unclassed pointer in cast to 'GstBin'

(RialtoServerGstPlayerUnitTests:7139): GLib-GObject-WARNING **: 09:00:44.269: invalid unclassed pointer in cast to 'GObject'

(RialtoServerGstPlayerUnitTests:7139): GLib-GObject-WARNING **: 09:00:44.274: invalid unclassed pointer in cast to 'GstPipeline'

(RialtoServerGstPlayerUnitTests:7139): GLib-GObject-WARNING **: 09:00:44.279: invalid unclassed pointer in cast to 'GstPipeline'
[       OK ] GstGenericPlayerPrivateTest.shouldNotUpdateAudioCapsWhenNoSrc (48 ms)
[ RUN      ] GstGenericPlayerPrivateTest.shouldUpdateVideoCaps

(RialtoServerGstPlayerUnitTests:7139): GLib-GObject-WARNING **: 09:00:44.305: invalid unclassed pointer in cast to 'GstBin'

(RialtoServerGstPlayerUnitTests:7139): GLib-GObject-WARNING **: 09:00:44.317: invalid unclassed pointer in cast to 'GstBin'

(RialtoServerGstPlayerUnitTests:7139): GLib-GObject-WARNING **: 09:00:44.318: invalid unclassed pointer in cast to 'GObject'

(RialtoServerGstPlayerUnitTests:7139): GLib-GObject-WARNING **: 09:00:44.325: invalid unclassed pointer in cast to 'GstElement'

(RialtoServerGstPlayerUnitTests:7139): GLib-GObject-WARNING **: 09:00:44.327: invalid unclassed pointer in cast to 'GstAppSrc'

(RialtoServerGstPlayerUnitTests:7139): GLib-GObject-WARNING **: 09:00:44.359: invalid unclassed pointer in cast to 'GstAppSrc'

(RialtoServerGstPlayerUnitTests:7139): GLib-GObject-WARNING **: 09:00:44.365: invalid unclassed pointer in cast to 'GstAppSrc'

(RialtoServerGstPlayerUnitTests:7139): GLib-GObject-WARNING **: 09:00:44.386: invalid unclassed pointer in cast to 'GstAppSrc'

(RialtoServerGstPlayerUnitTests:7139): GLib-GObject-WARNING **: 09:00:44.391: invalid unclassed pointer in cast to 'GstPipeline'

(RialtoServerGstPlayerUnitTests:7139): GLib-GObject-WARNING **: 09:00:44.397: invalid unclassed pointer in cast to 'GstPipeline'
[       OK ] GstGenericPlayerPrivateTest.shouldUpdateVideoCaps (121 ms)
[ RUN      ] GstGenericPlayerPrivateTest.shouldUpdateVideoCapsWithStringCodecData

(RialtoServerGstPlayerUnitTests:7139): GLib-GObject-WARNING **: 09:00:44.427: invalid unclassed pointer in cast to 'GstBin'

(RialtoServerGstPlayerUnitTests:7139): GLib-GObject-WARNING **: 09:00:44.439: invalid unclassed pointer in cast to 'GstBin'

(RialtoServerGstPlayerUnitTests:7139): GLib-GObject-WARNING **: 09:00:44.440: invalid unclassed pointer in cast to 'GObject'

(RialtoServerGstPlayerUnitTests:7139): GLib-GObject-WARNING **: 09:00:44.446: invalid unclassed pointer in cast to 'GstElement'

(RialtoServerGstPlayerUnitTests:7139): GLib-GObject-WARNING **: 09:00:44.448: invalid unclassed pointer in cast to 'GstAppSrc'

(RialtoServerGstPlayerUnitTests:7139): GLib-GObject-WARNING **: 09:00:44.463: invalid unclassed pointer in cast to 'GstAppSrc'

(RialtoServerGstPlayerUnitTests:7139): GLib-GObject-WARNING **: 09:00:44.467: invalid unclassed pointer in cast to 'GstAppSrc'

(RialtoServerGstPlayerUnitTests:7139): GLib-GObject-WARNING **: 09:00:44.470: invalid unclassed pointer in cast to 'GstAppSrc'

(RialtoServerGstPlayerUnitTests:7139): GLib-GObject-WARNING **: 09:00:44.474: invalid unclassed pointer in cast to 'GstPipeline'

(RialtoServerGstPlayerUnitTests:7139): GLib-GObject-WARNING **: 09:00:44.479: invalid unclassed pointer in cast to 'GstPipeline'
[       OK ] GstGenericPlayerPrivateTest.shouldUpdateVideoCapsWithStringCodecData (78 ms)
[ RUN      ] GstGenericPlayerPrivateTest.shouldUpdateVideoCapsWithoutCodecData

(RialtoServerGstPlayerUnitTests:7139): GLib-GObject-WARNING **: 09:00:44.507: invalid unclassed pointer in cast to 'GstBin'

(RialtoServerGstPlayerUnitTests:7139): GLib-GObject-WARNING **: 09:00:44.518: invalid unclassed pointer in cast to 'GstBin'

(RialtoServerGstPlayerUnitTests:7139): GLib-GObject-WARNING **: 09:00:44.519: invalid unclassed pointer in cast to 'GObject'

(RialtoServerGstPlayerUnitTests:7139): GLib-GObject-WARNING **: 09:00:44.526: invalid unclassed pointer in cast to 'GstElement'

(RialtoServerGstPlayerUnitTests:7139): GLib-GObject-WARNING **: 09:00:44.528: invalid unclassed pointer in cast to 'GstAppSrc'

(RialtoServerGstPlayerUnitTests:7139): GLib-GObject-WARNING **: 09:00:44.540: invalid unclassed pointer in cast to 'GstAppSrc'

(RialtoServerGstPlayerUnitTests:7139): GLib-GObject-WARNING **: 09:00:44.544: invalid unclassed pointer in cast to 'GstAppSrc'

(RialtoServerGstPlayerUnitTests:7139): GLib-GObject-WARNING **: 09:00:44.546: invalid unclassed pointer in cast to 'GstAppSrc'

(RialtoServerGstPlayerUnitTests:7139): GLib-GObject-WARNING **: 09:00:44.550: invalid unclassed pointer in cast to 'GstPipeline'

(RialtoServerGstPlayerUnitTests:7139): GLib-GObject-WARNING **: 09:00:44.555: invalid unclassed pointer in cast to 'GstPipeline'
[       OK ] GstGenericPlayerPrivateTest.shouldUpdateVideoCapsWithoutCodecData (77 ms)
[ RUN      ] GstGenericPlayerPrivateTest.shouldUpdateVideoCapsWithoutFrameRate

(RialtoServerGstPlayerUnitTests:7139): GLib-GObject-WARNING **: 09:00:44.583: invalid unclassed pointer in cast to 'GstBin'

(RialtoServerGstPlayerUnitTests:7139): GLib-GObject-WARNING **: 09:00:44.595: invalid unclassed pointer in cast to 'GstBin'

(RialtoServerGstPlayerUnitTests:7139): GLib-GObject-WARNING **: 09:00:44.596: invalid unclassed pointer in cast to 'GObject'

(RialtoServerGstPlayerUnitTests:7139): GLib-GObject-WARNING **: 09:00:44.602: invalid unclassed pointer in cast to 'GstElement'

(RialtoServerGstPlayerUnitTests:7139): GLib-GObject-WARNING **: 09:00:44.605: invalid unclassed pointer in cast to 'GstAppSrc'

(RialtoServerGstPlayerUnitTests:7139): GLib-GObject-WARNING **: 09:00:44.623: invalid unclassed pointer in cast to 'GstAppSrc'

(RialtoServerGstPlayerUnitTests:7139): GLib-GObject-WARNING **: 09:00:44.628: invalid unclassed pointer in cast to 'GstAppSrc'

(RialtoServerGstPlayerUnitTests:7139): GLib-GObject-WARNING **: 09:00:44.631: invalid unclassed pointer in cast to 'GstAppSrc'

(RialtoServerGstPlayerUnitTests:7139): GLib-GObject-WARNING **: 09:00:44.635: invalid unclassed pointer in cast to 'GstPipeline'

(RialtoServerGstPlayerUnitTests:7139): GLib-GObject-WARNING **: 09:00:44.640: invalid unclassed pointer in cast to 'GstPipeline'
[       OK ] GstGenericPlayerPrivateTest.shouldUpdateVideoCapsWithoutFrameRate (84 ms)
[ RUN      ] GstGenericPlayerPrivateTest.shouldNotUpdateAudioVideoCapsWhenNoSrc

(RialtoServerGstPlayerUnitTests:7139): GLib-GObject-WARNING **: 09:00:44.668: invalid unclassed pointer in cast to 'GstBin'

(RialtoServerGstPlayerUnitTests:7139): GLib-GObject-WARNING **: 09:00:44.680: invalid unclassed pointer in cast to 'GstBin'

(RialtoServerGstPlayerUnitTests:7139): GLib-GObject-WARNING **: 09:00:44.681: invalid unclassed pointer in cast to 'GObject'

(RialtoServerGstPlayerUnitTests:7139): GLib-GObject-WARNING **: 09:00:44.686: invalid unclassed pointer in cast to 'GstPipeline'

(RialtoServerGstPlayerUnitTests:7139): GLib-GObject-WARNING **: 09:00:44.691: invalid unclassed pointer in cast to 'GstPipeline'
[       OK ] GstGenericPlayerPrivateTest.shouldNotUpdateAudioVideoCapsWhenNoSrc (48 ms)
[ RUN      ] GstGenericPlayerPrivateTest.shouldFailToChangePlaybackStateWhenPipelineIsNull

(RialtoServerGstPlayerUnitTests:7139): GLib-GObject-WARNING **: 09:00:44.717: invalid unclassed pointer in cast to 'GstBin'

(RialtoServerGstPlayerUnitTests:7139): GLib-GObject-WARNING **: 09:00:44.729: invalid unclassed pointer in cast to 'GstBin'

(RialtoServerGstPlayerUnitTests:7139): GLib-GObject-WARNING **: 09:00:44.730: invalid unclassed pointer in cast to 'GObject'
0000003181.929188 ERR: SRV: < T:7139 M:GstGenericPlayer.cpp F:changePipelineState L:707 > Change state failed - pipeline is nullptr

(RialtoServerGstPlayerUnitTests:7139): GLib-GObject-WARNING **: 09:00:44.748: invalid unclassed pointer in cast to 'GstPipeline'

(RialtoServerGstPlayerUnitTests:7139): GLib-GObject-WARNING **: 09:00:44.753: invalid unclassed pointer in cast to 'GstPipeline'
[       OK ] GstGenericPlayerPrivateTest.shouldFailToChangePlaybackStateWhenPipelineIsNull (63 ms)
[ RUN      ] GstGenericPlayerPrivateTest.shouldFailToChangePlaybackStateWhenSetStateFails

(RialtoServerGstPlayerUnitTests:7139): GLib-GObject-WARNING **: 09:00:44.782: invalid unclassed pointer in cast to 'GstBin'

(RialtoServerGstPlayerUnitTests:7139): GLib-GObject-WARNING **: 09:00:44.793: invalid unclassed pointer in cast to 'GstBin'

(RialtoServerGstPlayerUnitTests:7139): GLib-GObject-WARNING **: 09:00:44.794: invalid unclassed pointer in cast to 'GObject'
0000003182.041462 ERR: SRV: < T:7139 M:GstGenericPlayer.cpp F:changePipelineState L:714 > Change state failed - Gstreamer returned an error

(RialtoServerGstPlayerUnitTests:7139): GLib-GObject-WARNING **: 09:00:44.856: invalid unclassed pointer in cast to 'GstPipeline'

(RialtoServerGstPlayerUnitTests:7139): GLib-GObject-WARNING **: 09:00:44.861: invalid unclassed pointer in cast to 'GstPipeline'
[       OK ] GstGenericPlayerPrivateTest.shouldFailToChangePlaybackStateWhenSetStateFails (115 ms)
[ RUN      ] GstGenericPlayerPrivateTest.shouldChangePlaybackState

(RialtoServerGstPlayerUnitTests:7139): GLib-GObject-WARNING **: 09:00:44.897: invalid unclassed pointer in cast to 'GstBin'

(RialtoServerGstPlayerUnitTests:7139): GLib-GObject-WARNING **: 09:00:44.909: invalid unclassed pointer in cast to 'GstBin'

(RialtoServerGstPlayerUnitTests:7139): GLib-GObject-WARNING **: 09:00:44.910: invalid unclassed pointer in cast to 'GObject'

(RialtoServerGstPlayerUnitTests:7139): GLib-GObject-WARNING **: 09:00:44.918: invalid unclassed pointer in cast to 'GstPipeline'

(RialtoServerGstPlayerUnitTests:7139): GLib-GObject-WARNING **: 09:00:44.923: invalid unclassed pointer in cast to 'GstPipeline'
[       OK ] GstGenericPlayerPrivateTest.shouldChangePlaybackState (52 ms)
[ RUN      ] GstGenericPlayerPrivateTest.shouldStartPositionReportingTimer

(RialtoServerGstPlayerUnitTests:7139): GLib-GObject-WARNING **: 09:00:44.949: invalid unclassed pointer in cast to 'GstBin'

(RialtoServerGstPlayerUnitTests:7139): GLib-GObject-WARNING **: 09:00:44.961: invalid unclassed pointer in cast to 'GstBin'

(RialtoServerGstPlayerUnitTests:7139): GLib-GObject-WARNING **: 09:00:44.961: invalid unclassed pointer in cast to 'GObject'

(RialtoServerGstPlayerUnitTests:7139): GLib-GObject-WARNING **: 09:00:45.055: invalid unclassed pointer in cast to 'GstPipeline'

(RialtoServerGstPlayerUnitTests:7139): GLib-GObject-WARNING **: 09:00:45.060: invalid unclassed pointer in cast to 'GstPipeline'
[       OK ] GstGenericPlayerPrivateTest.shouldStartPositionReportingTimer (147 ms)
[ RUN      ] GstGenericPlayerPrivateTest.shouldNotStartPositionReportingTimerWhenItIsActive

(RialtoServerGstPlayerUnitTests:7139): GLib-GObject-WARNING **: 09:00:45.098: invalid unclassed pointer in cast to 'GstBin'

(RialtoServerGstPlayerUnitTests:7139): GLib-GObject-WARNING **: 09:00:45.110: invalid unclassed pointer in cast to 'GstBin'

(RialtoServerGstPlayerUnitTests:7139): GLib-GObject-WARNING **: 09:00:45.110: invalid unclassed pointer in cast to 'GObject'

(RialtoServerGstPlayerUnitTests:7139): GLib-GObject-WARNING **: 09:00:45.148: invalid unclassed pointer in cast to 'GstPipeline'

(RialtoServerGstPlayerUnitTests:7139): GLib-GObject-WARNING **: 09:00:45.153: invalid unclassed pointer in cast to 'GstPipeline'
[       OK ] GstGenericPlayerPrivateTest.shouldNotStartPositionReportingTimerWhenItIsActive (87 ms)
[ RUN      ] GstGenericPlayerPrivateTest.shouldScheduleReportPositionWhenPositionReportingTimerIsFired

(RialtoServerGstPlayerUnitTests:7139): GLib-GObject-WARNING **: 09:00:45.186: invalid unclassed pointer in cast to 'GstBin'

(RialtoServerGstPlayerUnitTests:7139): GLib-GObject-WARNING **: 09:00:45.197: invalid unclassed pointer in cast to 'GstBin'

(RialtoServerGstPlayerUnitTests:7139): GLib-GObject-WARNING **: 09:00:45.198: invalid unclassed pointer in cast to 'GObject'

(RialtoServerGstPlayerUnitTests:7139): GLib-GObject-WARNING **: 09:00:45.274: invalid unclassed pointer in cast to 'GstPipeline'

(RialtoServerGstPlayerUnitTests:7139): GLib-GObject-WARNING **: 09:00:45.279: invalid unclassed pointer in cast to 'GstPipeline'
[       OK ] GstGenericPlayerPrivateTest.shouldScheduleReportPositionWhenPositionReportingTimerIsFired (131 ms)
[ RUN      ] GstGenericPlayerPrivateTest.shouldStopActivePositionReportingTimer

(RialtoServerGstPlayerUnitTests:7139): GLib-GObject-WARNING **: 09:00:45.317: invalid unclassed pointer in cast to 'GstBin'

(RialtoServerGstPlayerUnitTests:7139): GLib-GObject-WARNING **: 09:00:45.328: invalid unclassed pointer in cast to 'GstBin'

(RialtoServerGstPlayerUnitTests:7139): GLib-GObject-WARNING **: 09:00:45.329: invalid unclassed pointer in cast to 'GObject'

(RialtoServerGstPlayerUnitTests:7139): GLib-GObject-WARNING **: 09:00:45.343: invalid unclassed pointer in cast to 'GstPipeline'

(RialtoServerGstPlayerUnitTests:7139): GLib-GObject-WARNING **: 09:00:45.348: invalid unclassed pointer in cast to 'GstPipeline'
[       OK ] GstGenericPlayerPrivateTest.shouldStopActivePositionReportingTimer (57 ms)
[ RUN      ] GstGenericPlayerPrivateTest.shouldNotStopInactivePositionReportingTimer

(RialtoServerGstPlayerUnitTests:7139): GLib-GObject-WARNING **: 09:00:45.375: invalid unclassed pointer in cast to 'GstBin'

(RialtoServerGstPlayerUnitTests:7139): GLib-GObject-WARNING **: 09:00:45.387: invalid unclassed pointer in cast to 'GstBin'

(RialtoServerGstPlayerUnitTests:7139): GLib-GObject-WARNING **: 09:00:45.387: invalid unclassed pointer in cast to 'GObject'

(RialtoServerGstPlayerUnitTests:7139): GLib-GObject-WARNING **: 09:00:45.399: invalid unclassed pointer in cast to 'GstPipeline'

(RialtoServerGstPlayerUnitTests:7139): GLib-GObject-WARNING **: 09:00:45.404: invalid unclassed pointer in cast to 'GstPipeline'
[       OK ] GstGenericPlayerPrivateTest.shouldNotStopInactivePositionReportingTimer (55 ms)
[ RUN      ] GstGenericPlayerPrivateTest.shouldNotStopInactivePositionReportingTimerWhenThereIsNoTimer

(RialtoServerGstPlayerUnitTests:7139): GLib-GObject-WARNING **: 09:00:45.431: invalid unclassed pointer in cast to 'GstBin'

(RialtoServerGstPlayerUnitTests:7139): GLib-GObject-WARNING **: 09:00:45.442: invalid unclassed pointer in cast to 'GstBin'

(RialtoServerGstPlayerUnitTests:7139): GLib-GObject-WARNING **: 09:00:45.443: invalid unclassed pointer in cast to 'GObject'

(RialtoServerGstPlayerUnitTests:7139): GLib-GObject-WARNING **: 09:00:45.448: invalid unclassed pointer in cast to 'GstPipeline'

(RialtoServerGstPlayerUnitTests:7139): GLib-GObject-WARNING **: 09:00:45.453: invalid unclassed pointer in cast to 'GstPipeline'
[       OK ] GstGenericPlayerPrivateTest.shouldNotStopInactivePositionReportingTimerWhenThereIsNoTimer (48 ms)
[ RUN      ] GstGenericPlayerPrivateTest.shouldStopWorkerThread

(RialtoServerGstPlayerUnitTests:7139): GLib-GObject-WARNING **: 09:00:45.479: invalid unclassed pointer in cast to 'GstBin'

(RialtoServerGstPlayerUnitTests:7139): GLib-GObject-WARNING **: 09:00:45.491: invalid unclassed pointer in cast to 'GstBin'

(RialtoServerGstPlayerUnitTests:7139): GLib-GObject-WARNING **: 09:00:45.492: invalid unclassed pointer in cast to 'GObject'

(RialtoServerGstPlayerUnitTests:7139): GLib-GObject-WARNING **: 09:00:45.499: invalid unclassed pointer in cast to 'GstPipeline'

(RialtoServerGstPlayerUnitTests:7139): GLib-GObject-WARNING **: 09:00:45.505: invalid unclassed pointer in cast to 'GstPipeline'
[       OK ] GstGenericPlayerPrivateTest.shouldStopWorkerThread (51 ms)
[ RUN      ] GstGenericPlayerPrivateTest.shouldUpdatePlaybackGroup

(RialtoServerGstPlayerUnitTests:7139): GLib-GObject-WARNING **: 09:00:45.531: invalid unclassed pointer in cast to 'GstBin'

(RialtoServerGstPlayerUnitTests:7139): GLib-GObject-WARNING **: 09:00:45.543: invalid unclassed pointer in cast to 'GstBin'

(RialtoServerGstPlayerUnitTests:7139): GLib-GObject-WARNING **: 09:00:45.544: invalid unclassed pointer in cast to 'GObject'

(RialtoServerGstPlayerUnitTests:7139): GLib-GObject-WARNING **: 09:00:45.612: invalid unclassed pointer in cast to 'GstPipeline'

(RialtoServerGstPlayerUnitTests:7139): GLib-GObject-WARNING **: 09:00:45.617: invalid unclassed pointer in cast to 'GstPipeline'
[       OK ] GstGenericPlayerPrivateTest.shouldUpdatePlaybackGroup (122 ms)
[----------] 53 tests from GstGenericPlayerPrivateTest (4358 ms total)

[----------] 23 tests from GstGenericPlayerTest
[ RUN      ] GstGenericPlayerTest.shouldAttachSource

(RialtoServerGstPlayerUnitTests:7139): GLib-GObject-WARNING **: 09:00:45.655: invalid unclassed pointer in cast to 'GstBin'

(RialtoServerGstPlayerUnitTests:7139): GLib-GObject-WARNING **: 09:00:45.669: invalid unclassed pointer in cast to 'GstBin'

(RialtoServerGstPlayerUnitTests:7139): GLib-GObject-WARNING **: 09:00:45.669: invalid unclassed pointer in cast to 'GObject'

(RialtoServerGstPlayerUnitTests:7139): GLib-GObject-WARNING **: 09:00:45.746: invalid unclassed pointer in cast to 'GstPipeline'

(RialtoServerGstPlayerUnitTests:7139): GLib-GObject-WARNING **: 09:00:45.751: invalid unclassed pointer in cast to 'GstPipeline'
[       OK ] GstGenericPlayerTest.shouldAttachSource (132 ms)
[ RUN      ] GstGenericPlayerTest.shouldRemoveSource

(RialtoServerGstPlayerUnitTests:7139): GLib-GObject-WARNING **: 09:00:45.788: invalid unclassed pointer in cast to 'GstBin'

(RialtoServerGstPlayerUnitTests:7139): GLib-GObject-WARNING **: 09:00:45.799: invalid unclassed pointer in cast to 'GstBin'

(RialtoServerGstPlayerUnitTests:7139): GLib-GObject-WARNING **: 09:00:45.800: invalid unclassed pointer in cast to 'GObject'

(RialtoServerGstPlayerUnitTests:7139): GLib-GObject-WARNING **: 09:00:45.859: invalid unclassed pointer in cast to 'GstPipeline'

(RialtoServerGstPlayerUnitTests:7139): GLib-GObject-WARNING **: 09:00:45.863: invalid unclassed pointer in cast to 'GstPipeline'
[       OK ] GstGenericPlayerTest.shouldRemoveSource (110 ms)
[ RUN      ] GstGenericPlayerTest.shouldAllSourcesAttached

(RialtoServerGstPlayerUnitTests:7139): GLib-GObject-WARNING **: 09:00:45.897: invalid unclassed pointer in cast to 'GstBin'

(RialtoServerGstPlayerUnitTests:7139): GLib-GObject-WARNING **: 09:00:45.909: invalid unclassed pointer in cast to 'GstBin'

(RialtoServerGstPlayerUnitTests:7139): GLib-GObject-WARNING **: 09:00:45.910: invalid unclassed pointer in cast to 'GObject'

(RialtoServerGstPlayerUnitTests:7139): GLib-GObject-WARNING **: 09:00:45.922: invalid unclassed pointer in cast to 'GstPipeline'

(RialtoServerGstPlayerUnitTests:7139): GLib-GObject-WARNING **: 09:00:45.927: invalid unclassed pointer in cast to 'GstPipeline'
[       OK ] GstGenericPlayerTest.shouldAllSourcesAttached (55 ms)
[ RUN      ] GstGenericPlayerTest.shouldPlay

(RialtoServerGstPlayerUnitTests:7139): GLib-GObject-WARNING **: 09:00:45.952: invalid unclassed pointer in cast to 'GstBin'

(RialtoServerGstPlayerUnitTests:7139): GLib-GObject-WARNING **: 09:00:45.964: invalid unclassed pointer in cast to 'GstBin'

(RialtoServerGstPlayerUnitTests:7139): GLib-GObject-WARNING **: 09:00:45.964: invalid unclassed pointer in cast to 'GObject'

(RialtoServerGstPlayerUnitTests:7139): GLib-GObject-WARNING **: 09:00:45.976: invalid unclassed pointer in cast to 'GstPipeline'

(RialtoServerGstPlayerUnitTests:7139): GLib-GObject-WARNING **: 09:00:45.981: invalid unclassed pointer in cast to 'GstPipeline'
[       OK ] GstGenericPlayerTest.shouldPlay (53 ms)
[ RUN      ] GstGenericPlayerTest.shouldPause

(RialtoServerGstPlayerUnitTests:7139): GLib-GObject-WARNING **: 09:00:46.007: invalid unclassed pointer in cast to 'GstBin'

(RialtoServerGstPlayerUnitTests:7139): GLib-GObject-WARNING **: 09:00:46.018: invalid unclassed pointer in cast to 'GstBin'

(RialtoServerGstPlayerUnitTests:7139): GLib-GObject-WARNING **: 09:00:46.019: invalid unclassed pointer in cast to 'GObject'

(RialtoServerGstPlayerUnitTests:7139): GLib-GObject-WARNING **: 09:00:46.032: invalid unclassed pointer in cast to 'GstPipeline'

(RialtoServerGstPlayerUnitTests:7139): GLib-GObject-WARNING **: 09:00:46.037: invalid unclassed pointer in cast to 'GstPipeline'
[       OK ] GstGenericPlayerTest.shouldPause (56 ms)
[ RUN      ] GstGenericPlayerTest.shouldStop

(RialtoServerGstPlayerUnitTests:7139): GLib-GObject-WARNING **: 09:00:46.064: invalid unclassed pointer in cast to 'GstBin'

(RialtoServerGstPlayerUnitTests:7139): GLib-GObject-WARNING **: 09:00:46.076: invalid unclassed pointer in cast to 'GstBin'

(RialtoServerGstPlayerUnitTests:7139): GLib-GObject-WARNING **: 09:00:46.076: invalid unclassed pointer in cast to 'GObject'

(RialtoServerGstPlayerUnitTests:7139): GLib-GObject-WARNING **: 09:00:46.088: invalid unclassed pointer in cast to 'GstPipeline'

(RialtoServerGstPlayerUnitTests:7139): GLib-GObject-WARNING **: 09:00:46.093: invalid unclassed pointer in cast to 'GstPipeline'
[       OK ] GstGenericPlayerTest.shouldStop (55 ms)
[ RUN      ] GstGenericPlayerTest.shouldAttachSamplesFromVector

(RialtoServerGstPlayerUnitTests:7139): GLib-GObject-WARNING **: 09:00:46.120: invalid unclassed pointer in cast to 'GstBin'

(RialtoServerGstPlayerUnitTests:7139): GLib-GObject-WARNING **: 09:00:46.132: invalid unclassed pointer in cast to 'GstBin'

(RialtoServerGstPlayerUnitTests:7139): GLib-GObject-WARNING **: 09:00:46.133: invalid unclassed pointer in cast to 'GObject'

(RialtoServerGstPlayerUnitTests:7139): GLib-GObject-WARNING **: 09:00:46.204: invalid unclassed pointer in cast to 'GstPipeline'

(RialtoServerGstPlayerUnitTests:7139): GLib-GObject-WARNING **: 09:00:46.210: invalid unclassed pointer in cast to 'GstPipeline'
[       OK ] GstGenericPlayerTest.shouldAttachSamplesFromVector (127 ms)
[ RUN      ] GstGenericPlayerTest.shouldAttachSamplesFromShm

(RialtoServerGstPlayerUnitTests:7139): GLib-GObject-WARNING **: 09:00:46.249: invalid unclassed pointer in cast to 'GstBin'

(RialtoServerGstPlayerUnitTests:7139): GLib-GObject-WARNING **: 09:00:46.262: invalid unclassed pointer in cast to 'GstBin'

(RialtoServerGstPlayerUnitTests:7139): GLib-GObject-WARNING **: 09:00:46.263: invalid unclassed pointer in cast to 'GObject'

(RialtoServerGstPlayerUnitTests:7139): GLib-GObject-WARNING **: 09:00:46.346: invalid unclassed pointer in cast to 'GstPipeline'

(RialtoServerGstPlayerUnitTests:7139): GLib-GObject-WARNING **: 09:00:46.352: invalid unclassed pointer in cast to 'GstPipeline'
[       OK ] GstGenericPlayerTest.shouldAttachSamplesFromShm (142 ms)
[ RUN      ] GstGenericPlayerTest.shouldSetPlaybackRate

(RialtoServerGstPlayerUnitTests:7139): GLib-GObject-WARNING **: 09:00:46.391: invalid unclassed pointer in cast to 'GstBin'

(RialtoServerGstPlayerUnitTests:7139): GLib-GObject-WARNING **: 09:00:46.404: invalid unclassed pointer in cast to 'GstBin'

(RialtoServerGstPlayerUnitTests:7139): GLib-GObject-WARNING **: 09:00:46.404: invalid unclassed pointer in cast to 'GObject'

(RialtoServerGstPlayerUnitTests:7139): GLib-GObject-WARNING **: 09:00:46.467: invalid unclassed pointer in cast to 'GstPipeline'

(RialtoServerGstPlayerUnitTests:7139): GLib-GObject-WARNING **: 09:00:46.472: invalid unclassed pointer in cast to 'GstPipeline'
[       OK ] GstGenericPlayerTest.shouldSetPlaybackRate (115 ms)
[ RUN      ] GstGenericPlayerTest.shouldSetPosition

(RialtoServerGstPlayerUnitTests:7139): GLib-GObject-WARNING **: 09:00:46.506: invalid unclassed pointer in cast to 'GstBin'

(RialtoServerGstPlayerUnitTests:7139): GLib-GObject-WARNING **: 09:00:46.518: invalid unclassed pointer in cast to 'GstBin'

(RialtoServerGstPlayerUnitTests:7139): GLib-GObject-WARNING **: 09:00:46.519: invalid unclassed pointer in cast to 'GObject'

(RialtoServerGstPlayerUnitTests:7139): GLib-GObject-WARNING **: 09:00:46.586: invalid unclassed pointer in cast to 'GstPipeline'

(RialtoServerGstPlayerUnitTests:7139): GLib-GObject-WARNING **: 09:00:46.591: invalid unclassed pointer in cast to 'GstPipeline'
[       OK ] GstGenericPlayerTest.shouldSetPosition (119 ms)
[ RUN      ] GstGenericPlayerTest.shouldSetVideoGeometry

(RialtoServerGstPlayerUnitTests:7139): GLib-GObject-WARNING **: 09:00:46.626: invalid unclassed pointer in cast to 'GstBin'

(RialtoServerGstPlayerUnitTests:7139): GLib-GObject-WARNING **: 09:00:46.637: invalid unclassed pointer in cast to 'GstBin'

(RialtoServerGstPlayerUnitTests:7139): GLib-GObject-WARNING **: 09:00:46.638: invalid unclassed pointer in cast to 'GObject'

(RialtoServerGstPlayerUnitTests:7139): GLib-GObject-WARNING **: 09:00:46.710: invalid unclassed pointer in cast to 'GstPipeline'

(RialtoServerGstPlayerUnitTests:7139): GLib-GObject-WARNING **: 09:00:46.715: invalid unclassed pointer in cast to 'GstPipeline'
[       OK ] GstGenericPlayerTest.shouldSetVideoGeometry (124 ms)
[ RUN      ] GstGenericPlayerTest.shouldSetEos

(RialtoServerGstPlayerUnitTests:7139): GLib-GObject-WARNING **: 09:00:46.750: invalid unclassed pointer in cast to 'GstBin'

(RialtoServerGstPlayerUnitTests:7139): GLib-GObject-WARNING **: 09:00:46.762: invalid unclassed pointer in cast to 'GstBin'

(RialtoServerGstPlayerUnitTests:7139): GLib-GObject-WARNING **: 09:00:46.763: invalid unclassed pointer in cast to 'GObject'

(RialtoServerGstPlayerUnitTests:7139): GLib-GObject-WARNING **: 09:00:46.827: invalid unclassed pointer in cast to 'GstPipeline'

(RialtoServerGstPlayerUnitTests:7139): GLib-GObject-WARNING **: 09:00:46.832: invalid unclassed pointer in cast to 'GstPipeline'
[       OK ] GstGenericPlayerTest.shouldSetEos (117 ms)
[ RUN      ] GstGenericPlayerTest.shouldSetupSource

(RialtoServerGstPlayerUnitTests:7139): GLib-GObject-WARNING **: 09:00:46.868: invalid unclassed pointer in cast to 'GstBin'

(RialtoServerGstPlayerUnitTests:7139): GLib-GObject-WARNING **: 09:00:46.880: invalid unclassed pointer in cast to 'GstBin'

(RialtoServerGstPlayerUnitTests:7139): GLib-GObject-WARNING **: 09:00:46.881: invalid unclassed pointer in cast to 'GObject'

(RialtoServerGstPlayerUnitTests:7139): GLib-GObject-WARNING **: 09:00:46.961: invalid unclassed pointer in cast to 'GstPipeline'

(RialtoServerGstPlayerUnitTests:7139): GLib-GObject-WARNING **: 09:00:46.966: invalid unclassed pointer in cast to 'GstPipeline'
[       OK ] GstGenericPlayerTest.shouldSetupSource (133 ms)
[ RUN      ] GstGenericPlayerTest.shouldSetupElement

(RialtoServerGstPlayerUnitTests:7139): GLib-GObject-WARNING **: 09:00:47.002: invalid unclassed pointer in cast to 'GstBin'

(RialtoServerGstPlayerUnitTests:7139): GLib-GObject-WARNING **: 09:00:47.013: invalid unclassed pointer in cast to 'GstBin'

(RialtoServerGstPlayerUnitTests:7139): GLib-GObject-WARNING **: 09:00:47.014: invalid unclassed pointer in cast to 'GObject'

(RialtoServerGstPlayerUnitTests:7139): GLib-GObject-WARNING **: 09:00:47.030: invalid unclassed pointer in cast to 'GstPipeline'

(RialtoServerGstPlayerUnitTests:7139): GLib-GObject-WARNING **: 09:00:47.035: invalid unclassed pointer in cast to 'GstPipeline'
[       OK ] GstGenericPlayerTest.shouldSetupElement (58 ms)
[ RUN      ] GstGenericPlayerTest.shouldAddDeepElement

(RialtoServerGstPlayerUnitTests:7139): GLib-GObject-WARNING **: 09:00:47.061: invalid unclassed pointer in cast to 'GstBin'

(RialtoServerGstPlayerUnitTests:7139): GLib-GObject-WARNING **: 09:00:47.073: invalid unclassed pointer in cast to 'GstBin'

(RialtoServerGstPlayerUnitTests:7139): GLib-GObject-WARNING **: 09:00:47.074: invalid unclassed pointer in cast to 'GObject'

(RialtoServerGstPlayerUnitTests:7139): GLib-GObject-WARNING **: 09:00:47.154: invalid unclassed pointer in cast to 'GstPipeline'

(RialtoServerGstPlayerUnitTests:7139): GLib-GObject-WARNING **: 09:00:47.159: invalid unclassed pointer in cast to 'GstPipeline'
[       OK ] GstGenericPlayerTest.shouldAddDeepElement (133 ms)
[ RUN      ] GstGenericPlayerTest.shouldReturnInvalidPositionWhenPipelineIsBelowPausedState

(RialtoServerGstPlayerUnitTests:7139): GLib-GObject-WARNING **: 09:00:47.196: invalid unclassed pointer in cast to 'GstBin'

(RialtoServerGstPlayerUnitTests:7139): GLib-GObject-WARNING **: 09:00:47.208: invalid unclassed pointer in cast to 'GstBin'

(RialtoServerGstPlayerUnitTests:7139): GLib-GObject-WARNING **: 09:00:47.209: invalid unclassed pointer in cast to 'GObject'
0000003184.401643 WRN: SRV: < T:7139 M:GstGenericPlayer.cpp F:getPosition L:375 > GetPosition failed. Pipeline is null or state < PAUSED

(RialtoServerGstPlayerUnitTests:7139): GLib-GObject-WARNING **: 09:00:47.215: invalid unclassed pointer in cast to 'GstPipeline'

(RialtoServerGstPlayerUnitTests:7139): GLib-GObject-WARNING **: 09:00:47.221: invalid unclassed pointer in cast to 'GstPipeline'
[       OK ] GstGenericPlayerTest.shouldReturnInvalidPositionWhenPipelineIsBelowPausedState (52 ms)
[ RUN      ] GstGenericPlayerTest.shouldReturnInvalidPositionWhenQueryFails

(RialtoServerGstPlayerUnitTests:7139): GLib-GObject-WARNING **: 09:00:47.250: invalid unclassed pointer in cast to 'GstBin'

(RialtoServerGstPlayerUnitTests:7139): GLib-GObject-WARNING **: 09:00:47.262: invalid unclassed pointer in cast to 'GstBin'

(RialtoServerGstPlayerUnitTests:7139): GLib-GObject-WARNING **: 09:00:47.263: invalid unclassed pointer in cast to 'GObject'

(RialtoServerGstPlayerUnitTests:7139): GLib-GObject-WARNING **: 09:00:47.284: invalid unclassed pointer in cast to 'GstPipeline'

(RialtoServerGstPlayerUnitTests:7139): GLib-GObject-WARNING **: 09:00:47.289: invalid unclassed pointer in cast to 'GstPipeline'
[       OK ] GstGenericPlayerTest.shouldReturnInvalidPositionWhenQueryFails (70 ms)
[ RUN      ] GstGenericPlayerTest.shouldReturnPositionInPlayingState

(RialtoServerGstPlayerUnitTests:7139): GLib-GObject-WARNING **: 09:00:47.320: invalid unclassed pointer in cast to 'GstBin'

(RialtoServerGstPlayerUnitTests:7139): GLib-GObject-WARNING **: 09:00:47.332: invalid unclassed pointer in cast to 'GstBin'

(RialtoServerGstPlayerUnitTests:7139): GLib-GObject-WARNING **: 09:00:47.332: invalid unclassed pointer in cast to 'GObject'

(RialtoServerGstPlayerUnitTests:7139): GLib-GObject-WARNING **: 09:00:47.352: invalid unclassed pointer in cast to 'GstPipeline'

(RialtoServerGstPlayerUnitTests:7139): GLib-GObject-WARNING **: 09:00:47.357: invalid unclassed pointer in cast to 'GstPipeline'
[       OK ] GstGenericPlayerTest.shouldReturnPositionInPlayingState (67 ms)
[ RUN      ] GstGenericPlayerTest.shouldReturnPositionInPausedState

(RialtoServerGstPlayerUnitTests:7139): GLib-GObject-WARNING **: 09:00:47.387: invalid unclassed pointer in cast to 'GstBin'

(RialtoServerGstPlayerUnitTests:7139): GLib-GObject-WARNING **: 09:00:47.399: invalid unclassed pointer in cast to 'GstBin'

(RialtoServerGstPlayerUnitTests:7139): GLib-GObject-WARNING **: 09:00:47.400: invalid unclassed pointer in cast to 'GObject'

(RialtoServerGstPlayerUnitTests:7139): GLib-GObject-WARNING **: 09:00:47.420: invalid unclassed pointer in cast to 'GstPipeline'

(RialtoServerGstPlayerUnitTests:7139): GLib-GObject-WARNING **: 09:00:47.425: invalid unclassed pointer in cast to 'GstPipeline'
[       OK ] GstGenericPlayerTest.shouldReturnPositionInPausedState (67 ms)
[ RUN      ] GstGenericPlayerTest.shouldRenderFrame

(RialtoServerGstPlayerUnitTests:7139): GLib-GObject-WARNING **: 09:00:47.454: invalid unclassed pointer in cast to 'GstBin'

(RialtoServerGstPlayerUnitTests:7139): GLib-GObject-WARNING **: 09:00:47.466: invalid unclassed pointer in cast to 'GstBin'

(RialtoServerGstPlayerUnitTests:7139): GLib-GObject-WARNING **: 09:00:47.467: invalid unclassed pointer in cast to 'GObject'

(RialtoServerGstPlayerUnitTests:7139): GLib-GObject-WARNING **: 09:00:47.479: invalid unclassed pointer in cast to 'GstPipeline'

(RialtoServerGstPlayerUnitTests:7139): GLib-GObject-WARNING **: 09:00:47.484: invalid unclassed pointer in cast to 'GstPipeline'
[       OK ] GstGenericPlayerTest.shouldRenderFrame (55 ms)
[ RUN      ] GstGenericPlayerTest.shouldReturnVolume

(RialtoServerGstPlayerUnitTests:7139): GLib-GObject-WARNING **: 09:00:47.510: invalid unclassed pointer in cast to 'GstBin'

(RialtoServerGstPlayerUnitTests:7139): GLib-GObject-WARNING **: 09:00:47.522: invalid unclassed pointer in cast to 'GstBin'

(RialtoServerGstPlayerUnitTests:7139): GLib-GObject-WARNING **: 09:00:47.523: invalid unclassed pointer in cast to 'GObject'

(RialtoServerGstPlayerUnitTests:7139): GLib-GObject-WARNING **: 09:00:47.557: invalid unclassed pointer in cast to 'GstStreamVolume'

(RialtoServerGstPlayerUnitTests:7139): GLib-GObject-WARNING **: 09:00:47.582: invalid unclassed pointer in cast to 'GstPipeline'

(RialtoServerGstPlayerUnitTests:7139): GLib-GObject-WARNING **: 09:00:47.587: invalid unclassed pointer in cast to 'GstPipeline'
[       OK ] GstGenericPlayerTest.shouldReturnVolume (110 ms)
[ RUN      ] GstGenericPlayerTest.shouldReturnMute

(RialtoServerGstPlayerUnitTests:7139): GLib-GObject-WARNING **: 09:00:47.621: invalid unclassed pointer in cast to 'GstBin'

(RialtoServerGstPlayerUnitTests:7139): GLib-GObject-WARNING **: 09:00:47.633: invalid unclassed pointer in cast to 'GstBin'

(RialtoServerGstPlayerUnitTests:7139): GLib-GObject-WARNING **: 09:00:47.633: invalid unclassed pointer in cast to 'GObject'

(RialtoServerGstPlayerUnitTests:7139): GLib-GObject-WARNING **: 09:00:47.652: invalid unclassed pointer in cast to 'GstStreamVolume'

(RialtoServerGstPlayerUnitTests:7139): GLib-GObject-WARNING **: 09:00:47.684: invalid unclassed pointer in cast to 'GstStreamVolume'

(RialtoServerGstPlayerUnitTests:7139): GLib-GObject-WARNING **: 09:00:47.706: invalid unclassed pointer in cast to 'GstPipeline'

(RialtoServerGstPlayerUnitTests:7139): GLib-GObject-WARNING **: 09:00:47.711: invalid unclassed pointer in cast to 'GstPipeline'
[       OK ] GstGenericPlayerTest.shouldReturnMute (127 ms)
[ RUN      ] GstGenericPlayerTest.shouldMute

(RialtoServerGstPlayerUnitTests:7139): GLib-GObject-WARNING **: 09:00:47.749: invalid unclassed pointer in cast to 'GstBin'

(RialtoServerGstPlayerUnitTests:7139): GLib-GObject-WARNING **: 09:00:47.761: invalid unclassed pointer in cast to 'GstBin'

(RialtoServerGstPlayerUnitTests:7139): GLib-GObject-WARNING **: 09:00:47.761: invalid unclassed pointer in cast to 'GObject'

(RialtoServerGstPlayerUnitTests:7139): GLib-GObject-WARNING **: 09:00:47.826: invalid unclassed pointer in cast to 'GstPipeline'

(RialtoServerGstPlayerUnitTests:7139): GLib-GObject-WARNING **: 09:00:47.831: invalid unclassed pointer in cast to 'GstPipeline'
[       OK ] GstGenericPlayerTest.shouldMute (117 ms)
[----------] 23 tests from GstGenericPlayerTest (2211 ms total)

[----------] 1 test from GstDispatcherThreadClientTest
[ RUN      ] GstDispatcherThreadClientTest.shouldHandleBusMessage

(RialtoServerGstPlayerUnitTests:7139): GLib-GObject-WARNING **: 09:00:47.869: invalid unclassed pointer in cast to 'GstBin'

(RialtoServerGstPlayerUnitTests:7139): GLib-GObject-WARNING **: 09:00:47.882: invalid unclassed pointer in cast to 'GstBin'

(RialtoServerGstPlayerUnitTests:7139): GLib-GObject-WARNING **: 09:00:47.882: invalid unclassed pointer in cast to 'GObject'

(RialtoServerGstPlayerUnitTests:7139): GLib-GObject-WARNING **: 09:00:47.960: invalid unclassed pointer in cast to 'GstPipeline'

(RialtoServerGstPlayerUnitTests:7139): GLib-GObject-WARNING **: 09:00:47.966: invalid unclassed pointer in cast to 'GstPipeline'
[       OK ] GstDispatcherThreadClientTest.shouldHandleBusMessage (135 ms)
[----------] 1 test from GstDispatcherThreadClientTest (135 ms total)

[----------] 10 tests from GstCapabilitiesTest
[ RUN      ] GstCapabilitiesTest.CreateGstCapabilities_NoDecoders
0000003185.268963 WRN: SRV: < T:7139 M:GstCapabilities.cpp F:getSupportedCapsFromDecoders L:137 > Could not find any decoder
0000003185.272235 WRN: SRV: < T:7139 M:GstCapabilities.cpp F:fillSupportedMimeTypes L:117 > There are no supported caps
[       OK ] GstCapabilitiesTest.CreateGstCapabilities_NoDecoders (120 ms)
[ RUN      ] GstCapabilitiesTest.CreateGstCapabilities_OnlyOneDecoderWithNoPads
0000003185.418247 WRN: SRV: < T:7139 M:GstCapabilities.cpp F:fillSupportedMimeTypes L:117 > There are no supported caps
[       OK ] GstCapabilitiesTest.CreateGstCapabilities_OnlyOneDecoderWithNoPads (139 ms)
[ RUN      ] GstCapabilitiesTest.CreateGstCapabilities_OnlyOneDecoderWithTwoSinkPadsAndOneSrcPad
0000003185.607108 WRN: SRV: < T:7139 M:GstCapabilities.cpp F:appendSupportedCapsFromParserDecoderChains L:166 > Could not find any parser
[       OK ] GstCapabilitiesTest.CreateGstCapabilities_OnlyOneDecoderWithTwoSinkPadsAndOneSrcPad (364 ms)
[ RUN      ] GstCapabilitiesTest.CreateGstCapabilities_OnlyOneDecoderWithTwoPadsWithTheSameCaps
0000003185.840944 WRN: SRV: < T:7139 M:GstCapabilities.cpp F:appendSupportedCapsFromParserDecoderChains L:166 > Could not find any parser
[       OK ] GstCapabilitiesTest.CreateGstCapabilities_OnlyOneDecoderWithTwoPadsWithTheSameCaps (75 ms)
[ RUN      ] GstCapabilitiesTest.CreateGstCapabilities_OneDecoderWithOneSinkPad_ParserWithConnectableSrcPad
[       OK ] GstCapabilitiesTest.CreateGstCapabilities_OneDecoderWithOneSinkPad_ParserWithConnectableSrcPad (90 ms)
[ RUN      ] GstCapabilitiesTest.CreateGstCapabilities_OneDecoderWithOneSinkPad_ParserWithNoConnectableSrcPad
[       OK ] GstCapabilitiesTest.CreateGstCapabilities_OneDecoderWithOneSinkPad_ParserWithNoConnectableSrcPad (73 ms)
[ RUN      ] GstCapabilitiesTest.CreateGstCapabilities_OneDecoderWithOneSinkPad_ParserWithConnectableSrcPadButNotRialtoMimeTypes
[       OK ] GstCapabilitiesTest.CreateGstCapabilities_OneDecoderWithOneSinkPad_ParserWithConnectableSrcPadButNotRialtoMimeTypes (79 ms)
[ RUN      ] GstCapabilitiesTest.CreateGstCapabilities_TwoDecodersWithOneSinkPad_ParserWithMatchingSrcPad
[       OK ] GstCapabilitiesTest.CreateGstCapabilities_TwoDecodersWithOneSinkPad_ParserWithMatchingSrcPad (96 ms)
[ RUN      ] GstCapabilitiesTest.CreateGstCapabilities_OneDecodersWithOneSinkPad_ParserWithTwoSrcPadsAndSecondConnectable
[       OK ] GstCapabilitiesTest.CreateGstCapabilities_OneDecodersWithOneSinkPad_ParserWithTwoSrcPadsAndSecondConnectable (88 ms)
[ RUN      ] GstCapabilitiesTest.CreateGstCapabilities_OneDecodersWithOneSinkPads_TwoParsersWithConnectableSrcPads
[       OK ] GstCapabilitiesTest.CreateGstCapabilities_OneDecodersWithOneSinkPads_TwoParsersWithConnectableSrcPads (110 ms)
[----------] 10 tests from GstCapabilitiesTest (1242 ms total)

[----------] 9 tests from WebAudioPlayerTaskFactoryTest
[ RUN      ] WebAudioPlayerTaskFactoryTest.ShouldCreateSetCaps
[       OK ] WebAudioPlayerTaskFactoryTest.ShouldCreateSetCaps (25 ms)
[ RUN      ] WebAudioPlayerTaskFactoryTest.ShouldCreatePlay
[       OK ] WebAudioPlayerTaskFactoryTest.ShouldCreatePlay (13 ms)
[ RUN      ] WebAudioPlayerTaskFactoryTest.ShouldCreatePause
[       OK ] WebAudioPlayerTaskFactoryTest.ShouldCreatePause (13 ms)
[ RUN      ] WebAudioPlayerTaskFactoryTest.ShouldCreateEos
[       OK ] WebAudioPlayerTaskFactoryTest.ShouldCreateEos (14 ms)
[ RUN      ] WebAudioPlayerTaskFactoryTest.ShouldStop
[       OK ] WebAudioPlayerTaskFactoryTest.ShouldStop (13 ms)
[ RUN      ] WebAudioPlayerTaskFactoryTest.ShouldShutdown
[       OK ] WebAudioPlayerTaskFactoryTest.ShouldShutdown (13 ms)
[ RUN      ] WebAudioPlayerTaskFactoryTest.ShouldSetVolume
[       OK ] WebAudioPlayerTaskFactoryTest.ShouldSetVolume (14 ms)
[ RUN      ] WebAudioPlayerTaskFactoryTest.ShouldWriteBuffer
[       OK ] WebAudioPlayerTaskFactoryTest.ShouldWriteBuffer (15 ms)
[ RUN      ] WebAudioPlayerTaskFactoryTest.ShouldHandleBusMessage
[       OK ] WebAudioPlayerTaskFactoryTest.ShouldHandleBusMessage (15 ms)
[----------] 9 tests from WebAudioPlayerTaskFactoryTest (141 ms total)

[----------] 2 tests from WebAudioPlayTest
[ RUN      ] WebAudioPlayTest.shouldPlay
[       OK ] WebAudioPlayTest.shouldPlay (6 ms)
[ RUN      ] WebAudioPlayTest.shouldFailToPlay
0000003186.590835 ERR: SRV: < T:7139 M:Play.cpp F:execute L:42 > Failed to play the web audio player
[       OK ] WebAudioPlayTest.shouldFailToPlay (32 ms)
[----------] 2 tests from WebAudioPlayTest (39 ms total)

[----------] 2 tests from WebAudioPauseTest
[ RUN      ] WebAudioPauseTest.shouldPause
[       OK ] WebAudioPauseTest.shouldPause (5 ms)
[ RUN      ] WebAudioPauseTest.shouldFailToPause
0000003186.618415 ERR: SRV: < T:7139 M:Pause.cpp F:execute L:42 > Failed to pause the web audio player
[       OK ] WebAudioPauseTest.shouldFailToPause (6 ms)
[----------] 2 tests from WebAudioPauseTest (12 ms total)

[----------] 2 tests from WebAudioEosTest
[ RUN      ] WebAudioEosTest.shouldSetEos

(RialtoServerGstPlayerUnitTests:7139): GLib-GObject-WARNING **: 09:00:49.433: invalid unclassed pointer in cast to 'GstAppSrc'

(RialtoServerGstPlayerUnitTests:7139): GLib-GObject-WARNING **: 09:00:49.436: invalid unclassed pointer in cast to 'GstAppSrc'
[       OK ] WebAudioEosTest.shouldSetEos (13 ms)
[ RUN      ] WebAudioEosTest.shouldFailToSetEos

(RialtoServerGstPlayerUnitTests:7139): GLib-GObject-WARNING **: 09:00:49.446: invalid unclassed pointer in cast to 'GstAppSrc'

(RialtoServerGstPlayerUnitTests:7139): GLib-GObject-WARNING **: 09:00:49.449: invalid unclassed pointer in cast to 'GstAppSrc'
0000003186.639145 WRN: SRV: < T:7139 M:Eos.cpp F:execute L:43 > Set eos failed - Gstreamer error
[       OK ] WebAudioEosTest.shouldFailToSetEos (11 ms)
[----------] 2 tests from WebAudioEosTest (25 ms total)

[----------] 12 tests from WebAudioHandleBusMessageTest
[ RUN      ] WebAudioHandleBusMessageTest.shouldNotHandleMessageWithUnknownType

(RialtoServerGstPlayerUnitTests:7139): GLib-GObject-WARNING **: 09:00:49.460: invalid unclassed pointer in cast to 'GstObject'
[       OK ] WebAudioHandleBusMessageTest.shouldNotHandleMessageWithUnknownType (15 ms)
[ RUN      ] WebAudioHandleBusMessageTest.shouldNotHandleEosMessageForAnotherPipeline

(RialtoServerGstPlayerUnitTests:7139): GLib-GObject-WARNING **: 09:00:49.476: invalid unclassed pointer in cast to 'GstObject'
[       OK ] WebAudioHandleBusMessageTest.shouldNotHandleEosMessageForAnotherPipeline (12 ms)
[ RUN      ] WebAudioHandleBusMessageTest.shouldNotHandleMessageEosWhenPipelineIsNull

(RialtoServerGstPlayerUnitTests:7139): GLib-GObject-WARNING **: 09:00:49.486: invalid unclassed pointer in cast to 'GstObject'
[       OK ] WebAudioHandleBusMessageTest.shouldNotHandleMessageEosWhenPipelineIsNull (12 ms)
[ RUN      ] WebAudioHandleBusMessageTest.shouldHandleEosMessageWhenFlushFails

(RialtoServerGstPlayerUnitTests:7139): GLib-GObject-WARNING **: 09:00:49.499: invalid unclassed pointer in cast to 'GstObject'

(RialtoServerGstPlayerUnitTests:7139): GLib-GObject-WARNING **: 09:00:49.508: invalid unclassed pointer in cast to 'GstObject'
0000003186.698362 MIL: SRV: < T:7139 M:HandleBusMessage.cpp F:execute L:102 > End of stream reached.
0000003186.700262 ERR: SRV: < T:7139 M:HandleBusMessage.cpp F:execute L:112 > Failed to flush the pipeline
[       OK ] WebAudioHandleBusMessageTest.shouldHandleEosMessageWhenFlushFails (23 ms)
[ RUN      ] WebAudioHandleBusMessageTest.shouldHandleEosMessage

(RialtoServerGstPlayerUnitTests:7139): GLib-GObject-WARNING **: 09:00:49.523: invalid unclassed pointer in cast to 'GstObject'

(RialtoServerGstPlayerUnitTests:7139): GLib-GObject-WARNING **: 09:00:49.536: invalid unclassed pointer in cast to 'GstObject'
0000003186.726436 MIL: SRV: < T:7139 M:HandleBusMessage.cpp F:execute L:102 > End of stream reached.
[       OK ] WebAudioHandleBusMessageTest.shouldHandleEosMessage (28 ms)
[ RUN      ] WebAudioHandleBusMessageTest.shouldNotHandleStateChangedMessageForAnotherPipeline

(RialtoServerGstPlayerUnitTests:7139): GLib-GObject-WARNING **: 09:00:49.554: invalid unclassed pointer in cast to 'GstObject'
[       OK ] WebAudioHandleBusMessageTest.shouldNotHandleStateChangedMessageForAnotherPipeline (12 ms)
[ RUN      ] WebAudioHandleBusMessageTest.shouldNotHandleMessageStateChangedWhenPipelineIsNull

(RialtoServerGstPlayerUnitTests:7139): GLib-GObject-WARNING **: 09:00:49.564: invalid unclassed pointer in cast to 'GstObject'
[       OK ] WebAudioHandleBusMessageTest.shouldNotHandleMessageStateChangedWhenPipelineIsNull (12 ms)
[ RUN      ] WebAudioHandleBusMessageTest.shouldNotHandleStateChangedMessageWhenGstPlayerClientIsNull

(RialtoServerGstPlayerUnitTests:7139): GLib-GObject-WARNING **: 09:00:49.577: invalid unclassed pointer in cast to 'GstObject'

(RialtoServerGstPlayerUnitTests:7139): GLib-GObject-WARNING **: 09:00:49.588: invalid unclassed pointer in cast to 'GstBin'

(RialtoServerGstPlayerUnitTests:7139): GLib-GObject-WARNING **: 09:00:49.592: invalid unclassed pointer in cast to 'GstObject'

(RialtoServerGstPlayerUnitTests:7139): GLib-GObject-WARNING **: 09:00:49.597: invalid unclassed pointer in cast to 'GstBin'
[       OK ] WebAudioHandleBusMessageTest.shouldNotHandleStateChangedMessageWhenGstPlayerClientIsNull (34 ms)
[ RUN      ] WebAudioHandleBusMessageTest.shouldHandleStateChangedToPausedMessage

(RialtoServerGstPlayerUnitTests:7139): GLib-GObject-WARNING **: 09:00:49.612: invalid unclassed pointer in cast to 'GstObject'

(RialtoServerGstPlayerUnitTests:7139): GLib-GObject-WARNING **: 09:00:49.628: invalid unclassed pointer in cast to 'GstBin'

(RialtoServerGstPlayerUnitTests:7139): GLib-GObject-WARNING **: 09:00:49.635: invalid unclassed pointer in cast to 'GstObject'

(RialtoServerGstPlayerUnitTests:7139): GLib-GObject-WARNING **: 09:00:49.638: invalid unclassed pointer in cast to 'GstBin'
[       OK ] WebAudioHandleBusMessageTest.shouldHandleStateChangedToPausedMessage (39 ms)
[ RUN      ] WebAudioHandleBusMessageTest.shouldHandleStateChangedToPausedAndPendingPausedMessage

(RialtoServerGstPlayerUnitTests:7139): GLib-GObject-WARNING **: 09:00:49.652: invalid unclassed pointer in cast to 'GstObject'

(RialtoServerGstPlayerUnitTests:7139): GLib-GObject-WARNING **: 09:00:49.658: invalid unclassed pointer in cast to 'GstBin'

(RialtoServerGstPlayerUnitTests:7139): GLib-GObject-WARNING **: 09:00:49.662: invalid unclassed pointer in cast to 'GstObject'

(RialtoServerGstPlayerUnitTests:7139): GLib-GObject-WARNING **: 09:00:49.665: invalid unclassed pointer in cast to 'GstBin'
[       OK ] WebAudioHandleBusMessageTest.shouldHandleStateChangedToPausedAndPendingPausedMessage (23 ms)
[ RUN      ] WebAudioHandleBusMessageTest.shouldHandleStateChangedToPlayingMessage

(RialtoServerGstPlayerUnitTests:7139): GLib-GObject-WARNING **: 09:00:49.676: invalid unclassed pointer in cast to 'GstObject'

(RialtoServerGstPlayerUnitTests:7139): GLib-GObject-WARNING **: 09:00:49.687: invalid unclassed pointer in cast to 'GstBin'

(RialtoServerGstPlayerUnitTests:7139): GLib-GObject-WARNING **: 09:00:49.692: invalid unclassed pointer in cast to 'GstObject'

(RialtoServerGstPlayerUnitTests:7139): GLib-GObject-WARNING **: 09:00:49.695: invalid unclassed pointer in cast to 'GstBin'
[       OK ] WebAudioHandleBusMessageTest.shouldHandleStateChangedToPlayingMessage (33 ms)
[ RUN      ] WebAudioHandleBusMessageTest.shouldHandleErrorMessage
0000003186.909730 ERR: SRV: < T:7139 M:HandleBusMessage.cpp F:execute L:123 > Error from (null) - 0: (null) (Error message)
[       OK ] WebAudioHandleBusMessageTest.shouldHandleErrorMessage (23 ms)
[----------] 12 tests from WebAudioHandleBusMessageTest (275 ms total)

[----------] 1 test from WebAudioSetVolumeTest
[ RUN      ] WebAudioSetVolumeTest.shouldSetVolume

(RialtoServerGstPlayerUnitTests:7139): GLib-GObject-WARNING **: 09:00:49.737: invalid unclassed pointer in cast to 'GstStreamVolume'
[       OK ] WebAudioSetVolumeTest.shouldSetVolume (11 ms)
[----------] 1 test from WebAudioSetVolumeTest (11 ms total)

[----------] 1 test from WebAudioShutdownTest
[ RUN      ] WebAudioShutdownTest.shouldShutdown
[       OK ] WebAudioShutdownTest.shouldShutdown (4 ms)
[----------] 1 test from WebAudioShutdownTest (4 ms total)

[----------] 1 test from WebAudioStopTest
[ RUN      ] WebAudioStopTest.shouldStop
[       OK ] WebAudioStopTest.shouldStop (3 ms)
[----------] 1 test from WebAudioStopTest (3 ms total)

[----------] 6 tests from WebAudioSetCapsTest
[ RUN      ] WebAudioSetCapsTest.shouldSetCapsWithFormatF64LE

(RialtoServerGstPlayerUnitTests:7139): GLib-GObject-WARNING **: 09:00:49.817: invalid unclassed pointer in cast to 'GstAppSrc'

(RialtoServerGstPlayerUnitTests:7139): GLib-GObject-WARNING **: 09:00:49.831: invalid unclassed pointer in cast to 'GstAppSrc'

(RialtoServerGstPlayerUnitTests:7139): GLib-GObject-WARNING **: 09:00:49.882: invalid unclassed pointer in cast to 'GstAppSrc'

(RialtoServerGstPlayerUnitTests:7139): GLib-GObject-WARNING **: 09:00:49.886: invalid unclassed pointer in cast to 'GstAppSrc'
[       OK ] WebAudioSetCapsTest.shouldSetCapsWithFormatF64LE (160 ms)
[ RUN      ] WebAudioSetCapsTest.shouldSetCapsWithWithFormatS16BE

(RialtoServerGstPlayerUnitTests:7139): GLib-GObject-WARNING **: 09:00:49.921: invalid unclassed pointer in cast to 'GstAppSrc'

(RialtoServerGstPlayerUnitTests:7139): GLib-GObject-WARNING **: 09:00:49.923: invalid unclassed pointer in cast to 'GstAppSrc'

(RialtoServerGstPlayerUnitTests:7139): GLib-GObject-WARNING **: 09:00:49.930: invalid unclassed pointer in cast to 'GstAppSrc'

(RialtoServerGstPlayerUnitTests:7139): GLib-GObject-WARNING **: 09:00:49.931: invalid unclassed pointer in cast to 'GstAppSrc'
[       OK ] WebAudioSetCapsTest.shouldSetCapsWithWithFormatS16BE (27 ms)
[ RUN      ] WebAudioSetCapsTest.shouldSetCapsWithFormatU32LE

(RialtoServerGstPlayerUnitTests:7139): GLib-GObject-WARNING **: 09:00:49.949: invalid unclassed pointer in cast to 'GstAppSrc'

(RialtoServerGstPlayerUnitTests:7139): GLib-GObject-WARNING **: 09:00:49.951: invalid unclassed pointer in cast to 'GstAppSrc'

(RialtoServerGstPlayerUnitTests:7139): GLib-GObject-WARNING **: 09:00:49.956: invalid unclassed pointer in cast to 'GstAppSrc'

(RialtoServerGstPlayerUnitTests:7139): GLib-GObject-WARNING **: 09:00:49.957: invalid unclassed pointer in cast to 'GstAppSrc'
[       OK ] WebAudioSetCapsTest.shouldSetCapsWithFormatU32LE (26 ms)
[ RUN      ] WebAudioSetCapsTest.shouldSetCapsWhenAppSrcCapsNull

(RialtoServerGstPlayerUnitTests:7139): GLib-GObject-WARNING **: 09:00:49.975: invalid unclassed pointer in cast to 'GstAppSrc'

(RialtoServerGstPlayerUnitTests:7139): GLib-GObject-WARNING **: 09:00:49.989: invalid unclassed pointer in cast to 'GstAppSrc'

(RialtoServerGstPlayerUnitTests:7139): GLib-GObject-WARNING **: 09:00:49.997: invalid unclassed pointer in cast to 'GstAppSrc'

(RialtoServerGstPlayerUnitTests:7139): GLib-GObject-WARNING **: 09:00:50.000: invalid unclassed pointer in cast to 'GstAppSrc'
[       OK ] WebAudioSetCapsTest.shouldSetCapsWhenAppSrcCapsNull (45 ms)
[ RUN      ] WebAudioSetCapsTest.shouldNotSetCapsWhenInvalidMimeType
0000003187.205732 ERR: SRV: < T:7139 M:SetCaps.cpp F:createCapsFromMimeType L:160 > Invalid audio mime type invalid
[       OK ] WebAudioSetCapsTest.shouldNotSetCapsWhenInvalidMimeType (8 ms)
[ RUN      ] WebAudioSetCapsTest.shouldNotSetCapsWhenCapsEqual

(RialtoServerGstPlayerUnitTests:7139): GLib-GObject-WARNING **: 09:00:50.030: invalid unclassed pointer in cast to 'GstAppSrc'

(RialtoServerGstPlayerUnitTests:7139): GLib-GObject-WARNING **: 09:00:50.039: invalid unclassed pointer in cast to 'GstAppSrc'
[       OK ] WebAudioSetCapsTest.shouldNotSetCapsWhenCapsEqual (27 ms)
[----------] 6 tests from WebAudioSetCapsTest (297 ms total)

[----------] 8 tests from WebAudioWriteBufferTest
[ RUN      ] WebAudioWriteBufferTest.shouldWriteBufferForAllData

(RialtoServerGstPlayerUnitTests:7139): GLib-GObject-WARNING **: 09:00:50.053: invalid unclassed pointer in cast to 'GstAppSrc'

(RialtoServerGstPlayerUnitTests:7139): GLib-GObject-WARNING **: 09:00:50.118: invalid unclassed pointer in cast to 'GstAppSrc'

(RialtoServerGstPlayerUnitTests:7139): GLib-GObject-WARNING **: 09:00:50.142: invalid unclassed pointer in cast to 'GstAppSrc'

(RialtoServerGstPlayerUnitTests:7139): GLib-GObject-WARNING **: 09:00:50.176: invalid unclassed pointer in cast to 'GstAppSrc'
[       OK ] WebAudioWriteBufferTest.shouldWriteBufferForAllData (167 ms)
[ RUN      ] WebAudioWriteBufferTest.shouldWriteBufferForAllMainDataAndPartialWrapData

(RialtoServerGstPlayerUnitTests:7139): GLib-GObject-WARNING **: 09:00:50.220: invalid unclassed pointer in cast to 'GstAppSrc'

(RialtoServerGstPlayerUnitTests:7139): GLib-GObject-WARNING **: 09:00:50.241: invalid unclassed pointer in cast to 'GstAppSrc'

(RialtoServerGstPlayerUnitTests:7139): GLib-GObject-WARNING **: 09:00:50.245: invalid unclassed pointer in cast to 'GstAppSrc'

(RialtoServerGstPlayerUnitTests:7139): GLib-GObject-WARNING **: 09:00:50.249: invalid unclassed pointer in cast to 'GstAppSrc'
[       OK ] WebAudioWriteBufferTest.shouldWriteBufferForAllMainDataAndPartialWrapData (41 ms)
[ RUN      ] WebAudioWriteBufferTest.shouldWriteBufferForPartialMainDataAndNoWrapData

(RialtoServerGstPlayerUnitTests:7139): GLib-GObject-WARNING **: 09:00:50.262: invalid unclassed pointer in cast to 'GstAppSrc'

(RialtoServerGstPlayerUnitTests:7139): GLib-GObject-WARNING **: 09:00:50.272: invalid unclassed pointer in cast to 'GstAppSrc'

(RialtoServerGstPlayerUnitTests:7139): GLib-GObject-WARNING **: 09:00:50.276: invalid unclassed pointer in cast to 'GstAppSrc'

(RialtoServerGstPlayerUnitTests:7139): GLib-GObject-WARNING **: 09:00:50.278: invalid unclassed pointer in cast to 'GstAppSrc'
[       OK ] WebAudioWriteBufferTest.shouldWriteBufferForPartialMainDataAndNoWrapData (25 ms)
[ RUN      ] WebAudioWriteBufferTest.shouldNotWriteBufferIfNewAllocateFails

(RialtoServerGstPlayerUnitTests:7139): GLib-GObject-WARNING **: 09:00:50.288: invalid unclassed pointer in cast to 'GstAppSrc'

(RialtoServerGstPlayerUnitTests:7139): GLib-GObject-WARNING **: 09:00:50.306: invalid unclassed pointer in cast to 'GstAppSrc'
0000003187.500696 ERR: SRV: < T:7139 M:WriteBuffer.cpp F:execute L:89 > Failed to create the gst buffer
[       OK ] WebAudioWriteBufferTest.shouldNotWriteBufferIfNewAllocateFails (37 ms)
[ RUN      ] WebAudioWriteBufferTest.shouldWriteBufferIfBytesWrittenLessThanExpected

(RialtoServerGstPlayerUnitTests:7139): GLib-GObject-WARNING **: 09:00:50.325: invalid unclassed pointer in cast to 'GstAppSrc'

(RialtoServerGstPlayerUnitTests:7139): GLib-GObject-WARNING **: 09:00:50.340: invalid unclassed pointer in cast to 'GstAppSrc'

(RialtoServerGstPlayerUnitTests:7139): GLib-GObject-WARNING **: 09:00:50.345: invalid unclassed pointer in cast to 'GstAppSrc'
0000003187.537664 WRN: SRV: < T:7139 M:WriteBuffer.cpp F:execute L:73 > Did not write the correct number of bytes! expected 10240, actual 10239

(RialtoServerGstPlayerUnitTests:7139): GLib-GObject-WARNING **: 09:00:50.348: invalid unclassed pointer in cast to 'GstAppSrc'
[       OK ] WebAudioWriteBufferTest.shouldWriteBufferIfBytesWrittenLessThanExpected (32 ms)
[ RUN      ] WebAudioWriteBufferTest.shouldNotWriteBufferIfPushBufferFails

(RialtoServerGstPlayerUnitTests:7139): GLib-GObject-WARNING **: 09:00:50.358: invalid unclassed pointer in cast to 'GstAppSrc'

(RialtoServerGstPlayerUnitTests:7139): GLib-GObject-WARNING **: 09:00:50.371: invalid unclassed pointer in cast to 'GstAppSrc'

(RialtoServerGstPlayerUnitTests:7139): GLib-GObject-WARNING **: 09:00:50.375: invalid unclassed pointer in cast to 'GstAppSrc'

(RialtoServerGstPlayerUnitTests:7139): GLib-GObject-WARNING **: 09:00:50.378: invalid unclassed pointer in cast to 'GstAppSrc'
0000003187.568170 ERR: SRV: < T:7139 M:WriteBuffer.cpp F:execute L:80 > Failed to push the buffers to the appsrc
[       OK ] WebAudioWriteBufferTest.shouldNotWriteBufferIfPushBufferFails (30 ms)
[ RUN      ] WebAudioWriteBufferTest.shouldNotWriteBufferIfBytesToWriteLessThanBytesPerSample

(RialtoServerGstPlayerUnitTests:7139): GLib-GObject-WARNING **: 09:00:50.389: invalid unclassed pointer in cast to 'GstAppSrc'

(RialtoServerGstPlayerUnitTests:7139): GLib-GObject-WARNING **: 09:00:50.392: invalid unclassed pointer in cast to 'GstAppSrc'
[       OK ] WebAudioWriteBufferTest.shouldNotWriteBufferIfBytesToWriteLessThanBytesPerSample (12 ms)
[ RUN      ] WebAudioWriteBufferTest.shouldWriteBufferThatNotAlignedWithBytesPerSample

(RialtoServerGstPlayerUnitTests:7139): GLib-GObject-WARNING **: 09:00:50.402: invalid unclassed pointer in cast to 'GstAppSrc'

(RialtoServerGstPlayerUnitTests:7139): GLib-GObject-WARNING **: 09:00:50.416: invalid unclassed pointer in cast to 'GstAppSrc'

(RialtoServerGstPlayerUnitTests:7139): GLib-GObject-WARNING **: 09:00:50.419: invalid unclassed pointer in cast to 'GstAppSrc'

(RialtoServerGstPlayerUnitTests:7139): GLib-GObject-WARNING **: 09:00:50.421: invalid unclassed pointer in cast to 'GstAppSrc'
[       OK ] WebAudioWriteBufferTest.shouldWriteBufferThatNotAlignedWithBytesPerSample (33 ms)
[----------] 8 tests from WebAudioWriteBufferTest (383 ms total)

[----------] 16 tests from RialtoServerCreateGstWebAudioPlayerTest
[ RUN      ] RialtoServerCreateGstWebAudioPlayerTest.CreateDestroyLlamaSuccess

(RialtoServerGstPlayerUnitTests:7139): GLib-GObject-WARNING **: 09:00:50.501: invalid unclassed pointer in cast to 'GstAppSrc'

(RialtoServerGstPlayerUnitTests:7139): GLib-GObject-WARNING **: 09:00:50.513: invalid unclassed pointer in cast to 'GObject'

(RialtoServerGstPlayerUnitTests:7139): GLib-GObject-WARNING **: 09:00:50.560: invalid unclassed pointer in cast to 'GstPluginFeature'

(RialtoServerGstPlayerUnitTests:7139): GLib-GObject-WARNING **: 09:00:50.594: invalid unclassed pointer in cast to 'GstPluginFeature'

(RialtoServerGstPlayerUnitTests:7139): GLib-GObject-WARNING **: 09:00:50.597: invalid unclassed pointer in cast to 'GObject'

(RialtoServerGstPlayerUnitTests:7139): GLib-GObject-WARNING **: 09:00:50.605: invalid unclassed pointer in cast to 'GstBin'

(RialtoServerGstPlayerUnitTests:7139): GLib-GObject-WARNING **: 09:00:50.641: invalid unclassed pointer in cast to 'GstBin'

(RialtoServerGstPlayerUnitTests:7139): GLib-GObject-WARNING **: 09:00:50.644: invalid unclassed pointer in cast to 'GstBin'

(RialtoServerGstPlayerUnitTests:7139): GLib-GObject-WARNING **: 09:00:50.647: invalid unclassed pointer in cast to 'GstBin'

(RialtoServerGstPlayerUnitTests:7139): GLib-GObject-WARNING **: 09:00:50.718: invalid unclassed pointer in cast to 'GstAppSrc'

(RialtoServerGstPlayerUnitTests:7139): GLib-GObject-WARNING **: 09:00:50.771: invalid unclassed pointer in cast to 'GObject'

(RialtoServerGstPlayerUnitTests:7139): GLib-GObject-WARNING **: 09:00:50.774: invalid unclassed pointer in cast to 'GstBin'

(RialtoServerGstPlayerUnitTests:7139): GLib-GObject-WARNING **: 09:00:50.796: invalid unclassed pointer in cast to 'GstBin'

(RialtoServerGstPlayerUnitTests:7139): GLib-GObject-WARNING **: 09:00:50.797: invalid unclassed pointer in cast to 'GstBin'

(RialtoServerGstPlayerUnitTests:7139): GLib-GObject-WARNING **: 09:00:50.798: invalid unclassed pointer in cast to 'GstBin'

(RialtoServerGstPlayerUnitTests:7139): GLib-GObject-WARNING **: 09:00:50.879: invalid unclassed pointer in cast to 'GstPipeline'

(RialtoServerGstPlayerUnitTests:7139): GLib-GObject-WARNING **: 09:00:50.915: invalid unclassed pointer in cast to 'GstPipeline'
[       OK ] RialtoServerCreateGstWebAudioPlayerTest.CreateDestroyLlamaSuccess (563 ms)
[ RUN      ] RialtoServerCreateGstWebAudioPlayerTest.CreateDestroyXiOneSuccess

(RialtoServerGstPlayerUnitTests:7139): GLib-GObject-WARNING **: 09:00:51.006: invalid unclassed pointer in cast to 'GstAppSrc'

(RialtoServerGstPlayerUnitTests:7139): GLib-GObject-WARNING **: 09:00:51.007: invalid unclassed pointer in cast to 'GObject'

(RialtoServerGstPlayerUnitTests:7139): GLib-GObject-WARNING **: 09:00:51.026: invalid unclassed pointer in cast to 'GstPluginFeature'

(RialtoServerGstPlayerUnitTests:7139): GLib-GObject-WARNING **: 09:00:51.030: invalid unclassed pointer in cast to 'GstPluginFeature'

(RialtoServerGstPlayerUnitTests:7139): GLib-GObject-WARNING **: 09:00:51.033: invalid unclassed pointer in cast to 'GObject'

(RialtoServerGstPlayerUnitTests:7139): GLib-GObject-WARNING **: 09:00:51.035: invalid unclassed pointer in cast to 'GObject'

(RialtoServerGstPlayerUnitTests:7139): GLib-GObject-WARNING **: 09:00:51.038: invalid unclassed pointer in cast to 'GstBin'

(RialtoServerGstPlayerUnitTests:7139): GLib-GObject-WARNING **: 09:00:51.039: invalid unclassed pointer in cast to 'GstBin'

(RialtoServerGstPlayerUnitTests:7139): GLib-GObject-WARNING **: 09:00:51.041: invalid unclassed pointer in cast to 'GstBin'

(RialtoServerGstPlayerUnitTests:7139): GLib-GObject-WARNING **: 09:00:51.041: invalid unclassed pointer in cast to 'GstBin'

(RialtoServerGstPlayerUnitTests:7139): GLib-GObject-WARNING **: 09:00:51.048: invalid unclassed pointer in cast to 'GstAppSrc'

(RialtoServerGstPlayerUnitTests:7139): GLib-GObject-WARNING **: 09:00:51.055: invalid unclassed pointer in cast to 'GObject'

(RialtoServerGstPlayerUnitTests:7139): GLib-GObject-WARNING **: 09:00:51.056: invalid unclassed pointer in cast to 'GObject'

(RialtoServerGstPlayerUnitTests:7139): GLib-GObject-WARNING **: 09:00:51.058: invalid unclassed pointer in cast to 'GstBin'

(RialtoServerGstPlayerUnitTests:7139): GLib-GObject-WARNING **: 09:00:51.059: invalid unclassed pointer in cast to 'GstBin'

(RialtoServerGstPlayerUnitTests:7139): GLib-GObject-WARNING **: 09:00:51.059: invalid unclassed pointer in cast to 'GstBin'

(RialtoServerGstPlayerUnitTests:7139): GLib-GObject-WARNING **: 09:00:51.060: invalid unclassed pointer in cast to 'GstBin'

(RialtoServerGstPlayerUnitTests:7139): GLib-GObject-WARNING **: 09:00:51.068: invalid unclassed pointer in cast to 'GstPipeline'

(RialtoServerGstPlayerUnitTests:7139): GLib-GObject-WARNING **: 09:00:51.073: invalid unclassed pointer in cast to 'GstPipeline'
[       OK ] RialtoServerCreateGstWebAudioPlayerTest.CreateDestroyXiOneSuccess (92 ms)
[ RUN      ] RialtoServerCreateGstWebAudioPlayerTest.CreateDestroyGenericPlatformsSuccess

(RialtoServerGstPlayerUnitTests:7139): GLib-GObject-WARNING **: 09:00:51.098: invalid unclassed pointer in cast to 'GstAppSrc'

(RialtoServerGstPlayerUnitTests:7139): GLib-GObject-WARNING **: 09:00:51.099: invalid unclassed pointer in cast to 'GObject'

(RialtoServerGstPlayerUnitTests:7139): GLib-GObject-WARNING **: 09:00:51.111: invalid unclassed pointer in cast to 'GstBin'

(RialtoServerGstPlayerUnitTests:7139): GLib-GObject-WARNING **: 09:00:51.113: invalid unclassed pointer in cast to 'GstBin'

(RialtoServerGstPlayerUnitTests:7139): GLib-GObject-WARNING **: 09:00:51.114: invalid unclassed pointer in cast to 'GstBin'

(RialtoServerGstPlayerUnitTests:7139): GLib-GObject-WARNING **: 09:00:51.115: invalid unclassed pointer in cast to 'GstBin'

(RialtoServerGstPlayerUnitTests:7139): GLib-GObject-WARNING **: 09:00:51.121: invalid unclassed pointer in cast to 'GstAppSrc'

(RialtoServerGstPlayerUnitTests:7139): GLib-GObject-WARNING **: 09:00:51.124: invalid unclassed pointer in cast to 'GstBin'

(RialtoServerGstPlayerUnitTests:7139): GLib-GObject-WARNING **: 09:00:51.125: invalid unclassed pointer in cast to 'GstBin'

(RialtoServerGstPlayerUnitTests:7139): GLib-GObject-WARNING **: 09:00:51.126: invalid unclassed pointer in cast to 'GstBin'

(RialtoServerGstPlayerUnitTests:7139): GLib-GObject-WARNING **: 09:00:51.127: invalid unclassed pointer in cast to 'GstBin'

(RialtoServerGstPlayerUnitTests:7139): GLib-GObject-WARNING **: 09:00:51.135: invalid unclassed pointer in cast to 'GstPipeline'

(RialtoServerGstPlayerUnitTests:7139): GLib-GObject-WARNING **: 09:00:51.140: invalid unclassed pointer in cast to 'GstPipeline'
[       OK ] RialtoServerCreateGstWebAudioPlayerTest.CreateDestroyGenericPlatformsSuccess (63 ms)
[ RUN      ] RialtoServerCreateGstWebAudioPlayerTest.getGstSrcFailure
[       OK ] RialtoServerCreateGstWebAudioPlayerTest.getGstSrcFailure (16 ms)
[ RUN      ] RialtoServerCreateGstWebAudioPlayerTest.createWorkerThreadFailure
[       OK ] RialtoServerCreateGstWebAudioPlayerTest.createWorkerThreadFailure (33 ms)
[ RUN      ] RialtoServerCreateGstWebAudioPlayerTest.createPipelineFailure
0000003188.421489 ERR: SRV: < T:7139 M:GstWebAudioPlayer.cpp F:initWebAudioPipeline L:149 > Failed to create the webaudiopipeline
[       OK ] RialtoServerCreateGstWebAudioPlayerTest.createPipelineFailure (41 ms)
[ RUN      ] RialtoServerCreateGstWebAudioPlayerTest.createAppSrcFailure

(RialtoServerGstPlayerUnitTests:7139): GLib-GObject-WARNING **: 09:00:51.270: invalid unclassed pointer in cast to 'GstPipeline'
0000003188.495312 ERR: SRV: < T:7139 M:GstWebAudioPlayer.cpp F:initWebAudioPipeline L:157 > Failed to create the appsrc

(RialtoServerGstPlayerUnitTests:7139): GLib-GObject-WARNING **: 09:00:51.307: invalid unclassed pointer in cast to 'GstPipeline'
[       OK ] RialtoServerCreateGstWebAudioPlayerTest.createAppSrcFailure (94 ms)
[ RUN      ] RialtoServerCreateGstWebAudioPlayerTest.getRegistryFailure

(RialtoServerGstPlayerUnitTests:7139): GLib-GObject-WARNING **: 09:00:51.351: invalid unclassed pointer in cast to 'GstAppSrc'

(RialtoServerGstPlayerUnitTests:7139): GLib-GObject-WARNING **: 09:00:51.352: invalid unclassed pointer in cast to 'GObject'

(RialtoServerGstPlayerUnitTests:7139): GLib-GObject-WARNING **: 09:00:51.379: invalid unclassed pointer in cast to 'GstPipeline'

(RialtoServerGstPlayerUnitTests:7139): GLib-GObject-WARNING **: 09:00:51.385: invalid unclassed pointer in cast to 'GstAppSrc'
0000003188.577856 ERR: SRV: < T:7139 M:GstWebAudioPlayer.cpp F:initWebAudioPipeline L:168 > Failed get the gst registry

(RialtoServerGstPlayerUnitTests:7139): GLib-GObject-WARNING **: 09:00:51.389: invalid unclassed pointer in cast to 'GstPipeline'
[       OK ] RialtoServerCreateGstWebAudioPlayerTest.getRegistryFailure (65 ms)
[ RUN      ] RialtoServerCreateGstWebAudioPlayerTest.createAmlhalaSinkFailure

(RialtoServerGstPlayerUnitTests:7139): GLib-GObject-WARNING **: 09:00:51.414: invalid unclassed pointer in cast to 'GstAppSrc'

(RialtoServerGstPlayerUnitTests:7139): GLib-GObject-WARNING **: 09:00:51.415: invalid unclassed pointer in cast to 'GObject'

(RialtoServerGstPlayerUnitTests:7139): GLib-GObject-WARNING **: 09:00:51.421: invalid unclassed pointer in cast to 'GstPluginFeature'

(RialtoServerGstPlayerUnitTests:7139): GLib-GObject-WARNING **: 09:00:51.422: invalid unclassed pointer in cast to 'GstPluginFeature'

(RialtoServerGstPlayerUnitTests:7139): GLib-GObject-WARNING **: 09:00:51.430: invalid unclassed pointer in cast to 'GstPipeline'

(RialtoServerGstPlayerUnitTests:7139): GLib-GObject-WARNING **: 09:00:51.435: invalid unclassed pointer in cast to 'GstAppSrc'
0000003188.626913 ERR: SRV: < T:7139 M:GstWebAudioPlayer.cpp F:createAmlhalaSink L:205 > Failed create the amlhalasink

(RialtoServerGstPlayerUnitTests:7139): GLib-GObject-WARNING **: 09:00:51.439: invalid unclassed pointer in cast to 'GstPipeline'
[       OK ] RialtoServerCreateGstWebAudioPlayerTest.createAmlhalaSinkFailure (46 ms)
[ RUN      ] RialtoServerCreateGstWebAudioPlayerTest.createRtkAudioSinkFailure

(RialtoServerGstPlayerUnitTests:7139): GLib-GObject-WARNING **: 09:00:51.461: invalid unclassed pointer in cast to 'GstAppSrc'

(RialtoServerGstPlayerUnitTests:7139): GLib-GObject-WARNING **: 09:00:51.462: invalid unclassed pointer in cast to 'GObject'

(RialtoServerGstPlayerUnitTests:7139): GLib-GObject-WARNING **: 09:00:51.472: invalid unclassed pointer in cast to 'GstPluginFeature'

(RialtoServerGstPlayerUnitTests:7139): GLib-GObject-WARNING **: 09:00:51.476: invalid unclassed pointer in cast to 'GstPluginFeature'

(RialtoServerGstPlayerUnitTests:7139): GLib-GObject-WARNING **: 09:00:51.482: invalid unclassed pointer in cast to 'GstPipeline'

(RialtoServerGstPlayerUnitTests:7139): GLib-GObject-WARNING **: 09:00:51.488: invalid unclassed pointer in cast to 'GstAppSrc'
0000003188.680367 ERR: SRV: < T:7139 M:GstWebAudioPlayer.cpp F:createRtkAudioSink L:218 > Failed create the rtkaudiosink

(RialtoServerGstPlayerUnitTests:7139): GLib-GObject-WARNING **: 09:00:51.492: invalid unclassed pointer in cast to 'GstPipeline'
[       OK ] RialtoServerCreateGstWebAudioPlayerTest.createRtkAudioSinkFailure (54 ms)
[ RUN      ] RialtoServerCreateGstWebAudioPlayerTest.createAudioConvertFailure

(RialtoServerGstPlayerUnitTests:7139): GLib-GObject-WARNING **: 09:00:51.516: invalid unclassed pointer in cast to 'GstAppSrc'

(RialtoServerGstPlayerUnitTests:7139): GLib-GObject-WARNING **: 09:00:51.517: invalid unclassed pointer in cast to 'GObject'

(RialtoServerGstPlayerUnitTests:7139): GLib-GObject-WARNING **: 09:00:51.520: invalid unclassed pointer in cast to 'GstPluginFeature'

(RialtoServerGstPlayerUnitTests:7139): GLib-GObject-WARNING **: 09:00:51.521: invalid unclassed pointer in cast to 'GstPluginFeature'

(RialtoServerGstPlayerUnitTests:7139): GLib-GObject-WARNING **: 09:00:51.525: invalid unclassed pointer in cast to 'GObject'

(RialtoServerGstPlayerUnitTests:7139): GLib-GObject-WARNING **: 09:00:51.527: invalid unclassed pointer in cast to 'GObject'

(RialtoServerGstPlayerUnitTests:7139): GLib-GObject-WARNING **: 09:00:51.535: invalid unclassed pointer in cast to 'GstPipeline'

(RialtoServerGstPlayerUnitTests:7139): GLib-GObject-WARNING **: 09:00:51.541: invalid unclassed pointer in cast to 'GstAppSrc'

(RialtoServerGstPlayerUnitTests:7139): GLib-GObject-WARNING **: 09:00:51.544: invalid unclassed pointer in cast to 'GObject'

(RialtoServerGstPlayerUnitTests:7139): GLib-GObject-WARNING **: 09:00:51.545: invalid unclassed pointer in cast to 'GObject'
0000003188.735870 ERR: SRV: < T:7139 M:GstWebAudioPlayer.cpp F:linkElementsToSrc L:247 > Failed create the audioconvert

(RialtoServerGstPlayerUnitTests:7139): GLib-GObject-WARNING **: 09:00:51.547: invalid unclassed pointer in cast to 'GstPipeline'
[       OK ] RialtoServerCreateGstWebAudioPlayerTest.createAudioConvertFailure (53 ms)
[ RUN      ] RialtoServerCreateGstWebAudioPlayerTest.createAudioResampleFailure

(RialtoServerGstPlayerUnitTests:7139): GLib-GObject-WARNING **: 09:00:51.570: invalid unclassed pointer in cast to 'GstPluginFeature'

(RialtoServerGstPlayerUnitTests:7139): GLib-GObject-WARNING **: 09:00:51.571: invalid unclassed pointer in cast to 'GstPluginFeature'

(RialtoServerGstPlayerUnitTests:7139): GLib-GObject-WARNING **: 09:00:51.574: invalid unclassed pointer in cast to 'GstAppSrc'

(RialtoServerGstPlayerUnitTests:7139): GLib-GObject-WARNING **: 09:00:51.575: invalid unclassed pointer in cast to 'GObject'

(RialtoServerGstPlayerUnitTests:7139): GLib-GObject-WARNING **: 09:00:51.578: invalid unclassed pointer in cast to 'GObject'

(RialtoServerGstPlayerUnitTests:7139): GLib-GObject-WARNING **: 09:00:51.581: invalid unclassed pointer in cast to 'GObject'

(RialtoServerGstPlayerUnitTests:7139): GLib-GObject-WARNING **: 09:00:51.591: invalid unclassed pointer in cast to 'GstPipeline'

(RialtoServerGstPlayerUnitTests:7139): GLib-GObject-WARNING **: 09:00:51.597: invalid unclassed pointer in cast to 'GstAppSrc'

(RialtoServerGstPlayerUnitTests:7139): GLib-GObject-WARNING **: 09:00:51.600: invalid unclassed pointer in cast to 'GObject'

(RialtoServerGstPlayerUnitTests:7139): GLib-GObject-WARNING **: 09:00:51.600: invalid unclassed pointer in cast to 'GObject'
0000003188.792085 ERR: SRV: < T:7139 M:GstWebAudioPlayer.cpp F:linkElementsToSrc L:253 > Failed create the audioresample

(RialtoServerGstPlayerUnitTests:7139): GLib-GObject-WARNING **: 09:00:51.603: invalid unclassed pointer in cast to 'GstPipeline'
[       OK ] RialtoServerCreateGstWebAudioPlayerTest.createAudioResampleFailure (55 ms)
[ RUN      ] RialtoServerCreateGstWebAudioPlayerTest.linkAudioSinkBinFailure

(RialtoServerGstPlayerUnitTests:7139): GLib-GObject-WARNING **: 09:00:51.626: invalid unclassed pointer in cast to 'GstAppSrc'

(RialtoServerGstPlayerUnitTests:7139): GLib-GObject-WARNING **: 09:00:51.627: invalid unclassed pointer in cast to 'GObject'

(RialtoServerGstPlayerUnitTests:7139): GLib-GObject-WARNING **: 09:00:51.636: invalid unclassed pointer in cast to 'GstBin'

(RialtoServerGstPlayerUnitTests:7139): GLib-GObject-WARNING **: 09:00:51.639: invalid unclassed pointer in cast to 'GstBin'

(RialtoServerGstPlayerUnitTests:7139): GLib-GObject-WARNING **: 09:00:51.642: invalid unclassed pointer in cast to 'GstBin'

(RialtoServerGstPlayerUnitTests:7139): GLib-GObject-WARNING **: 09:00:51.645: invalid unclassed pointer in cast to 'GstBin'

(RialtoServerGstPlayerUnitTests:7139): GLib-GObject-WARNING **: 09:00:51.663: invalid unclassed pointer in cast to 'GstPipeline'

(RialtoServerGstPlayerUnitTests:7139): GLib-GObject-WARNING **: 09:00:51.669: invalid unclassed pointer in cast to 'GstAppSrc'

(RialtoServerGstPlayerUnitTests:7139): GLib-GObject-WARNING **: 09:00:51.673: invalid unclassed pointer in cast to 'GstBin'

(RialtoServerGstPlayerUnitTests:7139): GLib-GObject-WARNING **: 09:00:51.674: invalid unclassed pointer in cast to 'GstBin'

(RialtoServerGstPlayerUnitTests:7139): GLib-GObject-WARNING **: 09:00:51.675: invalid unclassed pointer in cast to 'GstBin'

(RialtoServerGstPlayerUnitTests:7139): GLib-GObject-WARNING **: 09:00:51.675: invalid unclassed pointer in cast to 'GstBin'
0000003188.868117 ERR: SRV: < T:7139 M:GstWebAudioPlayer.cpp F:linkElementsToSrc L:262 > Failed to add elements to the bin

(RialtoServerGstPlayerUnitTests:7139): GLib-GObject-WARNING **: 09:00:51.680: invalid unclassed pointer in cast to 'GstPipeline'
[       OK ] RialtoServerCreateGstWebAudioPlayerTest.linkAudioSinkBinFailure (81 ms)
[ RUN      ] RialtoServerCreateGstWebAudioPlayerTest.linkElementFailure

(RialtoServerGstPlayerUnitTests:7139): GLib-GObject-WARNING **: 09:00:51.707: invalid unclassed pointer in cast to 'GstAppSrc'

(RialtoServerGstPlayerUnitTests:7139): GLib-GObject-WARNING **: 09:00:51.708: invalid unclassed pointer in cast to 'GObject'

(RialtoServerGstPlayerUnitTests:7139): GLib-GObject-WARNING **: 09:00:51.718: invalid unclassed pointer in cast to 'GstBin'

(RialtoServerGstPlayerUnitTests:7139): GLib-GObject-WARNING **: 09:00:51.721: invalid unclassed pointer in cast to 'GstBin'

(RialtoServerGstPlayerUnitTests:7139): GLib-GObject-WARNING **: 09:00:51.724: invalid unclassed pointer in cast to 'GstBin'

(RialtoServerGstPlayerUnitTests:7139): GLib-GObject-WARNING **: 09:00:51.727: invalid unclassed pointer in cast to 'GstBin'

(RialtoServerGstPlayerUnitTests:7139): GLib-GObject-WARNING **: 09:00:51.748: invalid unclassed pointer in cast to 'GstPipeline'

(RialtoServerGstPlayerUnitTests:7139): GLib-GObject-WARNING **: 09:00:51.754: invalid unclassed pointer in cast to 'GstAppSrc'

(RialtoServerGstPlayerUnitTests:7139): GLib-GObject-WARNING **: 09:00:51.757: invalid unclassed pointer in cast to 'GstBin'

(RialtoServerGstPlayerUnitTests:7139): GLib-GObject-WARNING **: 09:00:51.758: invalid unclassed pointer in cast to 'GstBin'

(RialtoServerGstPlayerUnitTests:7139): GLib-GObject-WARNING **: 09:00:51.759: invalid unclassed pointer in cast to 'GstBin'

(RialtoServerGstPlayerUnitTests:7139): GLib-GObject-WARNING **: 09:00:51.760: invalid unclassed pointer in cast to 'GstBin'
0000003188.952852 ERR: SRV: < T:7139 M:GstWebAudioPlayer.cpp F:linkElementsToSrc L:269 > Failed to link elements

(RialtoServerGstPlayerUnitTests:7139): GLib-GObject-WARNING **: 09:00:51.764: invalid unclassed pointer in cast to 'GstPipeline'
[       OK ] RialtoServerCreateGstWebAudioPlayerTest.linkElementFailure (83 ms)
[ RUN      ] RialtoServerCreateGstWebAudioPlayerTest.createAutoAudioSinkFailure

(RialtoServerGstPlayerUnitTests:7139): GLib-GObject-WARNING **: 09:00:51.791: invalid unclassed pointer in cast to 'GstAppSrc'

(RialtoServerGstPlayerUnitTests:7139): GLib-GObject-WARNING **: 09:00:51.792: invalid unclassed pointer in cast to 'GObject'

(RialtoServerGstPlayerUnitTests:7139): GLib-GObject-WARNING **: 09:00:51.808: invalid unclassed pointer in cast to 'GstPipeline'

(RialtoServerGstPlayerUnitTests:7139): GLib-GObject-WARNING **: 09:00:51.813: invalid unclassed pointer in cast to 'GstAppSrc'
0000003189.006243 ERR: SRV: < T:7139 M:GstWebAudioPlayer.cpp F:createAutoSink L:232 > Failed create the autoaudiosink

(RialtoServerGstPlayerUnitTests:7139): GLib-GObject-WARNING **: 09:00:51.818: invalid unclassed pointer in cast to 'GstPipeline'
[       OK ] RialtoServerCreateGstWebAudioPlayerTest.createAutoAudioSinkFailure (49 ms)
[ RUN      ] RialtoServerCreateGstWebAudioPlayerTest.createGstDispatcherThreadFailure

(RialtoServerGstPlayerUnitTests:7139): GLib-GObject-WARNING **: 09:00:51.840: invalid unclassed pointer in cast to 'GstAppSrc'

(RialtoServerGstPlayerUnitTests:7139): GLib-GObject-WARNING **: 09:00:51.841: invalid unclassed pointer in cast to 'GObject'

(RialtoServerGstPlayerUnitTests:7139): GLib-GObject-WARNING **: 09:00:51.846: invalid unclassed pointer in cast to 'GstBin'

(RialtoServerGstPlayerUnitTests:7139): GLib-GObject-WARNING **: 09:00:51.847: invalid unclassed pointer in cast to 'GstBin'

(RialtoServerGstPlayerUnitTests:7139): GLib-GObject-WARNING **: 09:00:51.848: invalid unclassed pointer in cast to 'GstBin'

(RialtoServerGstPlayerUnitTests:7139): GLib-GObject-WARNING **: 09:00:51.849: invalid unclassed pointer in cast to 'GstBin'

(RialtoServerGstPlayerUnitTests:7139): GLib-GObject-WARNING **: 09:00:51.872: invalid unclassed pointer in cast to 'GstPipeline'

(RialtoServerGstPlayerUnitTests:7139): GLib-GObject-WARNING **: 09:00:51.877: invalid unclassed pointer in cast to 'GstAppSrc'

(RialtoServerGstPlayerUnitTests:7139): GLib-GObject-WARNING **: 09:00:51.880: invalid unclassed pointer in cast to 'GstBin'

(RialtoServerGstPlayerUnitTests:7139): GLib-GObject-WARNING **: 09:00:51.881: invalid unclassed pointer in cast to 'GstBin'

(RialtoServerGstPlayerUnitTests:7139): GLib-GObject-WARNING **: 09:00:51.882: invalid unclassed pointer in cast to 'GstBin'

(RialtoServerGstPlayerUnitTests:7139): GLib-GObject-WARNING **: 09:00:51.882: invalid unclassed pointer in cast to 'GstBin'

(RialtoServerGstPlayerUnitTests:7139): GLib-GObject-WARNING **: 09:00:51.890: invalid unclassed pointer in cast to 'GstPipeline'
[       OK ] RialtoServerCreateGstWebAudioPlayerTest.createGstDispatcherThreadFailure (77 ms)
[----------] 16 tests from RialtoServerCreateGstWebAudioPlayerTest (1478 ms total)

[----------] 3 tests from GstWebAudioPlayerPrivateTest
[ RUN      ] GstWebAudioPlayerPrivateTest.shouldFailToChangePlaybackStateWhenSetStateFails

(RialtoServerGstPlayerUnitTests:7139): GLib-GObject-WARNING **: 09:00:51.920: invalid unclassed pointer in cast to 'GstAppSrc'

(RialtoServerGstPlayerUnitTests:7139): GLib-GObject-WARNING **: 09:00:51.921: invalid unclassed pointer in cast to 'GObject'

(RialtoServerGstPlayerUnitTests:7139): GLib-GObject-WARNING **: 09:00:51.926: invalid unclassed pointer in cast to 'GstBin'

(RialtoServerGstPlayerUnitTests:7139): GLib-GObject-WARNING **: 09:00:51.927: invalid unclassed pointer in cast to 'GstBin'

(RialtoServerGstPlayerUnitTests:7139): GLib-GObject-WARNING **: 09:00:51.928: invalid unclassed pointer in cast to 'GstBin'

(RialtoServerGstPlayerUnitTests:7139): GLib-GObject-WARNING **: 09:00:51.929: invalid unclassed pointer in cast to 'GstBin'

(RialtoServerGstPlayerUnitTests:7139): GLib-GObject-WARNING **: 09:00:51.935: invalid unclassed pointer in cast to 'GstAppSrc'

(RialtoServerGstPlayerUnitTests:7139): GLib-GObject-WARNING **: 09:00:51.938: invalid unclassed pointer in cast to 'GstBin'

(RialtoServerGstPlayerUnitTests:7139): GLib-GObject-WARNING **: 09:00:51.939: invalid unclassed pointer in cast to 'GstBin'

(RialtoServerGstPlayerUnitTests:7139): GLib-GObject-WARNING **: 09:00:51.940: invalid unclassed pointer in cast to 'GstBin'

(RialtoServerGstPlayerUnitTests:7139): GLib-GObject-WARNING **: 09:00:51.941: invalid unclassed pointer in cast to 'GstBin'
0000003189.141739 ERR: SRV: < T:7139 M:GstWebAudioPlayer.cpp F:changePipelineState L:359 > Change state failed - Gstreamer returned an error

(RialtoServerGstPlayerUnitTests:7139): GLib-GObject-WARNING **: 09:00:51.957: invalid unclassed pointer in cast to 'GstPipeline'

(RialtoServerGstPlayerUnitTests:7139): GLib-GObject-WARNING **: 09:00:51.963: invalid unclassed pointer in cast to 'GstPipeline'
[       OK ] GstWebAudioPlayerPrivateTest.shouldFailToChangePlaybackStateWhenSetStateFails (66 ms)
[ RUN      ] GstWebAudioPlayerPrivateTest.shouldChangePlaybackState

(RialtoServerGstPlayerUnitTests:7139): GLib-GObject-WARNING **: 09:00:51.985: invalid unclassed pointer in cast to 'GstAppSrc'

(RialtoServerGstPlayerUnitTests:7139): GLib-GObject-WARNING **: 09:00:51.986: invalid unclassed pointer in cast to 'GObject'

(RialtoServerGstPlayerUnitTests:7139): GLib-GObject-WARNING **: 09:00:51.991: invalid unclassed pointer in cast to 'GstBin'

(RialtoServerGstPlayerUnitTests:7139): GLib-GObject-WARNING **: 09:00:51.992: invalid unclassed pointer in cast to 'GstBin'

(RialtoServerGstPlayerUnitTests:7139): GLib-GObject-WARNING **: 09:00:51.993: invalid unclassed pointer in cast to 'GstBin'

(RialtoServerGstPlayerUnitTests:7139): GLib-GObject-WARNING **: 09:00:51.994: invalid unclassed pointer in cast to 'GstBin'

(RialtoServerGstPlayerUnitTests:7139): GLib-GObject-WARNING **: 09:00:51.999: invalid unclassed pointer in cast to 'GstAppSrc'

(RialtoServerGstPlayerUnitTests:7139): GLib-GObject-WARNING **: 09:00:52.002: invalid unclassed pointer in cast to 'GstBin'

(RialtoServerGstPlayerUnitTests:7139): GLib-GObject-WARNING **: 09:00:52.003: invalid unclassed pointer in cast to 'GstBin'

(RialtoServerGstPlayerUnitTests:7139): GLib-GObject-WARNING **: 09:00:52.004: invalid unclassed pointer in cast to 'GstBin'

(RialtoServerGstPlayerUnitTests:7139): GLib-GObject-WARNING **: 09:00:52.005: invalid unclassed pointer in cast to 'GstBin'

(RialtoServerGstPlayerUnitTests:7139): GLib-GObject-WARNING **: 09:00:52.015: invalid unclassed pointer in cast to 'GstPipeline'

(RialtoServerGstPlayerUnitTests:7139): GLib-GObject-WARNING **: 09:00:52.021: invalid unclassed pointer in cast to 'GstPipeline'
[       OK ] GstWebAudioPlayerPrivateTest.shouldChangePlaybackState (55 ms)
[ RUN      ] GstWebAudioPlayerPrivateTest.shouldStopWorkerThread

(RialtoServerGstPlayerUnitTests:7139): GLib-GObject-WARNING **: 09:00:52.041: invalid unclassed pointer in cast to 'GstAppSrc'

(RialtoServerGstPlayerUnitTests:7139): GLib-GObject-WARNING **: 09:00:52.042: invalid unclassed pointer in cast to 'GObject'

(RialtoServerGstPlayerUnitTests:7139): GLib-GObject-WARNING **: 09:00:52.047: invalid unclassed pointer in cast to 'GstBin'

(RialtoServerGstPlayerUnitTests:7139): GLib-GObject-WARNING **: 09:00:52.048: invalid unclassed pointer in cast to 'GstBin'

(RialtoServerGstPlayerUnitTests:7139): GLib-GObject-WARNING **: 09:00:52.049: invalid unclassed pointer in cast to 'GstBin'

(RialtoServerGstPlayerUnitTests:7139): GLib-GObject-WARNING **: 09:00:52.050: invalid unclassed pointer in cast to 'GstBin'

(RialtoServerGstPlayerUnitTests:7139): GLib-GObject-WARNING **: 09:00:52.055: invalid unclassed pointer in cast to 'GstAppSrc'

(RialtoServerGstPlayerUnitTests:7139): GLib-GObject-WARNING **: 09:00:52.058: invalid unclassed pointer in cast to 'GstBin'

(RialtoServerGstPlayerUnitTests:7139): GLib-GObject-WARNING **: 09:00:52.059: invalid unclassed pointer in cast to 'GstBin'

(RialtoServerGstPlayerUnitTests:7139): GLib-GObject-WARNING **: 09:00:52.060: invalid unclassed pointer in cast to 'GstBin'

(RialtoServerGstPlayerUnitTests:7139): GLib-GObject-WARNING **: 09:00:52.061: invalid unclassed pointer in cast to 'GstBin'

(RialtoServerGstPlayerUnitTests:7139): GLib-GObject-WARNING **: 09:00:52.069: invalid unclassed pointer in cast to 'GstPipeline'

(RialtoServerGstPlayerUnitTests:7139): GLib-GObject-WARNING **: 09:00:52.074: invalid unclassed pointer in cast to 'GstPipeline'
[       OK ] GstWebAudioPlayerPrivateTest.shouldStopWorkerThread (53 ms)
[----------] 3 tests from GstWebAudioPlayerPrivateTest (175 ms total)

[----------] 1 test from WebAudioGstDispatcherThreadClientTest
[ RUN      ] WebAudioGstDispatcherThreadClientTest.shouldHandleBusMessage

(RialtoServerGstPlayerUnitTests:7139): GLib-GObject-WARNING **: 09:00:52.095: invalid unclassed pointer in cast to 'GstAppSrc'

(RialtoServerGstPlayerUnitTests:7139): GLib-GObject-WARNING **: 09:00:52.096: invalid unclassed pointer in cast to 'GObject'

(RialtoServerGstPlayerUnitTests:7139): GLib-GObject-WARNING **: 09:00:52.101: invalid unclassed pointer in cast to 'GstBin'

(RialtoServerGstPlayerUnitTests:7139): GLib-GObject-WARNING **: 09:00:52.102: invalid unclassed pointer in cast to 'GstBin'

(RialtoServerGstPlayerUnitTests:7139): GLib-GObject-WARNING **: 09:00:52.103: invalid unclassed pointer in cast to 'GstBin'

(RialtoServerGstPlayerUnitTests:7139): GLib-GObject-WARNING **: 09:00:52.104: invalid unclassed pointer in cast to 'GstBin'

(RialtoServerGstPlayerUnitTests:7139): GLib-GObject-WARNING **: 09:00:52.109: invalid unclassed pointer in cast to 'GstAppSrc'

(RialtoServerGstPlayerUnitTests:7139): GLib-GObject-WARNING **: 09:00:52.112: invalid unclassed pointer in cast to 'GstBin'

(RialtoServerGstPlayerUnitTests:7139): GLib-GObject-WARNING **: 09:00:52.113: invalid unclassed pointer in cast to 'GstBin'

(RialtoServerGstPlayerUnitTests:7139): GLib-GObject-WARNING **: 09:00:52.114: invalid unclassed pointer in cast to 'GstBin'

(RialtoServerGstPlayerUnitTests:7139): GLib-GObject-WARNING **: 09:00:52.115: invalid unclassed pointer in cast to 'GstBin'

(RialtoServerGstPlayerUnitTests:7139): GLib-GObject-WARNING **: 09:00:52.198: invalid unclassed pointer in cast to 'GstPipeline'

(RialtoServerGstPlayerUnitTests:7139): GLib-GObject-WARNING **: 09:00:52.204: invalid unclassed pointer in cast to 'GstPipeline'
[       OK ] WebAudioGstDispatcherThreadClientTest.shouldHandleBusMessage (137 ms)
[----------] 1 test from WebAudioGstDispatcherThreadClientTest (137 ms total)

[----------] 9 tests from GstWebAudioPlayerTest
[ RUN      ] GstWebAudioPlayerTest.shouldSetCaps

(RialtoServerGstPlayerUnitTests:7139): GLib-GObject-WARNING **: 09:00:52.234: invalid unclassed pointer in cast to 'GstAppSrc'

(RialtoServerGstPlayerUnitTests:7139): GLib-GObject-WARNING **: 09:00:52.235: invalid unclassed pointer in cast to 'GObject'

(RialtoServerGstPlayerUnitTests:7139): GLib-GObject-WARNING **: 09:00:52.239: invalid unclassed pointer in cast to 'GstBin'

(RialtoServerGstPlayerUnitTests:7139): GLib-GObject-WARNING **: 09:00:52.241: invalid unclassed pointer in cast to 'GstBin'

(RialtoServerGstPlayerUnitTests:7139): GLib-GObject-WARNING **: 09:00:52.242: invalid unclassed pointer in cast to 'GstBin'

(RialtoServerGstPlayerUnitTests:7139): GLib-GObject-WARNING **: 09:00:52.242: invalid unclassed pointer in cast to 'GstBin'

(RialtoServerGstPlayerUnitTests:7139): GLib-GObject-WARNING **: 09:00:52.248: invalid unclassed pointer in cast to 'GstAppSrc'

(RialtoServerGstPlayerUnitTests:7139): GLib-GObject-WARNING **: 09:00:52.251: invalid unclassed pointer in cast to 'GstBin'

(RialtoServerGstPlayerUnitTests:7139): GLib-GObject-WARNING **: 09:00:52.252: invalid unclassed pointer in cast to 'GstBin'

(RialtoServerGstPlayerUnitTests:7139): GLib-GObject-WARNING **: 09:00:52.253: invalid unclassed pointer in cast to 'GstBin'

(RialtoServerGstPlayerUnitTests:7139): GLib-GObject-WARNING **: 09:00:52.254: invalid unclassed pointer in cast to 'GstBin'

(RialtoServerGstPlayerUnitTests:7139): GLib-GObject-WARNING **: 09:00:52.334: invalid unclassed pointer in cast to 'GstPipeline'

(RialtoServerGstPlayerUnitTests:7139): GLib-GObject-WARNING **: 09:00:52.340: invalid unclassed pointer in cast to 'GstPipeline'
[       OK ] GstWebAudioPlayerTest.shouldSetCaps (136 ms)
[ RUN      ] GstWebAudioPlayerTest.shouldPlay

(RialtoServerGstPlayerUnitTests:7139): GLib-GObject-WARNING **: 09:00:52.370: invalid unclassed pointer in cast to 'GstAppSrc'

(RialtoServerGstPlayerUnitTests:7139): GLib-GObject-WARNING **: 09:00:52.371: invalid unclassed pointer in cast to 'GObject'

(RialtoServerGstPlayerUnitTests:7139): GLib-GObject-WARNING **: 09:00:52.376: invalid unclassed pointer in cast to 'GstBin'

(RialtoServerGstPlayerUnitTests:7139): GLib-GObject-WARNING **: 09:00:52.377: invalid unclassed pointer in cast to 'GstBin'

(RialtoServerGstPlayerUnitTests:7139): GLib-GObject-WARNING **: 09:00:52.378: invalid unclassed pointer in cast to 'GstBin'

(RialtoServerGstPlayerUnitTests:7139): GLib-GObject-WARNING **: 09:00:52.379: invalid unclassed pointer in cast to 'GstBin'

(RialtoServerGstPlayerUnitTests:7139): GLib-GObject-WARNING **: 09:00:52.384: invalid unclassed pointer in cast to 'GstAppSrc'

(RialtoServerGstPlayerUnitTests:7139): GLib-GObject-WARNING **: 09:00:52.387: invalid unclassed pointer in cast to 'GstBin'

(RialtoServerGstPlayerUnitTests:7139): GLib-GObject-WARNING **: 09:00:52.388: invalid unclassed pointer in cast to 'GstBin'

(RialtoServerGstPlayerUnitTests:7139): GLib-GObject-WARNING **: 09:00:52.389: invalid unclassed pointer in cast to 'GstBin'

(RialtoServerGstPlayerUnitTests:7139): GLib-GObject-WARNING **: 09:00:52.389: invalid unclassed pointer in cast to 'GstBin'

(RialtoServerGstPlayerUnitTests:7139): GLib-GObject-WARNING **: 09:00:52.404: invalid unclassed pointer in cast to 'GstPipeline'

(RialtoServerGstPlayerUnitTests:7139): GLib-GObject-WARNING **: 09:00:52.410: invalid unclassed pointer in cast to 'GstPipeline'
[       OK ] GstWebAudioPlayerTest.shouldPlay (59 ms)
[ RUN      ] GstWebAudioPlayerTest.shouldPause

(RialtoServerGstPlayerUnitTests:7139): GLib-GObject-WARNING **: 09:00:52.430: invalid unclassed pointer in cast to 'GstAppSrc'

(RialtoServerGstPlayerUnitTests:7139): GLib-GObject-WARNING **: 09:00:52.431: invalid unclassed pointer in cast to 'GObject'

(RialtoServerGstPlayerUnitTests:7139): GLib-GObject-WARNING **: 09:00:52.436: invalid unclassed pointer in cast to 'GstBin'

(RialtoServerGstPlayerUnitTests:7139): GLib-GObject-WARNING **: 09:00:52.437: invalid unclassed pointer in cast to 'GstBin'

(RialtoServerGstPlayerUnitTests:7139): GLib-GObject-WARNING **: 09:00:52.438: invalid unclassed pointer in cast to 'GstBin'

(RialtoServerGstPlayerUnitTests:7139): GLib-GObject-WARNING **: 09:00:52.439: invalid unclassed pointer in cast to 'GstBin'

(RialtoServerGstPlayerUnitTests:7139): GLib-GObject-WARNING **: 09:00:52.444: invalid unclassed pointer in cast to 'GstAppSrc'

(RialtoServerGstPlayerUnitTests:7139): GLib-GObject-WARNING **: 09:00:52.447: invalid unclassed pointer in cast to 'GstBin'

(RialtoServerGstPlayerUnitTests:7139): GLib-GObject-WARNING **: 09:00:52.448: invalid unclassed pointer in cast to 'GstBin'

(RialtoServerGstPlayerUnitTests:7139): GLib-GObject-WARNING **: 09:00:52.449: invalid unclassed pointer in cast to 'GstBin'

(RialtoServerGstPlayerUnitTests:7139): GLib-GObject-WARNING **: 09:00:52.450: invalid unclassed pointer in cast to 'GstBin'

(RialtoServerGstPlayerUnitTests:7139): GLib-GObject-WARNING **: 09:00:52.465: invalid unclassed pointer in cast to 'GstPipeline'

(RialtoServerGstPlayerUnitTests:7139): GLib-GObject-WARNING **: 09:00:52.471: invalid unclassed pointer in cast to 'GstPipeline'
[       OK ] GstWebAudioPlayerTest.shouldPause (60 ms)
[ RUN      ] GstWebAudioPlayerTest.shouldSetEos

(RialtoServerGstPlayerUnitTests:7139): GLib-GObject-WARNING **: 09:00:52.491: invalid unclassed pointer in cast to 'GstAppSrc'

(RialtoServerGstPlayerUnitTests:7139): GLib-GObject-WARNING **: 09:00:52.492: invalid unclassed pointer in cast to 'GObject'

(RialtoServerGstPlayerUnitTests:7139): GLib-GObject-WARNING **: 09:00:52.497: invalid unclassed pointer in cast to 'GstBin'

(RialtoServerGstPlayerUnitTests:7139): GLib-GObject-WARNING **: 09:00:52.498: invalid unclassed pointer in cast to 'GstBin'

(RialtoServerGstPlayerUnitTests:7139): GLib-GObject-WARNING **: 09:00:52.499: invalid unclassed pointer in cast to 'GstBin'

(RialtoServerGstPlayerUnitTests:7139): GLib-GObject-WARNING **: 09:00:52.500: invalid unclassed pointer in cast to 'GstBin'

(RialtoServerGstPlayerUnitTests:7139): GLib-GObject-WARNING **: 09:00:52.505: invalid unclassed pointer in cast to 'GstAppSrc'

(RialtoServerGstPlayerUnitTests:7139): GLib-GObject-WARNING **: 09:00:52.508: invalid unclassed pointer in cast to 'GstBin'

(RialtoServerGstPlayerUnitTests:7139): GLib-GObject-WARNING **: 09:00:52.509: invalid unclassed pointer in cast to 'GstBin'

(RialtoServerGstPlayerUnitTests:7139): GLib-GObject-WARNING **: 09:00:52.510: invalid unclassed pointer in cast to 'GstBin'

(RialtoServerGstPlayerUnitTests:7139): GLib-GObject-WARNING **: 09:00:52.511: invalid unclassed pointer in cast to 'GstBin'

(RialtoServerGstPlayerUnitTests:7139): GLib-GObject-WARNING **: 09:00:52.574: invalid unclassed pointer in cast to 'GstPipeline'

(RialtoServerGstPlayerUnitTests:7139): GLib-GObject-WARNING **: 09:00:52.579: invalid unclassed pointer in cast to 'GstPipeline'
[       OK ] GstWebAudioPlayerTest.shouldSetEos (116 ms)
[ RUN      ] GstWebAudioPlayerTest.shouldSetVolume

(RialtoServerGstPlayerUnitTests:7139): GLib-GObject-WARNING **: 09:00:52.608: invalid unclassed pointer in cast to 'GstAppSrc'

(RialtoServerGstPlayerUnitTests:7139): GLib-GObject-WARNING **: 09:00:52.609: invalid unclassed pointer in cast to 'GObject'

(RialtoServerGstPlayerUnitTests:7139): GLib-GObject-WARNING **: 09:00:52.614: invalid unclassed pointer in cast to 'GstBin'

(RialtoServerGstPlayerUnitTests:7139): GLib-GObject-WARNING **: 09:00:52.615: invalid unclassed pointer in cast to 'GstBin'

(RialtoServerGstPlayerUnitTests:7139): GLib-GObject-WARNING **: 09:00:52.616: invalid unclassed pointer in cast to 'GstBin'

(RialtoServerGstPlayerUnitTests:7139): GLib-GObject-WARNING **: 09:00:52.617: invalid unclassed pointer in cast to 'GstBin'

(RialtoServerGstPlayerUnitTests:7139): GLib-GObject-WARNING **: 09:00:52.622: invalid unclassed pointer in cast to 'GstAppSrc'

(RialtoServerGstPlayerUnitTests:7139): GLib-GObject-WARNING **: 09:00:52.626: invalid unclassed pointer in cast to 'GstBin'

(RialtoServerGstPlayerUnitTests:7139): GLib-GObject-WARNING **: 09:00:52.626: invalid unclassed pointer in cast to 'GstBin'

(RialtoServerGstPlayerUnitTests:7139): GLib-GObject-WARNING **: 09:00:52.627: invalid unclassed pointer in cast to 'GstBin'

(RialtoServerGstPlayerUnitTests:7139): GLib-GObject-WARNING **: 09:00:52.628: invalid unclassed pointer in cast to 'GstBin'

(RialtoServerGstPlayerUnitTests:7139): GLib-GObject-WARNING **: 09:00:52.696: invalid unclassed pointer in cast to 'GstPipeline'

(RialtoServerGstPlayerUnitTests:7139): GLib-GObject-WARNING **: 09:00:52.703: invalid unclassed pointer in cast to 'GstPipeline'
[       OK ] GstWebAudioPlayerTest.shouldSetVolume (124 ms)
[ RUN      ] GstWebAudioPlayerTest.shouldReturnVolume

(RialtoServerGstPlayerUnitTests:7139): GLib-GObject-WARNING **: 09:00:52.733: invalid unclassed pointer in cast to 'GstAppSrc'

(RialtoServerGstPlayerUnitTests:7139): GLib-GObject-WARNING **: 09:00:52.734: invalid unclassed pointer in cast to 'GObject'

(RialtoServerGstPlayerUnitTests:7139): GLib-GObject-WARNING **: 09:00:52.739: invalid unclassed pointer in cast to 'GstBin'

(RialtoServerGstPlayerUnitTests:7139): GLib-GObject-WARNING **: 09:00:52.740: invalid unclassed pointer in cast to 'GstBin'

(RialtoServerGstPlayerUnitTests:7139): GLib-GObject-WARNING **: 09:00:52.741: invalid unclassed pointer in cast to 'GstBin'

(RialtoServerGstPlayerUnitTests:7139): GLib-GObject-WARNING **: 09:00:52.742: invalid unclassed pointer in cast to 'GstBin'

(RialtoServerGstPlayerUnitTests:7139): GLib-GObject-WARNING **: 09:00:52.747: invalid unclassed pointer in cast to 'GstAppSrc'

(RialtoServerGstPlayerUnitTests:7139): GLib-GObject-WARNING **: 09:00:52.751: invalid unclassed pointer in cast to 'GstBin'

(RialtoServerGstPlayerUnitTests:7139): GLib-GObject-WARNING **: 09:00:52.752: invalid unclassed pointer in cast to 'GstBin'

(RialtoServerGstPlayerUnitTests:7139): GLib-GObject-WARNING **: 09:00:52.752: invalid unclassed pointer in cast to 'GstBin'

(RialtoServerGstPlayerUnitTests:7139): GLib-GObject-WARNING **: 09:00:52.753: invalid unclassed pointer in cast to 'GstBin'

(RialtoServerGstPlayerUnitTests:7139): GLib-GObject-WARNING **: 09:00:52.760: invalid unclassed pointer in cast to 'GstStreamVolume'

(RialtoServerGstPlayerUnitTests:7139): GLib-GObject-WARNING **: 09:00:52.765: invalid unclassed pointer in cast to 'GstPipeline'

(RialtoServerGstPlayerUnitTests:7139): GLib-GObject-WARNING **: 09:00:52.771: invalid unclassed pointer in cast to 'GstPipeline'
[       OK ] GstWebAudioPlayerTest.shouldReturnVolume (58 ms)
[ RUN      ] GstWebAudioPlayerTest.writeBufferShouldReturn0OnTimeout

(RialtoServerGstPlayerUnitTests:7139): GLib-GObject-WARNING **: 09:00:52.791: invalid unclassed pointer in cast to 'GstAppSrc'

(RialtoServerGstPlayerUnitTests:7139): GLib-GObject-WARNING **: 09:00:52.792: invalid unclassed pointer in cast to 'GObject'

(RialtoServerGstPlayerUnitTests:7139): GLib-GObject-WARNING **: 09:00:52.797: invalid unclassed pointer in cast to 'GstBin'

(RialtoServerGstPlayerUnitTests:7139): GLib-GObject-WARNING **: 09:00:52.798: invalid unclassed pointer in cast to 'GstBin'

(RialtoServerGstPlayerUnitTests:7139): GLib-GObject-WARNING **: 09:00:52.799: invalid unclassed pointer in cast to 'GstBin'

(RialtoServerGstPlayerUnitTests:7139): GLib-GObject-WARNING **: 09:00:52.800: invalid unclassed pointer in cast to 'GstBin'

(RialtoServerGstPlayerUnitTests:7139): GLib-GObject-WARNING **: 09:00:52.805: invalid unclassed pointer in cast to 'GstAppSrc'

(RialtoServerGstPlayerUnitTests:7139): GLib-GObject-WARNING **: 09:00:52.809: invalid unclassed pointer in cast to 'GstBin'

(RialtoServerGstPlayerUnitTests:7139): GLib-GObject-WARNING **: 09:00:52.810: invalid unclassed pointer in cast to 'GstBin'

(RialtoServerGstPlayerUnitTests:7139): GLib-GObject-WARNING **: 09:00:52.810: invalid unclassed pointer in cast to 'GstBin'

(RialtoServerGstPlayerUnitTests:7139): GLib-GObject-WARNING **: 09:00:52.811: invalid unclassed pointer in cast to 'GstBin'
0000003192.091165 ERR: SRV: < T:7139 M:GstWebAudioPlayer.cpp F:writeBuffer L:335 > Timed out writing to the gstreamer buffers

(RialtoServerGstPlayerUnitTests:7139): GLib-GObject-WARNING **: 09:00:54.906: invalid unclassed pointer in cast to 'GstPipeline'

(RialtoServerGstPlayerUnitTests:7139): GLib-GObject-WARNING **: 09:00:54.912: invalid unclassed pointer in cast to 'GstPipeline'
[       OK ] GstWebAudioPlayerTest.writeBufferShouldReturn0OnTimeout (2148 ms)
[ RUN      ] GstWebAudioPlayerTest.shouldWriteBuffer

(RialtoServerGstPlayerUnitTests:7139): GLib-GObject-WARNING **: 09:00:54.940: invalid unclassed pointer in cast to 'GstAppSrc'

(RialtoServerGstPlayerUnitTests:7139): GLib-GObject-WARNING **: 09:00:54.941: invalid unclassed pointer in cast to 'GObject'

(RialtoServerGstPlayerUnitTests:7139): GLib-GObject-WARNING **: 09:00:54.945: invalid unclassed pointer in cast to 'GstBin'

(RialtoServerGstPlayerUnitTests:7139): GLib-GObject-WARNING **: 09:00:54.947: invalid unclassed pointer in cast to 'GstBin'

(RialtoServerGstPlayerUnitTests:7139): GLib-GObject-WARNING **: 09:00:54.948: invalid unclassed pointer in cast to 'GstBin'

(RialtoServerGstPlayerUnitTests:7139): GLib-GObject-WARNING **: 09:00:54.949: invalid unclassed pointer in cast to 'GstBin'

(RialtoServerGstPlayerUnitTests:7139): GLib-GObject-WARNING **: 09:00:54.953: invalid unclassed pointer in cast to 'GstAppSrc'

(RialtoServerGstPlayerUnitTests:7139): GLib-GObject-WARNING **: 09:00:54.957: invalid unclassed pointer in cast to 'GstBin'

(RialtoServerGstPlayerUnitTests:7139): GLib-GObject-WARNING **: 09:00:54.958: invalid unclassed pointer in cast to 'GstBin'

(RialtoServerGstPlayerUnitTests:7139): GLib-GObject-WARNING **: 09:00:54.959: invalid unclassed pointer in cast to 'GstBin'

(RialtoServerGstPlayerUnitTests:7139): GLib-GObject-WARNING **: 09:00:54.960: invalid unclassed pointer in cast to 'GstBin'

(RialtoServerGstPlayerUnitTests:7139): GLib-GObject-WARNING **: 09:00:55.100: invalid unclassed pointer in cast to 'GstPipeline'

(RialtoServerGstPlayerUnitTests:7139): GLib-GObject-WARNING **: 09:00:55.106: invalid unclassed pointer in cast to 'GstPipeline'
[       OK ] GstWebAudioPlayerTest.shouldWriteBuffer (194 ms)
[ RUN      ] GstWebAudioPlayerTest.shouldGetQueuedBytes

(RialtoServerGstPlayerUnitTests:7139): GLib-GObject-WARNING **: 09:00:55.135: invalid unclassed pointer in cast to 'GstAppSrc'

(RialtoServerGstPlayerUnitTests:7139): GLib-GObject-WARNING **: 09:00:55.136: invalid unclassed pointer in cast to 'GObject'

(RialtoServerGstPlayerUnitTests:7139): GLib-GObject-WARNING **: 09:00:55.141: invalid unclassed pointer in cast to 'GstBin'

(RialtoServerGstPlayerUnitTests:7139): GLib-GObject-WARNING **: 09:00:55.142: invalid unclassed pointer in cast to 'GstBin'

(RialtoServerGstPlayerUnitTests:7139): GLib-GObject-WARNING **: 09:00:55.143: invalid unclassed pointer in cast to 'GstBin'

(RialtoServerGstPlayerUnitTests:7139): GLib-GObject-WARNING **: 09:00:55.144: invalid unclassed pointer in cast to 'GstBin'

(RialtoServerGstPlayerUnitTests:7139): GLib-GObject-WARNING **: 09:00:55.150: invalid unclassed pointer in cast to 'GstAppSrc'

(RialtoServerGstPlayerUnitTests:7139): GLib-GObject-WARNING **: 09:00:55.154: invalid unclassed pointer in cast to 'GstBin'

(RialtoServerGstPlayerUnitTests:7139): GLib-GObject-WARNING **: 09:00:55.155: invalid unclassed pointer in cast to 'GstBin'

(RialtoServerGstPlayerUnitTests:7139): GLib-GObject-WARNING **: 09:00:55.156: invalid unclassed pointer in cast to 'GstBin'

(RialtoServerGstPlayerUnitTests:7139): GLib-GObject-WARNING **: 09:00:55.156: invalid unclassed pointer in cast to 'GstBin'

(RialtoServerGstPlayerUnitTests:7139): GLib-GObject-WARNING **: 09:00:55.171: invalid unclassed pointer in cast to 'GstAppSrc'

(RialtoServerGstPlayerUnitTests:7139): GLib-GObject-WARNING **: 09:00:55.179: invalid unclassed pointer in cast to 'GstPipeline'

(RialtoServerGstPlayerUnitTests:7139): GLib-GObject-WARNING **: 09:00:55.184: invalid unclassed pointer in cast to 'GstPipeline'
[       OK ] GstWebAudioPlayerTest.shouldGetQueuedBytes (72 ms)
[----------] 9 tests from GstWebAudioPlayerTest (2974 ms total)

[----------] 1 test from RialtoServerCreateGstSrcTest
[ RUN      ] RialtoServerCreateGstSrcTest.Create
[       OK ] RialtoServerCreateGstSrcTest.Create (178 ms)
[----------] 1 test from RialtoServerCreateGstSrcTest (178 ms total)

[----------] 2 tests from RialtoServerInitGstSrcTest
[ RUN      ] RialtoServerInitGstSrcTest.NoRialtoSrc
[       OK ] RialtoServerInitGstSrcTest.NoRialtoSrc (66 ms)
[ RUN      ] RialtoServerInitGstSrcTest.RialtoSrcExists
[       OK ] RialtoServerInitGstSrcTest.RialtoSrcExists (18 ms)
[----------] 2 tests from RialtoServerInitGstSrcTest (85 ms total)

[----------] 7 tests from RialtoServerAppSrcGstSrcTest
[ RUN      ] RialtoServerAppSrcGstSrcTest.SetupVideo

(RialtoServerGstPlayerUnitTests:7139): GLib-GObject-WARNING **: 09:00:55.491: invalid unclassed pointer in cast to 'GstAppSrc'

(RialtoServerGstPlayerUnitTests:7139): GLib-GObject-WARNING **: 09:00:55.504: invalid unclassed pointer in cast to 'GstAppSrc'

(RialtoServerGstPlayerUnitTests:7139): GLib-GObject-WARNING **: 09:00:55.509: invalid unclassed pointer in cast to 'GstAppSrc'

(RialtoServerGstPlayerUnitTests:7139): GLib-GObject-WARNING **: 09:00:55.520: invalid unclassed pointer in cast to 'GstBin'

(RialtoServerGstPlayerUnitTests:7139): GLib-GObject-WARNING **: 09:00:55.561: invalid unclassed pointer in cast to 'GstBin'

(RialtoServerGstPlayerUnitTests:7139): GLib-GObject-WARNING **: 09:00:55.607: invalid unclassed pointer in cast to 'GstBin'

(RialtoServerGstPlayerUnitTests:7139): GLib-GObject-WARNING **: 09:00:55.620: invalid unclassed pointer in cast to 'GstBin'

(RialtoServerGstPlayerUnitTests:7139): GLib-GObject-WARNING **: 09:00:55.742: invalid unclassed pointer in cast to 'GstElement'

(RialtoServerGstPlayerUnitTests:7139): GLib-GObject-WARNING **: 09:00:55.755: invalid unclassed pointer in cast to 'GstElement'

(RialtoServerGstPlayerUnitTests:7139): GLib-GObject-WARNING **: 09:00:55.758: invalid unclassed pointer in cast to 'GstAppSrc'

(RialtoServerGstPlayerUnitTests:7139): GLib-GObject-WARNING **: 09:00:55.774: invalid unclassed pointer in cast to 'GstAppSrc'

(RialtoServerGstPlayerUnitTests:7139): GLib-GObject-WARNING **: 09:00:55.774: invalid unclassed pointer in cast to 'GstAppSrc'

(RialtoServerGstPlayerUnitTests:7139): GLib-GObject-WARNING **: 09:00:55.788: invalid unclassed pointer in cast to 'GstRialtoSrc'

(RialtoServerGstPlayerUnitTests:7139): GLib-GObject-WARNING **: 09:00:55.803: invalid unclassed pointer in cast to 'GstBin'

(RialtoServerGstPlayerUnitTests:7139): GLib-GObject-WARNING **: 09:00:55.829: invalid unclassed pointer in cast to 'GstBin'

(RialtoServerGstPlayerUnitTests:7139): GLib-GObject-WARNING **: 09:00:55.874: invalid unclassed pointer in cast to 'GstBin'

(RialtoServerGstPlayerUnitTests:7139): GLib-GObject-WARNING **: 09:00:55.877: invalid unclassed pointer in cast to 'GObject'

(RialtoServerGstPlayerUnitTests:7139): GLib-GObject-WARNING **: 09:00:55.880: invalid unclassed pointer in cast to 'GstBin'
[       OK ] RialtoServerAppSrcGstSrcTest.SetupVideo (585 ms)
[ RUN      ] RialtoServerAppSrcGstSrcTest.SetupAudio

(RialtoServerGstPlayerUnitTests:7139): GLib-GObject-WARNING **: 09:00:56.059: invalid unclassed pointer in cast to 'GstAppSrc'

(RialtoServerGstPlayerUnitTests:7139): GLib-GObject-WARNING **: 09:00:56.060: invalid unclassed pointer in cast to 'GstAppSrc'

(RialtoServerGstPlayerUnitTests:7139): GLib-GObject-WARNING **: 09:00:56.061: invalid unclassed pointer in cast to 'GstAppSrc'

(RialtoServerGstPlayerUnitTests:7139): GLib-GObject-WARNING **: 09:00:56.062: invalid unclassed pointer in cast to 'GstBin'

(RialtoServerGstPlayerUnitTests:7139): GLib-GObject-WARNING **: 09:00:56.064: invalid unclassed pointer in cast to 'GstBin'

(RialtoServerGstPlayerUnitTests:7139): GLib-GObject-WARNING **: 09:00:56.068: invalid unclassed pointer in cast to 'GstBin'

(RialtoServerGstPlayerUnitTests:7139): GLib-GObject-WARNING **: 09:00:56.073: invalid unclassed pointer in cast to 'GstElement'

(RialtoServerGstPlayerUnitTests:7139): GLib-GObject-WARNING **: 09:00:56.075: invalid unclassed pointer in cast to 'GstElement'

(RialtoServerGstPlayerUnitTests:7139): GLib-GObject-WARNING **: 09:00:56.078: invalid unclassed pointer in cast to 'GstAppSrc'

(RialtoServerGstPlayerUnitTests:7139): GLib-GObject-WARNING **: 09:00:56.079: invalid unclassed pointer in cast to 'GstAppSrc'

(RialtoServerGstPlayerUnitTests:7139): GLib-GObject-WARNING **: 09:00:56.080: invalid unclassed pointer in cast to 'GstAppSrc'

(RialtoServerGstPlayerUnitTests:7139): GLib-GObject-WARNING **: 09:00:56.080: invalid unclassed pointer in cast to 'GstRialtoSrc'

(RialtoServerGstPlayerUnitTests:7139): GLib-GObject-WARNING **: 09:00:56.081: invalid unclassed pointer in cast to 'GstBin'

(RialtoServerGstPlayerUnitTests:7139): GLib-GObject-WARNING **: 09:00:56.082: invalid unclassed pointer in cast to 'GstBin'

(RialtoServerGstPlayerUnitTests:7139): GLib-GObject-WARNING **: 09:00:56.084: invalid unclassed pointer in cast to 'GObject'

(RialtoServerGstPlayerUnitTests:7139): GLib-GObject-WARNING **: 09:00:56.086: invalid unclassed pointer in cast to 'GstBin'
[       OK ] RialtoServerAppSrcGstSrcTest.SetupAudio (50 ms)
[ RUN      ] RialtoServerAppSrcGstSrcTest.DecryptorFailure

(RialtoServerGstPlayerUnitTests:7139): GLib-GObject-WARNING **: 09:00:56.121: invalid unclassed pointer in cast to 'GstAppSrc'

(RialtoServerGstPlayerUnitTests:7139): GLib-GObject-WARNING **: 09:00:56.122: invalid unclassed pointer in cast to 'GstAppSrc'

(RialtoServerGstPlayerUnitTests:7139): GLib-GObject-WARNING **: 09:00:56.123: invalid unclassed pointer in cast to 'GstAppSrc'

(RialtoServerGstPlayerUnitTests:7139): GLib-GObject-WARNING **: 09:00:56.124: invalid unclassed pointer in cast to 'GstBin'

(RialtoServerGstPlayerUnitTests:7139): GLib-GObject-WARNING **: 09:00:56.128: invalid unclassed pointer in cast to 'GstBin'

(RialtoServerGstPlayerUnitTests:7139): GLib-GObject-WARNING **: 09:00:56.132: invalid unclassed pointer in cast to 'GstBin'

(RialtoServerGstPlayerUnitTests:7139): GLib-GObject-WARNING **: 09:00:56.137: invalid unclassed pointer in cast to 'GstElement'

(RialtoServerGstPlayerUnitTests:7139): GLib-GObject-WARNING **: 09:00:56.139: invalid unclassed pointer in cast to 'GstElement'

(RialtoServerGstPlayerUnitTests:7139): GLib-GObject-WARNING **: 09:00:56.142: invalid unclassed pointer in cast to 'GstAppSrc'

(RialtoServerGstPlayerUnitTests:7139): GLib-GObject-WARNING **: 09:00:56.143: invalid unclassed pointer in cast to 'GstAppSrc'

(RialtoServerGstPlayerUnitTests:7139): GLib-GObject-WARNING **: 09:00:56.143: invalid unclassed pointer in cast to 'GstAppSrc'

(RialtoServerGstPlayerUnitTests:7139): GLib-GObject-WARNING **: 09:00:56.144: invalid unclassed pointer in cast to 'GstRialtoSrc'

(RialtoServerGstPlayerUnitTests:7139): GLib-GObject-WARNING **: 09:00:56.145: invalid unclassed pointer in cast to 'GstBin'

(RialtoServerGstPlayerUnitTests:7139): GLib-GObject-WARNING **: 09:00:56.150: invalid unclassed pointer in cast to 'GstBin'

(RialtoServerGstPlayerUnitTests:7139): GLib-GObject-WARNING **: 09:00:56.152: invalid unclassed pointer in cast to 'GObject'

(RialtoServerGstPlayerUnitTests:7139): GLib-GObject-WARNING **: 09:00:56.154: invalid unclassed pointer in cast to 'GstBin'
[       OK ] RialtoServerAppSrcGstSrcTest.DecryptorFailure (71 ms)
[ RUN      ] RialtoServerAppSrcGstSrcTest.PayloaderFailure

(RialtoServerGstPlayerUnitTests:7139): GLib-GObject-WARNING **: 09:00:56.190: invalid unclassed pointer in cast to 'GstAppSrc'

(RialtoServerGstPlayerUnitTests:7139): GLib-GObject-WARNING **: 09:00:56.190: invalid unclassed pointer in cast to 'GstAppSrc'

(RialtoServerGstPlayerUnitTests:7139): GLib-GObject-WARNING **: 09:00:56.191: invalid unclassed pointer in cast to 'GstAppSrc'

(RialtoServerGstPlayerUnitTests:7139): GLib-GObject-WARNING **: 09:00:56.192: invalid unclassed pointer in cast to 'GstBin'

(RialtoServerGstPlayerUnitTests:7139): GLib-GObject-WARNING **: 09:00:56.195: invalid unclassed pointer in cast to 'GstBin'

(RialtoServerGstPlayerUnitTests:7139): GLib-GObject-WARNING **: 09:00:56.199: invalid unclassed pointer in cast to 'GstBin'

(RialtoServerGstPlayerUnitTests:7139): GLib-GObject-WARNING **: 09:00:56.204: invalid unclassed pointer in cast to 'GstElement'

(RialtoServerGstPlayerUnitTests:7139): GLib-GObject-WARNING **: 09:00:56.206: invalid unclassed pointer in cast to 'GstElement'

(RialtoServerGstPlayerUnitTests:7139): GLib-GObject-WARNING **: 09:00:56.209: invalid unclassed pointer in cast to 'GstAppSrc'

(RialtoServerGstPlayerUnitTests:7139): GLib-GObject-WARNING **: 09:00:56.210: invalid unclassed pointer in cast to 'GstAppSrc'

(RialtoServerGstPlayerUnitTests:7139): GLib-GObject-WARNING **: 09:00:56.210: invalid unclassed pointer in cast to 'GstAppSrc'

(RialtoServerGstPlayerUnitTests:7139): GLib-GObject-WARNING **: 09:00:56.211: invalid unclassed pointer in cast to 'GstRialtoSrc'

(RialtoServerGstPlayerUnitTests:7139): GLib-GObject-WARNING **: 09:00:56.212: invalid unclassed pointer in cast to 'GstBin'

(RialtoServerGstPlayerUnitTests:7139): GLib-GObject-WARNING **: 09:00:56.213: invalid unclassed pointer in cast to 'GstBin'

(RialtoServerGstPlayerUnitTests:7139): GLib-GObject-WARNING **: 09:00:56.216: invalid unclassed pointer in cast to 'GObject'

(RialtoServerGstPlayerUnitTests:7139): GLib-GObject-WARNING **: 09:00:56.218: invalid unclassed pointer in cast to 'GstBin'
[       OK ] RialtoServerAppSrcGstSrcTest.PayloaderFailure (61 ms)
[ RUN      ] RialtoServerAppSrcGstSrcTest.QueueFailure

(RialtoServerGstPlayerUnitTests:7139): GLib-GObject-WARNING **: 09:00:56.245: invalid unclassed pointer in cast to 'GstAppSrc'

(RialtoServerGstPlayerUnitTests:7139): GLib-GObject-WARNING **: 09:00:56.246: invalid unclassed pointer in cast to 'GstAppSrc'

(RialtoServerGstPlayerUnitTests:7139): GLib-GObject-WARNING **: 09:00:56.247: invalid unclassed pointer in cast to 'GstAppSrc'

(RialtoServerGstPlayerUnitTests:7139): GLib-GObject-WARNING **: 09:00:56.248: invalid unclassed pointer in cast to 'GstBin'

(RialtoServerGstPlayerUnitTests:7139): GLib-GObject-WARNING **: 09:00:56.250: invalid unclassed pointer in cast to 'GstBin'

(RialtoServerGstPlayerUnitTests:7139): GLib-GObject-WARNING **: 09:00:56.254: invalid unclassed pointer in cast to 'GstBin'

(RialtoServerGstPlayerUnitTests:7139): GLib-GObject-WARNING **: 09:00:56.259: invalid unclassed pointer in cast to 'GstElement'

(RialtoServerGstPlayerUnitTests:7139): GLib-GObject-WARNING **: 09:00:56.261: invalid unclassed pointer in cast to 'GstElement'

(RialtoServerGstPlayerUnitTests:7139): GLib-GObject-WARNING **: 09:00:56.263: invalid unclassed pointer in cast to 'GstAppSrc'

(RialtoServerGstPlayerUnitTests:7139): GLib-GObject-WARNING **: 09:00:56.264: invalid unclassed pointer in cast to 'GstAppSrc'

(RialtoServerGstPlayerUnitTests:7139): GLib-GObject-WARNING **: 09:00:56.264: invalid unclassed pointer in cast to 'GstAppSrc'

(RialtoServerGstPlayerUnitTests:7139): GLib-GObject-WARNING **: 09:00:56.265: invalid unclassed pointer in cast to 'GstRialtoSrc'

(RialtoServerGstPlayerUnitTests:7139): GLib-GObject-WARNING **: 09:00:56.266: invalid unclassed pointer in cast to 'GstBin'

(RialtoServerGstPlayerUnitTests:7139): GLib-GObject-WARNING **: 09:00:56.267: invalid unclassed pointer in cast to 'GstBin'

(RialtoServerGstPlayerUnitTests:7139): GLib-GObject-WARNING **: 09:00:56.270: invalid unclassed pointer in cast to 'GstBin'
[       OK ] RialtoServerAppSrcGstSrcTest.QueueFailure (51 ms)
[ RUN      ] RialtoServerAppSrcGstSrcTest.NotDrm

(RialtoServerGstPlayerUnitTests:7139): GLib-GObject-WARNING **: 09:00:56.294: invalid unclassed pointer in cast to 'GstAppSrc'

(RialtoServerGstPlayerUnitTests:7139): GLib-GObject-WARNING **: 09:00:56.295: invalid unclassed pointer in cast to 'GstAppSrc'

(RialtoServerGstPlayerUnitTests:7139): GLib-GObject-WARNING **: 09:00:56.296: invalid unclassed pointer in cast to 'GstAppSrc'

(RialtoServerGstPlayerUnitTests:7139): GLib-GObject-WARNING **: 09:00:56.297: invalid unclassed pointer in cast to 'GstBin'

(RialtoServerGstPlayerUnitTests:7139): GLib-GObject-WARNING **: 09:00:56.301: invalid unclassed pointer in cast to 'GstElement'

(RialtoServerGstPlayerUnitTests:7139): GLib-GObject-WARNING **: 09:00:56.304: invalid unclassed pointer in cast to 'GstElement'

(RialtoServerGstPlayerUnitTests:7139): GLib-GObject-WARNING **: 09:00:56.306: invalid unclassed pointer in cast to 'GstAppSrc'

(RialtoServerGstPlayerUnitTests:7139): GLib-GObject-WARNING **: 09:00:56.306: invalid unclassed pointer in cast to 'GstAppSrc'

(RialtoServerGstPlayerUnitTests:7139): GLib-GObject-WARNING **: 09:00:56.307: invalid unclassed pointer in cast to 'GstAppSrc'

(RialtoServerGstPlayerUnitTests:7139): GLib-GObject-WARNING **: 09:00:56.308: invalid unclassed pointer in cast to 'GstRialtoSrc'

(RialtoServerGstPlayerUnitTests:7139): GLib-GObject-WARNING **: 09:00:56.309: invalid unclassed pointer in cast to 'GstBin'
[       OK ] RialtoServerAppSrcGstSrcTest.NotDrm (36 ms)
[ RUN      ] RialtoServerAppSrcGstSrcTest.AllSrcsAdded

(RialtoServerGstPlayerUnitTests:7139): GLib-GObject-WARNING **: 09:00:56.329: invalid unclassed pointer in cast to 'GstElement'

(RialtoServerGstPlayerUnitTests:7139): GLib-GObject-WARNING **: 09:00:56.331: invalid unclassed pointer in cast to 'GstElement'

(RialtoServerGstPlayerUnitTests:7139): GLib-GObject-WARNING **: 09:00:56.332: invalid unclassed pointer in cast to 'GstRialtoSrc'
[       OK ] RialtoServerAppSrcGstSrcTest.AllSrcsAdded (19 ms)
[----------] 7 tests from RialtoServerAppSrcGstSrcTest (876 ms total)

[----------] 2 tests from RialtoServerCreateDecryptorPrivateTest
[ RUN      ] RialtoServerCreateDecryptorPrivateTest.Create
[       OK ] RialtoServerCreateDecryptorPrivateTest.Create (19 ms)
[ RUN      ] RialtoServerCreateDecryptorPrivateTest.getGstWrapperFails
[       OK ] RialtoServerCreateDecryptorPrivateTest.getGstWrapperFails (28 ms)
[----------] 2 tests from RialtoServerCreateDecryptorPrivateTest (48 ms total)

[----------] 7 tests from RialtoServerDecryptorPrivateDecryptTest
[ RUN      ] RialtoServerDecryptorPrivateDecryptTest.SuccessEncrypted

(RialtoServerGstPlayerUnitTests:7139): GLib-GObject-WARNING **: 09:00:56.654: invalid unclassed pointer in cast to 'GstRialtoDecryptor'
[       OK ] RialtoServerDecryptorPrivateDecryptTest.SuccessEncrypted (525 ms)
[ RUN      ] RialtoServerDecryptorPrivateDecryptTest.SuccessEncryptedNoEncryptionPattern

(RialtoServerGstPlayerUnitTests:7139): GLib-GObject-WARNING **: 09:00:56.933: invalid unclassed pointer in cast to 'GstRialtoDecryptor'
[       OK ] RialtoServerDecryptorPrivateDecryptTest.SuccessEncryptedNoEncryptionPattern (28 ms)
[ RUN      ] RialtoServerDecryptorPrivateDecryptTest.DecryptionServiceDecryptFailure

(RialtoServerGstPlayerUnitTests:7139): GLib-GObject-WARNING **: 09:00:56.964: invalid unclassed pointer in cast to 'GstRialtoDecryptor'
[       OK ] RialtoServerDecryptorPrivateDecryptTest.DecryptionServiceDecryptFailure (32 ms)
[ RUN      ] RialtoServerDecryptorPrivateDecryptTest.PlayreadySuccessEncrypted

(RialtoServerGstPlayerUnitTests:7139): GLib-GObject-WARNING **: 09:00:57.044: invalid unclassed pointer in cast to 'GstRialtoDecryptor'
[       OK ] RialtoServerDecryptorPrivateDecryptTest.PlayreadySuccessEncrypted (120 ms)
[ RUN      ] RialtoServerDecryptorPrivateDecryptTest.PlayreadySuccessEncryptedMappingFail

(RialtoServerGstPlayerUnitTests:7139): GLib-GObject-WARNING **: 09:00:57.212: invalid unclassed pointer in cast to 'GstRialtoDecryptor'
[       OK ] RialtoServerDecryptorPrivateDecryptTest.PlayreadySuccessEncryptedMappingFail (211 ms)
[ RUN      ] RialtoServerDecryptorPrivateDecryptTest.SuccessClear

(RialtoServerGstPlayerUnitTests:7139): GLib-GObject-WARNING **: 09:00:57.331: invalid unclassed pointer in cast to 'GstRialtoDecryptor'
[       OK ] RialtoServerDecryptorPrivateDecryptTest.SuccessClear (32 ms)
[ RUN      ] RialtoServerDecryptorPrivateDecryptTest.NoDecryptionService

(RialtoServerGstPlayerUnitTests:7139): GLib-GObject-WARNING **: 09:00:57.352: invalid unclassed pointer in cast to 'GstRialtoDecryptor'
[       OK ] RialtoServerDecryptorPrivateDecryptTest.NoDecryptionService (14 ms)
[----------] 7 tests from RialtoServerDecryptorPrivateDecryptTest (967 ms total)

[----------] 6 tests from RialtoProtectionMetadataTest
[ RUN      ] RialtoProtectionMetadataTest.addProtectionMetadata
[       OK ] RialtoProtectionMetadataTest.addProtectionMetadata (92 ms)
[ RUN      ] RialtoProtectionMetadataTest.getProtectionMetadataDataSuccess
[       OK ] RialtoProtectionMetadataTest.getProtectionMetadataDataSuccess (77 ms)
[ RUN      ] RialtoProtectionMetadataTest.getProtectionMetadataDataNoMeta
[       OK ] RialtoProtectionMetadataTest.getProtectionMetadataDataNoMeta (27 ms)
[ RUN      ] RialtoProtectionMetadataTest.removeProtectionMetadataSuccess
[       OK ] RialtoProtectionMetadataTest.removeProtectionMetadataSuccess (86 ms)
[ RUN      ] RialtoProtectionMetadataTest.removeProtectionMetadataFail
0000003194.844659 ERR: SRV: < T:7139 M:GstProtectionMetadataWrapper.cpp F:removeProtectionMetadata L:72 > Failed to remove metadata
[       OK ] RialtoProtectionMetadataTest.removeProtectionMetadataFail (15 ms)
[ RUN      ] RialtoProtectionMetadataTest.removeProtectionMetadataNoMeta
[       OK ] RialtoProtectionMetadataTest.removeProtectionMetadataNoMeta (11 ms)
[----------] 6 tests from RialtoProtectionMetadataTest (311 ms total)

[----------] 1 test from GstDispatcherThreadTest
[ RUN      ] GstDispatcherThreadTest.PollTimeout

(RialtoServerGstPlayerUnitTests:7139): GLib-GObject-WARNING **: 09:00:57.677: invalid unclassed pointer in cast to 'GstObject'

(RialtoServerGstPlayerUnitTests:7139): GLib-GObject-WARNING **: 09:00:57.678: invalid unclassed pointer in cast to 'GstPipeline'

(RialtoServerGstPlayerUnitTests:7139): GLib-GObject-WARNING **: 09:00:57.779: invalid unclassed pointer in cast to 'GstPipeline'

(RialtoServerGstPlayerUnitTests:7139): GLib-GObject-WARNING **: 09:00:57.812: invalid unclassed pointer in cast to 'GstObject'
[       OK ] GstDispatcherThreadTest.PollTimeout (189 ms)
[----------] 1 test from GstDispatcherThreadTest (189 ms total)

[----------] 1 test from RialtoServerInitGstPlayerTest
[ RUN      ] RialtoServerInitGstPlayerTest.Init
[       OK ] RialtoServerInitGstPlayerTest.Init (29 ms)
[----------] 1 test from RialtoServerInitGstPlayerTest (30 ms total)

[----------] 1 test from WorkerThreadTest
[ RUN      ] WorkerThreadTest.shouldEnqueueTaskAndExit
[       OK ] WorkerThreadTest.shouldEnqueueTaskAndExit (81 ms)
[----------] 1 test from WorkerThreadTest (82 ms total)

[----------] Global test environment tear-down
[==========] 360 tests from 55 test suites ran. (27540 ms total)
[  PASSED  ] 360 tests.
==7139== 
==7139== HEAP SUMMARY:
==7139==     in use at exit: 2,332,561 bytes in 23,421 blocks
==7139==   total heap usage: 246,787 allocs, 223,366 frees, 72,134,626 bytes allocated
==7139== 
==7139== Searching for pointers to 23,087 not-freed blocks
==7139== Checked 3,851,560 bytes
==7139== 
==7139== 4 bytes in 1 blocks are still reachable in loss record 1 of 1,608
==7139==    at 0x4848899: malloc (in /usr/libexec/valgrind/vgpreload_memcheck-amd64-linux.so)
==7139==    by 0x4C268C3: ??? (in /usr/lib/x86_64-linux-gnu/libglib-2.0.so.0.7200.4)
==7139==    by 0x4C2695D: g_private_get (in /usr/lib/x86_64-linux-gnu/libglib-2.0.so.0.7200.4)
==7139==    by 0x4BF7B53: g_slice_alloc (in /usr/lib/x86_64-linux-gnu/libglib-2.0.so.0.7200.4)
==7139==    by 0x4BC5501: g_hash_table_new_full (in /usr/lib/x86_64-linux-gnu/libglib-2.0.so.0.7200.4)
==7139==    by 0x4BE0B62: ??? (in /usr/lib/x86_64-linux-gnu/libglib-2.0.so.0.7200.4)
==7139==    by 0x4BA0BA8: ??? (in /usr/lib/x86_64-linux-gnu/libglib-2.0.so.0.7200.4)
==7139==    by 0x400647D: call_init.part.0 (dl-init.c:70)
==7139==    by 0x4006567: call_init (dl-init.c:33)
==7139==    by 0x4006567: _dl_init (dl-init.c:117)
==7139==    by 0x40202E9: ??? (in /usr/lib/x86_64-linux-gnu/ld-linux-x86-64.so.2)
==7139== 
==7139== 4 bytes in 1 blocks are still reachable in loss record 2 of 1,608
==7139==    at 0x4848899: malloc (in /usr/libexec/valgrind/vgpreload_memcheck-amd64-linux.so)
==7139==    by 0x4C268C3: ??? (in /usr/lib/x86_64-linux-gnu/libglib-2.0.so.0.7200.4)
==7139==    by 0x4C2695D: g_private_get (in /usr/lib/x86_64-linux-gnu/libglib-2.0.so.0.7200.4)
==7139==    by 0x4BE0372: g_logv (in /usr/lib/x86_64-linux-gnu/libglib-2.0.so.0.7200.4)
==7139==    by 0x4BE0702: g_log (in /usr/lib/x86_64-linux-gnu/libglib-2.0.so.0.7200.4)
==7139==    by 0x4B5B9E1: g_type_check_instance_cast (in /usr/lib/x86_64-linux-gnu/libgobject-2.0.so.0.7200.4)
==7139==    by 0x437F43: AttachSourceTest_shouldAttachAudioSource_Test::TestBody() (in /home/lukewill95/rialto/build/tests/media/server/gstplayer/RialtoServerGstPlayerUnitTests)
==7139==    by 0x938A4C: void testing::internal::HandleSehExceptionsInMethodIfSupported<testing::Test, void>(testing::Test*, void (testing::Test::*)(), char const*) (in /home/lukewill95/rialto/build/tests/media/server/gstplayer/RialtoServerGstPlayerUnitTests)
==7139==    by 0x931110: void testing::internal::HandleExceptionsInMethodIfSupported<testing::Test, void>(testing::Test*, void (testing::Test::*)(), char const*) (in /home/lukewill95/rialto/build/tests/media/server/gstplayer/RialtoServerGstPlayerUnitTests)
==7139==    by 0x90D129: testing::Test::Run() (in /home/lukewill95/rialto/build/tests/media/server/gstplayer/RialtoServerGstPlayerUnitTests)
==7139==    by 0x90DBFC: testing::TestInfo::Run() (in /home/lukewill95/rialto/build/tests/media/server/gstplayer/RialtoServerGstPlayerUnitTests)
==7139==    by 0x90E549: testing::TestSuite::Run() (in /home/lukewill95/rialto/build/tests/media/server/gstplayer/RialtoServerGstPlayerUnitTests)
==7139== 
==7139== 4 bytes in 1 blocks are still reachable in loss record 3 of 1,608
==7139==    at 0x4848899: malloc (in /usr/libexec/valgrind/vgpreload_memcheck-amd64-linux.so)
==7139==    by 0x4C268C3: ??? (in /usr/lib/x86_64-linux-gnu/libglib-2.0.so.0.7200.4)
==7139==    by 0x4C2695D: g_private_get (in /usr/lib/x86_64-linux-gnu/libglib-2.0.so.0.7200.4)
==7139==    by 0x4BDEC0B: g_log_structured_array (in /usr/lib/x86_64-linux-gnu/libglib-2.0.so.0.7200.4)
==7139==    by 0x4BDEFB8: g_log_default_handler (in /usr/lib/x86_64-linux-gnu/libglib-2.0.so.0.7200.4)
==7139==    by 0x4BE0419: g_logv (in /usr/lib/x86_64-linux-gnu/libglib-2.0.so.0.7200.4)
==7139==    by 0x4BE0702: g_log (in /usr/lib/x86_64-linux-gnu/libglib-2.0.so.0.7200.4)
==7139==    by 0x4B5B9E1: g_type_check_instance_cast (in /usr/lib/x86_64-linux-gnu/libgobject-2.0.so.0.7200.4)
==7139==    by 0x437F43: AttachSourceTest_shouldAttachAudioSource_Test::TestBody() (in /home/lukewill95/rialto/build/tests/media/server/gstplayer/RialtoServerGstPlayerUnitTests)
==7139==    by 0x938A4C: void testing::internal::HandleSehExceptionsInMethodIfSupported<testing::Test, void>(testing::Test*, void (testing::Test::*)(), char const*) (in /home/lukewill95/rialto/build/tests/media/server/gstplayer/RialtoServerGstPlayerUnitTests)
==7139==    by 0x931110: void testing::internal::HandleExceptionsInMethodIfSupported<testing::Test, void>(testing::Test*, void (testing::Test::*)(), char const*) (in /home/lukewill95/rialto/build/tests/media/server/gstplayer/RialtoServerGstPlayerUnitTests)
==7139==    by 0x90D129: testing::Test::Run() (in /home/lukewill95/rialto/build/tests/media/server/gstplayer/RialtoServerGstPlayerUnitTests)
==7139== 
==7139== 4 bytes in 1 blocks are still reachable in loss record 4 of 1,608
==7139==    at 0x4848899: malloc (in /usr/libexec/valgrind/vgpreload_memcheck-amd64-linux.so)
==7139==    by 0x4C268C3: ??? (in /usr/lib/x86_64-linux-gnu/libglib-2.0.so.0.7200.4)
==7139==    by 0x4C2695D: g_private_get (in /usr/lib/x86_64-linux-gnu/libglib-2.0.so.0.7200.4)
==7139==    by 0x4BB497F: g_get_charset (in /usr/lib/x86_64-linux-gnu/libglib-2.0.so.0.7200.4)
==7139==    by 0x4BDF6F9: g_log_writer_format_fields (in /usr/lib/x86_64-linux-gnu/libglib-2.0.so.0.7200.4)
==7139==    by 0x4BE2F0C: g_log_writer_standard_streams (in /usr/lib/x86_64-linux-gnu/libglib-2.0.so.0.7200.4)
==7139==    by 0x4BE3047: g_log_writer_default (in /usr/lib/x86_64-linux-gnu/libglib-2.0.so.0.7200.4)
==7139==    by 0x4BDECB2: g_log_structured_array (in /usr/lib/x86_64-linux-gnu/libglib-2.0.so.0.7200.4)
==7139==    by 0x4BDEFB8: g_log_default_handler (in /usr/lib/x86_64-linux-gnu/libglib-2.0.so.0.7200.4)
==7139==    by 0x4BE0419: g_logv (in /usr/lib/x86_64-linux-gnu/libglib-2.0.so.0.7200.4)
==7139==    by 0x4BE0702: g_log (in /usr/lib/x86_64-linux-gnu/libglib-2.0.so.0.7200.4)
==7139==    by 0x4B5B9E1: g_type_check_instance_cast (in /usr/lib/x86_64-linux-gnu/libgobject-2.0.so.0.7200.4)
==7139== 
==7139== 4 bytes in 1 blocks are still reachable in loss record 5 of 1,608
==7139==    at 0x4848899: malloc (in /usr/libexec/valgrind/vgpreload_memcheck-amd64-linux.so)
==7139==    by 0x4BE0738: g_malloc (in /usr/lib/x86_64-linux-gnu/libglib-2.0.so.0.7200.4)
==7139==    by 0x4BF5583: g_strdup (in /usr/lib/x86_64-linux-gnu/libglib-2.0.so.0.7200.4)
==7139==    by 0x4A50DE7: _gst_debug_category_new (in /usr/lib/x86_64-linux-gnu/libgstreamer-1.0.so.0.2003.0)
==7139==    by 0x4A154A7: ??? (in /usr/lib/x86_64-linux-gnu/libgstreamer-1.0.so.0.2003.0)
==7139==    by 0x4A15504: gst_bin_get_type (in /usr/lib/x86_64-linux-gnu/libgstreamer-1.0.so.0.2003.0)
==7139==    by 0x510ED6: HandleBusMessageTest_shouldNotHandleStateChangedMessageWhenGstPlayerClientIsNull_Test::TestBody() (in /home/lukewill95/rialto/build/tests/media/server/gstplayer/RialtoServerGstPlayerUnitTests)
==7139==    by 0x938A4C: void testing::internal::HandleSehExceptionsInMethodIfSupported<testing::Test, void>(testing::Test*, void (testing::Test::*)(), char const*) (in /home/lukewill95/rialto/build/tests/media/server/gstplayer/RialtoServerGstPlayerUnitTests)
==7139==    by 0x931110: void testing::internal::HandleExceptionsInMethodIfSupported<testing::Test, void>(testing::Test*, void (testing::Test::*)(), char const*) (in /home/lukewill95/rialto/build/tests/media/server/gstplayer/RialtoServerGstPlayerUnitTests)
==7139==    by 0x90D129: testing::Test::Run() (in /home/lukewill95/rialto/build/tests/media/server/gstplayer/RialtoServerGstPlayerUnitTests)
==7139==    by 0x90DBFC: testing::TestInfo::Run() (in /home/lukewill95/rialto/build/tests/media/server/gstplayer/RialtoServerGstPlayerUnitTests)
==7139==    by 0x90E549: testing::TestSuite::Run() (in /home/lukewill95/rialto/build/tests/media/server/gstplayer/RialtoServerGstPlayerUnitTests)
==7139== 
==7139== 4 bytes in 1 blocks are still reachable in loss record 7 of 1,608
==7139==    at 0x4848899: malloc (in /usr/libexec/valgrind/vgpreload_memcheck-amd64-linux.so)
==7139==    by 0x4BE0738: g_malloc (in /usr/lib/x86_64-linux-gnu/libglib-2.0.so.0.7200.4)
==7139==    by 0x4BF5583: g_strdup (in /usr/lib/x86_64-linux-gnu/libglib-2.0.so.0.7200.4)
==7139==    by 0x4A124E5: ??? (in /usr/lib/x86_64-linux-gnu/libgstreamer-1.0.so.0.2003.0)
==7139==    by 0x4A12722: gst_object_set_name (in /usr/lib/x86_64-linux-gnu/libgstreamer-1.0.so.0.2003.0)
==7139==    by 0x4A427B6: gst_element_register (in /usr/lib/x86_64-linux-gnu/libgstreamer-1.0.so.0.2003.0)
==7139==    by 0x4A0C463: ??? (in /usr/lib/x86_64-linux-gnu/libgstreamer-1.0.so.0.2003.0)
==7139==    by 0x4A695C4: ??? (in /usr/lib/x86_64-linux-gnu/libgstreamer-1.0.so.0.2003.0)
==7139==    by 0x4A6F80D: gst_plugin_register_static (in /usr/lib/x86_64-linux-gnu/libgstreamer-1.0.so.0.2003.0)
==7139==    by 0x4A0FD90: ??? (in /usr/lib/x86_64-linux-gnu/libgstreamer-1.0.so.0.2003.0)
==7139==    by 0x4BE5A47: g_option_context_parse (in /usr/lib/x86_64-linux-gnu/libglib-2.0.so.0.7200.4)
==7139==    by 0x4A07876: gst_init_check (in /usr/lib/x86_64-linux-gnu/libgstreamer-1.0.so.0.2003.0)
==7139== 
==7139== 4 bytes in 1 blocks are still reachable in loss record 9 of 1,608
==7139==    at 0x4848899: malloc (in /usr/libexec/valgrind/vgpreload_memcheck-amd64-linux.so)
==7139==    by 0x4C268C3: ??? (in /usr/lib/x86_64-linux-gnu/libglib-2.0.so.0.7200.4)
==7139==    by 0x4C2695D: g_private_get (in /usr/lib/x86_64-linux-gnu/libglib-2.0.so.0.7200.4)
==7139==    by 0x4BB4F03: g_get_filename_charsets (in /usr/lib/x86_64-linux-gnu/libglib-2.0.so.0.7200.4)
==7139==    by 0x4BB7A9F: g_filename_to_utf8 (in /usr/lib/x86_64-linux-gnu/libglib-2.0.so.0.7200.4)
==7139==    by 0x4BC3E77: g_dir_open (in /usr/lib/x86_64-linux-gnu/libglib-2.0.so.0.7200.4)
==7139==    by 0x4A7B1B9: ??? (in /usr/lib/x86_64-linux-gnu/libgstreamer-1.0.so.0.2003.0)
==7139==    by 0x4A7BA2F: ??? (in /usr/lib/x86_64-linux-gnu/libgstreamer-1.0.so.0.2003.0)
==7139==    by 0x4A7DFB2: gst_update_registry (in /usr/lib/x86_64-linux-gnu/libgstreamer-1.0.so.0.2003.0)
==7139==    by 0x4A0FDD9: ??? (in /usr/lib/x86_64-linux-gnu/libgstreamer-1.0.so.0.2003.0)
==7139==    by 0x4BE5A47: g_option_context_parse (in /usr/lib/x86_64-linux-gnu/libglib-2.0.so.0.7200.4)
==7139==    by 0x4A07876: gst_init_check (in /usr/lib/x86_64-linux-gnu/libgstreamer-1.0.so.0.2003.0)
==7139== 
==7139== 6 bytes in 1 blocks are still reachable in loss record 14 of 1,608
==7139==    at 0x4848899: malloc (in /usr/libexec/valgrind/vgpreload_memcheck-amd64-linux.so)
==7139==    by 0x4BE0738: g_malloc (in /usr/lib/x86_64-linux-gnu/libglib-2.0.so.0.7200.4)
==7139==    by 0x4BF5583: g_strdup (in /usr/lib/x86_64-linux-gnu/libglib-2.0.so.0.7200.4)
==7139==    by 0x4BB50D2: g_get_filename_charsets (in /usr/lib/x86_64-linux-gnu/libglib-2.0.so.0.7200.4)
==7139==    by 0x4BB7A9F: g_filename_to_utf8 (in /usr/lib/x86_64-linux-gnu/libglib-2.0.so.0.7200.4)
==7139==    by 0x4BC3E77: g_dir_open (in /usr/lib/x86_64-linux-gnu/libglib-2.0.so.0.7200.4)
==7139==    by 0x4A7B1B9: ??? (in /usr/lib/x86_64-linux-gnu/libgstreamer-1.0.so.0.2003.0)
==7139==    by 0x4A7BA2F: ??? (in /usr/lib/x86_64-linux-gnu/libgstreamer-1.0.so.0.2003.0)
==7139==    by 0x4A7DFB2: gst_update_registry (in /usr/lib/x86_64-linux-gnu/libgstreamer-1.0.so.0.2003.0)
==7139==    by 0x4A0FDD9: ??? (in /usr/lib/x86_64-linux-gnu/libgstreamer-1.0.so.0.2003.0)
==7139==    by 0x4BE5A47: g_option_context_parse (in /usr/lib/x86_64-linux-gnu/libglib-2.0.so.0.7200.4)
==7139==    by 0x4A07876: gst_init_check (in /usr/lib/x86_64-linux-gnu/libgstreamer-1.0.so.0.2003.0)
==7139== 
==7139== 8 bytes in 1 blocks are still reachable in loss record 21 of 1,608
==7139==    at 0x4848899: malloc (in /usr/libexec/valgrind/vgpreload_memcheck-amd64-linux.so)
==7139==    by 0x4BE0738: g_malloc (in /usr/lib/x86_64-linux-gnu/libglib-2.0.so.0.7200.4)
==7139==    by 0x4BF5583: g_strdup (in /usr/lib/x86_64-linux-gnu/libglib-2.0.so.0.7200.4)
==7139==    by 0x4A50DE7: _gst_debug_category_new (in /usr/lib/x86_64-linux-gnu/libgstreamer-1.0.so.0.2003.0)
==7139==    by 0x4A9879F: gst_uri_handler_get_type (in /usr/lib/x86_64-linux-gnu/libgstreamer-1.0.so.0.2003.0)
==7139==    by 0x487417C: ??? (in /usr/lib/x86_64-linux-gnu/libgstapp-1.0.so.0.2001.0)
==7139==    by 0x4877D34: gst_app_src_get_type (in /usr/lib/x86_64-linux-gnu/libgstapp-1.0.so.0.2001.0)
==7139==    by 0x437F28: AttachSourceTest_shouldAttachAudioSource_Test::TestBody() (in /home/lukewill95/rialto/build/tests/media/server/gstplayer/RialtoServerGstPlayerUnitTests)
==7139==    by 0x938A4C: void testing::internal::HandleSehExceptionsInMethodIfSupported<testing::Test, void>(testing::Test*, void (testing::Test::*)(), char const*) (in /home/lukewill95/rialto/build/tests/media/server/gstplayer/RialtoServerGstPlayerUnitTests)
==7139==    by 0x931110: void testing::internal::HandleExceptionsInMethodIfSupported<testing::Test, void>(testing::Test*, void (testing::Test::*)(), char const*) (in /home/lukewill95/rialto/build/tests/media/server/gstplayer/RialtoServerGstPlayerUnitTests)
==7139==    by 0x90D129: testing::Test::Run() (in /home/lukewill95/rialto/build/tests/media/server/gstplayer/RialtoServerGstPlayerUnitTests)
==7139==    by 0x90DBFC: testing::TestInfo::Run() (in /home/lukewill95/rialto/build/tests/media/server/gstplayer/RialtoServerGstPlayerUnitTests)
==7139== 
==7139== 8 bytes in 1 blocks are still reachable in loss record 22 of 1,608
==7139==    at 0x4B34BDC: ??? (in /usr/lib/x86_64-linux-gnu/libgobject-2.0.so.0.7200.4)
==7139==    by 0x4B35908: ??? (in /usr/lib/x86_64-linux-gnu/libgobject-2.0.so.0.7200.4)
==7139==    by 0x4B5776D: ??? (in /usr/lib/x86_64-linux-gnu/libgobject-2.0.so.0.7200.4)
==7139==    by 0x4B57A3F: ??? (in /usr/lib/x86_64-linux-gnu/libgobject-2.0.so.0.7200.4)
==7139==    by 0x4B5E9F4: ??? (in /usr/lib/x86_64-linux-gnu/libgobject-2.0.so.0.7200.4)
==7139==    by 0x4B5ECE9: g_type_add_interface_static (in /usr/lib/x86_64-linux-gnu/libgobject-2.0.so.0.7200.4)
==7139==    by 0x487418C: ??? (in /usr/lib/x86_64-linux-gnu/libgstapp-1.0.so.0.2001.0)
==7139==    by 0x4877D34: gst_app_src_get_type (in /usr/lib/x86_64-linux-gnu/libgstapp-1.0.so.0.2001.0)
==7139==    by 0x437F28: AttachSourceTest_shouldAttachAudioSource_Test::TestBody() (in /home/lukewill95/rialto/build/tests/media/server/gstplayer/RialtoServerGstPlayerUnitTests)
==7139==    by 0x938A4C: void testing::internal::HandleSehExceptionsInMethodIfSupported<testing::Test, void>(testing::Test*, void (testing::Test::*)(), char const*) (in /home/lukewill95/rialto/build/tests/media/server/gstplayer/RialtoServerGstPlayerUnitTests)
==7139==    by 0x931110: void testing::internal::HandleExceptionsInMethodIfSupported<testing::Test, void>(testing::Test*, void (testing::Test::*)(), char const*) (in /home/lukewill95/rialto/build/tests/media/server/gstplayer/RialtoServerGstPlayerUnitTests)
==7139==    by 0x90D129: testing::Test::Run() (in /home/lukewill95/rialto/build/tests/media/server/gstplayer/RialtoServerGstPlayerUnitTests)
==7139== 
==7139== 8 bytes in 1 blocks are still reachable in loss record 23 of 1,608
==7139==    at 0x48487A9: malloc (in /usr/libexec/valgrind/vgpreload_memcheck-amd64-linux.so)
==7139==    by 0x4BE0D7F: g_realloc (in /usr/lib/x86_64-linux-gnu/libglib-2.0.so.0.7200.4)
==7139==    by 0x4B57CA0: ??? (in /usr/lib/x86_64-linux-gnu/libgobject-2.0.so.0.7200.4)
==7139==    by 0x4B5AF0F: g_type_interface_add_prerequisite (in /usr/lib/x86_64-linux-gnu/libgobject-2.0.so.0.7200.4)
==7139==    by 0x4A275C9: gst_child_proxy_get_type (in /usr/lib/x86_64-linux-gnu/libgstreamer-1.0.so.0.2003.0)
==7139==    by 0x4A1546A: ??? (in /usr/lib/x86_64-linux-gnu/libgstreamer-1.0.so.0.2003.0)
==7139==    by 0x4A15504: gst_bin_get_type (in /usr/lib/x86_64-linux-gnu/libgstreamer-1.0.so.0.2003.0)
==7139==    by 0x510ED6: HandleBusMessageTest_shouldNotHandleStateChangedMessageWhenGstPlayerClientIsNull_Test::TestBody() (in /home/lukewill95/rialto/build/tests/media/server/gstplayer/RialtoServerGstPlayerUnitTests)
==7139==    by 0x938A4C: void testing::internal::HandleSehExceptionsInMethodIfSupported<testing::Test, void>(testing::Test*, void (testing::Test::*)(), char const*) (in /home/lukewill95/rialto/build/tests/media/server/gstplayer/RialtoServerGstPlayerUnitTests)
==7139==    by 0x931110: void testing::internal::HandleExceptionsInMethodIfSupported<testing::Test, void>(testing::Test*, void (testing::Test::*)(), char const*) (in /home/lukewill95/rialto/build/tests/media/server/gstplayer/RialtoServerGstPlayerUnitTests)
==7139==    by 0x90D129: testing::Test::Run() (in /home/lukewill95/rialto/build/tests/media/server/gstplayer/RialtoServerGstPlayerUnitTests)
==7139==    by 0x90DBFC: testing::TestInfo::Run() (in /home/lukewill95/rialto/build/tests/media/server/gstplayer/RialtoServerGstPlayerUnitTests)
==7139== 
==7139== 8 bytes in 1 blocks are still reachable in loss record 24 of 1,608
==7139==    at 0x4B34BDC: ??? (in /usr/lib/x86_64-linux-gnu/libgobject-2.0.so.0.7200.4)
==7139==    by 0x4B35908: ??? (in /usr/lib/x86_64-linux-gnu/libgobject-2.0.so.0.7200.4)
==7139==    by 0x4B5776D: ??? (in /usr/lib/x86_64-linux-gnu/libgobject-2.0.so.0.7200.4)
==7139==    by 0x4B57A3F: ??? (in /usr/lib/x86_64-linux-gnu/libgobject-2.0.so.0.7200.4)
==7139==    by 0x4B5E9F4: ??? (in /usr/lib/x86_64-linux-gnu/libgobject-2.0.so.0.7200.4)
==7139==    by 0x4B5ECE9: g_type_add_interface_static (in /usr/lib/x86_64-linux-gnu/libgobject-2.0.so.0.7200.4)
==7139==    by 0x4A1547C: ??? (in /usr/lib/x86_64-linux-gnu/libgstreamer-1.0.so.0.2003.0)
==7139==    by 0x4A15504: gst_bin_get_type (in /usr/lib/x86_64-linux-gnu/libgstreamer-1.0.so.0.2003.0)
==7139==    by 0x510ED6: HandleBusMessageTest_shouldNotHandleStateChangedMessageWhenGstPlayerClientIsNull_Test::TestBody() (in /home/lukewill95/rialto/build/tests/media/server/gstplayer/RialtoServerGstPlayerUnitTests)
==7139==    by 0x938A4C: void testing::internal::HandleSehExceptionsInMethodIfSupported<testing::Test, void>(testing::Test*, void (testing::Test::*)(), char const*) (in /home/lukewill95/rialto/build/tests/media/server/gstplayer/RialtoServerGstPlayerUnitTests)
==7139==    by 0x931110: void testing::internal::HandleExceptionsInMethodIfSupported<testing::Test, void>(testing::Test*, void (testing::Test::*)(), char const*) (in /home/lukewill95/rialto/build/tests/media/server/gstplayer/RialtoServerGstPlayerUnitTests)
==7139==    by 0x90D129: testing::Test::Run() (in /home/lukewill95/rialto/build/tests/media/server/gstplayer/RialtoServerGstPlayerUnitTests)
==7139== 
==7139== 8 bytes in 1 blocks are still reachable in loss record 40 of 1,608
==7139==    at 0x4848899: malloc (in /usr/libexec/valgrind/vgpreload_memcheck-amd64-linux.so)
==7139==    by 0x50771D7: __vasprintf_internal (vasprintf.c:71)
==7139==    by 0x4C280C2: g_vasprintf (in /usr/lib/x86_64-linux-gnu/libglib-2.0.so.0.7200.4)
==7139==    by 0x4BF8E20: g_strdup_vprintf (in /usr/lib/x86_64-linux-gnu/libglib-2.0.so.0.7200.4)
==7139==    by 0x4BF8EDC: g_strdup_printf (in /usr/lib/x86_64-linux-gnu/libglib-2.0.so.0.7200.4)
==7139==    by 0x4A125EB: ??? (in /usr/lib/x86_64-linux-gnu/libgstreamer-1.0.so.0.2003.0)
==7139==    by 0x4B46D85: ??? (in /usr/lib/x86_64-linux-gnu/libgobject-2.0.so.0.7200.4)
==7139==    by 0x4B471BB: ??? (in /usr/lib/x86_64-linux-gnu/libgobject-2.0.so.0.7200.4)
==7139==    by 0x4B4834C: g_object_new_with_properties (in /usr/lib/x86_64-linux-gnu/libgobject-2.0.so.0.7200.4)
==7139==    by 0x4B48E50: g_object_new (in /usr/lib/x86_64-linux-gnu/libgobject-2.0.so.0.7200.4)
==7139==    by 0x4A6F7FD: gst_plugin_register_static (in /usr/lib/x86_64-linux-gnu/libgstreamer-1.0.so.0.2003.0)
==7139==    by 0x4A0FD90: ??? (in /usr/lib/x86_64-linux-gnu/libgstreamer-1.0.so.0.2003.0)
==7139== 
==7139== 8 bytes in 1 blocks are still reachable in loss record 43 of 1,608
==7139==    at 0x48487A9: malloc (in /usr/libexec/valgrind/vgpreload_memcheck-amd64-linux.so)
==7139==    by 0x4BE0D7F: g_realloc (in /usr/lib/x86_64-linux-gnu/libglib-2.0.so.0.7200.4)
==7139==    by 0x4B57CA0: ??? (in /usr/lib/x86_64-linux-gnu/libgobject-2.0.so.0.7200.4)
==7139==    by 0x4B5AF0F: g_type_interface_add_prerequisite (in /usr/lib/x86_64-linux-gnu/libgobject-2.0.so.0.7200.4)
==7139==    by 0x4923909: gst_stream_volume_get_type (in /usr/lib/x86_64-linux-gnu/libgstaudio-1.0.so.0.2001.0)
==7139==    by 0x97D73C: GST_STREAM_VOLUME (in /home/lukewill95/rialto/build/tests/media/server/gstplayer/RialtoServerGstPlayerUnitTests)
==7139==    by 0x97D99C: firebolt::rialto::server::tasks::generic::SetVolume::execute() const (in /home/lukewill95/rialto/build/tests/media/server/gstplayer/RialtoServerGstPlayerUnitTests)
==7139==    by 0x1AA051: TasksTestsBase::triggerSetVolume() (in /home/lukewill95/rialto/build/tests/media/server/gstplayer/RialtoServerGstPlayerUnitTests)
==7139==    by 0x5DF283: SetVolumeTest_shouldSetVolume_Test::TestBody() (in /home/lukewill95/rialto/build/tests/media/server/gstplayer/RialtoServerGstPlayerUnitTests)
==7139==    by 0x938A4C: void testing::internal::HandleSehExceptionsInMethodIfSupported<testing::Test, void>(testing::Test*, void (testing::Test::*)(), char const*) (in /home/lukewill95/rialto/build/tests/media/server/gstplayer/RialtoServerGstPlayerUnitTests)
==7139==    by 0x931110: void testing::internal::HandleExceptionsInMethodIfSupported<testing::Test, void>(testing::Test*, void (testing::Test::*)(), char const*) (in /home/lukewill95/rialto/build/tests/media/server/gstplayer/RialtoServerGstPlayerUnitTests)
==7139==    by 0x90D129: testing::Test::Run() (in /home/lukewill95/rialto/build/tests/media/server/gstplayer/RialtoServerGstPlayerUnitTests)
==7139== 
==7139== 9 bytes in 1 blocks are still reachable in loss record 54 of 1,608
==7139==    at 0x4848899: malloc (in /usr/libexec/valgrind/vgpreload_memcheck-amd64-linux.so)
==7139==    by 0x4BE0738: g_malloc (in /usr/lib/x86_64-linux-gnu/libglib-2.0.so.0.7200.4)
==7139==    by 0x4BF5583: g_strdup (in /usr/lib/x86_64-linux-gnu/libglib-2.0.so.0.7200.4)
==7139==    by 0x4A50DE7: _gst_debug_category_new (in /usr/lib/x86_64-linux-gnu/libgstreamer-1.0.so.0.2003.0)
==7139==    by 0x4A6DD27: ??? (in /usr/lib/x86_64-linux-gnu/libgstreamer-1.0.so.0.2003.0)
==7139==    by 0x4A6DD84: gst_pipeline_get_type (in /usr/lib/x86_64-linux-gnu/libgstreamer-1.0.so.0.2003.0)
==7139==    by 0x4A0C46C: ??? (in /usr/lib/x86_64-linux-gnu/libgstreamer-1.0.so.0.2003.0)
==7139==    by 0x4A695C4: ??? (in /usr/lib/x86_64-linux-gnu/libgstreamer-1.0.so.0.2003.0)
==7139==    by 0x4A6F80D: gst_plugin_register_static (in /usr/lib/x86_64-linux-gnu/libgstreamer-1.0.so.0.2003.0)
==7139==    by 0x4A0FD90: ??? (in /usr/lib/x86_64-linux-gnu/libgstreamer-1.0.so.0.2003.0)
==7139==    by 0x4BE5A47: g_option_context_parse (in /usr/lib/x86_64-linux-gnu/libglib-2.0.so.0.7200.4)
==7139==    by 0x4A07876: gst_init_check (in /usr/lib/x86_64-linux-gnu/libgstreamer-1.0.so.0.2003.0)
==7139== 
==7139== 9 bytes in 1 blocks are still reachable in loss record 55 of 1,608
==7139==    at 0x4848899: malloc (in /usr/libexec/valgrind/vgpreload_memcheck-amd64-linux.so)
==7139==    by 0x4BE0738: g_malloc (in /usr/lib/x86_64-linux-gnu/libglib-2.0.so.0.7200.4)
==7139==    by 0x4BF5583: g_strdup (in /usr/lib/x86_64-linux-gnu/libglib-2.0.so.0.7200.4)
==7139==    by 0x4A124E5: ??? (in /usr/lib/x86_64-linux-gnu/libgstreamer-1.0.so.0.2003.0)
==7139==    by 0x4A12722: gst_object_set_name (in /usr/lib/x86_64-linux-gnu/libgstreamer-1.0.so.0.2003.0)
==7139==    by 0x4A427B6: gst_element_register (in /usr/lib/x86_64-linux-gnu/libgstreamer-1.0.so.0.2003.0)
==7139==    by 0x4A0C483: ??? (in /usr/lib/x86_64-linux-gnu/libgstreamer-1.0.so.0.2003.0)
==7139==    by 0x4A695C4: ??? (in /usr/lib/x86_64-linux-gnu/libgstreamer-1.0.so.0.2003.0)
==7139==    by 0x4A6F80D: gst_plugin_register_static (in /usr/lib/x86_64-linux-gnu/libgstreamer-1.0.so.0.2003.0)
==7139==    by 0x4A0FD90: ??? (in /usr/lib/x86_64-linux-gnu/libgstreamer-1.0.so.0.2003.0)
==7139==    by 0x4BE5A47: g_option_context_parse (in /usr/lib/x86_64-linux-gnu/libglib-2.0.so.0.7200.4)
==7139==    by 0x4A07876: gst_init_check (in /usr/lib/x86_64-linux-gnu/libgstreamer-1.0.so.0.2003.0)
==7139== 
==7139== 10 bytes in 1 blocks are still reachable in loss record 63 of 1,608
==7139==    at 0x4848899: malloc (in /usr/libexec/valgrind/vgpreload_memcheck-amd64-linux.so)
==7139==    by 0x50771D7: __vasprintf_internal (vasprintf.c:71)
==7139==    by 0x4C280C2: g_vasprintf (in /usr/lib/x86_64-linux-gnu/libglib-2.0.so.0.7200.4)
==7139==    by 0x4BF8E20: g_strdup_vprintf (in /usr/lib/x86_64-linux-gnu/libglib-2.0.so.0.7200.4)
==7139==    by 0x4BF8EDC: g_strdup_printf (in /usr/lib/x86_64-linux-gnu/libglib-2.0.so.0.7200.4)
==7139==    by 0x4A125EB: ??? (in /usr/lib/x86_64-linux-gnu/libgstreamer-1.0.so.0.2003.0)
==7139==    by 0x4B46D85: ??? (in /usr/lib/x86_64-linux-gnu/libgobject-2.0.so.0.7200.4)
==7139==    by 0x4B471BB: ??? (in /usr/lib/x86_64-linux-gnu/libgobject-2.0.so.0.7200.4)
==7139==    by 0x4B4834C: g_object_new_with_properties (in /usr/lib/x86_64-linux-gnu/libgobject-2.0.so.0.7200.4)
==7139==    by 0x4B48E50: g_object_new (in /usr/lib/x86_64-linux-gnu/libgobject-2.0.so.0.7200.4)
==7139==    by 0x4A7C570: gst_registry_get (in /usr/lib/x86_64-linux-gnu/libgstreamer-1.0.so.0.2003.0)
==7139==    by 0x4A42768: gst_element_register (in /usr/lib/x86_64-linux-gnu/libgstreamer-1.0.so.0.2003.0)
==7139== 
==7139== 10 bytes in 1 blocks are still reachable in loss record 64 of 1,608
==7139==    at 0x4848899: malloc (in /usr/libexec/valgrind/vgpreload_memcheck-amd64-linux.so)
==7139==    by 0x4BE0738: g_malloc (in /usr/lib/x86_64-linux-gnu/libglib-2.0.so.0.7200.4)
==7139==    by 0x4BF5583: g_strdup (in /usr/lib/x86_64-linux-gnu/libglib-2.0.so.0.7200.4)
==7139==    by 0x4A50DE7: _gst_debug_category_new (in /usr/lib/x86_64-linux-gnu/libgstreamer-1.0.so.0.2003.0)
==7139==    by 0x99B92B: gst_rialto_src_get_type_once() (in /home/lukewill95/rialto/build/tests/media/server/gstplayer/RialtoServerGstPlayerUnitTests)
==7139==    by 0x99B812: gst_rialto_src_get_type (in /home/lukewill95/rialto/build/tests/media/server/gstplayer/RialtoServerGstPlayerUnitTests)
==7139==    by 0x99CC9C: firebolt::rialto::server::GstSrc::initSrc() (in /home/lukewill95/rialto/build/tests/media/server/gstplayer/RialtoServerGstPlayerUnitTests)
==7139==    by 0x87230E: RialtoServerInitGstSrcTest_NoRialtoSrc_Test::TestBody() (in /home/lukewill95/rialto/build/tests/media/server/gstplayer/RialtoServerGstPlayerUnitTests)
==7139==    by 0x938A4C: void testing::internal::HandleSehExceptionsInMethodIfSupported<testing::Test, void>(testing::Test*, void (testing::Test::*)(), char const*) (in /home/lukewill95/rialto/build/tests/media/server/gstplayer/RialtoServerGstPlayerUnitTests)
==7139==    by 0x931110: void testing::internal::HandleExceptionsInMethodIfSupported<testing::Test, void>(testing::Test*, void (testing::Test::*)(), char const*) (in /home/lukewill95/rialto/build/tests/media/server/gstplayer/RialtoServerGstPlayerUnitTests)
==7139==    by 0x90D129: testing::Test::Run() (in /home/lukewill95/rialto/build/tests/media/server/gstplayer/RialtoServerGstPlayerUnitTests)
==7139==    by 0x90DBFC: testing::TestInfo::Run() (in /home/lukewill95/rialto/build/tests/media/server/gstplayer/RialtoServerGstPlayerUnitTests)
==7139== 
==7139== 15 bytes in 1 blocks are still reachable in loss record 87 of 1,608
==7139==    at 0x4848899: malloc (in /usr/libexec/valgrind/vgpreload_memcheck-amd64-linux.so)
==7139==    by 0x4BE0738: g_malloc (in /usr/lib/x86_64-linux-gnu/libglib-2.0.so.0.7200.4)
==7139==    by 0x4BF5583: g_strdup (in /usr/lib/x86_64-linux-gnu/libglib-2.0.so.0.7200.4)
==7139==    by 0x4BB4A10: g_get_charset (in /usr/lib/x86_64-linux-gnu/libglib-2.0.so.0.7200.4)
==7139==    by 0x4BDF6F9: g_log_writer_format_fields (in /usr/lib/x86_64-linux-gnu/libglib-2.0.so.0.7200.4)
==7139==    by 0x4BE2F0C: g_log_writer_standard_streams (in /usr/lib/x86_64-linux-gnu/libglib-2.0.so.0.7200.4)
==7139==    by 0x4BE3047: g_log_writer_default (in /usr/lib/x86_64-linux-gnu/libglib-2.0.so.0.7200.4)
==7139==    by 0x4BDECB2: g_log_structured_array (in /usr/lib/x86_64-linux-gnu/libglib-2.0.so.0.7200.4)
==7139==    by 0x4BDEFB8: g_log_default_handler (in /usr/lib/x86_64-linux-gnu/libglib-2.0.so.0.7200.4)
==7139==    by 0x4BE0419: g_logv (in /usr/lib/x86_64-linux-gnu/libglib-2.0.so.0.7200.4)
==7139==    by 0x4BE0702: g_log (in /usr/lib/x86_64-linux-gnu/libglib-2.0.so.0.7200.4)
==7139==    by 0x4B5B9E1: g_type_check_instance_cast (in /usr/lib/x86_64-linux-gnu/libgobject-2.0.so.0.7200.4)
==7139== 
==7139== 15 bytes in 1 blocks are still reachable in loss record 88 of 1,608
==7139==    at 0x4848899: malloc (in /usr/libexec/valgrind/vgpreload_memcheck-amd64-linux.so)
==7139==    by 0x4BE0738: g_malloc (in /usr/lib/x86_64-linux-gnu/libglib-2.0.so.0.7200.4)
==7139==    by 0x4BF5583: g_strdup (in /usr/lib/x86_64-linux-gnu/libglib-2.0.so.0.7200.4)
==7139==    by 0x4BB4A2A: g_get_charset (in /usr/lib/x86_64-linux-gnu/libglib-2.0.so.0.7200.4)
==7139==    by 0x4BDF6F9: g_log_writer_format_fields (in /usr/lib/x86_64-linux-gnu/libglib-2.0.so.0.7200.4)
==7139==    by 0x4BE2F0C: g_log_writer_standard_streams (in /usr/lib/x86_64-linux-gnu/libglib-2.0.so.0.7200.4)
==7139==    by 0x4BE3047: g_log_writer_default (in /usr/lib/x86_64-linux-gnu/libglib-2.0.so.0.7200.4)
==7139==    by 0x4BDECB2: g_log_structured_array (in /usr/lib/x86_64-linux-gnu/libglib-2.0.so.0.7200.4)
==7139==    by 0x4BDEFB8: g_log_default_handler (in /usr/lib/x86_64-linux-gnu/libglib-2.0.so.0.7200.4)
==7139==    by 0x4BE0419: g_logv (in /usr/lib/x86_64-linux-gnu/libglib-2.0.so.0.7200.4)
==7139==    by 0x4BE0702: g_log (in /usr/lib/x86_64-linux-gnu/libglib-2.0.so.0.7200.4)
==7139==    by 0x4B5B9E1: g_type_check_instance_cast (in /usr/lib/x86_64-linux-gnu/libgobject-2.0.so.0.7200.4)
==7139== 
==7139== 15 bytes in 1 blocks are still reachable in loss record 119 of 1,608
==7139==    at 0x4848899: malloc (in /usr/libexec/valgrind/vgpreload_memcheck-amd64-linux.so)
==7139==    by 0x4BE0738: g_malloc (in /usr/lib/x86_64-linux-gnu/libglib-2.0.so.0.7200.4)
==7139==    by 0x4BF5583: g_strdup (in /usr/lib/x86_64-linux-gnu/libglib-2.0.so.0.7200.4)
==7139==    by 0x4BB4F8A: g_get_filename_charsets (in /usr/lib/x86_64-linux-gnu/libglib-2.0.so.0.7200.4)
==7139==    by 0x4BB7A9F: g_filename_to_utf8 (in /usr/lib/x86_64-linux-gnu/libglib-2.0.so.0.7200.4)
==7139==    by 0x4BC3E77: g_dir_open (in /usr/lib/x86_64-linux-gnu/libglib-2.0.so.0.7200.4)
==7139==    by 0x4A7B1B9: ??? (in /usr/lib/x86_64-linux-gnu/libgstreamer-1.0.so.0.2003.0)
==7139==    by 0x4A7BA2F: ??? (in /usr/lib/x86_64-linux-gnu/libgstreamer-1.0.so.0.2003.0)
==7139==    by 0x4A7DFB2: gst_update_registry (in /usr/lib/x86_64-linux-gnu/libgstreamer-1.0.so.0.2003.0)
==7139==    by 0x4A0FDD9: ??? (in /usr/lib/x86_64-linux-gnu/libgstreamer-1.0.so.0.2003.0)
==7139==    by 0x4BE5A47: g_option_context_parse (in /usr/lib/x86_64-linux-gnu/libglib-2.0.so.0.7200.4)
==7139==    by 0x4A07876: gst_init_check (in /usr/lib/x86_64-linux-gnu/libgstreamer-1.0.so.0.2003.0)
==7139== 
==7139== 15 bytes in 1 blocks are still reachable in loss record 120 of 1,608
==7139==    at 0x4848899: malloc (in /usr/libexec/valgrind/vgpreload_memcheck-amd64-linux.so)
==7139==    by 0x4BE0738: g_malloc (in /usr/lib/x86_64-linux-gnu/libglib-2.0.so.0.7200.4)
==7139==    by 0x4BF5583: g_strdup (in /usr/lib/x86_64-linux-gnu/libglib-2.0.so.0.7200.4)
==7139==    by 0x4BB50F6: g_get_filename_charsets (in /usr/lib/x86_64-linux-gnu/libglib-2.0.so.0.7200.4)
==7139==    by 0x4BB7A9F: g_filename_to_utf8 (in /usr/lib/x86_64-linux-gnu/libglib-2.0.so.0.7200.4)
==7139==    by 0x4BC3E77: g_dir_open (in /usr/lib/x86_64-linux-gnu/libglib-2.0.so.0.7200.4)
==7139==    by 0x4A7B1B9: ??? (in /usr/lib/x86_64-linux-gnu/libgstreamer-1.0.so.0.2003.0)
==7139==    by 0x4A7BA2F: ??? (in /usr/lib/x86_64-linux-gnu/libgstreamer-1.0.so.0.2003.0)
==7139==    by 0x4A7DFB2: gst_update_registry (in /usr/lib/x86_64-linux-gnu/libgstreamer-1.0.so.0.2003.0)
==7139==    by 0x4A0FDD9: ??? (in /usr/lib/x86_64-linux-gnu/libgstreamer-1.0.so.0.2003.0)
==7139==    by 0x4BE5A47: g_option_context_parse (in /usr/lib/x86_64-linux-gnu/libglib-2.0.so.0.7200.4)
==7139==    by 0x4A07876: gst_init_check (in /usr/lib/x86_64-linux-gnu/libgstreamer-1.0.so.0.2003.0)
==7139== 
==7139== 16 bytes in 1 blocks are still reachable in loss record 222 of 1,608
==7139==    at 0x4848899: malloc (in /usr/libexec/valgrind/vgpreload_memcheck-amd64-linux.so)
==7139==    by 0x4BE0738: g_malloc (in /usr/lib/x86_64-linux-gnu/libglib-2.0.so.0.7200.4)
==7139==    by 0x4BF7B74: g_slice_alloc (in /usr/lib/x86_64-linux-gnu/libglib-2.0.so.0.7200.4)
==7139==    by 0x4BF83A9: g_slist_prepend (in /usr/lib/x86_64-linux-gnu/libglib-2.0.so.0.7200.4)
==7139==    by 0x4A50EB5: _gst_debug_category_new (in /usr/lib/x86_64-linux-gnu/libgstreamer-1.0.so.0.2003.0)
==7139==    by 0x4A9879F: gst_uri_handler_get_type (in /usr/lib/x86_64-linux-gnu/libgstreamer-1.0.so.0.2003.0)
==7139==    by 0x487417C: ??? (in /usr/lib/x86_64-linux-gnu/libgstapp-1.0.so.0.2001.0)
==7139==    by 0x4877D34: gst_app_src_get_type (in /usr/lib/x86_64-linux-gnu/libgstapp-1.0.so.0.2001.0)
==7139==    by 0x437F28: AttachSourceTest_shouldAttachAudioSource_Test::TestBody() (in /home/lukewill95/rialto/build/tests/media/server/gstplayer/RialtoServerGstPlayerUnitTests)
==7139==    by 0x938A4C: void testing::internal::HandleSehExceptionsInMethodIfSupported<testing::Test, void>(testing::Test*, void (testing::Test::*)(), char const*) (in /home/lukewill95/rialto/build/tests/media/server/gstplayer/RialtoServerGstPlayerUnitTests)
==7139==    by 0x931110: void testing::internal::HandleExceptionsInMethodIfSupported<testing::Test, void>(testing::Test*, void (testing::Test::*)(), char const*) (in /home/lukewill95/rialto/build/tests/media/server/gstplayer/RialtoServerGstPlayerUnitTests)
==7139==    by 0x90D129: testing::Test::Run() (in /home/lukewill95/rialto/build/tests/media/server/gstplayer/RialtoServerGstPlayerUnitTests)
==7139== 
==7139== 16 bytes in 1 blocks are still reachable in loss record 225 of 1,608
==7139==    at 0x4848899: malloc (in /usr/libexec/valgrind/vgpreload_memcheck-amd64-linux.so)
==7139==    by 0x4BE0738: g_malloc (in /usr/lib/x86_64-linux-gnu/libglib-2.0.so.0.7200.4)
==7139==    by 0x4BF7B74: g_slice_alloc (in /usr/lib/x86_64-linux-gnu/libglib-2.0.so.0.7200.4)
==7139==    by 0x4BF83A9: g_slist_prepend (in /usr/lib/x86_64-linux-gnu/libglib-2.0.so.0.7200.4)
==7139==    by 0x4A50EB5: _gst_debug_category_new (in /usr/lib/x86_64-linux-gnu/libgstreamer-1.0.so.0.2003.0)
==7139==    by 0x4A154A7: ??? (in /usr/lib/x86_64-linux-gnu/libgstreamer-1.0.so.0.2003.0)
==7139==    by 0x4A15504: gst_bin_get_type (in /usr/lib/x86_64-linux-gnu/libgstreamer-1.0.so.0.2003.0)
==7139==    by 0x510ED6: HandleBusMessageTest_shouldNotHandleStateChangedMessageWhenGstPlayerClientIsNull_Test::TestBody() (in /home/lukewill95/rialto/build/tests/media/server/gstplayer/RialtoServerGstPlayerUnitTests)
==7139==    by 0x938A4C: void testing::internal::HandleSehExceptionsInMethodIfSupported<testing::Test, void>(testing::Test*, void (testing::Test::*)(), char const*) (in /home/lukewill95/rialto/build/tests/media/server/gstplayer/RialtoServerGstPlayerUnitTests)
==7139==    by 0x931110: void testing::internal::HandleExceptionsInMethodIfSupported<testing::Test, void>(testing::Test*, void (testing::Test::*)(), char const*) (in /home/lukewill95/rialto/build/tests/media/server/gstplayer/RialtoServerGstPlayerUnitTests)
==7139==    by 0x90D129: testing::Test::Run() (in /home/lukewill95/rialto/build/tests/media/server/gstplayer/RialtoServerGstPlayerUnitTests)
==7139==    by 0x90DBFC: testing::TestInfo::Run() (in /home/lukewill95/rialto/build/tests/media/server/gstplayer/RialtoServerGstPlayerUnitTests)
==7139== 
==7139== 16 bytes in 1 blocks are still reachable in loss record 567 of 1,608
==7139==    at 0x4848899: malloc (in /usr/libexec/valgrind/vgpreload_memcheck-amd64-linux.so)
==7139==    by 0x4BE0738: g_malloc (in /usr/lib/x86_64-linux-gnu/libglib-2.0.so.0.7200.4)
==7139==    by 0x4BF7B74: g_slice_alloc (in /usr/lib/x86_64-linux-gnu/libglib-2.0.so.0.7200.4)
==7139==    by 0x4BF83A9: g_slist_prepend (in /usr/lib/x86_64-linux-gnu/libglib-2.0.so.0.7200.4)
==7139==    by 0x4A50EB5: _gst_debug_category_new (in /usr/lib/x86_64-linux-gnu/libgstreamer-1.0.so.0.2003.0)
==7139==    by 0x4A6DD27: ??? (in /usr/lib/x86_64-linux-gnu/libgstreamer-1.0.so.0.2003.0)
==7139==    by 0x4A6DD84: gst_pipeline_get_type (in /usr/lib/x86_64-linux-gnu/libgstreamer-1.0.so.0.2003.0)
==7139==    by 0x4A0C46C: ??? (in /usr/lib/x86_64-linux-gnu/libgstreamer-1.0.so.0.2003.0)
==7139==    by 0x4A695C4: ??? (in /usr/lib/x86_64-linux-gnu/libgstreamer-1.0.so.0.2003.0)
==7139==    by 0x4A6F80D: gst_plugin_register_static (in /usr/lib/x86_64-linux-gnu/libgstreamer-1.0.so.0.2003.0)
==7139==    by 0x4A0FD90: ??? (in /usr/lib/x86_64-linux-gnu/libgstreamer-1.0.so.0.2003.0)
==7139==    by 0x4BE5A47: g_option_context_parse (in /usr/lib/x86_64-linux-gnu/libglib-2.0.so.0.7200.4)
==7139== 
==7139== 16 bytes in 1 blocks are still reachable in loss record 581 of 1,608
==7139==    at 0x4848899: malloc (in /usr/libexec/valgrind/vgpreload_memcheck-amd64-linux.so)
==7139==    by 0x4BE0738: g_malloc (in /usr/lib/x86_64-linux-gnu/libglib-2.0.so.0.7200.4)
==7139==    by 0x4BF7B74: g_slice_alloc (in /usr/lib/x86_64-linux-gnu/libglib-2.0.so.0.7200.4)
==7139==    by 0x4BF83A9: g_slist_prepend (in /usr/lib/x86_64-linux-gnu/libglib-2.0.so.0.7200.4)
==7139==    by 0x4A50EB5: _gst_debug_category_new (in /usr/lib/x86_64-linux-gnu/libgstreamer-1.0.so.0.2003.0)
==7139==    by 0x99B92B: gst_rialto_src_get_type_once() (in /home/lukewill95/rialto/build/tests/media/server/gstplayer/RialtoServerGstPlayerUnitTests)
==7139==    by 0x99B812: gst_rialto_src_get_type (in /home/lukewill95/rialto/build/tests/media/server/gstplayer/RialtoServerGstPlayerUnitTests)
==7139==    by 0x99CC9C: firebolt::rialto::server::GstSrc::initSrc() (in /home/lukewill95/rialto/build/tests/media/server/gstplayer/RialtoServerGstPlayerUnitTests)
==7139==    by 0x87230E: RialtoServerInitGstSrcTest_NoRialtoSrc_Test::TestBody() (in /home/lukewill95/rialto/build/tests/media/server/gstplayer/RialtoServerGstPlayerUnitTests)
==7139==    by 0x938A4C: void testing::internal::HandleSehExceptionsInMethodIfSupported<testing::Test, void>(testing::Test*, void (testing::Test::*)(), char const*) (in /home/lukewill95/rialto/build/tests/media/server/gstplayer/RialtoServerGstPlayerUnitTests)
==7139==    by 0x931110: void testing::internal::HandleExceptionsInMethodIfSupported<testing::Test, void>(testing::Test*, void (testing::Test::*)(), char const*) (in /home/lukewill95/rialto/build/tests/media/server/gstplayer/RialtoServerGstPlayerUnitTests)
==7139==    by 0x90D129: testing::Test::Run() (in /home/lukewill95/rialto/build/tests/media/server/gstplayer/RialtoServerGstPlayerUnitTests)
==7139== 
==7139== 16 bytes in 1 blocks are still reachable in loss record 589 of 1,608
==7139==    at 0x4848899: malloc (in /usr/libexec/valgrind/vgpreload_memcheck-amd64-linux.so)
==7139==    by 0x4BE0738: g_malloc (in /usr/lib/x86_64-linux-gnu/libglib-2.0.so.0.7200.4)
==7139==    by 0x4BF7B74: g_slice_alloc (in /usr/lib/x86_64-linux-gnu/libglib-2.0.so.0.7200.4)
==7139==    by 0x4BF83A9: g_slist_prepend (in /usr/lib/x86_64-linux-gnu/libglib-2.0.so.0.7200.4)
==7139==    by 0x4A5097D: gst_debug_add_log_function (in /usr/lib/x86_64-linux-gnu/libgstreamer-1.0.so.0.2003.0)
==7139==    by 0x9AC5F4: firebolt::rialto::server::enableGstLogForwarding() (in /home/lukewill95/rialto/build/tests/media/server/gstplayer/RialtoServerGstPlayerUnitTests)
==7139==    by 0x9859A9: firebolt::rialto::server::gstInitalise(int, char**) (in /home/lukewill95/rialto/build/tests/media/server/gstplayer/RialtoServerGstPlayerUnitTests)
==7139==    by 0x8F3A80: RialtoServerInitGstPlayerTest_Init_Test::TestBody() (in /home/lukewill95/rialto/build/tests/media/server/gstplayer/RialtoServerGstPlayerUnitTests)
==7139==    by 0x938A4C: void testing::internal::HandleSehExceptionsInMethodIfSupported<testing::Test, void>(testing::Test*, void (testing::Test::*)(), char const*) (in /home/lukewill95/rialto/build/tests/media/server/gstplayer/RialtoServerGstPlayerUnitTests)
==7139==    by 0x931110: void testing::internal::HandleExceptionsInMethodIfSupported<testing::Test, void>(testing::Test*, void (testing::Test::*)(), char const*) (in /home/lukewill95/rialto/build/tests/media/server/gstplayer/RialtoServerGstPlayerUnitTests)
==7139==    by 0x90D129: testing::Test::Run() (in /home/lukewill95/rialto/build/tests/media/server/gstplayer/RialtoServerGstPlayerUnitTests)
==7139==    by 0x90DBFC: testing::TestInfo::Run() (in /home/lukewill95/rialto/build/tests/media/server/gstplayer/RialtoServerGstPlayerUnitTests)
==7139== 
==7139== 16 bytes in 2 blocks are still reachable in loss record 590 of 1,608
==7139==    at 0x4B34BDC: ??? (in /usr/lib/x86_64-linux-gnu/libgobject-2.0.so.0.7200.4)
==7139==    by 0x4B35945: ??? (in /usr/lib/x86_64-linux-gnu/libgobject-2.0.so.0.7200.4)
==7139==    by 0x4B5776D: ??? (in /usr/lib/x86_64-linux-gnu/libgobject-2.0.so.0.7200.4)
==7139==    by 0x4B57B43: ??? (in /usr/lib/x86_64-linux-gnu/libgobject-2.0.so.0.7200.4)
==7139==    by 0x4B5E9F4: ??? (in /usr/lib/x86_64-linux-gnu/libgobject-2.0.so.0.7200.4)
==7139==    by 0x4B5ECE9: g_type_add_interface_static (in /usr/lib/x86_64-linux-gnu/libgobject-2.0.so.0.7200.4)
==7139==    by 0x99B8FE: gst_rialto_src_get_type_once() (in /home/lukewill95/rialto/build/tests/media/server/gstplayer/RialtoServerGstPlayerUnitTests)
==7139==    by 0x99B812: gst_rialto_src_get_type (in /home/lukewill95/rialto/build/tests/media/server/gstplayer/RialtoServerGstPlayerUnitTests)
==7139==    by 0x99CC9C: firebolt::rialto::server::GstSrc::initSrc() (in /home/lukewill95/rialto/build/tests/media/server/gstplayer/RialtoServerGstPlayerUnitTests)
==7139==    by 0x87230E: RialtoServerInitGstSrcTest_NoRialtoSrc_Test::TestBody() (in /home/lukewill95/rialto/build/tests/media/server/gstplayer/RialtoServerGstPlayerUnitTests)
==7139==    by 0x938A4C: void testing::internal::HandleSehExceptionsInMethodIfSupported<testing::Test, void>(testing::Test*, void (testing::Test::*)(), char const*) (in /home/lukewill95/rialto/build/tests/media/server/gstplayer/RialtoServerGstPlayerUnitTests)
==7139==    by 0x931110: void testing::internal::HandleExceptionsInMethodIfSupported<testing::Test, void>(testing::Test*, void (testing::Test::*)(), char const*) (in /home/lukewill95/rialto/build/tests/media/server/gstplayer/RialtoServerGstPlayerUnitTests)
==7139== 
==7139== 17 bytes in 1 blocks are still reachable in loss record 592 of 1,608
==7139==    at 0x4848899: malloc (in /usr/libexec/valgrind/vgpreload_memcheck-amd64-linux.so)
==7139==    by 0x4BE0738: g_malloc (in /usr/lib/x86_64-linux-gnu/libglib-2.0.so.0.7200.4)
==7139==    by 0x4BF5583: g_strdup (in /usr/lib/x86_64-linux-gnu/libglib-2.0.so.0.7200.4)
==7139==    by 0x4A50E00: _gst_debug_category_new (in /usr/lib/x86_64-linux-gnu/libgstreamer-1.0.so.0.2003.0)
==7139==    by 0x4A9879F: gst_uri_handler_get_type (in /usr/lib/x86_64-linux-gnu/libgstreamer-1.0.so.0.2003.0)
==7139==    by 0x487417C: ??? (in /usr/lib/x86_64-linux-gnu/libgstapp-1.0.so.0.2001.0)
==7139==    by 0x4877D34: gst_app_src_get_type (in /usr/lib/x86_64-linux-gnu/libgstapp-1.0.so.0.2001.0)
==7139==    by 0x437F28: AttachSourceTest_shouldAttachAudioSource_Test::TestBody() (in /home/lukewill95/rialto/build/tests/media/server/gstplayer/RialtoServerGstPlayerUnitTests)
==7139==    by 0x938A4C: void testing::internal::HandleSehExceptionsInMethodIfSupported<testing::Test, void>(testing::Test*, void (testing::Test::*)(), char const*) (in /home/lukewill95/rialto/build/tests/media/server/gstplayer/RialtoServerGstPlayerUnitTests)
==7139==    by 0x931110: void testing::internal::HandleExceptionsInMethodIfSupported<testing::Test, void>(testing::Test*, void (testing::Test::*)(), char const*) (in /home/lukewill95/rialto/build/tests/media/server/gstplayer/RialtoServerGstPlayerUnitTests)
==7139==    by 0x90D129: testing::Test::Run() (in /home/lukewill95/rialto/build/tests/media/server/gstplayer/RialtoServerGstPlayerUnitTests)
==7139==    by 0x90DBFC: testing::TestInfo::Run() (in /home/lukewill95/rialto/build/tests/media/server/gstplayer/RialtoServerGstPlayerUnitTests)
==7139== 
==7139== 17 bytes in 1 blocks are still reachable in loss record 595 of 1,608
==7139==    at 0x4848899: malloc (in /usr/libexec/valgrind/vgpreload_memcheck-amd64-linux.so)
==7139==    by 0x50771D7: __vasprintf_internal (vasprintf.c:71)
==7139==    by 0x4C280C2: g_vasprintf (in /usr/lib/x86_64-linux-gnu/libglib-2.0.so.0.7200.4)
==7139==    by 0x4BF8E20: g_strdup_vprintf (in /usr/lib/x86_64-linux-gnu/libglib-2.0.so.0.7200.4)
==7139==    by 0x4BF8EDC: g_strdup_printf (in /usr/lib/x86_64-linux-gnu/libglib-2.0.so.0.7200.4)
==7139==    by 0x4A125EB: ??? (in /usr/lib/x86_64-linux-gnu/libgstreamer-1.0.so.0.2003.0)
==7139==    by 0x4B46D85: ??? (in /usr/lib/x86_64-linux-gnu/libgobject-2.0.so.0.7200.4)
==7139==    by 0x4B471BB: ??? (in /usr/lib/x86_64-linux-gnu/libgobject-2.0.so.0.7200.4)
==7139==    by 0x4B4834C: g_object_new_with_properties (in /usr/lib/x86_64-linux-gnu/libgobject-2.0.so.0.7200.4)
==7139==    by 0x4B48E50: g_object_new (in /usr/lib/x86_64-linux-gnu/libgobject-2.0.so.0.7200.4)
==7139==    by 0x4A0D30A: ??? (in /usr/lib/x86_64-linux-gnu/libgstreamer-1.0.so.0.2003.0)
==7139==    by 0x4BE5A47: g_option_context_parse (in /usr/lib/x86_64-linux-gnu/libglib-2.0.so.0.7200.4)
==7139== 
==7139== 18 bytes in 2 blocks are still reachable in loss record 600 of 1,608
==7139==    at 0x4848899: malloc (in /usr/libexec/valgrind/vgpreload_memcheck-amd64-linux.so)
==7139==    by 0x4BE0738: g_malloc (in /usr/lib/x86_64-linux-gnu/libglib-2.0.so.0.7200.4)
==7139==    by 0x4BF5583: g_strdup (in /usr/lib/x86_64-linux-gnu/libglib-2.0.so.0.7200.4)
==7139==    by 0x4BF9C04: g_strdupv (in /usr/lib/x86_64-linux-gnu/libglib-2.0.so.0.7200.4)
==7139==    by 0x4A56672: gst_meta_api_type_register (in /usr/lib/x86_64-linux-gnu/libgstreamer-1.0.so.0.2003.0)
==7139==    by 0x9942A5: rialto_eme_protection_metadata_get_type (in /home/lukewill95/rialto/build/tests/media/server/gstplayer/RialtoServerGstPlayerUnitTests)
==7139==    by 0x99433E: rialto_mse_protection_metadata_get_info (in /home/lukewill95/rialto/build/tests/media/server/gstplayer/RialtoServerGstPlayerUnitTests)
==7139==    by 0x8D64AE: RialtoProtectionMetadataTest_addProtectionMetadata_Test::TestBody() (in /home/lukewill95/rialto/build/tests/media/server/gstplayer/RialtoServerGstPlayerUnitTests)
==7139==    by 0x938A4C: void testing::internal::HandleSehExceptionsInMethodIfSupported<testing::Test, void>(testing::Test*, void (testing::Test::*)(), char const*) (in /home/lukewill95/rialto/build/tests/media/server/gstplayer/RialtoServerGstPlayerUnitTests)
==7139==    by 0x931110: void testing::internal::HandleExceptionsInMethodIfSupported<testing::Test, void>(testing::Test*, void (testing::Test::*)(), char const*) (in /home/lukewill95/rialto/build/tests/media/server/gstplayer/RialtoServerGstPlayerUnitTests)
==7139==    by 0x90D129: testing::Test::Run() (in /home/lukewill95/rialto/build/tests/media/server/gstplayer/RialtoServerGstPlayerUnitTests)
==7139==    by 0x90DBFC: testing::TestInfo::Run() (in /home/lukewill95/rialto/build/tests/media/server/gstplayer/RialtoServerGstPlayerUnitTests)
==7139== 
==7139== 22 bytes in 1 blocks are still reachable in loss record 608 of 1,608
==7139==    at 0x4848899: malloc (in /usr/libexec/valgrind/vgpreload_memcheck-amd64-linux.so)
==7139==    by 0x4BE0738: g_malloc (in /usr/lib/x86_64-linux-gnu/libglib-2.0.so.0.7200.4)
==7139==    by 0x4BF5583: g_strdup (in /usr/lib/x86_64-linux-gnu/libglib-2.0.so.0.7200.4)
==7139==    by 0x4A50E00: _gst_debug_category_new (in /usr/lib/x86_64-linux-gnu/libgstreamer-1.0.so.0.2003.0)
==7139==    by 0x99B92B: gst_rialto_src_get_type_once() (in /home/lukewill95/rialto/build/tests/media/server/gstplayer/RialtoServerGstPlayerUnitTests)
==7139==    by 0x99B812: gst_rialto_src_get_type (in /home/lukewill95/rialto/build/tests/media/server/gstplayer/RialtoServerGstPlayerUnitTests)
==7139==    by 0x99CC9C: firebolt::rialto::server::GstSrc::initSrc() (in /home/lukewill95/rialto/build/tests/media/server/gstplayer/RialtoServerGstPlayerUnitTests)
==7139==    by 0x87230E: RialtoServerInitGstSrcTest_NoRialtoSrc_Test::TestBody() (in /home/lukewill95/rialto/build/tests/media/server/gstplayer/RialtoServerGstPlayerUnitTests)
==7139==    by 0x938A4C: void testing::internal::HandleSehExceptionsInMethodIfSupported<testing::Test, void>(testing::Test*, void (testing::Test::*)(), char const*) (in /home/lukewill95/rialto/build/tests/media/server/gstplayer/RialtoServerGstPlayerUnitTests)
==7139==    by 0x931110: void testing::internal::HandleExceptionsInMethodIfSupported<testing::Test, void>(testing::Test*, void (testing::Test::*)(), char const*) (in /home/lukewill95/rialto/build/tests/media/server/gstplayer/RialtoServerGstPlayerUnitTests)
==7139==    by 0x90D129: testing::Test::Run() (in /home/lukewill95/rialto/build/tests/media/server/gstplayer/RialtoServerGstPlayerUnitTests)
==7139==    by 0x90DBFC: testing::TestInfo::Run() (in /home/lukewill95/rialto/build/tests/media/server/gstplayer/RialtoServerGstPlayerUnitTests)
==7139== 
==7139== 24 bytes in 1 blocks are still reachable in loss record 609 of 1,608
==7139==    at 0x4848899: malloc (in /usr/libexec/valgrind/vgpreload_memcheck-amd64-linux.so)
==7139==    by 0x4BE0738: g_malloc (in /usr/lib/x86_64-linux-gnu/libglib-2.0.so.0.7200.4)
==7139==    by 0x4BF7B74: g_slice_alloc (in /usr/lib/x86_64-linux-gnu/libglib-2.0.so.0.7200.4)
==7139==    by 0x4A50DDC: _gst_debug_category_new (in /usr/lib/x86_64-linux-gnu/libgstreamer-1.0.so.0.2003.0)
==7139==    by 0x4A9879F: gst_uri_handler_get_type (in /usr/lib/x86_64-linux-gnu/libgstreamer-1.0.so.0.2003.0)
==7139==    by 0x487417C: ??? (in /usr/lib/x86_64-linux-gnu/libgstapp-1.0.so.0.2001.0)
==7139==    by 0x4877D34: gst_app_src_get_type (in /usr/lib/x86_64-linux-gnu/libgstapp-1.0.so.0.2001.0)
==7139==    by 0x437F28: AttachSourceTest_shouldAttachAudioSource_Test::TestBody() (in /home/lukewill95/rialto/build/tests/media/server/gstplayer/RialtoServerGstPlayerUnitTests)
==7139==    by 0x938A4C: void testing::internal::HandleSehExceptionsInMethodIfSupported<testing::Test, void>(testing::Test*, void (testing::Test::*)(), char const*) (in /home/lukewill95/rialto/build/tests/media/server/gstplayer/RialtoServerGstPlayerUnitTests)
==7139==    by 0x931110: void testing::internal::HandleExceptionsInMethodIfSupported<testing::Test, void>(testing::Test*, void (testing::Test::*)(), char const*) (in /home/lukewill95/rialto/build/tests/media/server/gstplayer/RialtoServerGstPlayerUnitTests)
==7139==    by 0x90D129: testing::Test::Run() (in /home/lukewill95/rialto/build/tests/media/server/gstplayer/RialtoServerGstPlayerUnitTests)
==7139==    by 0x90DBFC: testing::TestInfo::Run() (in /home/lukewill95/rialto/build/tests/media/server/gstplayer/RialtoServerGstPlayerUnitTests)
==7139== 
==7139== 24 bytes in 1 blocks are still reachable in loss record 610 of 1,608
==7139==    at 0x4848899: malloc (in /usr/libexec/valgrind/vgpreload_memcheck-amd64-linux.so)
==7139==    by 0x4BE0738: g_malloc (in /usr/lib/x86_64-linux-gnu/libglib-2.0.so.0.7200.4)
==7139==    by 0x4BF56B5: g_memdup2 (in /usr/lib/x86_64-linux-gnu/libglib-2.0.so.0.7200.4)
==7139==    by 0x4B5E9D6: ??? (in /usr/lib/x86_64-linux-gnu/libgobject-2.0.so.0.7200.4)
==7139==    by 0x4B5ECE9: g_type_add_interface_static (in /usr/lib/x86_64-linux-gnu/libgobject-2.0.so.0.7200.4)
==7139==    by 0x487418C: ??? (in /usr/lib/x86_64-linux-gnu/libgstapp-1.0.so.0.2001.0)
==7139==    by 0x4877D34: gst_app_src_get_type (in /usr/lib/x86_64-linux-gnu/libgstapp-1.0.so.0.2001.0)
==7139==    by 0x437F28: AttachSourceTest_shouldAttachAudioSource_Test::TestBody() (in /home/lukewill95/rialto/build/tests/media/server/gstplayer/RialtoServerGstPlayerUnitTests)
==7139==    by 0x938A4C: void testing::internal::HandleSehExceptionsInMethodIfSupported<testing::Test, void>(testing::Test*, void (testing::Test::*)(), char const*) (in /home/lukewill95/rialto/build/tests/media/server/gstplayer/RialtoServerGstPlayerUnitTests)
==7139==    by 0x931110: void testing::internal::HandleExceptionsInMethodIfSupported<testing::Test, void>(testing::Test*, void (testing::Test::*)(), char const*) (in /home/lukewill95/rialto/build/tests/media/server/gstplayer/RialtoServerGstPlayerUnitTests)
==7139==    by 0x90D129: testing::Test::Run() (in /home/lukewill95/rialto/build/tests/media/server/gstplayer/RialtoServerGstPlayerUnitTests)
==7139==    by 0x90DBFC: testing::TestInfo::Run() (in /home/lukewill95/rialto/build/tests/media/server/gstplayer/RialtoServerGstPlayerUnitTests)
==7139== 
==7139== 24 bytes in 1 blocks are still reachable in loss record 611 of 1,608
==7139==    at 0x484DA83: calloc (in /usr/libexec/valgrind/vgpreload_memcheck-amd64-linux.so)
==7139==    by 0x4BE0C50: g_malloc0 (in /usr/lib/x86_64-linux-gnu/libglib-2.0.so.0.7200.4)
==7139==    by 0x4BB4A41: g_get_charset (in /usr/lib/x86_64-linux-gnu/libglib-2.0.so.0.7200.4)
==7139==    by 0x4BDF6F9: g_log_writer_format_fields (in /usr/lib/x86_64-linux-gnu/libglib-2.0.so.0.7200.4)
==7139==    by 0x4BE2F0C: g_log_writer_standard_streams (in /usr/lib/x86_64-linux-gnu/libglib-2.0.so.0.7200.4)
==7139==    by 0x4BE3047: g_log_writer_default (in /usr/lib/x86_64-linux-gnu/libglib-2.0.so.0.7200.4)
==7139==    by 0x4BDECB2: g_log_structured_array (in /usr/lib/x86_64-linux-gnu/libglib-2.0.so.0.7200.4)
==7139==    by 0x4BDEFB8: g_log_default_handler (in /usr/lib/x86_64-linux-gnu/libglib-2.0.so.0.7200.4)
==7139==    by 0x4BE0419: g_logv (in /usr/lib/x86_64-linux-gnu/libglib-2.0.so.0.7200.4)
==7139==    by 0x4BE0702: g_log (in /usr/lib/x86_64-linux-gnu/libglib-2.0.so.0.7200.4)
==7139==    by 0x4B5B9E1: g_type_check_instance_cast (in /usr/lib/x86_64-linux-gnu/libgobject-2.0.so.0.7200.4)
==7139==    by 0x437F43: AttachSourceTest_shouldAttachAudioSource_Test::TestBody() (in /home/lukewill95/rialto/build/tests/media/server/gstplayer/RialtoServerGstPlayerUnitTests)
==7139== 
==7139== 24 bytes in 1 blocks are still reachable in loss record 612 of 1,608
==7139==    at 0x4848899: malloc (in /usr/libexec/valgrind/vgpreload_memcheck-amd64-linux.so)
==7139==    by 0x4BE0738: g_malloc (in /usr/lib/x86_64-linux-gnu/libglib-2.0.so.0.7200.4)
==7139==    by 0x4BF56B5: g_memdup2 (in /usr/lib/x86_64-linux-gnu/libglib-2.0.so.0.7200.4)
==7139==    by 0x4B5E9D6: ??? (in /usr/lib/x86_64-linux-gnu/libgobject-2.0.so.0.7200.4)
==7139==    by 0x4B5ECE9: g_type_add_interface_static (in /usr/lib/x86_64-linux-gnu/libgobject-2.0.so.0.7200.4)
==7139==    by 0x4A1547C: ??? (in /usr/lib/x86_64-linux-gnu/libgstreamer-1.0.so.0.2003.0)
==7139==    by 0x4A15504: gst_bin_get_type (in /usr/lib/x86_64-linux-gnu/libgstreamer-1.0.so.0.2003.0)
==7139==    by 0x510ED6: HandleBusMessageTest_shouldNotHandleStateChangedMessageWhenGstPlayerClientIsNull_Test::TestBody() (in /home/lukewill95/rialto/build/tests/media/server/gstplayer/RialtoServerGstPlayerUnitTests)
==7139==    by 0x938A4C: void testing::internal::HandleSehExceptionsInMethodIfSupported<testing::Test, void>(testing::Test*, void (testing::Test::*)(), char const*) (in /home/lukewill95/rialto/build/tests/media/server/gstplayer/RialtoServerGstPlayerUnitTests)
==7139==    by 0x931110: void testing::internal::HandleExceptionsInMethodIfSupported<testing::Test, void>(testing::Test*, void (testing::Test::*)(), char const*) (in /home/lukewill95/rialto/build/tests/media/server/gstplayer/RialtoServerGstPlayerUnitTests)
==7139==    by 0x90D129: testing::Test::Run() (in /home/lukewill95/rialto/build/tests/media/server/gstplayer/RialtoServerGstPlayerUnitTests)
==7139==    by 0x90DBFC: testing::TestInfo::Run() (in /home/lukewill95/rialto/build/tests/media/server/gstplayer/RialtoServerGstPlayerUnitTests)
==7139== 
==7139== 24 bytes in 1 blocks are still reachable in loss record 613 of 1,608
==7139==    at 0x4848899: malloc (in /usr/libexec/valgrind/vgpreload_memcheck-amd64-linux.so)
==7139==    by 0x4BE0738: g_malloc (in /usr/lib/x86_64-linux-gnu/libglib-2.0.so.0.7200.4)
==7139==    by 0x4BF7B74: g_slice_alloc (in /usr/lib/x86_64-linux-gnu/libglib-2.0.so.0.7200.4)
==7139==    by 0x4A50DDC: _gst_debug_category_new (in /usr/lib/x86_64-linux-gnu/libgstreamer-1.0.so.0.2003.0)
==7139==    by 0x4A154A7: ??? (in /usr/lib/x86_64-linux-gnu/libgstreamer-1.0.so.0.2003.0)
==7139==    by 0x4A15504: gst_bin_get_type (in /usr/lib/x86_64-linux-gnu/libgstreamer-1.0.so.0.2003.0)
==7139==    by 0x510ED6: HandleBusMessageTest_shouldNotHandleStateChangedMessageWhenGstPlayerClientIsNull_Test::TestBody() (in /home/lukewill95/rialto/build/tests/media/server/gstplayer/RialtoServerGstPlayerUnitTests)
==7139==    by 0x938A4C: void testing::internal::HandleSehExceptionsInMethodIfSupported<testing::Test, void>(testing::Test*, void (testing::Test::*)(), char const*) (in /home/lukewill95/rialto/build/tests/media/server/gstplayer/RialtoServerGstPlayerUnitTests)
==7139==    by 0x931110: void testing::internal::HandleExceptionsInMethodIfSupported<testing::Test, void>(testing::Test*, void (testing::Test::*)(), char const*) (in /home/lukewill95/rialto/build/tests/media/server/gstplayer/RialtoServerGstPlayerUnitTests)
==7139==    by 0x90D129: testing::Test::Run() (in /home/lukewill95/rialto/build/tests/media/server/gstplayer/RialtoServerGstPlayerUnitTests)
==7139==    by 0x90DBFC: testing::TestInfo::Run() (in /home/lukewill95/rialto/build/tests/media/server/gstplayer/RialtoServerGstPlayerUnitTests)
==7139==    by 0x90E549: testing::TestSuite::Run() (in /home/lukewill95/rialto/build/tests/media/server/gstplayer/RialtoServerGstPlayerUnitTests)
==7139== 
==7139== 24 bytes in 1 blocks are still reachable in loss record 716 of 1,608
==7139==    at 0x4848899: malloc (in /usr/libexec/valgrind/vgpreload_memcheck-amd64-linux.so)
==7139==    by 0x4BE0738: g_malloc (in /usr/lib/x86_64-linux-gnu/libglib-2.0.so.0.7200.4)
==7139==    by 0x4BF7B74: g_slice_alloc (in /usr/lib/x86_64-linux-gnu/libglib-2.0.so.0.7200.4)
==7139==    by 0x4BD21E9: g_list_prepend (in /usr/lib/x86_64-linux-gnu/libglib-2.0.so.0.7200.4)
==7139==    by 0x4A4235E: ??? (in /usr/lib/x86_64-linux-gnu/libgstreamer-1.0.so.0.2003.0)
==7139==    by 0x4A42A8B: gst_element_register (in /usr/lib/x86_64-linux-gnu/libgstreamer-1.0.so.0.2003.0)
==7139==    by 0x4A0C463: ??? (in /usr/lib/x86_64-linux-gnu/libgstreamer-1.0.so.0.2003.0)
==7139==    by 0x4A695C4: ??? (in /usr/lib/x86_64-linux-gnu/libgstreamer-1.0.so.0.2003.0)
==7139==    by 0x4A6F80D: gst_plugin_register_static (in /usr/lib/x86_64-linux-gnu/libgstreamer-1.0.so.0.2003.0)
==7139==    by 0x4A0FD90: ??? (in /usr/lib/x86_64-linux-gnu/libgstreamer-1.0.so.0.2003.0)
==7139==    by 0x4BE5A47: g_option_context_parse (in /usr/lib/x86_64-linux-gnu/libglib-2.0.so.0.7200.4)
==7139==    by 0x4A07876: gst_init_check (in /usr/lib/x86_64-linux-gnu/libgstreamer-1.0.so.0.2003.0)
==7139== 
==7139== 24 bytes in 1 blocks are still reachable in loss record 717 of 1,608
==7139==    at 0x4848899: malloc (in /usr/libexec/valgrind/vgpreload_memcheck-amd64-linux.so)
==7139==    by 0x4BE0738: g_malloc (in /usr/lib/x86_64-linux-gnu/libglib-2.0.so.0.7200.4)
==7139==    by 0x4BF7B74: g_slice_alloc (in /usr/lib/x86_64-linux-gnu/libglib-2.0.so.0.7200.4)
==7139==    by 0x4BD21E9: g_list_prepend (in /usr/lib/x86_64-linux-gnu/libglib-2.0.so.0.7200.4)
==7139==    by 0x4A7CB4F: gst_registry_add_feature (in /usr/lib/x86_64-linux-gnu/libgstreamer-1.0.so.0.2003.0)
==7139==    by 0x4A42AEC: gst_element_register (in /usr/lib/x86_64-linux-gnu/libgstreamer-1.0.so.0.2003.0)
==7139==    by 0x4A0C463: ??? (in /usr/lib/x86_64-linux-gnu/libgstreamer-1.0.so.0.2003.0)
==7139==    by 0x4A695C4: ??? (in /usr/lib/x86_64-linux-gnu/libgstreamer-1.0.so.0.2003.0)
==7139==    by 0x4A6F80D: gst_plugin_register_static (in /usr/lib/x86_64-linux-gnu/libgstreamer-1.0.so.0.2003.0)
==7139==    by 0x4A0FD90: ??? (in /usr/lib/x86_64-linux-gnu/libgstreamer-1.0.so.0.2003.0)
==7139==    by 0x4BE5A47: g_option_context_parse (in /usr/lib/x86_64-linux-gnu/libglib-2.0.so.0.7200.4)
==7139==    by 0x4A07876: gst_init_check (in /usr/lib/x86_64-linux-gnu/libgstreamer-1.0.so.0.2003.0)
==7139== 
==7139== 24 bytes in 1 blocks are still reachable in loss record 718 of 1,608
==7139==    at 0x4848899: malloc (in /usr/libexec/valgrind/vgpreload_memcheck-amd64-linux.so)
==7139==    by 0x4BE0738: g_malloc (in /usr/lib/x86_64-linux-gnu/libglib-2.0.so.0.7200.4)
==7139==    by 0x4BF7B74: g_slice_alloc (in /usr/lib/x86_64-linux-gnu/libglib-2.0.so.0.7200.4)
==7139==    by 0x4A50DDC: _gst_debug_category_new (in /usr/lib/x86_64-linux-gnu/libgstreamer-1.0.so.0.2003.0)
==7139==    by 0x4A6DD27: ??? (in /usr/lib/x86_64-linux-gnu/libgstreamer-1.0.so.0.2003.0)
==7139==    by 0x4A6DD84: gst_pipeline_get_type (in /usr/lib/x86_64-linux-gnu/libgstreamer-1.0.so.0.2003.0)
==7139==    by 0x4A0C46C: ??? (in /usr/lib/x86_64-linux-gnu/libgstreamer-1.0.so.0.2003.0)
==7139==    by 0x4A695C4: ??? (in /usr/lib/x86_64-linux-gnu/libgstreamer-1.0.so.0.2003.0)
==7139==    by 0x4A6F80D: gst_plugin_register_static (in /usr/lib/x86_64-linux-gnu/libgstreamer-1.0.so.0.2003.0)
==7139==    by 0x4A0FD90: ??? (in /usr/lib/x86_64-linux-gnu/libgstreamer-1.0.so.0.2003.0)
==7139==    by 0x4BE5A47: g_option_context_parse (in /usr/lib/x86_64-linux-gnu/libglib-2.0.so.0.7200.4)
==7139==    by 0x4A07876: gst_init_check (in /usr/lib/x86_64-linux-gnu/libgstreamer-1.0.so.0.2003.0)
==7139== 
==7139== 24 bytes in 1 blocks are still reachable in loss record 719 of 1,608
==7139==    at 0x4848899: malloc (in /usr/libexec/valgrind/vgpreload_memcheck-amd64-linux.so)
==7139==    by 0x4BE0738: g_malloc (in /usr/lib/x86_64-linux-gnu/libglib-2.0.so.0.7200.4)
==7139==    by 0x4BF7B74: g_slice_alloc (in /usr/lib/x86_64-linux-gnu/libglib-2.0.so.0.7200.4)
==7139==    by 0x4BD21E9: g_list_prepend (in /usr/lib/x86_64-linux-gnu/libglib-2.0.so.0.7200.4)
==7139==    by 0x4A4235E: ??? (in /usr/lib/x86_64-linux-gnu/libgstreamer-1.0.so.0.2003.0)
==7139==    by 0x4A42A8B: gst_element_register (in /usr/lib/x86_64-linux-gnu/libgstreamer-1.0.so.0.2003.0)
==7139==    by 0x4A0C483: ??? (in /usr/lib/x86_64-linux-gnu/libgstreamer-1.0.so.0.2003.0)
==7139==    by 0x4A695C4: ??? (in /usr/lib/x86_64-linux-gnu/libgstreamer-1.0.so.0.2003.0)
==7139==    by 0x4A6F80D: gst_plugin_register_static (in /usr/lib/x86_64-linux-gnu/libgstreamer-1.0.so.0.2003.0)
==7139==    by 0x4A0FD90: ??? (in /usr/lib/x86_64-linux-gnu/libgstreamer-1.0.so.0.2003.0)
==7139==    by 0x4BE5A47: g_option_context_parse (in /usr/lib/x86_64-linux-gnu/libglib-2.0.so.0.7200.4)
==7139==    by 0x4A07876: gst_init_check (in /usr/lib/x86_64-linux-gnu/libgstreamer-1.0.so.0.2003.0)
==7139== 
==7139== 24 bytes in 1 blocks are still reachable in loss record 720 of 1,608
==7139==    at 0x4848899: malloc (in /usr/libexec/valgrind/vgpreload_memcheck-amd64-linux.so)
==7139==    by 0x4BE0738: g_malloc (in /usr/lib/x86_64-linux-gnu/libglib-2.0.so.0.7200.4)
==7139==    by 0x4BF7B74: g_slice_alloc (in /usr/lib/x86_64-linux-gnu/libglib-2.0.so.0.7200.4)
==7139==    by 0x4BD21E9: g_list_prepend (in /usr/lib/x86_64-linux-gnu/libglib-2.0.so.0.7200.4)
==7139==    by 0x4A7CB4F: gst_registry_add_feature (in /usr/lib/x86_64-linux-gnu/libgstreamer-1.0.so.0.2003.0)
==7139==    by 0x4A42AEC: gst_element_register (in /usr/lib/x86_64-linux-gnu/libgstreamer-1.0.so.0.2003.0)
==7139==    by 0x4A0C483: ??? (in /usr/lib/x86_64-linux-gnu/libgstreamer-1.0.so.0.2003.0)
==7139==    by 0x4A695C4: ??? (in /usr/lib/x86_64-linux-gnu/libgstreamer-1.0.so.0.2003.0)
==7139==    by 0x4A6F80D: gst_plugin_register_static (in /usr/lib/x86_64-linux-gnu/libgstreamer-1.0.so.0.2003.0)
==7139==    by 0x4A0FD90: ??? (in /usr/lib/x86_64-linux-gnu/libgstreamer-1.0.so.0.2003.0)
==7139==    by 0x4BE5A47: g_option_context_parse (in /usr/lib/x86_64-linux-gnu/libglib-2.0.so.0.7200.4)
==7139==    by 0x4A07876: gst_init_check (in /usr/lib/x86_64-linux-gnu/libgstreamer-1.0.so.0.2003.0)
==7139== 
==7139== 24 bytes in 1 blocks are still reachable in loss record 726 of 1,608
==7139==    at 0x4848899: malloc (in /usr/libexec/valgrind/vgpreload_memcheck-amd64-linux.so)
==7139==    by 0x4BE0738: g_malloc (in /usr/lib/x86_64-linux-gnu/libglib-2.0.so.0.7200.4)
==7139==    by 0x4BF56B5: g_memdup2 (in /usr/lib/x86_64-linux-gnu/libglib-2.0.so.0.7200.4)
==7139==    by 0x4B5E9D6: ??? (in /usr/lib/x86_64-linux-gnu/libgobject-2.0.so.0.7200.4)
==7139==    by 0x4B5ECE9: g_type_add_interface_static (in /usr/lib/x86_64-linux-gnu/libgobject-2.0.so.0.7200.4)
==7139==    by 0x99B8FE: gst_rialto_src_get_type_once() (in /home/lukewill95/rialto/build/tests/media/server/gstplayer/RialtoServerGstPlayerUnitTests)
==7139==    by 0x99B812: gst_rialto_src_get_type (in /home/lukewill95/rialto/build/tests/media/server/gstplayer/RialtoServerGstPlayerUnitTests)
==7139==    by 0x99CC9C: firebolt::rialto::server::GstSrc::initSrc() (in /home/lukewill95/rialto/build/tests/media/server/gstplayer/RialtoServerGstPlayerUnitTests)
==7139==    by 0x87230E: RialtoServerInitGstSrcTest_NoRialtoSrc_Test::TestBody() (in /home/lukewill95/rialto/build/tests/media/server/gstplayer/RialtoServerGstPlayerUnitTests)
==7139==    by 0x938A4C: void testing::internal::HandleSehExceptionsInMethodIfSupported<testing::Test, void>(testing::Test*, void (testing::Test::*)(), char const*) (in /home/lukewill95/rialto/build/tests/media/server/gstplayer/RialtoServerGstPlayerUnitTests)
==7139==    by 0x931110: void testing::internal::HandleExceptionsInMethodIfSupported<testing::Test, void>(testing::Test*, void (testing::Test::*)(), char const*) (in /home/lukewill95/rialto/build/tests/media/server/gstplayer/RialtoServerGstPlayerUnitTests)
==7139==    by 0x90D129: testing::Test::Run() (in /home/lukewill95/rialto/build/tests/media/server/gstplayer/RialtoServerGstPlayerUnitTests)
==7139== 
==7139== 24 bytes in 1 blocks are still reachable in loss record 727 of 1,608
==7139==    at 0x4848899: malloc (in /usr/libexec/valgrind/vgpreload_memcheck-amd64-linux.so)
==7139==    by 0x4BE0738: g_malloc (in /usr/lib/x86_64-linux-gnu/libglib-2.0.so.0.7200.4)
==7139==    by 0x4BF7B74: g_slice_alloc (in /usr/lib/x86_64-linux-gnu/libglib-2.0.so.0.7200.4)
==7139==    by 0x4A50DDC: _gst_debug_category_new (in /usr/lib/x86_64-linux-gnu/libgstreamer-1.0.so.0.2003.0)
==7139==    by 0x99B92B: gst_rialto_src_get_type_once() (in /home/lukewill95/rialto/build/tests/media/server/gstplayer/RialtoServerGstPlayerUnitTests)
==7139==    by 0x99B812: gst_rialto_src_get_type (in /home/lukewill95/rialto/build/tests/media/server/gstplayer/RialtoServerGstPlayerUnitTests)
==7139==    by 0x99CC9C: firebolt::rialto::server::GstSrc::initSrc() (in /home/lukewill95/rialto/build/tests/media/server/gstplayer/RialtoServerGstPlayerUnitTests)
==7139==    by 0x87230E: RialtoServerInitGstSrcTest_NoRialtoSrc_Test::TestBody() (in /home/lukewill95/rialto/build/tests/media/server/gstplayer/RialtoServerGstPlayerUnitTests)
==7139==    by 0x938A4C: void testing::internal::HandleSehExceptionsInMethodIfSupported<testing::Test, void>(testing::Test*, void (testing::Test::*)(), char const*) (in /home/lukewill95/rialto/build/tests/media/server/gstplayer/RialtoServerGstPlayerUnitTests)
==7139==    by 0x931110: void testing::internal::HandleExceptionsInMethodIfSupported<testing::Test, void>(testing::Test*, void (testing::Test::*)(), char const*) (in /home/lukewill95/rialto/build/tests/media/server/gstplayer/RialtoServerGstPlayerUnitTests)
==7139==    by 0x90D129: testing::Test::Run() (in /home/lukewill95/rialto/build/tests/media/server/gstplayer/RialtoServerGstPlayerUnitTests)
==7139==    by 0x90DBFC: testing::TestInfo::Run() (in /home/lukewill95/rialto/build/tests/media/server/gstplayer/RialtoServerGstPlayerUnitTests)
==7139== 
==7139== 24 bytes in 1 blocks are still reachable in loss record 729 of 1,608
==7139==    at 0x4848899: malloc (in /usr/libexec/valgrind/vgpreload_memcheck-amd64-linux.so)
==7139==    by 0x4BE0738: g_malloc (in /usr/lib/x86_64-linux-gnu/libglib-2.0.so.0.7200.4)
==7139==    by 0x4BF9BEC: g_strdupv (in /usr/lib/x86_64-linux-gnu/libglib-2.0.so.0.7200.4)
==7139==    by 0x4A56672: gst_meta_api_type_register (in /usr/lib/x86_64-linux-gnu/libgstreamer-1.0.so.0.2003.0)
==7139==    by 0x9942A5: rialto_eme_protection_metadata_get_type (in /home/lukewill95/rialto/build/tests/media/server/gstplayer/RialtoServerGstPlayerUnitTests)
==7139==    by 0x99433E: rialto_mse_protection_metadata_get_info (in /home/lukewill95/rialto/build/tests/media/server/gstplayer/RialtoServerGstPlayerUnitTests)
==7139==    by 0x8D64AE: RialtoProtectionMetadataTest_addProtectionMetadata_Test::TestBody() (in /home/lukewill95/rialto/build/tests/media/server/gstplayer/RialtoServerGstPlayerUnitTests)
==7139==    by 0x938A4C: void testing::internal::HandleSehExceptionsInMethodIfSupported<testing::Test, void>(testing::Test*, void (testing::Test::*)(), char const*) (in /home/lukewill95/rialto/build/tests/media/server/gstplayer/RialtoServerGstPlayerUnitTests)
==7139==    by 0x931110: void testing::internal::HandleExceptionsInMethodIfSupported<testing::Test, void>(testing::Test*, void (testing::Test::*)(), char const*) (in /home/lukewill95/rialto/build/tests/media/server/gstplayer/RialtoServerGstPlayerUnitTests)
==7139==    by 0x90D129: testing::Test::Run() (in /home/lukewill95/rialto/build/tests/media/server/gstplayer/RialtoServerGstPlayerUnitTests)
==7139==    by 0x90DBFC: testing::TestInfo::Run() (in /home/lukewill95/rialto/build/tests/media/server/gstplayer/RialtoServerGstPlayerUnitTests)
==7139==    by 0x90E549: testing::TestSuite::Run() (in /home/lukewill95/rialto/build/tests/media/server/gstplayer/RialtoServerGstPlayerUnitTests)
==7139== 
==7139== 24 bytes in 1 blocks are still reachable in loss record 731 of 1,608
==7139==    at 0x4848899: malloc (in /usr/libexec/valgrind/vgpreload_memcheck-amd64-linux.so)
==7139==    by 0x4BE0738: g_malloc (in /usr/lib/x86_64-linux-gnu/libglib-2.0.so.0.7200.4)
==7139==    by 0x4BF7B74: g_slice_alloc (in /usr/lib/x86_64-linux-gnu/libglib-2.0.so.0.7200.4)
==7139==    by 0x4A50949: gst_debug_add_log_function (in /usr/lib/x86_64-linux-gnu/libgstreamer-1.0.so.0.2003.0)
==7139==    by 0x9AC5F4: firebolt::rialto::server::enableGstLogForwarding() (in /home/lukewill95/rialto/build/tests/media/server/gstplayer/RialtoServerGstPlayerUnitTests)
==7139==    by 0x9859A9: firebolt::rialto::server::gstInitalise(int, char**) (in /home/lukewill95/rialto/build/tests/media/server/gstplayer/RialtoServerGstPlayerUnitTests)
==7139==    by 0x8F3A80: RialtoServerInitGstPlayerTest_Init_Test::TestBody() (in /home/lukewill95/rialto/build/tests/media/server/gstplayer/RialtoServerGstPlayerUnitTests)
==7139==    by 0x938A4C: void testing::internal::HandleSehExceptionsInMethodIfSupported<testing::Test, void>(testing::Test*, void (testing::Test::*)(), char const*) (in /home/lukewill95/rialto/build/tests/media/server/gstplayer/RialtoServerGstPlayerUnitTests)
==7139==    by 0x931110: void testing::internal::HandleExceptionsInMethodIfSupported<testing::Test, void>(testing::Test*, void (testing::Test::*)(), char const*) (in /home/lukewill95/rialto/build/tests/media/server/gstplayer/RialtoServerGstPlayerUnitTests)
==7139==    by 0x90D129: testing::Test::Run() (in /home/lukewill95/rialto/build/tests/media/server/gstplayer/RialtoServerGstPlayerUnitTests)
==7139==    by 0x90DBFC: testing::TestInfo::Run() (in /home/lukewill95/rialto/build/tests/media/server/gstplayer/RialtoServerGstPlayerUnitTests)
==7139==    by 0x90E549: testing::TestSuite::Run() (in /home/lukewill95/rialto/build/tests/media/server/gstplayer/RialtoServerGstPlayerUnitTests)
==7139== 
==7139== 28 bytes in 3 blocks are still reachable in loss record 735 of 1,608
==7139==    at 0x4848899: malloc (in /usr/libexec/valgrind/vgpreload_memcheck-amd64-linux.so)
==7139==    by 0x4BE0738: g_malloc (in /usr/lib/x86_64-linux-gnu/libglib-2.0.so.0.7200.4)
==7139==    by 0x4BF5583: g_strdup (in /usr/lib/x86_64-linux-gnu/libglib-2.0.so.0.7200.4)
==7139==    by 0x4B63167: g_value_set_string (in /usr/lib/x86_64-linux-gnu/libgobject-2.0.so.0.7200.4)
==7139==    by 0x4AACFB2: ??? (in /usr/lib/x86_64-linux-gnu/libgstreamer-1.0.so.0.2003.0)
==7139==    by 0x4AA7B91: ??? (in /usr/lib/x86_64-linux-gnu/libgstreamer-1.0.so.0.2003.0)
==7139==    by 0x4A8A6E8: ??? (in /usr/lib/x86_64-linux-gnu/libgstreamer-1.0.so.0.2003.0)
==7139==    by 0x4A2BB05: gst_caps_from_string (in /usr/lib/x86_64-linux-gnu/libgstreamer-1.0.so.0.2003.0)
==7139==    by 0x4A86EF7: ??? (in /usr/lib/x86_64-linux-gnu/libgstreamer-1.0.so.0.2003.0)
==7139==    by 0x4A7E467: gst_update_registry (in /usr/lib/x86_64-linux-gnu/libgstreamer-1.0.so.0.2003.0)
==7139==    by 0x4A0FDD9: ??? (in /usr/lib/x86_64-linux-gnu/libgstreamer-1.0.so.0.2003.0)
==7139==    by 0x4BE5A47: g_option_context_parse (in /usr/lib/x86_64-linux-gnu/libglib-2.0.so.0.7200.4)
==7139== 
==7139== 29 bytes in 1 blocks are still reachable in loss record 736 of 1,608
==7139==    at 0x4848899: malloc (in /usr/libexec/valgrind/vgpreload_memcheck-amd64-linux.so)
==7139==    by 0x4BE0738: g_malloc (in /usr/lib/x86_64-linux-gnu/libglib-2.0.so.0.7200.4)
==7139==    by 0x4BB6C94: g_convert_with_iconv (in /usr/lib/x86_64-linux-gnu/libglib-2.0.so.0.7200.4)
==7139==    by 0x4BB6F6F: g_convert (in /usr/lib/x86_64-linux-gnu/libglib-2.0.so.0.7200.4)
==7139==    by 0x4BB70C6: ??? (in /usr/lib/x86_64-linux-gnu/libglib-2.0.so.0.7200.4)
==7139==    by 0x4BB79B2: g_locale_to_utf8 (in /usr/lib/x86_64-linux-gnu/libglib-2.0.so.0.7200.4)
==7139==    by 0x4BF92BF: g_strerror (in /usr/lib/x86_64-linux-gnu/libglib-2.0.so.0.7200.4)
==7139==    by 0x4BC3E82: g_dir_open (in /usr/lib/x86_64-linux-gnu/libglib-2.0.so.0.7200.4)
==7139==    by 0x4A7B1B9: ??? (in /usr/lib/x86_64-linux-gnu/libgstreamer-1.0.so.0.2003.0)
==7139==    by 0x4A7BA2F: ??? (in /usr/lib/x86_64-linux-gnu/libgstreamer-1.0.so.0.2003.0)
==7139==    by 0x4A7DFB2: gst_update_registry (in /usr/lib/x86_64-linux-gnu/libgstreamer-1.0.so.0.2003.0)
==7139==    by 0x4A0FDD9: ??? (in /usr/lib/x86_64-linux-gnu/libgstreamer-1.0.so.0.2003.0)
==7139== 
==7139== 32 bytes in 1 blocks are still reachable in loss record 737 of 1,608
==7139==    at 0x484DA83: calloc (in /usr/libexec/valgrind/vgpreload_memcheck-amd64-linux.so)
==7139==    by 0x5BD29F2: ??? (in /usr/lib/x86_64-linux-gnu/libgnutls.so.30.31.0)
==7139==    by 0x5BB7A8F: ??? (in /usr/lib/x86_64-linux-gnu/libgnutls.so.30.31.0)
==7139==    by 0x5B85CA2: ??? (in /usr/lib/x86_64-linux-gnu/libgnutls.so.30.31.0)
==7139==    by 0x400647D: call_init.part.0 (dl-init.c:70)
==7139==    by 0x4006567: call_init (dl-init.c:33)
==7139==    by 0x4006567: _dl_init (dl-init.c:117)
==7139==    by 0x5163C84: _dl_catch_exception (dl-error-skeleton.c:182)
==7139==    by 0x400DFF5: dl_open_worker (dl-open.c:808)
==7139==    by 0x400DFF5: dl_open_worker (dl-open.c:771)
==7139==    by 0x5163C27: _dl_catch_exception (dl-error-skeleton.c:208)
==7139==    by 0x400E34D: _dl_open (dl-open.c:883)
==7139==    by 0x507F6BB: dlopen_doit (dlopen.c:56)
==7139==    by 0x5163C27: _dl_catch_exception (dl-error-skeleton.c:208)
==7139== 
==7139== 32 bytes in 1 blocks are still reachable in loss record 738 of 1,608
==7139==    at 0x484DA83: calloc (in /usr/libexec/valgrind/vgpreload_memcheck-amd64-linux.so)
==7139==    by 0x5BD29F2: ??? (in /usr/lib/x86_64-linux-gnu/libgnutls.so.30.31.0)
==7139==    by 0x5BB7AAF: ??? (in /usr/lib/x86_64-linux-gnu/libgnutls.so.30.31.0)
==7139==    by 0x5B85CA2: ??? (in /usr/lib/x86_64-linux-gnu/libgnutls.so.30.31.0)
==7139==    by 0x400647D: call_init.part.0 (dl-init.c:70)
==7139==    by 0x4006567: call_init (dl-init.c:33)
==7139==    by 0x4006567: _dl_init (dl-init.c:117)
==7139==    by 0x5163C84: _dl_catch_exception (dl-error-skeleton.c:182)
==7139==    by 0x400DFF5: dl_open_worker (dl-open.c:808)
==7139==    by 0x400DFF5: dl_open_worker (dl-open.c:771)
==7139==    by 0x5163C27: _dl_catch_exception (dl-error-skeleton.c:208)
==7139==    by 0x400E34D: _dl_open (dl-open.c:883)
==7139==    by 0x507F6BB: dlopen_doit (dlopen.c:56)
==7139==    by 0x5163C27: _dl_catch_exception (dl-error-skeleton.c:208)
==7139== 
==7139== 32 bytes in 1 blocks are still reachable in loss record 739 of 1,608
==7139==    at 0x484DA83: calloc (in /usr/libexec/valgrind/vgpreload_memcheck-amd64-linux.so)
==7139==    by 0x5BD29F2: ??? (in /usr/lib/x86_64-linux-gnu/libgnutls.so.30.31.0)
==7139==    by 0x5BB7ACF: ??? (in /usr/lib/x86_64-linux-gnu/libgnutls.so.30.31.0)
==7139==    by 0x5B85CA2: ??? (in /usr/lib/x86_64-linux-gnu/libgnutls.so.30.31.0)
==7139==    by 0x400647D: call_init.part.0 (dl-init.c:70)
==7139==    by 0x4006567: call_init (dl-init.c:33)
==7139==    by 0x4006567: _dl_init (dl-init.c:117)
==7139==    by 0x5163C84: _dl_catch_exception (dl-error-skeleton.c:182)
==7139==    by 0x400DFF5: dl_open_worker (dl-open.c:808)
==7139==    by 0x400DFF5: dl_open_worker (dl-open.c:771)
==7139==    by 0x5163C27: _dl_catch_exception (dl-error-skeleton.c:208)
==7139==    by 0x400E34D: _dl_open (dl-open.c:883)
==7139==    by 0x507F6BB: dlopen_doit (dlopen.c:56)
==7139==    by 0x5163C27: _dl_catch_exception (dl-error-skeleton.c:208)
==7139== 
==7139== 32 bytes in 1 blocks are still reachable in loss record 740 of 1,608
==7139==    at 0x484DA83: calloc (in /usr/libexec/valgrind/vgpreload_memcheck-amd64-linux.so)
==7139==    by 0x5BD29F2: ??? (in /usr/lib/x86_64-linux-gnu/libgnutls.so.30.31.0)
==7139==    by 0x5BB7AF6: ??? (in /usr/lib/x86_64-linux-gnu/libgnutls.so.30.31.0)
==7139==    by 0x5B85CA2: ??? (in /usr/lib/x86_64-linux-gnu/libgnutls.so.30.31.0)
==7139==    by 0x400647D: call_init.part.0 (dl-init.c:70)
==7139==    by 0x4006567: call_init (dl-init.c:33)
==7139==    by 0x4006567: _dl_init (dl-init.c:117)
==7139==    by 0x5163C84: _dl_catch_exception (dl-error-skeleton.c:182)
==7139==    by 0x400DFF5: dl_open_worker (dl-open.c:808)
==7139==    by 0x400DFF5: dl_open_worker (dl-open.c:771)
==7139==    by 0x5163C27: _dl_catch_exception (dl-error-skeleton.c:208)
==7139==    by 0x400E34D: _dl_open (dl-open.c:883)
==7139==    by 0x507F6BB: dlopen_doit (dlopen.c:56)
==7139==    by 0x5163C27: _dl_catch_exception (dl-error-skeleton.c:208)
==7139== 
==7139== 32 bytes in 1 blocks are still reachable in loss record 741 of 1,608
==7139==    at 0x484DA83: calloc (in /usr/libexec/valgrind/vgpreload_memcheck-amd64-linux.so)
==7139==    by 0x5BD29F2: ??? (in /usr/lib/x86_64-linux-gnu/libgnutls.so.30.31.0)
==7139==    by 0x5BB7B16: ??? (in /usr/lib/x86_64-linux-gnu/libgnutls.so.30.31.0)
==7139==    by 0x5B85CA2: ??? (in /usr/lib/x86_64-linux-gnu/libgnutls.so.30.31.0)
==7139==    by 0x400647D: call_init.part.0 (dl-init.c:70)
==7139==    by 0x4006567: call_init (dl-init.c:33)
==7139==    by 0x4006567: _dl_init (dl-init.c:117)
==7139==    by 0x5163C84: _dl_catch_exception (dl-error-skeleton.c:182)
==7139==    by 0x400DFF5: dl_open_worker (dl-open.c:808)
==7139==    by 0x400DFF5: dl_open_worker (dl-open.c:771)
==7139==    by 0x5163C27: _dl_catch_exception (dl-error-skeleton.c:208)
==7139==    by 0x400E34D: _dl_open (dl-open.c:883)
==7139==    by 0x507F6BB: dlopen_doit (dlopen.c:56)
==7139==    by 0x5163C27: _dl_catch_exception (dl-error-skeleton.c:208)
==7139== 
==7139== 32 bytes in 1 blocks are still reachable in loss record 742 of 1,608
==7139==    at 0x484DA83: calloc (in /usr/libexec/valgrind/vgpreload_memcheck-amd64-linux.so)
==7139==    by 0x5BD29F2: ??? (in /usr/lib/x86_64-linux-gnu/libgnutls.so.30.31.0)
==7139==    by 0x5BB7B36: ??? (in /usr/lib/x86_64-linux-gnu/libgnutls.so.30.31.0)
==7139==    by 0x5B85CA2: ??? (in /usr/lib/x86_64-linux-gnu/libgnutls.so.30.31.0)
==7139==    by 0x400647D: call_init.part.0 (dl-init.c:70)
==7139==    by 0x4006567: call_init (dl-init.c:33)
==7139==    by 0x4006567: _dl_init (dl-init.c:117)
==7139==    by 0x5163C84: _dl_catch_exception (dl-error-skeleton.c:182)
==7139==    by 0x400DFF5: dl_open_worker (dl-open.c:808)
==7139==    by 0x400DFF5: dl_open_worker (dl-open.c:771)
==7139==    by 0x5163C27: _dl_catch_exception (dl-error-skeleton.c:208)
==7139==    by 0x400E34D: _dl_open (dl-open.c:883)
==7139==    by 0x507F6BB: dlopen_doit (dlopen.c:56)
==7139==    by 0x5163C27: _dl_catch_exception (dl-error-skeleton.c:208)
==7139== 
==7139== 32 bytes in 1 blocks are still reachable in loss record 743 of 1,608
==7139==    at 0x484DA83: calloc (in /usr/libexec/valgrind/vgpreload_memcheck-amd64-linux.so)
==7139==    by 0x5BD29F2: ??? (in /usr/lib/x86_64-linux-gnu/libgnutls.so.30.31.0)
==7139==    by 0x5BB7B88: ??? (in /usr/lib/x86_64-linux-gnu/libgnutls.so.30.31.0)
==7139==    by 0x5B85CA2: ??? (in /usr/lib/x86_64-linux-gnu/libgnutls.so.30.31.0)
==7139==    by 0x400647D: call_init.part.0 (dl-init.c:70)
==7139==    by 0x4006567: call_init (dl-init.c:33)
==7139==    by 0x4006567: _dl_init (dl-init.c:117)
==7139==    by 0x5163C84: _dl_catch_exception (dl-error-skeleton.c:182)
==7139==    by 0x400DFF5: dl_open_worker (dl-open.c:808)
==7139==    by 0x400DFF5: dl_open_worker (dl-open.c:771)
==7139==    by 0x5163C27: _dl_catch_exception (dl-error-skeleton.c:208)
==7139==    by 0x400E34D: _dl_open (dl-open.c:883)
==7139==    by 0x507F6BB: dlopen_doit (dlopen.c:56)
==7139==    by 0x5163C27: _dl_catch_exception (dl-error-skeleton.c:208)
==7139== 
==7139== 32 bytes in 1 blocks are still reachable in loss record 744 of 1,608
==7139==    at 0x484DA83: calloc (in /usr/libexec/valgrind/vgpreload_memcheck-amd64-linux.so)
==7139==    by 0x5BD29F2: ??? (in /usr/lib/x86_64-linux-gnu/libgnutls.so.30.31.0)
==7139==    by 0x5BB7BAA: ??? (in /usr/lib/x86_64-linux-gnu/libgnutls.so.30.31.0)
==7139==    by 0x5B85CA2: ??? (in /usr/lib/x86_64-linux-gnu/libgnutls.so.30.31.0)
==7139==    by 0x400647D: call_init.part.0 (dl-init.c:70)
==7139==    by 0x4006567: call_init (dl-init.c:33)
==7139==    by 0x4006567: _dl_init (dl-init.c:117)
==7139==    by 0x5163C84: _dl_catch_exception (dl-error-skeleton.c:182)
==7139==    by 0x400DFF5: dl_open_worker (dl-open.c:808)
==7139==    by 0x400DFF5: dl_open_worker (dl-open.c:771)
==7139==    by 0x5163C27: _dl_catch_exception (dl-error-skeleton.c:208)
==7139==    by 0x400E34D: _dl_open (dl-open.c:883)
==7139==    by 0x507F6BB: dlopen_doit (dlopen.c:56)
==7139==    by 0x5163C27: _dl_catch_exception (dl-error-skeleton.c:208)
==7139== 
==7139== 32 bytes in 1 blocks are still reachable in loss record 745 of 1,608
==7139==    at 0x484DA83: calloc (in /usr/libexec/valgrind/vgpreload_memcheck-amd64-linux.so)
==7139==    by 0x5BD29F2: ??? (in /usr/lib/x86_64-linux-gnu/libgnutls.so.30.31.0)
==7139==    by 0x5BB7BCC: ??? (in /usr/lib/x86_64-linux-gnu/libgnutls.so.30.31.0)
==7139==    by 0x5B85CA2: ??? (in /usr/lib/x86_64-linux-gnu/libgnutls.so.30.31.0)
==7139==    by 0x400647D: call_init.part.0 (dl-init.c:70)
==7139==    by 0x4006567: call_init (dl-init.c:33)
==7139==    by 0x4006567: _dl_init (dl-init.c:117)
==7139==    by 0x5163C84: _dl_catch_exception (dl-error-skeleton.c:182)
==7139==    by 0x400DFF5: dl_open_worker (dl-open.c:808)
==7139==    by 0x400DFF5: dl_open_worker (dl-open.c:771)
==7139==    by 0x5163C27: _dl_catch_exception (dl-error-skeleton.c:208)
==7139==    by 0x400E34D: _dl_open (dl-open.c:883)
==7139==    by 0x507F6BB: dlopen_doit (dlopen.c:56)
==7139==    by 0x5163C27: _dl_catch_exception (dl-error-skeleton.c:208)
==7139== 
==7139== 32 bytes in 1 blocks are still reachable in loss record 746 of 1,608
==7139==    at 0x484DA83: calloc (in /usr/libexec/valgrind/vgpreload_memcheck-amd64-linux.so)
==7139==    by 0x5BD29F2: ??? (in /usr/lib/x86_64-linux-gnu/libgnutls.so.30.31.0)
==7139==    by 0x5BB7BFA: ??? (in /usr/lib/x86_64-linux-gnu/libgnutls.so.30.31.0)
==7139==    by 0x5B85CA2: ??? (in /usr/lib/x86_64-linux-gnu/libgnutls.so.30.31.0)
==7139==    by 0x400647D: call_init.part.0 (dl-init.c:70)
==7139==    by 0x4006567: call_init (dl-init.c:33)
==7139==    by 0x4006567: _dl_init (dl-init.c:117)
==7139==    by 0x5163C84: _dl_catch_exception (dl-error-skeleton.c:182)
==7139==    by 0x400DFF5: dl_open_worker (dl-open.c:808)
==7139==    by 0x400DFF5: dl_open_worker (dl-open.c:771)
==7139==    by 0x5163C27: _dl_catch_exception (dl-error-skeleton.c:208)
==7139==    by 0x400E34D: _dl_open (dl-open.c:883)
==7139==    by 0x507F6BB: dlopen_doit (dlopen.c:56)
==7139==    by 0x5163C27: _dl_catch_exception (dl-error-skeleton.c:208)
==7139== 
==7139== 32 bytes in 1 blocks are still reachable in loss record 747 of 1,608
==7139==    at 0x484DA83: calloc (in /usr/libexec/valgrind/vgpreload_memcheck-amd64-linux.so)
==7139==    by 0x5BD29F2: ??? (in /usr/lib/x86_64-linux-gnu/libgnutls.so.30.31.0)
==7139==    by 0x5BB7C1A: ??? (in /usr/lib/x86_64-linux-gnu/libgnutls.so.30.31.0)
==7139==    by 0x5B85CA2: ??? (in /usr/lib/x86_64-linux-gnu/libgnutls.so.30.31.0)
==7139==    by 0x400647D: call_init.part.0 (dl-init.c:70)
==7139==    by 0x4006567: call_init (dl-init.c:33)
==7139==    by 0x4006567: _dl_init (dl-init.c:117)
==7139==    by 0x5163C84: _dl_catch_exception (dl-error-skeleton.c:182)
==7139==    by 0x400DFF5: dl_open_worker (dl-open.c:808)
==7139==    by 0x400DFF5: dl_open_worker (dl-open.c:771)
==7139==    by 0x5163C27: _dl_catch_exception (dl-error-skeleton.c:208)
==7139==    by 0x400E34D: _dl_open (dl-open.c:883)
==7139==    by 0x507F6BB: dlopen_doit (dlopen.c:56)
==7139==    by 0x5163C27: _dl_catch_exception (dl-error-skeleton.c:208)
==7139== 
==7139== 32 bytes in 1 blocks are still reachable in loss record 748 of 1,608
==7139==    at 0x484DA83: calloc (in /usr/libexec/valgrind/vgpreload_memcheck-amd64-linux.so)
==7139==    by 0x5BD29F2: ??? (in /usr/lib/x86_64-linux-gnu/libgnutls.so.30.31.0)
==7139==    by 0x5BB7C3A: ??? (in /usr/lib/x86_64-linux-gnu/libgnutls.so.30.31.0)
==7139==    by 0x5B85CA2: ??? (in /usr/lib/x86_64-linux-gnu/libgnutls.so.30.31.0)
==7139==    by 0x400647D: call_init.part.0 (dl-init.c:70)
==7139==    by 0x4006567: call_init (dl-init.c:33)
==7139==    by 0x4006567: _dl_init (dl-init.c:117)
==7139==    by 0x5163C84: _dl_catch_exception (dl-error-skeleton.c:182)
==7139==    by 0x400DFF5: dl_open_worker (dl-open.c:808)
==7139==    by 0x400DFF5: dl_open_worker (dl-open.c:771)
==7139==    by 0x5163C27: _dl_catch_exception (dl-error-skeleton.c:208)
==7139==    by 0x400E34D: _dl_open (dl-open.c:883)
==7139==    by 0x507F6BB: dlopen_doit (dlopen.c:56)
==7139==    by 0x5163C27: _dl_catch_exception (dl-error-skeleton.c:208)
==7139== 
==7139== 32 bytes in 1 blocks are still reachable in loss record 749 of 1,608
==7139==    at 0x484DA83: calloc (in /usr/libexec/valgrind/vgpreload_memcheck-amd64-linux.so)
==7139==    by 0x5BD29F2: ??? (in /usr/lib/x86_64-linux-gnu/libgnutls.so.30.31.0)
==7139==    by 0x5BB7C5C: ??? (in /usr/lib/x86_64-linux-gnu/libgnutls.so.30.31.0)
==7139==    by 0x5B85CA2: ??? (in /usr/lib/x86_64-linux-gnu/libgnutls.so.30.31.0)
==7139==    by 0x400647D: call_init.part.0 (dl-init.c:70)
==7139==    by 0x4006567: call_init (dl-init.c:33)
==7139==    by 0x4006567: _dl_init (dl-init.c:117)
==7139==    by 0x5163C84: _dl_catch_exception (dl-error-skeleton.c:182)
==7139==    by 0x400DFF5: dl_open_worker (dl-open.c:808)
==7139==    by 0x400DFF5: dl_open_worker (dl-open.c:771)
==7139==    by 0x5163C27: _dl_catch_exception (dl-error-skeleton.c:208)
==7139==    by 0x400E34D: _dl_open (dl-open.c:883)
==7139==    by 0x507F6BB: dlopen_doit (dlopen.c:56)
==7139==    by 0x5163C27: _dl_catch_exception (dl-error-skeleton.c:208)
==7139== 
==7139== 32 bytes in 1 blocks are still reachable in loss record 750 of 1,608
==7139==    at 0x484DA83: calloc (in /usr/libexec/valgrind/vgpreload_memcheck-amd64-linux.so)
==7139==    by 0x5BD29F2: ??? (in /usr/lib/x86_64-linux-gnu/libgnutls.so.30.31.0)
==7139==    by 0x5BB7C7E: ??? (in /usr/lib/x86_64-linux-gnu/libgnutls.so.30.31.0)
==7139==    by 0x5B85CA2: ??? (in /usr/lib/x86_64-linux-gnu/libgnutls.so.30.31.0)
==7139==    by 0x400647D: call_init.part.0 (dl-init.c:70)
==7139==    by 0x4006567: call_init (dl-init.c:33)
==7139==    by 0x4006567: _dl_init (dl-init.c:117)
==7139==    by 0x5163C84: _dl_catch_exception (dl-error-skeleton.c:182)
==7139==    by 0x400DFF5: dl_open_worker (dl-open.c:808)
==7139==    by 0x400DFF5: dl_open_worker (dl-open.c:771)
==7139==    by 0x5163C27: _dl_catch_exception (dl-error-skeleton.c:208)
==7139==    by 0x400E34D: _dl_open (dl-open.c:883)
==7139==    by 0x507F6BB: dlopen_doit (dlopen.c:56)
==7139==    by 0x5163C27: _dl_catch_exception (dl-error-skeleton.c:208)
==7139== 
==7139== 32 bytes in 1 blocks are still reachable in loss record 751 of 1,608
==7139==    at 0x484DA83: calloc (in /usr/libexec/valgrind/vgpreload_memcheck-amd64-linux.so)
==7139==    by 0x5BD29F2: ??? (in /usr/lib/x86_64-linux-gnu/libgnutls.so.30.31.0)
==7139==    by 0x5BB7C9E: ??? (in /usr/lib/x86_64-linux-gnu/libgnutls.so.30.31.0)
==7139==    by 0x5B85CA2: ??? (in /usr/lib/x86_64-linux-gnu/libgnutls.so.30.31.0)
==7139==    by 0x400647D: call_init.part.0 (dl-init.c:70)
==7139==    by 0x4006567: call_init (dl-init.c:33)
==7139==    by 0x4006567: _dl_init (dl-init.c:117)
==7139==    by 0x5163C84: _dl_catch_exception (dl-error-skeleton.c:182)
==7139==    by 0x400DFF5: dl_open_worker (dl-open.c:808)
==7139==    by 0x400DFF5: dl_open_worker (dl-open.c:771)
==7139==    by 0x5163C27: _dl_catch_exception (dl-error-skeleton.c:208)
==7139==    by 0x400E34D: _dl_open (dl-open.c:883)
==7139==    by 0x507F6BB: dlopen_doit (dlopen.c:56)
==7139==    by 0x5163C27: _dl_catch_exception (dl-error-skeleton.c:208)
==7139== 
==7139== 32 bytes in 1 blocks are still reachable in loss record 752 of 1,608
==7139==    at 0x484DA83: calloc (in /usr/libexec/valgrind/vgpreload_memcheck-amd64-linux.so)
==7139==    by 0x5BD29F2: ??? (in /usr/lib/x86_64-linux-gnu/libgnutls.so.30.31.0)
==7139==    by 0x5BB7CBE: ??? (in /usr/lib/x86_64-linux-gnu/libgnutls.so.30.31.0)
==7139==    by 0x5B85CA2: ??? (in /usr/lib/x86_64-linux-gnu/libgnutls.so.30.31.0)
==7139==    by 0x400647D: call_init.part.0 (dl-init.c:70)
==7139==    by 0x4006567: call_init (dl-init.c:33)
==7139==    by 0x4006567: _dl_init (dl-init.c:117)
==7139==    by 0x5163C84: _dl_catch_exception (dl-error-skeleton.c:182)
==7139==    by 0x400DFF5: dl_open_worker (dl-open.c:808)
==7139==    by 0x400DFF5: dl_open_worker (dl-open.c:771)
==7139==    by 0x5163C27: _dl_catch_exception (dl-error-skeleton.c:208)
==7139==    by 0x400E34D: _dl_open (dl-open.c:883)
==7139==    by 0x507F6BB: dlopen_doit (dlopen.c:56)
==7139==    by 0x5163C27: _dl_catch_exception (dl-error-skeleton.c:208)
==7139== 
==7139== 32 bytes in 1 blocks are still reachable in loss record 753 of 1,608
==7139==    at 0x484DA83: calloc (in /usr/libexec/valgrind/vgpreload_memcheck-amd64-linux.so)
==7139==    by 0x5BD29F2: ??? (in /usr/lib/x86_64-linux-gnu/libgnutls.so.30.31.0)
==7139==    by 0x5BB7D70: ??? (in /usr/lib/x86_64-linux-gnu/libgnutls.so.30.31.0)
==7139==    by 0x5B85CA2: ??? (in /usr/lib/x86_64-linux-gnu/libgnutls.so.30.31.0)
==7139==    by 0x400647D: call_init.part.0 (dl-init.c:70)
==7139==    by 0x4006567: call_init (dl-init.c:33)
==7139==    by 0x4006567: _dl_init (dl-init.c:117)
==7139==    by 0x5163C84: _dl_catch_exception (dl-error-skeleton.c:182)
==7139==    by 0x400DFF5: dl_open_worker (dl-open.c:808)
==7139==    by 0x400DFF5: dl_open_worker (dl-open.c:771)
==7139==    by 0x5163C27: _dl_catch_exception (dl-error-skeleton.c:208)
==7139==    by 0x400E34D: _dl_open (dl-open.c:883)
==7139==    by 0x507F6BB: dlopen_doit (dlopen.c:56)
==7139==    by 0x5163C27: _dl_catch_exception (dl-error-skeleton.c:208)
==7139== 
==7139== 32 bytes in 1 blocks are still reachable in loss record 754 of 1,608
==7139==    at 0x484DA83: calloc (in /usr/libexec/valgrind/vgpreload_memcheck-amd64-linux.so)
==7139==    by 0x5BD29F2: ??? (in /usr/lib/x86_64-linux-gnu/libgnutls.so.30.31.0)
==7139==    by 0x5BB7D90: ??? (in /usr/lib/x86_64-linux-gnu/libgnutls.so.30.31.0)
==7139==    by 0x5B85CA2: ??? (in /usr/lib/x86_64-linux-gnu/libgnutls.so.30.31.0)
==7139==    by 0x400647D: call_init.part.0 (dl-init.c:70)
==7139==    by 0x4006567: call_init (dl-init.c:33)
==7139==    by 0x4006567: _dl_init (dl-init.c:117)
==7139==    by 0x5163C84: _dl_catch_exception (dl-error-skeleton.c:182)
==7139==    by 0x400DFF5: dl_open_worker (dl-open.c:808)
==7139==    by 0x400DFF5: dl_open_worker (dl-open.c:771)
==7139==    by 0x5163C27: _dl_catch_exception (dl-error-skeleton.c:208)
==7139==    by 0x400E34D: _dl_open (dl-open.c:883)
==7139==    by 0x507F6BB: dlopen_doit (dlopen.c:56)
==7139==    by 0x5163C27: _dl_catch_exception (dl-error-skeleton.c:208)
==7139== 
==7139== 32 bytes in 1 blocks are still reachable in loss record 755 of 1,608
==7139==    at 0x484DA83: calloc (in /usr/libexec/valgrind/vgpreload_memcheck-amd64-linux.so)
==7139==    by 0x5BD29F2: ??? (in /usr/lib/x86_64-linux-gnu/libgnutls.so.30.31.0)
==7139==    by 0x5BB7DB0: ??? (in /usr/lib/x86_64-linux-gnu/libgnutls.so.30.31.0)
==7139==    by 0x5B85CA2: ??? (in /usr/lib/x86_64-linux-gnu/libgnutls.so.30.31.0)
==7139==    by 0x400647D: call_init.part.0 (dl-init.c:70)
==7139==    by 0x4006567: call_init (dl-init.c:33)
==7139==    by 0x4006567: _dl_init (dl-init.c:117)
==7139==    by 0x5163C84: _dl_catch_exception (dl-error-skeleton.c:182)
==7139==    by 0x400DFF5: dl_open_worker (dl-open.c:808)
==7139==    by 0x400DFF5: dl_open_worker (dl-open.c:771)
==7139==    by 0x5163C27: _dl_catch_exception (dl-error-skeleton.c:208)
==7139==    by 0x400E34D: _dl_open (dl-open.c:883)
==7139==    by 0x507F6BB: dlopen_doit (dlopen.c:56)
==7139==    by 0x5163C27: _dl_catch_exception (dl-error-skeleton.c:208)
==7139== 
==7139== 32 bytes in 1 blocks are still reachable in loss record 756 of 1,608
==7139==    at 0x484DA83: calloc (in /usr/libexec/valgrind/vgpreload_memcheck-amd64-linux.so)
==7139==    by 0x5BD29F2: ??? (in /usr/lib/x86_64-linux-gnu/libgnutls.so.30.31.0)
==7139==    by 0x5BB7DD0: ??? (in /usr/lib/x86_64-linux-gnu/libgnutls.so.30.31.0)
==7139==    by 0x5B85CA2: ??? (in /usr/lib/x86_64-linux-gnu/libgnutls.so.30.31.0)
==7139==    by 0x400647D: call_init.part.0 (dl-init.c:70)
==7139==    by 0x4006567: call_init (dl-init.c:33)
==7139==    by 0x4006567: _dl_init (dl-init.c:117)
==7139==    by 0x5163C84: _dl_catch_exception (dl-error-skeleton.c:182)
==7139==    by 0x400DFF5: dl_open_worker (dl-open.c:808)
==7139==    by 0x400DFF5: dl_open_worker (dl-open.c:771)
==7139==    by 0x5163C27: _dl_catch_exception (dl-error-skeleton.c:208)
==7139==    by 0x400E34D: _dl_open (dl-open.c:883)
==7139==    by 0x507F6BB: dlopen_doit (dlopen.c:56)
==7139==    by 0x5163C27: _dl_catch_exception (dl-error-skeleton.c:208)
==7139== 
==7139== 32 bytes in 1 blocks are still reachable in loss record 757 of 1,608
==7139==    at 0x484DA83: calloc (in /usr/libexec/valgrind/vgpreload_memcheck-amd64-linux.so)
==7139==    by 0x5BD29F2: ??? (in /usr/lib/x86_64-linux-gnu/libgnutls.so.30.31.0)
==7139==    by 0x5BB7DF7: ??? (in /usr/lib/x86_64-linux-gnu/libgnutls.so.30.31.0)
==7139==    by 0x5B85CA2: ??? (in /usr/lib/x86_64-linux-gnu/libgnutls.so.30.31.0)
==7139==    by 0x400647D: call_init.part.0 (dl-init.c:70)
==7139==    by 0x4006567: call_init (dl-init.c:33)
==7139==    by 0x4006567: _dl_init (dl-init.c:117)
==7139==    by 0x5163C84: _dl_catch_exception (dl-error-skeleton.c:182)
==7139==    by 0x400DFF5: dl_open_worker (dl-open.c:808)
==7139==    by 0x400DFF5: dl_open_worker (dl-open.c:771)
==7139==    by 0x5163C27: _dl_catch_exception (dl-error-skeleton.c:208)
==7139==    by 0x400E34D: _dl_open (dl-open.c:883)
==7139==    by 0x507F6BB: dlopen_doit (dlopen.c:56)
==7139==    by 0x5163C27: _dl_catch_exception (dl-error-skeleton.c:208)
==7139== 
==7139== 32 bytes in 1 blocks are still reachable in loss record 758 of 1,608
==7139==    at 0x484DA83: calloc (in /usr/libexec/valgrind/vgpreload_memcheck-amd64-linux.so)
==7139==    by 0x5BD29F2: ??? (in /usr/lib/x86_64-linux-gnu/libgnutls.so.30.31.0)
==7139==    by 0x5BB7E17: ??? (in /usr/lib/x86_64-linux-gnu/libgnutls.so.30.31.0)
==7139==    by 0x5B85CA2: ??? (in /usr/lib/x86_64-linux-gnu/libgnutls.so.30.31.0)
==7139==    by 0x400647D: call_init.part.0 (dl-init.c:70)
==7139==    by 0x4006567: call_init (dl-init.c:33)
==7139==    by 0x4006567: _dl_init (dl-init.c:117)
==7139==    by 0x5163C84: _dl_catch_exception (dl-error-skeleton.c:182)
==7139==    by 0x400DFF5: dl_open_worker (dl-open.c:808)
==7139==    by 0x400DFF5: dl_open_worker (dl-open.c:771)
==7139==    by 0x5163C27: _dl_catch_exception (dl-error-skeleton.c:208)
==7139==    by 0x400E34D: _dl_open (dl-open.c:883)
==7139==    by 0x507F6BB: dlopen_doit (dlopen.c:56)
==7139==    by 0x5163C27: _dl_catch_exception (dl-error-skeleton.c:208)
==7139== 
==7139== 32 bytes in 1 blocks are still reachable in loss record 759 of 1,608
==7139==    at 0x484DA83: calloc (in /usr/libexec/valgrind/vgpreload_memcheck-amd64-linux.so)
==7139==    by 0x4BE0C50: g_malloc0 (in /usr/lib/x86_64-linux-gnu/libglib-2.0.so.0.7200.4)
==7139==    by 0x4BC216E: ??? (in /usr/lib/x86_64-linux-gnu/libglib-2.0.so.0.7200.4)
==7139==    by 0x4BC5540: g_hash_table_new_full (in /usr/lib/x86_64-linux-gnu/libglib-2.0.so.0.7200.4)
==7139==    by 0x4BA0BB1: ??? (in /usr/lib/x86_64-linux-gnu/libglib-2.0.so.0.7200.4)
==7139==    by 0x400647D: call_init.part.0 (dl-init.c:70)
==7139==    by 0x4006567: call_init (dl-init.c:33)
==7139==    by 0x4006567: _dl_init (dl-init.c:117)
==7139==    by 0x40202E9: ??? (in /usr/lib/x86_64-linux-gnu/ld-linux-x86-64.so.2)
==7139== 
==7139== 32 bytes in 1 blocks are still reachable in loss record 760 of 1,608
==7139==    at 0x484DA83: calloc (in /usr/libexec/valgrind/vgpreload_memcheck-amd64-linux.so)
==7139==    by 0x4BE0C50: g_malloc0 (in /usr/lib/x86_64-linux-gnu/libglib-2.0.so.0.7200.4)
==7139==    by 0x4BC216E: ??? (in /usr/lib/x86_64-linux-gnu/libglib-2.0.so.0.7200.4)
==7139==    by 0x4BC5540: g_hash_table_new_full (in /usr/lib/x86_64-linux-gnu/libglib-2.0.so.0.7200.4)
==7139==    by 0x4B34795: ??? (in /usr/lib/x86_64-linux-gnu/libgobject-2.0.so.0.7200.4)
==7139==    by 0x400647D: call_init.part.0 (dl-init.c:70)
==7139==    by 0x4006567: call_init (dl-init.c:33)
==7139==    by 0x4006567: _dl_init (dl-init.c:117)
==7139==    by 0x40202E9: ??? (in /usr/lib/x86_64-linux-gnu/ld-linux-x86-64.so.2)
==7139== 
==7139== 32 bytes in 1 blocks are still reachable in loss record 761 of 1,608
==7139==    at 0x484DA83: calloc (in /usr/libexec/valgrind/vgpreload_memcheck-amd64-linux.so)
==7139==    by 0x4BE0C50: g_malloc0 (in /usr/lib/x86_64-linux-gnu/libglib-2.0.so.0.7200.4)
==7139==    by 0x4BC216E: ??? (in /usr/lib/x86_64-linux-gnu/libglib-2.0.so.0.7200.4)
==7139==    by 0x4BC5540: g_hash_table_new_full (in /usr/lib/x86_64-linux-gnu/libglib-2.0.so.0.7200.4)
==7139==    by 0x4B347F0: ??? (in /usr/lib/x86_64-linux-gnu/libgobject-2.0.so.0.7200.4)
==7139==    by 0x400647D: call_init.part.0 (dl-init.c:70)
==7139==    by 0x4006567: call_init (dl-init.c:33)
==7139==    by 0x4006567: _dl_init (dl-init.c:117)
==7139==    by 0x40202E9: ??? (in /usr/lib/x86_64-linux-gnu/ld-linux-x86-64.so.2)
==7139== 
==7139== 32 bytes in 1 blocks are still reachable in loss record 762 of 1,608
==7139==    at 0x484DA83: calloc (in /usr/libexec/valgrind/vgpreload_memcheck-amd64-linux.so)
==7139==    by 0x4BE0C50: g_malloc0 (in /usr/lib/x86_64-linux-gnu/libglib-2.0.so.0.7200.4)
==7139==    by 0x4B5E8C5: ??? (in /usr/lib/x86_64-linux-gnu/libgobject-2.0.so.0.7200.4)
==7139==    by 0x4B5ECE9: g_type_add_interface_static (in /usr/lib/x86_64-linux-gnu/libgobject-2.0.so.0.7200.4)
==7139==    by 0x487418C: ??? (in /usr/lib/x86_64-linux-gnu/libgstapp-1.0.so.0.2001.0)
==7139==    by 0x4877D34: gst_app_src_get_type (in /usr/lib/x86_64-linux-gnu/libgstapp-1.0.so.0.2001.0)
==7139==    by 0x437F28: AttachSourceTest_shouldAttachAudioSource_Test::TestBody() (in /home/lukewill95/rialto/build/tests/media/server/gstplayer/RialtoServerGstPlayerUnitTests)
==7139==    by 0x938A4C: void testing::internal::HandleSehExceptionsInMethodIfSupported<testing::Test, void>(testing::Test*, void (testing::Test::*)(), char const*) (in /home/lukewill95/rialto/build/tests/media/server/gstplayer/RialtoServerGstPlayerUnitTests)
==7139==    by 0x931110: void testing::internal::HandleExceptionsInMethodIfSupported<testing::Test, void>(testing::Test*, void (testing::Test::*)(), char const*) (in /home/lukewill95/rialto/build/tests/media/server/gstplayer/RialtoServerGstPlayerUnitTests)
==7139==    by 0x90D129: testing::Test::Run() (in /home/lukewill95/rialto/build/tests/media/server/gstplayer/RialtoServerGstPlayerUnitTests)
==7139==    by 0x90DBFC: testing::TestInfo::Run() (in /home/lukewill95/rialto/build/tests/media/server/gstplayer/RialtoServerGstPlayerUnitTests)
==7139==    by 0x90E549: testing::TestSuite::Run() (in /home/lukewill95/rialto/build/tests/media/server/gstplayer/RialtoServerGstPlayerUnitTests)
==7139== 
==7139== 32 bytes in 1 blocks are still reachable in loss record 763 of 1,608
==7139==    at 0x484DCD3: realloc (in /usr/libexec/valgrind/vgpreload_memcheck-amd64-linux.so)
==7139==    by 0x4BE0D7F: g_realloc (in /usr/lib/x86_64-linux-gnu/libglib-2.0.so.0.7200.4)
==7139==    by 0x4B5EB17: ??? (in /usr/lib/x86_64-linux-gnu/libgobject-2.0.so.0.7200.4)
==7139==    by 0x4B5ECE9: g_type_add_interface_static (in /usr/lib/x86_64-linux-gnu/libgobject-2.0.so.0.7200.4)
==7139==    by 0x487418C: ??? (in /usr/lib/x86_64-linux-gnu/libgstapp-1.0.so.0.2001.0)
==7139==    by 0x4877D34: gst_app_src_get_type (in /usr/lib/x86_64-linux-gnu/libgstapp-1.0.so.0.2001.0)
==7139==    by 0x437F28: AttachSourceTest_shouldAttachAudioSource_Test::TestBody() (in /home/lukewill95/rialto/build/tests/media/server/gstplayer/RialtoServerGstPlayerUnitTests)
==7139==    by 0x938A4C: void testing::internal::HandleSehExceptionsInMethodIfSupported<testing::Test, void>(testing::Test*, void (testing::Test::*)(), char const*) (in /home/lukewill95/rialto/build/tests/media/server/gstplayer/RialtoServerGstPlayerUnitTests)
==7139==    by 0x931110: void testing::internal::HandleExceptionsInMethodIfSupported<testing::Test, void>(testing::Test*, void (testing::Test::*)(), char const*) (in /home/lukewill95/rialto/build/tests/media/server/gstplayer/RialtoServerGstPlayerUnitTests)
==7139==    by 0x90D129: testing::Test::Run() (in /home/lukewill95/rialto/build/tests/media/server/gstplayer/RialtoServerGstPlayerUnitTests)
==7139==    by 0x90DBFC: testing::TestInfo::Run() (in /home/lukewill95/rialto/build/tests/media/server/gstplayer/RialtoServerGstPlayerUnitTests)
==7139==    by 0x90E549: testing::TestSuite::Run() (in /home/lukewill95/rialto/build/tests/media/server/gstplayer/RialtoServerGstPlayerUnitTests)
==7139== 
==7139== 32 bytes in 1 blocks are still reachable in loss record 764 of 1,608
==7139==    at 0x4B34BDC: ??? (in /usr/lib/x86_64-linux-gnu/libgobject-2.0.so.0.7200.4)
==7139==    by 0x4B35908: ??? (in /usr/lib/x86_64-linux-gnu/libgobject-2.0.so.0.7200.4)
==7139==    by 0x4B578B5: ??? (in /usr/lib/x86_64-linux-gnu/libgobject-2.0.so.0.7200.4)
==7139==    by 0x4B5E9F4: ??? (in /usr/lib/x86_64-linux-gnu/libgobject-2.0.so.0.7200.4)
==7139==    by 0x4B5ECE9: g_type_add_interface_static (in /usr/lib/x86_64-linux-gnu/libgobject-2.0.so.0.7200.4)
==7139==    by 0x487418C: ??? (in /usr/lib/x86_64-linux-gnu/libgstapp-1.0.so.0.2001.0)
==7139==    by 0x4877D34: gst_app_src_get_type (in /usr/lib/x86_64-linux-gnu/libgstapp-1.0.so.0.2001.0)
==7139==    by 0x437F28: AttachSourceTest_shouldAttachAudioSource_Test::TestBody() (in /home/lukewill95/rialto/build/tests/media/server/gstplayer/RialtoServerGstPlayerUnitTests)
==7139==    by 0x938A4C: void testing::internal::HandleSehExceptionsInMethodIfSupported<testing::Test, void>(testing::Test*, void (testing::Test::*)(), char const*) (in /home/lukewill95/rialto/build/tests/media/server/gstplayer/RialtoServerGstPlayerUnitTests)
==7139==    by 0x931110: void testing::internal::HandleExceptionsInMethodIfSupported<testing::Test, void>(testing::Test*, void (testing::Test::*)(), char const*) (in /home/lukewill95/rialto/build/tests/media/server/gstplayer/RialtoServerGstPlayerUnitTests)
==7139==    by 0x90D129: testing::Test::Run() (in /home/lukewill95/rialto/build/tests/media/server/gstplayer/RialtoServerGstPlayerUnitTests)
==7139==    by 0x90DBFC: testing::TestInfo::Run() (in /home/lukewill95/rialto/build/tests/media/server/gstplayer/RialtoServerGstPlayerUnitTests)
==7139== 
==7139== 32 bytes in 1 blocks are still reachable in loss record 765 of 1,608
==7139==    at 0x484DA83: calloc (in /usr/libexec/valgrind/vgpreload_memcheck-amd64-linux.so)
==7139==    by 0x4BE0C50: g_malloc0 (in /usr/lib/x86_64-linux-gnu/libglib-2.0.so.0.7200.4)
==7139==    by 0x4B5E8C5: ??? (in /usr/lib/x86_64-linux-gnu/libgobject-2.0.so.0.7200.4)
==7139==    by 0x4B5ECE9: g_type_add_interface_static (in /usr/lib/x86_64-linux-gnu/libgobject-2.0.so.0.7200.4)
==7139==    by 0x4A1547C: ??? (in /usr/lib/x86_64-linux-gnu/libgstreamer-1.0.so.0.2003.0)
==7139==    by 0x4A15504: gst_bin_get_type (in /usr/lib/x86_64-linux-gnu/libgstreamer-1.0.so.0.2003.0)
==7139==    by 0x510ED6: HandleBusMessageTest_shouldNotHandleStateChangedMessageWhenGstPlayerClientIsNull_Test::TestBody() (in /home/lukewill95/rialto/build/tests/media/server/gstplayer/RialtoServerGstPlayerUnitTests)
==7139==    by 0x938A4C: void testing::internal::HandleSehExceptionsInMethodIfSupported<testing::Test, void>(testing::Test*, void (testing::Test::*)(), char const*) (in /home/lukewill95/rialto/build/tests/media/server/gstplayer/RialtoServerGstPlayerUnitTests)
==7139==    by 0x931110: void testing::internal::HandleExceptionsInMethodIfSupported<testing::Test, void>(testing::Test*, void (testing::Test::*)(), char const*) (in /home/lukewill95/rialto/build/tests/media/server/gstplayer/RialtoServerGstPlayerUnitTests)
==7139==    by 0x90D129: testing::Test::Run() (in /home/lukewill95/rialto/build/tests/media/server/gstplayer/RialtoServerGstPlayerUnitTests)
==7139==    by 0x90DBFC: testing::TestInfo::Run() (in /home/lukewill95/rialto/build/tests/media/server/gstplayer/RialtoServerGstPlayerUnitTests)
==7139==    by 0x90E549: testing::TestSuite::Run() (in /home/lukewill95/rialto/build/tests/media/server/gstplayer/RialtoServerGstPlayerUnitTests)
==7139== 
==7139== 32 bytes in 1 blocks are still reachable in loss record 766 of 1,608
==7139==    at 0x484DCD3: realloc (in /usr/libexec/valgrind/vgpreload_memcheck-amd64-linux.so)
==7139==    by 0x4BE0D7F: g_realloc (in /usr/lib/x86_64-linux-gnu/libglib-2.0.so.0.7200.4)
==7139==    by 0x4B5EB17: ??? (in /usr/lib/x86_64-linux-gnu/libgobject-2.0.so.0.7200.4)
==7139==    by 0x4B5ECE9: g_type_add_interface_static (in /usr/lib/x86_64-linux-gnu/libgobject-2.0.so.0.7200.4)
==7139==    by 0x4A1547C: ??? (in /usr/lib/x86_64-linux-gnu/libgstreamer-1.0.so.0.2003.0)
==7139==    by 0x4A15504: gst_bin_get_type (in /usr/lib/x86_64-linux-gnu/libgstreamer-1.0.so.0.2003.0)
==7139==    by 0x510ED6: HandleBusMessageTest_shouldNotHandleStateChangedMessageWhenGstPlayerClientIsNull_Test::TestBody() (in /home/lukewill95/rialto/build/tests/media/server/gstplayer/RialtoServerGstPlayerUnitTests)
==7139==    by 0x938A4C: void testing::internal::HandleSehExceptionsInMethodIfSupported<testing::Test, void>(testing::Test*, void (testing::Test::*)(), char const*) (in /home/lukewill95/rialto/build/tests/media/server/gstplayer/RialtoServerGstPlayerUnitTests)
==7139==    by 0x931110: void testing::internal::HandleExceptionsInMethodIfSupported<testing::Test, void>(testing::Test*, void (testing::Test::*)(), char const*) (in /home/lukewill95/rialto/build/tests/media/server/gstplayer/RialtoServerGstPlayerUnitTests)
==7139==    by 0x90D129: testing::Test::Run() (in /home/lukewill95/rialto/build/tests/media/server/gstplayer/RialtoServerGstPlayerUnitTests)
==7139==    by 0x90DBFC: testing::TestInfo::Run() (in /home/lukewill95/rialto/build/tests/media/server/gstplayer/RialtoServerGstPlayerUnitTests)
==7139==    by 0x90E549: testing::TestSuite::Run() (in /home/lukewill95/rialto/build/tests/media/server/gstplayer/RialtoServerGstPlayerUnitTests)
==7139== 
==7139== 32 bytes in 1 blocks are still reachable in loss record 767 of 1,608
==7139==    at 0x4B34BDC: ??? (in /usr/lib/x86_64-linux-gnu/libgobject-2.0.so.0.7200.4)
==7139==    by 0x4B35908: ??? (in /usr/lib/x86_64-linux-gnu/libgobject-2.0.so.0.7200.4)
==7139==    by 0x4B578B5: ??? (in /usr/lib/x86_64-linux-gnu/libgobject-2.0.so.0.7200.4)
==7139==    by 0x4B5E9F4: ??? (in /usr/lib/x86_64-linux-gnu/libgobject-2.0.so.0.7200.4)
==7139==    by 0x4B5ECE9: g_type_add_interface_static (in /usr/lib/x86_64-linux-gnu/libgobject-2.0.so.0.7200.4)
==7139==    by 0x4A1547C: ??? (in /usr/lib/x86_64-linux-gnu/libgstreamer-1.0.so.0.2003.0)
==7139==    by 0x4A15504: gst_bin_get_type (in /usr/lib/x86_64-linux-gnu/libgstreamer-1.0.so.0.2003.0)
==7139==    by 0x510ED6: HandleBusMessageTest_shouldNotHandleStateChangedMessageWhenGstPlayerClientIsNull_Test::TestBody() (in /home/lukewill95/rialto/build/tests/media/server/gstplayer/RialtoServerGstPlayerUnitTests)
==7139==    by 0x938A4C: void testing::internal::HandleSehExceptionsInMethodIfSupported<testing::Test, void>(testing::Test*, void (testing::Test::*)(), char const*) (in /home/lukewill95/rialto/build/tests/media/server/gstplayer/RialtoServerGstPlayerUnitTests)
==7139==    by 0x931110: void testing::internal::HandleExceptionsInMethodIfSupported<testing::Test, void>(testing::Test*, void (testing::Test::*)(), char const*) (in /home/lukewill95/rialto/build/tests/media/server/gstplayer/RialtoServerGstPlayerUnitTests)
==7139==    by 0x90D129: testing::Test::Run() (in /home/lukewill95/rialto/build/tests/media/server/gstplayer/RialtoServerGstPlayerUnitTests)
==7139==    by 0x90DBFC: testing::TestInfo::Run() (in /home/lukewill95/rialto/build/tests/media/server/gstplayer/RialtoServerGstPlayerUnitTests)
==7139== 
==7139== 32 bytes in 1 blocks are still reachable in loss record 854 of 1,608
==7139==    at 0x4B34BDC: ??? (in /usr/lib/x86_64-linux-gnu/libgobject-2.0.so.0.7200.4)
==7139==    by 0x4B35945: ??? (in /usr/lib/x86_64-linux-gnu/libgobject-2.0.so.0.7200.4)
==7139==    by 0x4B4C587: ??? (in /usr/lib/x86_64-linux-gnu/libgobject-2.0.so.0.7200.4)
==7139==    by 0x4B5DACC: g_type_register_static (in /usr/lib/x86_64-linux-gnu/libgobject-2.0.so.0.7200.4)
==7139==    by 0x4B5DBCC: g_type_register_static_simple (in /usr/lib/x86_64-linux-gnu/libgobject-2.0.so.0.7200.4)
==7139==    by 0x4A6DCDF: ??? (in /usr/lib/x86_64-linux-gnu/libgstreamer-1.0.so.0.2003.0)
==7139==    by 0x4A6DD84: gst_pipeline_get_type (in /usr/lib/x86_64-linux-gnu/libgstreamer-1.0.so.0.2003.0)
==7139==    by 0x4A0C46C: ??? (in /usr/lib/x86_64-linux-gnu/libgstreamer-1.0.so.0.2003.0)
==7139==    by 0x4A695C4: ??? (in /usr/lib/x86_64-linux-gnu/libgstreamer-1.0.so.0.2003.0)
==7139==    by 0x4A6F80D: gst_plugin_register_static (in /usr/lib/x86_64-linux-gnu/libgstreamer-1.0.so.0.2003.0)
==7139==    by 0x4A0FD90: ??? (in /usr/lib/x86_64-linux-gnu/libgstreamer-1.0.so.0.2003.0)
==7139==    by 0x4BE5A47: g_option_context_parse (in /usr/lib/x86_64-linux-gnu/libglib-2.0.so.0.7200.4)
==7139== 
==7139== 32 bytes in 1 blocks are still reachable in loss record 860 of 1,608
==7139==    at 0x484DA83: calloc (in /usr/libexec/valgrind/vgpreload_memcheck-amd64-linux.so)
==7139==    by 0x4BE0C50: g_malloc0 (in /usr/lib/x86_64-linux-gnu/libglib-2.0.so.0.7200.4)
==7139==    by 0x4BC216E: ??? (in /usr/lib/x86_64-linux-gnu/libglib-2.0.so.0.7200.4)
==7139==    by 0x4BC5540: g_hash_table_new_full (in /usr/lib/x86_64-linux-gnu/libglib-2.0.so.0.7200.4)
==7139==    by 0x4BF9248: g_strerror (in /usr/lib/x86_64-linux-gnu/libglib-2.0.so.0.7200.4)
==7139==    by 0x4BC3E82: g_dir_open (in /usr/lib/x86_64-linux-gnu/libglib-2.0.so.0.7200.4)
==7139==    by 0x4A7B1B9: ??? (in /usr/lib/x86_64-linux-gnu/libgstreamer-1.0.so.0.2003.0)
==7139==    by 0x4A7BA2F: ??? (in /usr/lib/x86_64-linux-gnu/libgstreamer-1.0.so.0.2003.0)
==7139==    by 0x4A7DFB2: gst_update_registry (in /usr/lib/x86_64-linux-gnu/libgstreamer-1.0.so.0.2003.0)
==7139==    by 0x4A0FDD9: ??? (in /usr/lib/x86_64-linux-gnu/libgstreamer-1.0.so.0.2003.0)
==7139==    by 0x4BE5A47: g_option_context_parse (in /usr/lib/x86_64-linux-gnu/libglib-2.0.so.0.7200.4)
==7139==    by 0x4A07876: gst_init_check (in /usr/lib/x86_64-linux-gnu/libgstreamer-1.0.so.0.2003.0)
==7139== 
==7139== 32 bytes in 1 blocks are still reachable in loss record 863 of 1,608
==7139==    at 0x4B34BDC: ??? (in /usr/lib/x86_64-linux-gnu/libgobject-2.0.so.0.7200.4)
==7139==    by 0x4B35945: ??? (in /usr/lib/x86_64-linux-gnu/libgobject-2.0.so.0.7200.4)
==7139==    by 0x4B4C587: ??? (in /usr/lib/x86_64-linux-gnu/libgobject-2.0.so.0.7200.4)
==7139==    by 0x4B5DACC: g_type_register_static (in /usr/lib/x86_64-linux-gnu/libgobject-2.0.so.0.7200.4)
==7139==    by 0x4B5DBCC: g_type_register_static_simple (in /usr/lib/x86_64-linux-gnu/libgobject-2.0.so.0.7200.4)
==7139==    by 0x99B8A9: gst_rialto_src_get_type_once() (in /home/lukewill95/rialto/build/tests/media/server/gstplayer/RialtoServerGstPlayerUnitTests)
==7139==    by 0x99B812: gst_rialto_src_get_type (in /home/lukewill95/rialto/build/tests/media/server/gstplayer/RialtoServerGstPlayerUnitTests)
==7139==    by 0x99CC9C: firebolt::rialto::server::GstSrc::initSrc() (in /home/lukewill95/rialto/build/tests/media/server/gstplayer/RialtoServerGstPlayerUnitTests)
==7139==    by 0x87230E: RialtoServerInitGstSrcTest_NoRialtoSrc_Test::TestBody() (in /home/lukewill95/rialto/build/tests/media/server/gstplayer/RialtoServerGstPlayerUnitTests)
==7139==    by 0x938A4C: void testing::internal::HandleSehExceptionsInMethodIfSupported<testing::Test, void>(testing::Test*, void (testing::Test::*)(), char const*) (in /home/lukewill95/rialto/build/tests/media/server/gstplayer/RialtoServerGstPlayerUnitTests)
==7139==    by 0x931110: void testing::internal::HandleExceptionsInMethodIfSupported<testing::Test, void>(testing::Test*, void (testing::Test::*)(), char const*) (in /home/lukewill95/rialto/build/tests/media/server/gstplayer/RialtoServerGstPlayerUnitTests)
==7139==    by 0x90D129: testing::Test::Run() (in /home/lukewill95/rialto/build/tests/media/server/gstplayer/RialtoServerGstPlayerUnitTests)
==7139== 
==7139== 32 bytes in 1 blocks are still reachable in loss record 864 of 1,608
==7139==    at 0x484DA83: calloc (in /usr/libexec/valgrind/vgpreload_memcheck-amd64-linux.so)
==7139==    by 0x4BE0C50: g_malloc0 (in /usr/lib/x86_64-linux-gnu/libglib-2.0.so.0.7200.4)
==7139==    by 0x4B5E8C5: ??? (in /usr/lib/x86_64-linux-gnu/libgobject-2.0.so.0.7200.4)
==7139==    by 0x4B5ECE9: g_type_add_interface_static (in /usr/lib/x86_64-linux-gnu/libgobject-2.0.so.0.7200.4)
==7139==    by 0x99B8FE: gst_rialto_src_get_type_once() (in /home/lukewill95/rialto/build/tests/media/server/gstplayer/RialtoServerGstPlayerUnitTests)
==7139==    by 0x99B812: gst_rialto_src_get_type (in /home/lukewill95/rialto/build/tests/media/server/gstplayer/RialtoServerGstPlayerUnitTests)
==7139==    by 0x99CC9C: firebolt::rialto::server::GstSrc::initSrc() (in /home/lukewill95/rialto/build/tests/media/server/gstplayer/RialtoServerGstPlayerUnitTests)
==7139==    by 0x87230E: RialtoServerInitGstSrcTest_NoRialtoSrc_Test::TestBody() (in /home/lukewill95/rialto/build/tests/media/server/gstplayer/RialtoServerGstPlayerUnitTests)
==7139==    by 0x938A4C: void testing::internal::HandleSehExceptionsInMethodIfSupported<testing::Test, void>(testing::Test*, void (testing::Test::*)(), char const*) (in /home/lukewill95/rialto/build/tests/media/server/gstplayer/RialtoServerGstPlayerUnitTests)
==7139==    by 0x931110: void testing::internal::HandleExceptionsInMethodIfSupported<testing::Test, void>(testing::Test*, void (testing::Test::*)(), char const*) (in /home/lukewill95/rialto/build/tests/media/server/gstplayer/RialtoServerGstPlayerUnitTests)
==7139==    by 0x90D129: testing::Test::Run() (in /home/lukewill95/rialto/build/tests/media/server/gstplayer/RialtoServerGstPlayerUnitTests)
==7139==    by 0x90DBFC: testing::TestInfo::Run() (in /home/lukewill95/rialto/build/tests/media/server/gstplayer/RialtoServerGstPlayerUnitTests)
==7139== 
==7139== 40 bytes in 1 blocks are still reachable in loss record 868 of 1,608
==7139==    at 0x4848899: malloc (in /usr/libexec/valgrind/vgpreload_memcheck-amd64-linux.so)
==7139==    by 0x4BE0738: g_malloc (in /usr/lib/x86_64-linux-gnu/libglib-2.0.so.0.7200.4)
==7139==    by 0x4B4A9D9: g_param_type_register_static (in /usr/lib/x86_64-linux-gnu/libgobject-2.0.so.0.7200.4)
==7139==    by 0x4B320FA: ??? (in /usr/lib/x86_64-linux-gnu/libgobject-2.0.so.0.7200.4)
==7139==    by 0x4B33892: ??? (in /usr/lib/x86_64-linux-gnu/libgobject-2.0.so.0.7200.4)
==7139==    by 0x400647D: call_init.part.0 (dl-init.c:70)
==7139==    by 0x4006567: call_init (dl-init.c:33)
==7139==    by 0x4006567: _dl_init (dl-init.c:117)
==7139==    by 0x40202E9: ??? (in /usr/lib/x86_64-linux-gnu/ld-linux-x86-64.so.2)
==7139== 
==7139== 40 bytes in 1 blocks are still reachable in loss record 869 of 1,608
==7139==    at 0x4848899: malloc (in /usr/libexec/valgrind/vgpreload_memcheck-amd64-linux.so)
==7139==    by 0x4BE0738: g_malloc (in /usr/lib/x86_64-linux-gnu/libglib-2.0.so.0.7200.4)
==7139==    by 0x4B4A9D9: g_param_type_register_static (in /usr/lib/x86_64-linux-gnu/libgobject-2.0.so.0.7200.4)
==7139==    by 0x4B3218F: ??? (in /usr/lib/x86_64-linux-gnu/libgobject-2.0.so.0.7200.4)
==7139==    by 0x4B33892: ??? (in /usr/lib/x86_64-linux-gnu/libgobject-2.0.so.0.7200.4)
==7139==    by 0x400647D: call_init.part.0 (dl-init.c:70)
==7139==    by 0x4006567: call_init (dl-init.c:33)
==7139==    by 0x4006567: _dl_init (dl-init.c:117)
==7139==    by 0x40202E9: ??? (in /usr/lib/x86_64-linux-gnu/ld-linux-x86-64.so.2)
==7139== 
==7139== 40 bytes in 1 blocks are still reachable in loss record 870 of 1,608
==7139==    at 0x4848899: malloc (in /usr/libexec/valgrind/vgpreload_memcheck-amd64-linux.so)
==7139==    by 0x4BE0738: g_malloc (in /usr/lib/x86_64-linux-gnu/libglib-2.0.so.0.7200.4)
==7139==    by 0x4B4A9D9: g_param_type_register_static (in /usr/lib/x86_64-linux-gnu/libgobject-2.0.so.0.7200.4)
==7139==    by 0x4B3233D: ??? (in /usr/lib/x86_64-linux-gnu/libgobject-2.0.so.0.7200.4)
==7139==    by 0x4B33892: ??? (in /usr/lib/x86_64-linux-gnu/libgobject-2.0.so.0.7200.4)
==7139==    by 0x400647D: call_init.part.0 (dl-init.c:70)
==7139==    by 0x4006567: call_init (dl-init.c:33)
==7139==    by 0x4006567: _dl_init (dl-init.c:117)
==7139==    by 0x40202E9: ??? (in /usr/lib/x86_64-linux-gnu/ld-linux-x86-64.so.2)
==7139== 
==7139== 40 bytes in 1 blocks are still reachable in loss record 871 of 1,608
==7139==    at 0x4848899: malloc (in /usr/libexec/valgrind/vgpreload_memcheck-amd64-linux.so)
==7139==    by 0x4BE0738: g_malloc (in /usr/lib/x86_64-linux-gnu/libglib-2.0.so.0.7200.4)
==7139==    by 0x4B4A9D9: g_param_type_register_static (in /usr/lib/x86_64-linux-gnu/libgobject-2.0.so.0.7200.4)
==7139==    by 0x4B323D1: ??? (in /usr/lib/x86_64-linux-gnu/libgobject-2.0.so.0.7200.4)
==7139==    by 0x4B33892: ??? (in /usr/lib/x86_64-linux-gnu/libgobject-2.0.so.0.7200.4)
==7139==    by 0x400647D: call_init.part.0 (dl-init.c:70)
==7139==    by 0x4006567: call_init (dl-init.c:33)
==7139==    by 0x4006567: _dl_init (dl-init.c:117)
==7139==    by 0x40202E9: ??? (in /usr/lib/x86_64-linux-gnu/ld-linux-x86-64.so.2)
==7139== 
==7139== 40 bytes in 1 blocks are still reachable in loss record 872 of 1,608
==7139==    at 0x4848899: malloc (in /usr/libexec/valgrind/vgpreload_memcheck-amd64-linux.so)
==7139==    by 0x4BE0738: g_malloc (in /usr/lib/x86_64-linux-gnu/libglib-2.0.so.0.7200.4)
==7139==    by 0x4B4A9D9: g_param_type_register_static (in /usr/lib/x86_64-linux-gnu/libgobject-2.0.so.0.7200.4)
==7139==    by 0x4B32465: ??? (in /usr/lib/x86_64-linux-gnu/libgobject-2.0.so.0.7200.4)
==7139==    by 0x4B33892: ??? (in /usr/lib/x86_64-linux-gnu/libgobject-2.0.so.0.7200.4)
==7139==    by 0x400647D: call_init.part.0 (dl-init.c:70)
==7139==    by 0x4006567: call_init (dl-init.c:33)
==7139==    by 0x4006567: _dl_init (dl-init.c:117)
==7139==    by 0x40202E9: ??? (in /usr/lib/x86_64-linux-gnu/ld-linux-x86-64.so.2)
==7139== 
==7139== 40 bytes in 1 blocks are still reachable in loss record 873 of 1,608
==7139==    at 0x4848899: malloc (in /usr/libexec/valgrind/vgpreload_memcheck-amd64-linux.so)
==7139==    by 0x4BE0738: g_malloc (in /usr/lib/x86_64-linux-gnu/libglib-2.0.so.0.7200.4)
==7139==    by 0x4B4A9D9: g_param_type_register_static (in /usr/lib/x86_64-linux-gnu/libgobject-2.0.so.0.7200.4)
==7139==    by 0x4B32621: ??? (in /usr/lib/x86_64-linux-gnu/libgobject-2.0.so.0.7200.4)
==7139==    by 0x4B33892: ??? (in /usr/lib/x86_64-linux-gnu/libgobject-2.0.so.0.7200.4)
==7139==    by 0x400647D: call_init.part.0 (dl-init.c:70)
==7139==    by 0x4006567: call_init (dl-init.c:33)
==7139==    by 0x4006567: _dl_init (dl-init.c:117)
==7139==    by 0x40202E9: ??? (in /usr/lib/x86_64-linux-gnu/ld-linux-x86-64.so.2)
==7139== 
==7139== 40 bytes in 1 blocks are still reachable in loss record 874 of 1,608
==7139==    at 0x4848899: malloc (in /usr/libexec/valgrind/vgpreload_memcheck-amd64-linux.so)
==7139==    by 0x4BE0738: g_malloc (in /usr/lib/x86_64-linux-gnu/libglib-2.0.so.0.7200.4)
==7139==    by 0x4B4A9D9: g_param_type_register_static (in /usr/lib/x86_64-linux-gnu/libgobject-2.0.so.0.7200.4)
==7139==    by 0x4B32741: ??? (in /usr/lib/x86_64-linux-gnu/libgobject-2.0.so.0.7200.4)
==7139==    by 0x4B33892: ??? (in /usr/lib/x86_64-linux-gnu/libgobject-2.0.so.0.7200.4)
==7139==    by 0x400647D: call_init.part.0 (dl-init.c:70)
==7139==    by 0x4006567: call_init (dl-init.c:33)
==7139==    by 0x4006567: _dl_init (dl-init.c:117)
==7139==    by 0x40202E9: ??? (in /usr/lib/x86_64-linux-gnu/ld-linux-x86-64.so.2)
==7139== 
==7139== 40 bytes in 1 blocks are still reachable in loss record 875 of 1,608
==7139==    at 0x4848899: malloc (in /usr/libexec/valgrind/vgpreload_memcheck-amd64-linux.so)
==7139==    by 0x4BE0738: g_malloc (in /usr/lib/x86_64-linux-gnu/libglib-2.0.so.0.7200.4)
==7139==    by 0x4B4A9D9: g_param_type_register_static (in /usr/lib/x86_64-linux-gnu/libgobject-2.0.so.0.7200.4)
==7139==    by 0x4B327D5: ??? (in /usr/lib/x86_64-linux-gnu/libgobject-2.0.so.0.7200.4)
==7139==    by 0x4B33892: ??? (in /usr/lib/x86_64-linux-gnu/libgobject-2.0.so.0.7200.4)
==7139==    by 0x400647D: call_init.part.0 (dl-init.c:70)
==7139==    by 0x4006567: call_init (dl-init.c:33)
==7139==    by 0x4006567: _dl_init (dl-init.c:117)
==7139==    by 0x40202E9: ??? (in /usr/lib/x86_64-linux-gnu/ld-linux-x86-64.so.2)
==7139== 
==7139== 40 bytes in 1 blocks are still reachable in loss record 876 of 1,608
==7139==    at 0x4848899: malloc (in /usr/libexec/valgrind/vgpreload_memcheck-amd64-linux.so)
==7139==    by 0x4BE0738: g_malloc (in /usr/lib/x86_64-linux-gnu/libglib-2.0.so.0.7200.4)
==7139==    by 0x4B4A9D9: g_param_type_register_static (in /usr/lib/x86_64-linux-gnu/libgobject-2.0.so.0.7200.4)
==7139==    by 0x4B32869: ??? (in /usr/lib/x86_64-linux-gnu/libgobject-2.0.so.0.7200.4)
==7139==    by 0x4B33892: ??? (in /usr/lib/x86_64-linux-gnu/libgobject-2.0.so.0.7200.4)
==7139==    by 0x400647D: call_init.part.0 (dl-init.c:70)
==7139==    by 0x4006567: call_init (dl-init.c:33)
==7139==    by 0x4006567: _dl_init (dl-init.c:117)
==7139==    by 0x40202E9: ??? (in /usr/lib/x86_64-linux-gnu/ld-linux-x86-64.so.2)
==7139== 
==7139== 40 bytes in 1 blocks are still reachable in loss record 877 of 1,608
==7139==    at 0x4848899: malloc (in /usr/libexec/valgrind/vgpreload_memcheck-amd64-linux.so)
==7139==    by 0x4BE0738: g_malloc (in /usr/lib/x86_64-linux-gnu/libglib-2.0.so.0.7200.4)
==7139==    by 0x4B4A9D9: g_param_type_register_static (in /usr/lib/x86_64-linux-gnu/libgobject-2.0.so.0.7200.4)
==7139==    by 0x4B32994: ??? (in /usr/lib/x86_64-linux-gnu/libgobject-2.0.so.0.7200.4)
==7139==    by 0x4B33892: ??? (in /usr/lib/x86_64-linux-gnu/libgobject-2.0.so.0.7200.4)
==7139==    by 0x400647D: call_init.part.0 (dl-init.c:70)
==7139==    by 0x4006567: call_init (dl-init.c:33)
==7139==    by 0x4006567: _dl_init (dl-init.c:117)
==7139==    by 0x40202E9: ??? (in /usr/lib/x86_64-linux-gnu/ld-linux-x86-64.so.2)
==7139== 
==7139== 40 bytes in 1 blocks are still reachable in loss record 878 of 1,608
==7139==    at 0x4848899: malloc (in /usr/libexec/valgrind/vgpreload_memcheck-amd64-linux.so)
==7139==    by 0x4BE0738: g_malloc (in /usr/lib/x86_64-linux-gnu/libglib-2.0.so.0.7200.4)
==7139==    by 0x4B4A9D9: g_param_type_register_static (in /usr/lib/x86_64-linux-gnu/libgobject-2.0.so.0.7200.4)
==7139==    by 0x4B32ABB: ??? (in /usr/lib/x86_64-linux-gnu/libgobject-2.0.so.0.7200.4)
==7139==    by 0x4B33892: ??? (in /usr/lib/x86_64-linux-gnu/libgobject-2.0.so.0.7200.4)
==7139==    by 0x400647D: call_init.part.0 (dl-init.c:70)
==7139==    by 0x4006567: call_init (dl-init.c:33)
==7139==    by 0x4006567: _dl_init (dl-init.c:117)
==7139==    by 0x40202E9: ??? (in /usr/lib/x86_64-linux-gnu/ld-linux-x86-64.so.2)
==7139== 
==7139== 40 bytes in 1 blocks are still reachable in loss record 879 of 1,608
==7139==    at 0x4848899: malloc (in /usr/libexec/valgrind/vgpreload_memcheck-amd64-linux.so)
==7139==    by 0x4BE0738: g_malloc (in /usr/lib/x86_64-linux-gnu/libglib-2.0.so.0.7200.4)
==7139==    by 0x4B4A9D9: g_param_type_register_static (in /usr/lib/x86_64-linux-gnu/libgobject-2.0.so.0.7200.4)
==7139==    by 0x4B32B59: ??? (in /usr/lib/x86_64-linux-gnu/libgobject-2.0.so.0.7200.4)
==7139==    by 0x4B33892: ??? (in /usr/lib/x86_64-linux-gnu/libgobject-2.0.so.0.7200.4)
==7139==    by 0x400647D: call_init.part.0 (dl-init.c:70)
==7139==    by 0x4006567: call_init (dl-init.c:33)
==7139==    by 0x4006567: _dl_init (dl-init.c:117)
==7139==    by 0x40202E9: ??? (in /usr/lib/x86_64-linux-gnu/ld-linux-x86-64.so.2)
==7139== 
==7139== 40 bytes in 1 blocks are still reachable in loss record 880 of 1,608
==7139==    at 0x4848899: malloc (in /usr/libexec/valgrind/vgpreload_memcheck-amd64-linux.so)
==7139==    by 0x4BE0738: g_malloc (in /usr/lib/x86_64-linux-gnu/libglib-2.0.so.0.7200.4)
==7139==    by 0x4B4A9D9: g_param_type_register_static (in /usr/lib/x86_64-linux-gnu/libgobject-2.0.so.0.7200.4)
==7139==    by 0x4B32C90: ??? (in /usr/lib/x86_64-linux-gnu/libgobject-2.0.so.0.7200.4)
==7139==    by 0x4B33892: ??? (in /usr/lib/x86_64-linux-gnu/libgobject-2.0.so.0.7200.4)
==7139==    by 0x400647D: call_init.part.0 (dl-init.c:70)
==7139==    by 0x4006567: call_init (dl-init.c:33)
==7139==    by 0x4006567: _dl_init (dl-init.c:117)
==7139==    by 0x40202E9: ??? (in /usr/lib/x86_64-linux-gnu/ld-linux-x86-64.so.2)
==7139== 
==7139== 40 bytes in 1 blocks are still reachable in loss record 881 of 1,608
==7139==    at 0x4848899: malloc (in /usr/libexec/valgrind/vgpreload_memcheck-amd64-linux.so)
==7139==    by 0x4BE0738: g_malloc (in /usr/lib/x86_64-linux-gnu/libglib-2.0.so.0.7200.4)
==7139==    by 0x4B4A9D9: g_param_type_register_static (in /usr/lib/x86_64-linux-gnu/libgobject-2.0.so.0.7200.4)
==7139==    by 0x4B32D35: ??? (in /usr/lib/x86_64-linux-gnu/libgobject-2.0.so.0.7200.4)
==7139==    by 0x4B33892: ??? (in /usr/lib/x86_64-linux-gnu/libgobject-2.0.so.0.7200.4)
==7139==    by 0x400647D: call_init.part.0 (dl-init.c:70)
==7139==    by 0x4006567: call_init (dl-init.c:33)
==7139==    by 0x4006567: _dl_init (dl-init.c:117)
==7139==    by 0x40202E9: ??? (in /usr/lib/x86_64-linux-gnu/ld-linux-x86-64.so.2)
==7139== 
==7139== 40 bytes in 1 blocks are still reachable in loss record 882 of 1,608
==7139==    at 0x4848899: malloc (in /usr/libexec/valgrind/vgpreload_memcheck-amd64-linux.so)
==7139==    by 0x4BE0738: g_malloc (in /usr/lib/x86_64-linux-gnu/libglib-2.0.so.0.7200.4)
==7139==    by 0x4B4A9D9: g_param_type_register_static (in /usr/lib/x86_64-linux-gnu/libgobject-2.0.so.0.7200.4)
==7139==    by 0x4B32DD2: ??? (in /usr/lib/x86_64-linux-gnu/libgobject-2.0.so.0.7200.4)
==7139==    by 0x4B33892: ??? (in /usr/lib/x86_64-linux-gnu/libgobject-2.0.so.0.7200.4)
==7139==    by 0x400647D: call_init.part.0 (dl-init.c:70)
==7139==    by 0x4006567: call_init (dl-init.c:33)
==7139==    by 0x4006567: _dl_init (dl-init.c:117)
==7139==    by 0x40202E9: ??? (in /usr/lib/x86_64-linux-gnu/ld-linux-x86-64.so.2)
==7139== 
==7139== 40 bytes in 1 blocks are still reachable in loss record 883 of 1,608
==7139==    at 0x4848899: malloc (in /usr/libexec/valgrind/vgpreload_memcheck-amd64-linux.so)
==7139==    by 0x4C267F0: ??? (in /usr/lib/x86_64-linux-gnu/libglib-2.0.so.0.7200.4)
==7139==    by 0x4C26C07: g_rec_mutex_lock (in /usr/lib/x86_64-linux-gnu/libglib-2.0.so.0.7200.4)
==7139==    by 0x4B5EC95: g_type_add_interface_static (in /usr/lib/x86_64-linux-gnu/libgobject-2.0.so.0.7200.4)
==7139==    by 0x487418C: ??? (in /usr/lib/x86_64-linux-gnu/libgstapp-1.0.so.0.2001.0)
==7139==    by 0x4877D34: gst_app_src_get_type (in /usr/lib/x86_64-linux-gnu/libgstapp-1.0.so.0.2001.0)
==7139==    by 0x437F28: AttachSourceTest_shouldAttachAudioSource_Test::TestBody() (in /home/lukewill95/rialto/build/tests/media/server/gstplayer/RialtoServerGstPlayerUnitTests)
==7139==    by 0x938A4C: void testing::internal::HandleSehExceptionsInMethodIfSupported<testing::Test, void>(testing::Test*, void (testing::Test::*)(), char const*) (in /home/lukewill95/rialto/build/tests/media/server/gstplayer/RialtoServerGstPlayerUnitTests)
==7139==    by 0x931110: void testing::internal::HandleExceptionsInMethodIfSupported<testing::Test, void>(testing::Test*, void (testing::Test::*)(), char const*) (in /home/lukewill95/rialto/build/tests/media/server/gstplayer/RialtoServerGstPlayerUnitTests)
==7139==    by 0x90D129: testing::Test::Run() (in /home/lukewill95/rialto/build/tests/media/server/gstplayer/RialtoServerGstPlayerUnitTests)
==7139==    by 0x90DBFC: testing::TestInfo::Run() (in /home/lukewill95/rialto/build/tests/media/server/gstplayer/RialtoServerGstPlayerUnitTests)
==7139==    by 0x90E549: testing::TestSuite::Run() (in /home/lukewill95/rialto/build/tests/media/server/gstplayer/RialtoServerGstPlayerUnitTests)
==7139== 
==7139== 41 bytes in 1 blocks are still reachable in loss record 997 of 1,608
==7139==    at 0x4848899: malloc (in /usr/libexec/valgrind/vgpreload_memcheck-amd64-linux.so)
==7139==    by 0x40271FF: malloc (rtld-malloc.h:56)
==7139==    by 0x40271FF: strdup (strdup.c:42)
==7139==    by 0x4016A66: _dl_load_cache_lookup (dl-cache.c:527)
==7139==    by 0x400A981: _dl_map_object (dl-load.c:2193)
==7139==    by 0x400E9A8: dl_open_worker_begin (dl-open.c:534)
==7139==    by 0x5163C27: _dl_catch_exception (dl-error-skeleton.c:208)
==7139==    by 0x400DF99: dl_open_worker (dl-open.c:782)
==7139==    by 0x5163C27: _dl_catch_exception (dl-error-skeleton.c:208)
==7139==    by 0x400E34D: _dl_open (dl-open.c:883)
==7139==    by 0x507F6BB: dlopen_doit (dlopen.c:56)
==7139==    by 0x5163C27: _dl_catch_exception (dl-error-skeleton.c:208)
==7139==    by 0x5163CF2: _dl_catch_error (dl-error-skeleton.c:227)
==7139== 
==7139== 41 bytes in 1 blocks are still reachable in loss record 998 of 1,608
==7139==    at 0x4848899: malloc (in /usr/libexec/valgrind/vgpreload_memcheck-amd64-linux.so)
==7139==    by 0x400DD20: malloc (rtld-malloc.h:56)
==7139==    by 0x400DD20: _dl_new_object (dl-object.c:199)
==7139==    by 0x4008C82: _dl_map_object_from_fd (dl-load.c:1063)
==7139==    by 0x400A600: _dl_map_object (dl-load.c:2327)
==7139==    by 0x400E9A8: dl_open_worker_begin (dl-open.c:534)
==7139==    by 0x5163C27: _dl_catch_exception (dl-error-skeleton.c:208)
==7139==    by 0x400DF99: dl_open_worker (dl-open.c:782)
==7139==    by 0x5163C27: _dl_catch_exception (dl-error-skeleton.c:208)
==7139==    by 0x400E34D: _dl_open (dl-open.c:883)
==7139==    by 0x507F6BB: dlopen_doit (dlopen.c:56)
==7139==    by 0x5163C27: _dl_catch_exception (dl-error-skeleton.c:208)
==7139==    by 0x5163CF2: _dl_catch_error (dl-error-skeleton.c:227)
==7139== 
==7139== 47 bytes in 1 blocks are still reachable in loss record 1,000 of 1,608
==7139==    at 0x4848899: malloc (in /usr/libexec/valgrind/vgpreload_memcheck-amd64-linux.so)
==7139==    by 0x4BE0738: g_malloc (in /usr/lib/x86_64-linux-gnu/libglib-2.0.so.0.7200.4)
==7139==    by 0x4BF5583: g_strdup (in /usr/lib/x86_64-linux-gnu/libglib-2.0.so.0.7200.4)
==7139==    by 0x4A50E00: _gst_debug_category_new (in /usr/lib/x86_64-linux-gnu/libgstreamer-1.0.so.0.2003.0)
==7139==    by 0x4A154A7: ??? (in /usr/lib/x86_64-linux-gnu/libgstreamer-1.0.so.0.2003.0)
==7139==    by 0x4A15504: gst_bin_get_type (in /usr/lib/x86_64-linux-gnu/libgstreamer-1.0.so.0.2003.0)
==7139==    by 0x510ED6: HandleBusMessageTest_shouldNotHandleStateChangedMessageWhenGstPlayerClientIsNull_Test::TestBody() (in /home/lukewill95/rialto/build/tests/media/server/gstplayer/RialtoServerGstPlayerUnitTests)
==7139==    by 0x938A4C: void testing::internal::HandleSehExceptionsInMethodIfSupported<testing::Test, void>(testing::Test*, void (testing::Test::*)(), char const*) (in /home/lukewill95/rialto/build/tests/media/server/gstplayer/RialtoServerGstPlayerUnitTests)
==7139==    by 0x931110: void testing::internal::HandleExceptionsInMethodIfSupported<testing::Test, void>(testing::Test*, void (testing::Test::*)(), char const*) (in /home/lukewill95/rialto/build/tests/media/server/gstplayer/RialtoServerGstPlayerUnitTests)
==7139==    by 0x90D129: testing::Test::Run() (in /home/lukewill95/rialto/build/tests/media/server/gstplayer/RialtoServerGstPlayerUnitTests)
==7139==    by 0x90DBFC: testing::TestInfo::Run() (in /home/lukewill95/rialto/build/tests/media/server/gstplayer/RialtoServerGstPlayerUnitTests)
==7139==    by 0x90E549: testing::TestSuite::Run() (in /home/lukewill95/rialto/build/tests/media/server/gstplayer/RialtoServerGstPlayerUnitTests)
==7139== 
==7139== 52 bytes in 1 blocks are still reachable in loss record 1,002 of 1,608
==7139==    at 0x4848899: malloc (in /usr/libexec/valgrind/vgpreload_memcheck-amd64-linux.so)
==7139==    by 0x4BE0738: g_malloc (in /usr/lib/x86_64-linux-gnu/libglib-2.0.so.0.7200.4)
==7139==    by 0x4BF5583: g_strdup (in /usr/lib/x86_64-linux-gnu/libglib-2.0.so.0.7200.4)
==7139==    by 0x4A50E00: _gst_debug_category_new (in /usr/lib/x86_64-linux-gnu/libgstreamer-1.0.so.0.2003.0)
==7139==    by 0x4A6DD27: ??? (in /usr/lib/x86_64-linux-gnu/libgstreamer-1.0.so.0.2003.0)
==7139==    by 0x4A6DD84: gst_pipeline_get_type (in /usr/lib/x86_64-linux-gnu/libgstreamer-1.0.so.0.2003.0)
==7139==    by 0x4A0C46C: ??? (in /usr/lib/x86_64-linux-gnu/libgstreamer-1.0.so.0.2003.0)
==7139==    by 0x4A695C4: ??? (in /usr/lib/x86_64-linux-gnu/libgstreamer-1.0.so.0.2003.0)
==7139==    by 0x4A6F80D: gst_plugin_register_static (in /usr/lib/x86_64-linux-gnu/libgstreamer-1.0.so.0.2003.0)
==7139==    by 0x4A0FD90: ??? (in /usr/lib/x86_64-linux-gnu/libgstreamer-1.0.so.0.2003.0)
==7139==    by 0x4BE5A47: g_option_context_parse (in /usr/lib/x86_64-linux-gnu/libglib-2.0.so.0.7200.4)
==7139==    by 0x4A07876: gst_init_check (in /usr/lib/x86_64-linux-gnu/libgstreamer-1.0.so.0.2003.0)
==7139== 
==7139== 56 bytes in 1 blocks are still reachable in loss record 1,003 of 1,608
==7139==    at 0x4848899: malloc (in /usr/libexec/valgrind/vgpreload_memcheck-amd64-linux.so)
==7139==    by 0x4C2686B: ??? (in /usr/lib/x86_64-linux-gnu/libglib-2.0.so.0.7200.4)
==7139==    by 0x4C285AA: g_rw_lock_writer_lock (in /usr/lib/x86_64-linux-gnu/libglib-2.0.so.0.7200.4)
==7139==    by 0x4B32E7A: ??? (in /usr/lib/x86_64-linux-gnu/libgobject-2.0.so.0.7200.4)
==7139==    by 0x400647D: call_init.part.0 (dl-init.c:70)
==7139==    by 0x4006567: call_init (dl-init.c:33)
==7139==    by 0x4006567: _dl_init (dl-init.c:117)
==7139==    by 0x40202E9: ??? (in /usr/lib/x86_64-linux-gnu/ld-linux-x86-64.so.2)
==7139== 
==7139== 56 bytes in 1 blocks are still reachable in loss record 1,004 of 1,608
==7139==    at 0x4849013: operator new(unsigned long) (in /usr/libexec/valgrind/vgpreload_memcheck-amd64-linux.so)
==7139==    by 0x951439: testing::(anonymous namespace)::UninterestingCallReactionMap() (in /home/lukewill95/rialto/build/tests/media/server/gstplayer/RialtoServerGstPlayerUnitTests)
==7139==    by 0x9514CF: testing::(anonymous namespace)::SetReactionOnUninterestingCalls(unsigned long, testing::internal::CallReaction) (in /home/lukewill95/rialto/build/tests/media/server/gstplayer/RialtoServerGstPlayerUnitTests)
==7139==    by 0x951592: testing::Mock::FailUninterestingCalls(unsigned long) (in /home/lukewill95/rialto/build/tests/media/server/gstplayer/RialtoServerGstPlayerUnitTests)
==7139==    by 0x3EE627: testing::internal::StrictMockImpl<firebolt::rialto::server::GstGenericPlayerPrivateMock>::StrictMockImpl() (in /home/lukewill95/rialto/build/tests/media/server/gstplayer/RialtoServerGstPlayerUnitTests)
==7139==    by 0x3D5AEC: testing::StrictMock<firebolt::rialto::server::GstGenericPlayerPrivateMock>::StrictMock() (in /home/lukewill95/rialto/build/tests/media/server/gstplayer/RialtoServerGstPlayerUnitTests)
==7139==    by 0x4373BA: AttachSamplesTest::AttachSamplesTest() (in /home/lukewill95/rialto/build/tests/media/server/gstplayer/RialtoServerGstPlayerUnitTests)
==7139==    by 0x437709: AttachSamplesTest_shouldAttachAllAudioSamples_Test::AttachSamplesTest_shouldAttachAllAudioSamples_Test() (in /home/lukewill95/rialto/build/tests/media/server/gstplayer/RialtoServerGstPlayerUnitTests)
==7139==    by 0x437743: testing::internal::TestFactoryImpl<AttachSamplesTest_shouldAttachAllAudioSamples_Test>::CreateTest() (in /home/lukewill95/rialto/build/tests/media/server/gstplayer/RialtoServerGstPlayerUnitTests)
==7139==    by 0x938B7C: testing::Test* testing::internal::HandleSehExceptionsInMethodIfSupported<testing::internal::TestFactoryBase, testing::Test*>(testing::internal::TestFactoryBase*, testing::Test* (testing::internal::TestFactoryBase::*)(), char const*) (in /home/lukewill95/rialto/build/tests/media/server/gstplayer/RialtoServerGstPlayerUnitTests)
==7139==    by 0x931464: testing::Test* testing::internal::HandleExceptionsInMethodIfSupported<testing::internal::TestFactoryBase, testing::Test*>(testing::internal::TestFactoryBase*, testing::Test* (testing::internal::TestFactoryBase::*)(), char const*) (in /home/lukewill95/rialto/build/tests/media/server/gstplayer/RialtoServerGstPlayerUnitTests)
==7139==    by 0x90DBC4: testing::TestInfo::Run() (in /home/lukewill95/rialto/build/tests/media/server/gstplayer/RialtoServerGstPlayerUnitTests)
==7139== 
==7139== 56 bytes in 1 blocks are still reachable in loss record 1,007 of 1,608
==7139==    at 0x4848899: malloc (in /usr/libexec/valgrind/vgpreload_memcheck-amd64-linux.so)
==7139==    by 0x4C2686B: ??? (in /usr/lib/x86_64-linux-gnu/libglib-2.0.so.0.7200.4)
==7139==    by 0x4C2862A: g_rw_lock_reader_lock (in /usr/lib/x86_64-linux-gnu/libglib-2.0.so.0.7200.4)
==7139==    by 0x4BC3391: ??? (in /usr/lib/x86_64-linux-gnu/libglib-2.0.so.0.7200.4)
==7139==    by 0x4BC3B54: g_error_new_valist (in /usr/lib/x86_64-linux-gnu/libglib-2.0.so.0.7200.4)
==7139==    by 0x4BC3D6E: g_set_error (in /usr/lib/x86_64-linux-gnu/libglib-2.0.so.0.7200.4)
==7139==    by 0x4BC3EBC: g_dir_open (in /usr/lib/x86_64-linux-gnu/libglib-2.0.so.0.7200.4)
==7139==    by 0x4AB5E1A: ??? (in /usr/lib/x86_64-linux-gnu/libgstreamer-1.0.so.0.2003.0)
==7139==    by 0x4A69B2F: ??? (in /usr/lib/x86_64-linux-gnu/libgstreamer-1.0.so.0.2003.0)
==7139==    by 0x4A7B8C4: ??? (in /usr/lib/x86_64-linux-gnu/libgstreamer-1.0.so.0.2003.0)
==7139==    by 0x4A7BA2F: ??? (in /usr/lib/x86_64-linux-gnu/libgstreamer-1.0.so.0.2003.0)
==7139==    by 0x4A7DFE0: gst_update_registry (in /usr/lib/x86_64-linux-gnu/libgstreamer-1.0.so.0.2003.0)
==7139== 
==7139== 56 bytes in 1 blocks are still reachable in loss record 1,008 of 1,608
==7139==    at 0x4B34BDC: ??? (in /usr/lib/x86_64-linux-gnu/libgobject-2.0.so.0.7200.4)
==7139==    by 0x4B35945: ??? (in /usr/lib/x86_64-linux-gnu/libgobject-2.0.so.0.7200.4)
==7139==    by 0x4B578B5: ??? (in /usr/lib/x86_64-linux-gnu/libgobject-2.0.so.0.7200.4)
==7139==    by 0x4B5E9F4: ??? (in /usr/lib/x86_64-linux-gnu/libgobject-2.0.so.0.7200.4)
==7139==    by 0x4B5ECE9: g_type_add_interface_static (in /usr/lib/x86_64-linux-gnu/libgobject-2.0.so.0.7200.4)
==7139==    by 0x99B8FE: gst_rialto_src_get_type_once() (in /home/lukewill95/rialto/build/tests/media/server/gstplayer/RialtoServerGstPlayerUnitTests)
==7139==    by 0x99B812: gst_rialto_src_get_type (in /home/lukewill95/rialto/build/tests/media/server/gstplayer/RialtoServerGstPlayerUnitTests)
==7139==    by 0x99CC9C: firebolt::rialto::server::GstSrc::initSrc() (in /home/lukewill95/rialto/build/tests/media/server/gstplayer/RialtoServerGstPlayerUnitTests)
==7139==    by 0x87230E: RialtoServerInitGstSrcTest_NoRialtoSrc_Test::TestBody() (in /home/lukewill95/rialto/build/tests/media/server/gstplayer/RialtoServerGstPlayerUnitTests)
==7139==    by 0x938A4C: void testing::internal::HandleSehExceptionsInMethodIfSupported<testing::Test, void>(testing::Test*, void (testing::Test::*)(), char const*) (in /home/lukewill95/rialto/build/tests/media/server/gstplayer/RialtoServerGstPlayerUnitTests)
==7139==    by 0x931110: void testing::internal::HandleExceptionsInMethodIfSupported<testing::Test, void>(testing::Test*, void (testing::Test::*)(), char const*) (in /home/lukewill95/rialto/build/tests/media/server/gstplayer/RialtoServerGstPlayerUnitTests)
==7139==    by 0x90D129: testing::Test::Run() (in /home/lukewill95/rialto/build/tests/media/server/gstplayer/RialtoServerGstPlayerUnitTests)
==7139== 
==7139== 64 bytes in 1 blocks are still reachable in loss record 1,010 of 1,608
==7139==    at 0x48487A9: malloc (in /usr/libexec/valgrind/vgpreload_memcheck-amd64-linux.so)
==7139==    by 0x4BE0D7F: g_realloc (in /usr/lib/x86_64-linux-gnu/libglib-2.0.so.0.7200.4)
==7139==    by 0x4BC2159: ??? (in /usr/lib/x86_64-linux-gnu/libglib-2.0.so.0.7200.4)
==7139==    by 0x4BC5540: g_hash_table_new_full (in /usr/lib/x86_64-linux-gnu/libglib-2.0.so.0.7200.4)
==7139==    by 0x4BA0BB1: ??? (in /usr/lib/x86_64-linux-gnu/libglib-2.0.so.0.7200.4)
==7139==    by 0x400647D: call_init.part.0 (dl-init.c:70)
==7139==    by 0x4006567: call_init (dl-init.c:33)
==7139==    by 0x4006567: _dl_init (dl-init.c:117)
==7139==    by 0x40202E9: ??? (in /usr/lib/x86_64-linux-gnu/ld-linux-x86-64.so.2)
==7139== 
==7139== 64 bytes in 1 blocks are still reachable in loss record 1,012 of 1,608
==7139==    at 0x48487A9: malloc (in /usr/libexec/valgrind/vgpreload_memcheck-amd64-linux.so)
==7139==    by 0x4BE0D7F: g_realloc (in /usr/lib/x86_64-linux-gnu/libglib-2.0.so.0.7200.4)
==7139==    by 0x4BC2159: ??? (in /usr/lib/x86_64-linux-gnu/libglib-2.0.so.0.7200.4)
==7139==    by 0x4BC5540: g_hash_table_new_full (in /usr/lib/x86_64-linux-gnu/libglib-2.0.so.0.7200.4)
==7139==    by 0x4B34795: ??? (in /usr/lib/x86_64-linux-gnu/libgobject-2.0.so.0.7200.4)
==7139==    by 0x400647D: call_init.part.0 (dl-init.c:70)
==7139==    by 0x4006567: call_init (dl-init.c:33)
==7139==    by 0x4006567: _dl_init (dl-init.c:117)
==7139==    by 0x40202E9: ??? (in /usr/lib/x86_64-linux-gnu/ld-linux-x86-64.so.2)
==7139== 
==7139== 64 bytes in 1 blocks are still reachable in loss record 1,013 of 1,608
==7139==    at 0x48487A9: malloc (in /usr/libexec/valgrind/vgpreload_memcheck-amd64-linux.so)
==7139==    by 0x4BE0D7F: g_realloc (in /usr/lib/x86_64-linux-gnu/libglib-2.0.so.0.7200.4)
==7139==    by 0x4BC2159: ??? (in /usr/lib/x86_64-linux-gnu/libglib-2.0.so.0.7200.4)
==7139==    by 0x4BC5540: g_hash_table_new_full (in /usr/lib/x86_64-linux-gnu/libglib-2.0.so.0.7200.4)
==7139==    by 0x4B347F0: ??? (in /usr/lib/x86_64-linux-gnu/libgobject-2.0.so.0.7200.4)
==7139==    by 0x400647D: call_init.part.0 (dl-init.c:70)
==7139==    by 0x4006567: call_init (dl-init.c:33)
==7139==    by 0x4006567: _dl_init (dl-init.c:117)
==7139==    by 0x40202E9: ??? (in /usr/lib/x86_64-linux-gnu/ld-linux-x86-64.so.2)
==7139== 
==7139== 64 bytes in 1 blocks are still reachable in loss record 1,105 of 1,608
==7139==    at 0x48487A9: malloc (in /usr/libexec/valgrind/vgpreload_memcheck-amd64-linux.so)
==7139==    by 0x4BE0D7F: g_realloc (in /usr/lib/x86_64-linux-gnu/libglib-2.0.so.0.7200.4)
==7139==    by 0x4BC2159: ??? (in /usr/lib/x86_64-linux-gnu/libglib-2.0.so.0.7200.4)
==7139==    by 0x4BC5540: g_hash_table_new_full (in /usr/lib/x86_64-linux-gnu/libglib-2.0.so.0.7200.4)
==7139==    by 0x4BF9248: g_strerror (in /usr/lib/x86_64-linux-gnu/libglib-2.0.so.0.7200.4)
==7139==    by 0x4BC3E82: g_dir_open (in /usr/lib/x86_64-linux-gnu/libglib-2.0.so.0.7200.4)
==7139==    by 0x4A7B1B9: ??? (in /usr/lib/x86_64-linux-gnu/libgstreamer-1.0.so.0.2003.0)
==7139==    by 0x4A7BA2F: ??? (in /usr/lib/x86_64-linux-gnu/libgstreamer-1.0.so.0.2003.0)
==7139==    by 0x4A7DFB2: gst_update_registry (in /usr/lib/x86_64-linux-gnu/libgstreamer-1.0.so.0.2003.0)
==7139==    by 0x4A0FDD9: ??? (in /usr/lib/x86_64-linux-gnu/libgstreamer-1.0.so.0.2003.0)
==7139==    by 0x4BE5A47: g_option_context_parse (in /usr/lib/x86_64-linux-gnu/libglib-2.0.so.0.7200.4)
==7139==    by 0x4A07876: gst_init_check (in /usr/lib/x86_64-linux-gnu/libgstreamer-1.0.so.0.2003.0)
==7139== 
==7139== 64 bytes in 1 blocks are still reachable in loss record 1,106 of 1,608
==7139==    at 0x4848899: malloc (in /usr/libexec/valgrind/vgpreload_memcheck-amd64-linux.so)
==7139==    by 0x4BE0738: g_malloc (in /usr/lib/x86_64-linux-gnu/libglib-2.0.so.0.7200.4)
==7139==    by 0x4BF56B5: g_memdup2 (in /usr/lib/x86_64-linux-gnu/libglib-2.0.so.0.7200.4)
==7139==    by 0x4BC58ED: ??? (in /usr/lib/x86_64-linux-gnu/libglib-2.0.so.0.7200.4)
==7139==    by 0x4BC5DEF: g_hash_table_insert (in /usr/lib/x86_64-linux-gnu/libglib-2.0.so.0.7200.4)
==7139==    by 0x4BF929B: g_strerror (in /usr/lib/x86_64-linux-gnu/libglib-2.0.so.0.7200.4)
==7139==    by 0x4BC3E82: g_dir_open (in /usr/lib/x86_64-linux-gnu/libglib-2.0.so.0.7200.4)
==7139==    by 0x4A7B1B9: ??? (in /usr/lib/x86_64-linux-gnu/libgstreamer-1.0.so.0.2003.0)
==7139==    by 0x4A7BA2F: ??? (in /usr/lib/x86_64-linux-gnu/libgstreamer-1.0.so.0.2003.0)
==7139==    by 0x4A7DFB2: gst_update_registry (in /usr/lib/x86_64-linux-gnu/libgstreamer-1.0.so.0.2003.0)
==7139==    by 0x4A0FDD9: ??? (in /usr/lib/x86_64-linux-gnu/libgstreamer-1.0.so.0.2003.0)
==7139==    by 0x4BE5A47: g_option_context_parse (in /usr/lib/x86_64-linux-gnu/libglib-2.0.so.0.7200.4)
==7139== 
==7139== 64 bytes in 1 blocks are still reachable in loss record 1,109 of 1,608
==7139==    at 0x484DCD3: realloc (in /usr/libexec/valgrind/vgpreload_memcheck-amd64-linux.so)
==7139==    by 0x4BE0D7F: g_realloc (in /usr/lib/x86_64-linux-gnu/libglib-2.0.so.0.7200.4)
==7139==    by 0x4B5A36A: g_type_set_qdata (in /usr/lib/x86_64-linux-gnu/libgobject-2.0.so.0.7200.4)
==7139==    by 0x4A56683: gst_meta_api_type_register (in /usr/lib/x86_64-linux-gnu/libgstreamer-1.0.so.0.2003.0)
==7139==    by 0x9942A5: rialto_eme_protection_metadata_get_type (in /home/lukewill95/rialto/build/tests/media/server/gstplayer/RialtoServerGstPlayerUnitTests)
==7139==    by 0x99433E: rialto_mse_protection_metadata_get_info (in /home/lukewill95/rialto/build/tests/media/server/gstplayer/RialtoServerGstPlayerUnitTests)
==7139==    by 0x8D64AE: RialtoProtectionMetadataTest_addProtectionMetadata_Test::TestBody() (in /home/lukewill95/rialto/build/tests/media/server/gstplayer/RialtoServerGstPlayerUnitTests)
==7139==    by 0x938A4C: void testing::internal::HandleSehExceptionsInMethodIfSupported<testing::Test, void>(testing::Test*, void (testing::Test::*)(), char const*) (in /home/lukewill95/rialto/build/tests/media/server/gstplayer/RialtoServerGstPlayerUnitTests)
==7139==    by 0x931110: void testing::internal::HandleExceptionsInMethodIfSupported<testing::Test, void>(testing::Test*, void (testing::Test::*)(), char const*) (in /home/lukewill95/rialto/build/tests/media/server/gstplayer/RialtoServerGstPlayerUnitTests)
==7139==    by 0x90D129: testing::Test::Run() (in /home/lukewill95/rialto/build/tests/media/server/gstplayer/RialtoServerGstPlayerUnitTests)
==7139==    by 0x90DBFC: testing::TestInfo::Run() (in /home/lukewill95/rialto/build/tests/media/server/gstplayer/RialtoServerGstPlayerUnitTests)
==7139==    by 0x90E549: testing::TestSuite::Run() (in /home/lukewill95/rialto/build/tests/media/server/gstplayer/RialtoServerGstPlayerUnitTests)
==7139== 
==7139== 64 bytes in 1 blocks are still reachable in loss record 1,110 of 1,608
==7139==    at 0x4848899: malloc (in /usr/libexec/valgrind/vgpreload_memcheck-amd64-linux.so)
==7139==    by 0x4BE0738: g_malloc (in /usr/lib/x86_64-linux-gnu/libglib-2.0.so.0.7200.4)
==7139==    by 0x4BF56B5: g_memdup2 (in /usr/lib/x86_64-linux-gnu/libglib-2.0.so.0.7200.4)
==7139==    by 0x4BC58ED: ??? (in /usr/lib/x86_64-linux-gnu/libglib-2.0.so.0.7200.4)
==7139==    by 0x4BC5DEF: g_hash_table_insert (in /usr/lib/x86_64-linux-gnu/libglib-2.0.so.0.7200.4)
==7139==    by 0x4A56828: gst_meta_register (in /usr/lib/x86_64-linux-gnu/libgstreamer-1.0.so.0.2003.0)
==7139==    by 0x99436C: rialto_mse_protection_metadata_get_info (in /home/lukewill95/rialto/build/tests/media/server/gstplayer/RialtoServerGstPlayerUnitTests)
==7139==    by 0x8D64AE: RialtoProtectionMetadataTest_addProtectionMetadata_Test::TestBody() (in /home/lukewill95/rialto/build/tests/media/server/gstplayer/RialtoServerGstPlayerUnitTests)
==7139==    by 0x938A4C: void testing::internal::HandleSehExceptionsInMethodIfSupported<testing::Test, void>(testing::Test*, void (testing::Test::*)(), char const*) (in /home/lukewill95/rialto/build/tests/media/server/gstplayer/RialtoServerGstPlayerUnitTests)
==7139==    by 0x931110: void testing::internal::HandleExceptionsInMethodIfSupported<testing::Test, void>(testing::Test*, void (testing::Test::*)(), char const*) (in /home/lukewill95/rialto/build/tests/media/server/gstplayer/RialtoServerGstPlayerUnitTests)
==7139==    by 0x90D129: testing::Test::Run() (in /home/lukewill95/rialto/build/tests/media/server/gstplayer/RialtoServerGstPlayerUnitTests)
==7139==    by 0x90DBFC: testing::TestInfo::Run() (in /home/lukewill95/rialto/build/tests/media/server/gstplayer/RialtoServerGstPlayerUnitTests)
==7139== 
==7139== 80 bytes in 1 blocks are still reachable in loss record 1,203 of 1,608
==7139==    at 0x4848899: malloc (in /usr/libexec/valgrind/vgpreload_memcheck-amd64-linux.so)
==7139==    by 0x4BE0738: g_malloc (in /usr/lib/x86_64-linux-gnu/libglib-2.0.so.0.7200.4)
==7139==    by 0x4BF7B74: g_slice_alloc (in /usr/lib/x86_64-linux-gnu/libglib-2.0.so.0.7200.4)
==7139==    by 0x4A56778: gst_meta_register (in /usr/lib/x86_64-linux-gnu/libgstreamer-1.0.so.0.2003.0)
==7139==    by 0x99436C: rialto_mse_protection_metadata_get_info (in /home/lukewill95/rialto/build/tests/media/server/gstplayer/RialtoServerGstPlayerUnitTests)
==7139==    by 0x8D64AE: RialtoProtectionMetadataTest_addProtectionMetadata_Test::TestBody() (in /home/lukewill95/rialto/build/tests/media/server/gstplayer/RialtoServerGstPlayerUnitTests)
==7139==    by 0x938A4C: void testing::internal::HandleSehExceptionsInMethodIfSupported<testing::Test, void>(testing::Test*, void (testing::Test::*)(), char const*) (in /home/lukewill95/rialto/build/tests/media/server/gstplayer/RialtoServerGstPlayerUnitTests)
==7139==    by 0x931110: void testing::internal::HandleExceptionsInMethodIfSupported<testing::Test, void>(testing::Test*, void (testing::Test::*)(), char const*) (in /home/lukewill95/rialto/build/tests/media/server/gstplayer/RialtoServerGstPlayerUnitTests)
==7139==    by 0x90D129: testing::Test::Run() (in /home/lukewill95/rialto/build/tests/media/server/gstplayer/RialtoServerGstPlayerUnitTests)
==7139==    by 0x90DBFC: testing::TestInfo::Run() (in /home/lukewill95/rialto/build/tests/media/server/gstplayer/RialtoServerGstPlayerUnitTests)
==7139==    by 0x90E549: testing::TestSuite::Run() (in /home/lukewill95/rialto/build/tests/media/server/gstplayer/RialtoServerGstPlayerUnitTests)
==7139==    by 0x91E85D: testing::internal::UnitTestImpl::RunAllTests() (in /home/lukewill95/rialto/build/tests/media/server/gstplayer/RialtoServerGstPlayerUnitTests)
==7139== 
==7139== 88 bytes in 1 blocks are still reachable in loss record 1,205 of 1,608
==7139==    at 0x4B4C505: ??? (in /usr/lib/x86_64-linux-gnu/libgobject-2.0.so.0.7200.4)
==7139==    by 0x4B4C992: ??? (in /usr/lib/x86_64-linux-gnu/libgobject-2.0.so.0.7200.4)
==7139==    by 0x4B32F64: ??? (in /usr/lib/x86_64-linux-gnu/libgobject-2.0.so.0.7200.4)
==7139==    by 0x400647D: call_init.part.0 (dl-init.c:70)
==7139==    by 0x4006567: call_init (dl-init.c:33)
==7139==    by 0x4006567: _dl_init (dl-init.c:117)
==7139==    by 0x40202E9: ??? (in /usr/lib/x86_64-linux-gnu/ld-linux-x86-64.so.2)
==7139== 
==7139== 88 bytes in 1 blocks are still reachable in loss record 1,206 of 1,608
==7139==    at 0x4B4C505: ??? (in /usr/lib/x86_64-linux-gnu/libgobject-2.0.so.0.7200.4)
==7139==    by 0x4B4C992: ??? (in /usr/lib/x86_64-linux-gnu/libgobject-2.0.so.0.7200.4)
==7139==    by 0x4B32FDB: ??? (in /usr/lib/x86_64-linux-gnu/libgobject-2.0.so.0.7200.4)
==7139==    by 0x400647D: call_init.part.0 (dl-init.c:70)
==7139==    by 0x4006567: call_init (dl-init.c:33)
==7139==    by 0x4006567: _dl_init (dl-init.c:117)
==7139==    by 0x40202E9: ??? (in /usr/lib/x86_64-linux-gnu/ld-linux-x86-64.so.2)
==7139== 
==7139== 96 bytes in 1 blocks are still reachable in loss record 1,264 of 1,608
==7139==    at 0x4848899: malloc (in /usr/libexec/valgrind/vgpreload_memcheck-amd64-linux.so)
==7139==    by 0x4BE0738: g_malloc (in /usr/lib/x86_64-linux-gnu/libglib-2.0.so.0.7200.4)
==7139==    by 0x4BF7B74: g_slice_alloc (in /usr/lib/x86_64-linux-gnu/libglib-2.0.so.0.7200.4)
==7139==    by 0x4BC5501: g_hash_table_new_full (in /usr/lib/x86_64-linux-gnu/libglib-2.0.so.0.7200.4)
==7139==    by 0x4BE0B62: ??? (in /usr/lib/x86_64-linux-gnu/libglib-2.0.so.0.7200.4)
==7139==    by 0x4BA0BA8: ??? (in /usr/lib/x86_64-linux-gnu/libglib-2.0.so.0.7200.4)
==7139==    by 0x400647D: call_init.part.0 (dl-init.c:70)
==7139==    by 0x4006567: call_init (dl-init.c:33)
==7139==    by 0x4006567: _dl_init (dl-init.c:117)
==7139==    by 0x40202E9: ??? (in /usr/lib/x86_64-linux-gnu/ld-linux-x86-64.so.2)
==7139== 
==7139== 96 bytes in 1 blocks are still reachable in loss record 1,265 of 1,608
==7139==    at 0x4848899: malloc (in /usr/libexec/valgrind/vgpreload_memcheck-amd64-linux.so)
==7139==    by 0x4BE0738: g_malloc (in /usr/lib/x86_64-linux-gnu/libglib-2.0.so.0.7200.4)
==7139==    by 0x4BF7B74: g_slice_alloc (in /usr/lib/x86_64-linux-gnu/libglib-2.0.so.0.7200.4)
==7139==    by 0x4BC5501: g_hash_table_new_full (in /usr/lib/x86_64-linux-gnu/libglib-2.0.so.0.7200.4)
==7139==    by 0x4BA0BB1: ??? (in /usr/lib/x86_64-linux-gnu/libglib-2.0.so.0.7200.4)
==7139==    by 0x400647D: call_init.part.0 (dl-init.c:70)
==7139==    by 0x4006567: call_init (dl-init.c:33)
==7139==    by 0x4006567: _dl_init (dl-init.c:117)
==7139==    by 0x40202E9: ??? (in /usr/lib/x86_64-linux-gnu/ld-linux-x86-64.so.2)
==7139== 
==7139== 96 bytes in 1 blocks are still reachable in loss record 1,266 of 1,608
==7139==    at 0x4848899: malloc (in /usr/libexec/valgrind/vgpreload_memcheck-amd64-linux.so)
==7139==    by 0x4BE0738: g_malloc (in /usr/lib/x86_64-linux-gnu/libglib-2.0.so.0.7200.4)
==7139==    by 0x4BF7B74: g_slice_alloc (in /usr/lib/x86_64-linux-gnu/libglib-2.0.so.0.7200.4)
==7139==    by 0x4BC5501: g_hash_table_new_full (in /usr/lib/x86_64-linux-gnu/libglib-2.0.so.0.7200.4)
==7139==    by 0x4B32F37: ??? (in /usr/lib/x86_64-linux-gnu/libgobject-2.0.so.0.7200.4)
==7139==    by 0x400647D: call_init.part.0 (dl-init.c:70)
==7139==    by 0x4006567: call_init (dl-init.c:33)
==7139==    by 0x4006567: _dl_init (dl-init.c:117)
==7139==    by 0x40202E9: ??? (in /usr/lib/x86_64-linux-gnu/ld-linux-x86-64.so.2)
==7139== 
==7139== 96 bytes in 1 blocks are still reachable in loss record 1,293 of 1,608
==7139==    at 0x4848899: malloc (in /usr/libexec/valgrind/vgpreload_memcheck-amd64-linux.so)
==7139==    by 0x4BE0738: g_malloc (in /usr/lib/x86_64-linux-gnu/libglib-2.0.so.0.7200.4)
==7139==    by 0x4BF7B74: g_slice_alloc (in /usr/lib/x86_64-linux-gnu/libglib-2.0.so.0.7200.4)
==7139==    by 0x4BC5501: g_hash_table_new_full (in /usr/lib/x86_64-linux-gnu/libglib-2.0.so.0.7200.4)
==7139==    by 0x4B34795: ??? (in /usr/lib/x86_64-linux-gnu/libgobject-2.0.so.0.7200.4)
==7139==    by 0x400647D: call_init.part.0 (dl-init.c:70)
==7139==    by 0x4006567: call_init (dl-init.c:33)
==7139==    by 0x4006567: _dl_init (dl-init.c:117)
==7139==    by 0x40202E9: ??? (in /usr/lib/x86_64-linux-gnu/ld-linux-x86-64.so.2)
==7139== 
==7139== 96 bytes in 1 blocks are still reachable in loss record 1,294 of 1,608
==7139==    at 0x4848899: malloc (in /usr/libexec/valgrind/vgpreload_memcheck-amd64-linux.so)
==7139==    by 0x4BE0738: g_malloc (in /usr/lib/x86_64-linux-gnu/libglib-2.0.so.0.7200.4)
==7139==    by 0x4BF7B74: g_slice_alloc (in /usr/lib/x86_64-linux-gnu/libglib-2.0.so.0.7200.4)
==7139==    by 0x4BC5501: g_hash_table_new_full (in /usr/lib/x86_64-linux-gnu/libglib-2.0.so.0.7200.4)
==7139==    by 0x4B347F0: ??? (in /usr/lib/x86_64-linux-gnu/libgobject-2.0.so.0.7200.4)
==7139==    by 0x400647D: call_init.part.0 (dl-init.c:70)
==7139==    by 0x4006567: call_init (dl-init.c:33)
==7139==    by 0x4006567: _dl_init (dl-init.c:117)
==7139==    by 0x40202E9: ??? (in /usr/lib/x86_64-linux-gnu/ld-linux-x86-64.so.2)
==7139== 
==7139== 96 bytes in 1 blocks are still reachable in loss record 1,431 of 1,608
==7139==    at 0x4B600C9: g_type_create_instance (in /usr/lib/x86_64-linux-gnu/libgobject-2.0.so.0.7200.4)
==7139==    by 0x4B470EC: ??? (in /usr/lib/x86_64-linux-gnu/libgobject-2.0.so.0.7200.4)
==7139==    by 0x4B4834C: g_object_new_with_properties (in /usr/lib/x86_64-linux-gnu/libgobject-2.0.so.0.7200.4)
==7139==    by 0x4B48E50: g_object_new (in /usr/lib/x86_64-linux-gnu/libgobject-2.0.so.0.7200.4)
==7139==    by 0x4A7C570: gst_registry_get (in /usr/lib/x86_64-linux-gnu/libgstreamer-1.0.so.0.2003.0)
==7139==    by 0x4A42768: gst_element_register (in /usr/lib/x86_64-linux-gnu/libgstreamer-1.0.so.0.2003.0)
==7139==    by 0x4A0C463: ??? (in /usr/lib/x86_64-linux-gnu/libgstreamer-1.0.so.0.2003.0)
==7139==    by 0x4A695C4: ??? (in /usr/lib/x86_64-linux-gnu/libgstreamer-1.0.so.0.2003.0)
==7139==    by 0x4A6F80D: gst_plugin_register_static (in /usr/lib/x86_64-linux-gnu/libgstreamer-1.0.so.0.2003.0)
==7139==    by 0x4A0FD90: ??? (in /usr/lib/x86_64-linux-gnu/libgstreamer-1.0.so.0.2003.0)
==7139==    by 0x4BE5A47: g_option_context_parse (in /usr/lib/x86_64-linux-gnu/libglib-2.0.so.0.7200.4)
==7139==    by 0x4A07876: gst_init_check (in /usr/lib/x86_64-linux-gnu/libgstreamer-1.0.so.0.2003.0)
==7139== 
==7139== 96 bytes in 1 blocks are still reachable in loss record 1,432 of 1,608
==7139==    at 0x4848899: malloc (in /usr/libexec/valgrind/vgpreload_memcheck-amd64-linux.so)
==7139==    by 0x4BE0738: g_malloc (in /usr/lib/x86_64-linux-gnu/libglib-2.0.so.0.7200.4)
==7139==    by 0x4BF7B74: g_slice_alloc (in /usr/lib/x86_64-linux-gnu/libglib-2.0.so.0.7200.4)
==7139==    by 0x4BC5501: g_hash_table_new_full (in /usr/lib/x86_64-linux-gnu/libglib-2.0.so.0.7200.4)
==7139==    by 0x4A73B27: ??? (in /usr/lib/x86_64-linux-gnu/libgstreamer-1.0.so.0.2003.0)
==7139==    by 0x4B5FFB9: g_type_create_instance (in /usr/lib/x86_64-linux-gnu/libgobject-2.0.so.0.7200.4)
==7139==    by 0x4B470EC: ??? (in /usr/lib/x86_64-linux-gnu/libgobject-2.0.so.0.7200.4)
==7139==    by 0x4B4834C: g_object_new_with_properties (in /usr/lib/x86_64-linux-gnu/libgobject-2.0.so.0.7200.4)
==7139==    by 0x4B48E50: g_object_new (in /usr/lib/x86_64-linux-gnu/libgobject-2.0.so.0.7200.4)
==7139==    by 0x4A7C570: gst_registry_get (in /usr/lib/x86_64-linux-gnu/libgstreamer-1.0.so.0.2003.0)
==7139==    by 0x4A42768: gst_element_register (in /usr/lib/x86_64-linux-gnu/libgstreamer-1.0.so.0.2003.0)
==7139==    by 0x4A0C463: ??? (in /usr/lib/x86_64-linux-gnu/libgstreamer-1.0.so.0.2003.0)
==7139== 
==7139== 96 bytes in 1 blocks are still reachable in loss record 1,433 of 1,608
==7139==    at 0x4848899: malloc (in /usr/libexec/valgrind/vgpreload_memcheck-amd64-linux.so)
==7139==    by 0x4BE0738: g_malloc (in /usr/lib/x86_64-linux-gnu/libglib-2.0.so.0.7200.4)
==7139==    by 0x4BF7B74: g_slice_alloc (in /usr/lib/x86_64-linux-gnu/libglib-2.0.so.0.7200.4)
==7139==    by 0x4BC5501: g_hash_table_new_full (in /usr/lib/x86_64-linux-gnu/libglib-2.0.so.0.7200.4)
==7139==    by 0x4A73B3A: ??? (in /usr/lib/x86_64-linux-gnu/libgstreamer-1.0.so.0.2003.0)
==7139==    by 0x4B5FFB9: g_type_create_instance (in /usr/lib/x86_64-linux-gnu/libgobject-2.0.so.0.7200.4)
==7139==    by 0x4B470EC: ??? (in /usr/lib/x86_64-linux-gnu/libgobject-2.0.so.0.7200.4)
==7139==    by 0x4B4834C: g_object_new_with_properties (in /usr/lib/x86_64-linux-gnu/libgobject-2.0.so.0.7200.4)
==7139==    by 0x4B48E50: g_object_new (in /usr/lib/x86_64-linux-gnu/libgobject-2.0.so.0.7200.4)
==7139==    by 0x4A7C570: gst_registry_get (in /usr/lib/x86_64-linux-gnu/libgstreamer-1.0.so.0.2003.0)
==7139==    by 0x4A42768: gst_element_register (in /usr/lib/x86_64-linux-gnu/libgstreamer-1.0.so.0.2003.0)
==7139==    by 0x4A0C463: ??? (in /usr/lib/x86_64-linux-gnu/libgstreamer-1.0.so.0.2003.0)
==7139== 
==7139== 96 bytes in 1 blocks are still reachable in loss record 1,434 of 1,608
==7139==    at 0x4848899: malloc (in /usr/libexec/valgrind/vgpreload_memcheck-amd64-linux.so)
==7139==    by 0x4BE0738: g_malloc (in /usr/lib/x86_64-linux-gnu/libglib-2.0.so.0.7200.4)
==7139==    by 0x4BF7B74: g_slice_alloc (in /usr/lib/x86_64-linux-gnu/libglib-2.0.so.0.7200.4)
==7139==    by 0x4BC5501: g_hash_table_new_full (in /usr/lib/x86_64-linux-gnu/libglib-2.0.so.0.7200.4)
==7139==    by 0x4BF9248: g_strerror (in /usr/lib/x86_64-linux-gnu/libglib-2.0.so.0.7200.4)
==7139==    by 0x4BC3E82: g_dir_open (in /usr/lib/x86_64-linux-gnu/libglib-2.0.so.0.7200.4)
==7139==    by 0x4A7B1B9: ??? (in /usr/lib/x86_64-linux-gnu/libgstreamer-1.0.so.0.2003.0)
==7139==    by 0x4A7BA2F: ??? (in /usr/lib/x86_64-linux-gnu/libgstreamer-1.0.so.0.2003.0)
==7139==    by 0x4A7DFB2: gst_update_registry (in /usr/lib/x86_64-linux-gnu/libgstreamer-1.0.so.0.2003.0)
==7139==    by 0x4A0FDD9: ??? (in /usr/lib/x86_64-linux-gnu/libgstreamer-1.0.so.0.2003.0)
==7139==    by 0x4BE5A47: g_option_context_parse (in /usr/lib/x86_64-linux-gnu/libglib-2.0.so.0.7200.4)
==7139==    by 0x4A07876: gst_init_check (in /usr/lib/x86_64-linux-gnu/libgstreamer-1.0.so.0.2003.0)
==7139== 
==7139== 104 bytes in 1 blocks are still reachable in loss record 1,443 of 1,608
==7139==    at 0x4B6005D: g_type_create_instance (in /usr/lib/x86_64-linux-gnu/libgobject-2.0.so.0.7200.4)
==7139==    by 0x4B470EC: ??? (in /usr/lib/x86_64-linux-gnu/libgobject-2.0.so.0.7200.4)
==7139==    by 0x4B4834C: g_object_new_with_properties (in /usr/lib/x86_64-linux-gnu/libgobject-2.0.so.0.7200.4)
==7139==    by 0x4B48E50: g_object_new (in /usr/lib/x86_64-linux-gnu/libgobject-2.0.so.0.7200.4)
==7139==    by 0x4A7C570: gst_registry_get (in /usr/lib/x86_64-linux-gnu/libgstreamer-1.0.so.0.2003.0)
==7139==    by 0x4A42768: gst_element_register (in /usr/lib/x86_64-linux-gnu/libgstreamer-1.0.so.0.2003.0)
==7139==    by 0x4A0C463: ??? (in /usr/lib/x86_64-linux-gnu/libgstreamer-1.0.so.0.2003.0)
==7139==    by 0x4A695C4: ??? (in /usr/lib/x86_64-linux-gnu/libgstreamer-1.0.so.0.2003.0)
==7139==    by 0x4A6F80D: gst_plugin_register_static (in /usr/lib/x86_64-linux-gnu/libgstreamer-1.0.so.0.2003.0)
==7139==    by 0x4A0FD90: ??? (in /usr/lib/x86_64-linux-gnu/libgstreamer-1.0.so.0.2003.0)
==7139==    by 0x4BE5A47: g_option_context_parse (in /usr/lib/x86_64-linux-gnu/libglib-2.0.so.0.7200.4)
==7139==    by 0x4A07876: gst_init_check (in /usr/lib/x86_64-linux-gnu/libgstreamer-1.0.so.0.2003.0)
==7139== 
==7139== 104 bytes in 1 blocks are still reachable in loss record 1,444 of 1,608
==7139==    at 0x484DCD3: realloc (in /usr/libexec/valgrind/vgpreload_memcheck-amd64-linux.so)
==7139==    by 0x4BE0D7F: g_realloc (in /usr/lib/x86_64-linux-gnu/libglib-2.0.so.0.7200.4)
==7139==    by 0x4BB87A0: ??? (in /usr/lib/x86_64-linux-gnu/libglib-2.0.so.0.7200.4)
==7139==    by 0x4A1256A: ??? (in /usr/lib/x86_64-linux-gnu/libgstreamer-1.0.so.0.2003.0)
==7139==    by 0x4B46D85: ??? (in /usr/lib/x86_64-linux-gnu/libgobject-2.0.so.0.7200.4)
==7139==    by 0x4B471BB: ??? (in /usr/lib/x86_64-linux-gnu/libgobject-2.0.so.0.7200.4)
==7139==    by 0x4B4834C: g_object_new_with_properties (in /usr/lib/x86_64-linux-gnu/libgobject-2.0.so.0.7200.4)
==7139==    by 0x4B48E50: g_object_new (in /usr/lib/x86_64-linux-gnu/libgobject-2.0.so.0.7200.4)
==7139==    by 0x4A7C570: gst_registry_get (in /usr/lib/x86_64-linux-gnu/libgstreamer-1.0.so.0.2003.0)
==7139==    by 0x4A42768: gst_element_register (in /usr/lib/x86_64-linux-gnu/libgstreamer-1.0.so.0.2003.0)
==7139==    by 0x4A0C463: ??? (in /usr/lib/x86_64-linux-gnu/libgstreamer-1.0.so.0.2003.0)
==7139==    by 0x4A695C4: ??? (in /usr/lib/x86_64-linux-gnu/libgstreamer-1.0.so.0.2003.0)
==7139== 
==7139== 106 bytes in 5 blocks are still reachable in loss record 1,447 of 1,608
==7139==    at 0x4848899: malloc (in /usr/libexec/valgrind/vgpreload_memcheck-amd64-linux.so)
==7139==    by 0x4BE0738: g_malloc (in /usr/lib/x86_64-linux-gnu/libglib-2.0.so.0.7200.4)
==7139==    by 0x4BF5583: g_strdup (in /usr/lib/x86_64-linux-gnu/libglib-2.0.so.0.7200.4)
==7139==    by 0x4B63167: g_value_set_string (in /usr/lib/x86_64-linux-gnu/libgobject-2.0.so.0.7200.4)
==7139==    by 0x4AACFB2: ??? (in /usr/lib/x86_64-linux-gnu/libgstreamer-1.0.so.0.2003.0)
==7139==    by 0x4AA7B91: ??? (in /usr/lib/x86_64-linux-gnu/libgstreamer-1.0.so.0.2003.0)
==7139==    by 0x4A8A6E8: ??? (in /usr/lib/x86_64-linux-gnu/libgstreamer-1.0.so.0.2003.0)
==7139==    by 0x4A8B77D: gst_structure_from_string (in /usr/lib/x86_64-linux-gnu/libgstreamer-1.0.so.0.2003.0)
==7139==    by 0x4A86C41: ??? (in /usr/lib/x86_64-linux-gnu/libgstreamer-1.0.so.0.2003.0)
==7139==    by 0x4A7E467: gst_update_registry (in /usr/lib/x86_64-linux-gnu/libgstreamer-1.0.so.0.2003.0)
==7139==    by 0x4A0FDD9: ??? (in /usr/lib/x86_64-linux-gnu/libgstreamer-1.0.so.0.2003.0)
==7139==    by 0x4BE5A47: g_option_context_parse (in /usr/lib/x86_64-linux-gnu/libglib-2.0.so.0.7200.4)
==7139== 
==7139== 120 bytes in 4 blocks are still reachable in loss record 1,472 of 1,608
==7139==    at 0x4848899: malloc (in /usr/libexec/valgrind/vgpreload_memcheck-amd64-linux.so)
==7139==    by 0x4BE0738: g_malloc (in /usr/lib/x86_64-linux-gnu/libglib-2.0.so.0.7200.4)
==7139==    by 0x4BF5583: g_strdup (in /usr/lib/x86_64-linux-gnu/libglib-2.0.so.0.7200.4)
==7139==    by 0x4B61D77: ??? (in /usr/lib/x86_64-linux-gnu/libgobject-2.0.so.0.7200.4)
==7139==    by 0x4A88870: gst_structure_copy (in /usr/lib/x86_64-linux-gnu/libgstreamer-1.0.so.0.2003.0)
==7139==    by 0x4A4291F: gst_element_register (in /usr/lib/x86_64-linux-gnu/libgstreamer-1.0.so.0.2003.0)
==7139==    by 0x4A0C463: ??? (in /usr/lib/x86_64-linux-gnu/libgstreamer-1.0.so.0.2003.0)
==7139==    by 0x4A695C4: ??? (in /usr/lib/x86_64-linux-gnu/libgstreamer-1.0.so.0.2003.0)
==7139==    by 0x4A6F80D: gst_plugin_register_static (in /usr/lib/x86_64-linux-gnu/libgstreamer-1.0.so.0.2003.0)
==7139==    by 0x4A0FD90: ??? (in /usr/lib/x86_64-linux-gnu/libgstreamer-1.0.so.0.2003.0)
==7139==    by 0x4BE5A47: g_option_context_parse (in /usr/lib/x86_64-linux-gnu/libglib-2.0.so.0.7200.4)
==7139==    by 0x4A07876: gst_init_check (in /usr/lib/x86_64-linux-gnu/libgstreamer-1.0.so.0.2003.0)
==7139== 
==7139== 120 bytes in 4 blocks are still reachable in loss record 1,473 of 1,608
==7139==    at 0x4848899: malloc (in /usr/libexec/valgrind/vgpreload_memcheck-amd64-linux.so)
==7139==    by 0x4BE0738: g_malloc (in /usr/lib/x86_64-linux-gnu/libglib-2.0.so.0.7200.4)
==7139==    by 0x4BF5583: g_strdup (in /usr/lib/x86_64-linux-gnu/libglib-2.0.so.0.7200.4)
==7139==    by 0x4B61D77: ??? (in /usr/lib/x86_64-linux-gnu/libgobject-2.0.so.0.7200.4)
==7139==    by 0x4A88870: gst_structure_copy (in /usr/lib/x86_64-linux-gnu/libgstreamer-1.0.so.0.2003.0)
==7139==    by 0x4A4291F: gst_element_register (in /usr/lib/x86_64-linux-gnu/libgstreamer-1.0.so.0.2003.0)
==7139==    by 0x4A0C483: ??? (in /usr/lib/x86_64-linux-gnu/libgstreamer-1.0.so.0.2003.0)
==7139==    by 0x4A695C4: ??? (in /usr/lib/x86_64-linux-gnu/libgstreamer-1.0.so.0.2003.0)
==7139==    by 0x4A6F80D: gst_plugin_register_static (in /usr/lib/x86_64-linux-gnu/libgstreamer-1.0.so.0.2003.0)
==7139==    by 0x4A0FD90: ??? (in /usr/lib/x86_64-linux-gnu/libgstreamer-1.0.so.0.2003.0)
==7139==    by 0x4BE5A47: g_option_context_parse (in /usr/lib/x86_64-linux-gnu/libglib-2.0.so.0.7200.4)
==7139==    by 0x4A07876: gst_init_check (in /usr/lib/x86_64-linux-gnu/libgstreamer-1.0.so.0.2003.0)
==7139== 
==7139== 128 bytes in 1 blocks are still reachable in loss record 1,479 of 1,608
==7139==    at 0x48487A9: malloc (in /usr/libexec/valgrind/vgpreload_memcheck-amd64-linux.so)
==7139==    by 0x4BE0D7F: g_realloc (in /usr/lib/x86_64-linux-gnu/libglib-2.0.so.0.7200.4)
==7139==    by 0x4BFA7E7: ??? (in /usr/lib/x86_64-linux-gnu/libglib-2.0.so.0.7200.4)
==7139==    by 0x4BFA868: g_string_sized_new (in /usr/lib/x86_64-linux-gnu/libglib-2.0.so.0.7200.4)
==7139==    by 0x4BC1090: ??? (in /usr/lib/x86_64-linux-gnu/libglib-2.0.so.0.7200.4)
==7139==    by 0x4BC153B: g_build_filename (in /usr/lib/x86_64-linux-gnu/libglib-2.0.so.0.7200.4)
==7139==    by 0x4C12BE7: ??? (in /usr/lib/x86_64-linux-gnu/libglib-2.0.so.0.7200.4)
==7139==    by 0x4C12C64: g_get_user_cache_dir (in /usr/lib/x86_64-linux-gnu/libglib-2.0.so.0.7200.4)
==7139==    by 0x4A7E596: gst_update_registry (in /usr/lib/x86_64-linux-gnu/libgstreamer-1.0.so.0.2003.0)
==7139==    by 0x4A0FDD9: ??? (in /usr/lib/x86_64-linux-gnu/libgstreamer-1.0.so.0.2003.0)
==7139==    by 0x4BE5A47: g_option_context_parse (in /usr/lib/x86_64-linux-gnu/libglib-2.0.so.0.7200.4)
==7139==    by 0x4A07876: gst_init_check (in /usr/lib/x86_64-linux-gnu/libgstreamer-1.0.so.0.2003.0)
==7139== 
==7139== 130 bytes in 1 blocks are still reachable in loss record 1,484 of 1,608
==7139==    at 0x484DA83: calloc (in /usr/libexec/valgrind/vgpreload_memcheck-amd64-linux.so)
==7139==    by 0x4BE0C50: g_malloc0 (in /usr/lib/x86_64-linux-gnu/libglib-2.0.so.0.7200.4)
==7139==    by 0x4B576B8: ??? (in /usr/lib/x86_64-linux-gnu/libgobject-2.0.so.0.7200.4)
==7139==    by 0x4B32FEC: ??? (in /usr/lib/x86_64-linux-gnu/libgobject-2.0.so.0.7200.4)
==7139==    by 0x400647D: call_init.part.0 (dl-init.c:70)
==7139==    by 0x4006567: call_init (dl-init.c:33)
==7139==    by 0x4006567: _dl_init (dl-init.c:117)
==7139==    by 0x40202E9: ??? (in /usr/lib/x86_64-linux-gnu/ld-linux-x86-64.so.2)
==7139== 
==7139== 184 bytes in 1 blocks are still reachable in loss record 1,496 of 1,608
==7139==    at 0x484DA83: calloc (in /usr/libexec/valgrind/vgpreload_memcheck-amd64-linux.so)
==7139==    by 0x4BE0C50: g_malloc0 (in /usr/lib/x86_64-linux-gnu/libglib-2.0.so.0.7200.4)
==7139==    by 0x4B32093: ??? (in /usr/lib/x86_64-linux-gnu/libgobject-2.0.so.0.7200.4)
==7139==    by 0x4B33892: ??? (in /usr/lib/x86_64-linux-gnu/libgobject-2.0.so.0.7200.4)
==7139==    by 0x400647D: call_init.part.0 (dl-init.c:70)
==7139==    by 0x4006567: call_init (dl-init.c:33)
==7139==    by 0x4006567: _dl_init (dl-init.c:117)
==7139==    by 0x40202E9: ??? (in /usr/lib/x86_64-linux-gnu/ld-linux-x86-64.so.2)
==7139== 
==7139== 199 bytes in 9 blocks are still reachable in loss record 1,501 of 1,608
==7139==    at 0x4848899: malloc (in /usr/libexec/valgrind/vgpreload_memcheck-amd64-linux.so)
==7139==    by 0x66D2EE7: ??? (in /usr/lib/x86_64-linux-gnu/libtasn1.so.6.6.2)
==7139==    by 0x66DA4A7: asn1_array2tree (in /usr/lib/x86_64-linux-gnu/libtasn1.so.6.6.2)
==7139==    by 0x5BB7674: ??? (in /usr/lib/x86_64-linux-gnu/libgnutls.so.30.31.0)
==7139==    by 0x5B85CA2: ??? (in /usr/lib/x86_64-linux-gnu/libgnutls.so.30.31.0)
==7139==    by 0x400647D: call_init.part.0 (dl-init.c:70)
==7139==    by 0x4006567: call_init (dl-init.c:33)
==7139==    by 0x4006567: _dl_init (dl-init.c:117)
==7139==    by 0x5163C84: _dl_catch_exception (dl-error-skeleton.c:182)
==7139==    by 0x400DFF5: dl_open_worker (dl-open.c:808)
==7139==    by 0x400DFF5: dl_open_worker (dl-open.c:771)
==7139==    by 0x5163C27: _dl_catch_exception (dl-error-skeleton.c:208)
==7139==    by 0x400E34D: _dl_open (dl-open.c:883)
==7139==    by 0x507F6BB: dlopen_doit (dlopen.c:56)
==7139== 
==7139== 224 bytes in 1 blocks are still reachable in loss record 1,506 of 1,608
==7139==    at 0x4848899: malloc (in /usr/libexec/valgrind/vgpreload_memcheck-amd64-linux.so)
==7139==    by 0x4BE0738: g_malloc (in /usr/lib/x86_64-linux-gnu/libglib-2.0.so.0.7200.4)
==7139==    by 0x4BF7B74: g_slice_alloc (in /usr/lib/x86_64-linux-gnu/libglib-2.0.so.0.7200.4)
==7139==    by 0x4BF81DD: g_slice_alloc0 (in /usr/lib/x86_64-linux-gnu/libglib-2.0.so.0.7200.4)
==7139==    by 0x4B5FF21: g_type_create_instance (in /usr/lib/x86_64-linux-gnu/libgobject-2.0.so.0.7200.4)
==7139==    by 0x4B470EC: ??? (in /usr/lib/x86_64-linux-gnu/libgobject-2.0.so.0.7200.4)
==7139==    by 0x4B4834C: g_object_new_with_properties (in /usr/lib/x86_64-linux-gnu/libgobject-2.0.so.0.7200.4)
==7139==    by 0x4B48E50: g_object_new (in /usr/lib/x86_64-linux-gnu/libgobject-2.0.so.0.7200.4)
==7139==    by 0x4A427A8: gst_element_register (in /usr/lib/x86_64-linux-gnu/libgstreamer-1.0.so.0.2003.0)
==7139==    by 0x4A0C463: ??? (in /usr/lib/x86_64-linux-gnu/libgstreamer-1.0.so.0.2003.0)
==7139==    by 0x4A695C4: ??? (in /usr/lib/x86_64-linux-gnu/libgstreamer-1.0.so.0.2003.0)
==7139==    by 0x4A6F80D: gst_plugin_register_static (in /usr/lib/x86_64-linux-gnu/libgstreamer-1.0.so.0.2003.0)
==7139== 
==7139== 224 bytes in 1 blocks are still reachable in loss record 1,507 of 1,608
==7139==    at 0x4848899: malloc (in /usr/libexec/valgrind/vgpreload_memcheck-amd64-linux.so)
==7139==    by 0x4BE0738: g_malloc (in /usr/lib/x86_64-linux-gnu/libglib-2.0.so.0.7200.4)
==7139==    by 0x4BF7B74: g_slice_alloc (in /usr/lib/x86_64-linux-gnu/libglib-2.0.so.0.7200.4)
==7139==    by 0x4BF81DD: g_slice_alloc0 (in /usr/lib/x86_64-linux-gnu/libglib-2.0.so.0.7200.4)
==7139==    by 0x4B5FF21: g_type_create_instance (in /usr/lib/x86_64-linux-gnu/libgobject-2.0.so.0.7200.4)
==7139==    by 0x4B470EC: ??? (in /usr/lib/x86_64-linux-gnu/libgobject-2.0.so.0.7200.4)
==7139==    by 0x4B4834C: g_object_new_with_properties (in /usr/lib/x86_64-linux-gnu/libgobject-2.0.so.0.7200.4)
==7139==    by 0x4B48E50: g_object_new (in /usr/lib/x86_64-linux-gnu/libgobject-2.0.so.0.7200.4)
==7139==    by 0x4A427A8: gst_element_register (in /usr/lib/x86_64-linux-gnu/libgstreamer-1.0.so.0.2003.0)
==7139==    by 0x4A0C483: ??? (in /usr/lib/x86_64-linux-gnu/libgstreamer-1.0.so.0.2003.0)
==7139==    by 0x4A695C4: ??? (in /usr/lib/x86_64-linux-gnu/libgstreamer-1.0.so.0.2003.0)
==7139==    by 0x4A6F80D: gst_plugin_register_static (in /usr/lib/x86_64-linux-gnu/libgstreamer-1.0.so.0.2003.0)
==7139== 
==7139== 232 bytes in 1 blocks are still reachable in loss record 1,508 of 1,608
==7139==    at 0x4849013: operator new(unsigned long) (in /usr/libexec/valgrind/vgpreload_memcheck-amd64-linux.so)
==7139==    by 0x484B31: __gnu_cxx::new_allocator<std::__detail::_Hash_node_base*>::allocate(unsigned long, void const*) (in /home/lukewill95/rialto/build/tests/media/server/gstplayer/RialtoServerGstPlayerUnitTests)
==7139==    by 0x480C5B: std::allocator_traits<std::allocator<std::__detail::_Hash_node_base*> >::allocate(std::allocator<std::__detail::_Hash_node_base*>&, unsigned long) (in /home/lukewill95/rialto/build/tests/media/server/gstplayer/RialtoServerGstPlayerUnitTests)
==7139==    by 0x95DB30: std::__detail::_Hashtable_alloc<std::allocator<std::__detail::_Hash_node<std::pair<unsigned long const, testing::internal::CallReaction>, false> > >::_M_allocate_buckets(unsigned long) (in /home/lukewill95/rialto/build/tests/media/server/gstplayer/RialtoServerGstPlayerUnitTests)
==7139==    by 0x95D5A6: std::_Hashtable<unsigned long, std::pair<unsigned long const, testing::internal::CallReaction>, std::allocator<std::pair<unsigned long const, testing::internal::CallReaction> >, std::__detail::_Select1st, std::equal_to<unsigned long>, std::hash<unsigned long>, std::__detail::_Mod_range_hashing, std::__detail::_Default_ranged_hash, std::__detail::_Prime_rehash_policy, std::__detail::_Hashtable_traits<false, false, true> >::_M_allocate_buckets(unsigned long) (in /home/lukewill95/rialto/build/tests/media/server/gstplayer/RialtoServerGstPlayerUnitTests)
==7139==    by 0x95CA84: std::_Hashtable<unsigned long, std::pair<unsigned long const, testing::internal::CallReaction>, std::allocator<std::pair<unsigned long const, testing::internal::CallReaction> >, std::__detail::_Select1st, std::equal_to<unsigned long>, std::hash<unsigned long>, std::__detail::_Mod_range_hashing, std::__detail::_Default_ranged_hash, std::__detail::_Prime_rehash_policy, std::__detail::_Hashtable_traits<false, false, true> >::_M_rehash_aux(unsigned long, std::integral_constant<bool, true>) (in /home/lukewill95/rialto/build/tests/media/server/gstplayer/RialtoServerGstPlayerUnitTests)
==7139==    by 0x95B757: std::_Hashtable<unsigned long, std::pair<unsigned long const, testing::internal::CallReaction>, std::allocator<std::pair<unsigned long const, testing::internal::CallReaction> >, std::__detail::_Select1st, std::equal_to<unsigned long>, std::hash<unsigned long>, std::__detail::_Mod_range_hashing, std::__detail::_Default_ranged_hash, std::__detail::_Prime_rehash_policy, std::__detail::_Hashtable_traits<false, false, true> >::_M_rehash(unsigned long, unsigned long const&) (in /home/lukewill95/rialto/build/tests/media/server/gstplayer/RialtoServerGstPlayerUnitTests)
==7139==    by 0x959E3B: std::_Hashtable<unsigned long, std::pair<unsigned long const, testing::internal::CallReaction>, std::allocator<std::pair<unsigned long const, testing::internal::CallReaction> >, std::__detail::_Select1st, std::equal_to<unsigned long>, std::hash<unsigned long>, std::__detail::_Mod_range_hashing, std::__detail::_Default_ranged_hash, std::__detail::_Prime_rehash_policy, std::__detail::_Hashtable_traits<false, false, true> >::_M_insert_unique_node(unsigned long, unsigned long, std::__detail::_Hash_node<std::pair<unsigned long const, testing::internal::CallReaction>, false>*, unsigned long) (in /home/lukewill95/rialto/build/tests/media/server/gstplayer/RialtoServerGstPlayerUnitTests)
==7139==    by 0x9580C6: std::__detail::_Map_base<unsigned long, std::pair<unsigned long const, testing::internal::CallReaction>, std::allocator<std::pair<unsigned long const, testing::internal::CallReaction> >, std::__detail::_Select1st, std::equal_to<unsigned long>, std::hash<unsigned long>, std::__detail::_Mod_range_hashing, std::__detail::_Default_ranged_hash, std::__detail::_Prime_rehash_policy, std::__detail::_Hashtable_traits<false, false, true>, true>::operator[](unsigned long const&) (in /home/lukewill95/rialto/build/tests/media/server/gstplayer/RialtoServerGstPlayerUnitTests)
==7139==    by 0x9560A2: std::unordered_map<unsigned long, testing::internal::CallReaction, std::hash<unsigned long>, std::equal_to<unsigned long>, std::allocator<std::pair<unsigned long const, testing::internal::CallReaction> > >::operator[](unsigned long const&) (in /home/lukewill95/rialto/build/tests/media/server/gstplayer/RialtoServerGstPlayerUnitTests)
==7139==    by 0x9514E1: testing::(anonymous namespace)::SetReactionOnUninterestingCalls(unsigned long, testing::internal::CallReaction) (in /home/lukewill95/rialto/build/tests/media/server/gstplayer/RialtoServerGstPlayerUnitTests)
==7139==    by 0x951592: testing::Mock::FailUninterestingCalls(unsigned long) (in /home/lukewill95/rialto/build/tests/media/server/gstplayer/RialtoServerGstPlayerUnitTests)
==7139== 
==7139== 624 bytes in 3 blocks are still reachable in loss record 1,550 of 1,608
==7139==    at 0x484DA83: calloc (in /usr/libexec/valgrind/vgpreload_memcheck-amd64-linux.so)
==7139==    by 0x4BE0C50: g_malloc0 (in /usr/lib/x86_64-linux-gnu/libglib-2.0.so.0.7200.4)
==7139==    by 0x4A9DA51: ??? (in /usr/lib/x86_64-linux-gnu/libgstreamer-1.0.so.0.2003.0)
==7139==    by 0x4B60162: g_value_init (in /usr/lib/x86_64-linux-gnu/libgobject-2.0.so.0.7200.4)
==7139==    by 0x4AA7EB9: ??? (in /usr/lib/x86_64-linux-gnu/libgstreamer-1.0.so.0.2003.0)
==7139==    by 0x4A8A6E8: ??? (in /usr/lib/x86_64-linux-gnu/libgstreamer-1.0.so.0.2003.0)
==7139==    by 0x4A2BB05: gst_caps_from_string (in /usr/lib/x86_64-linux-gnu/libgstreamer-1.0.so.0.2003.0)
==7139==    by 0x4A86EF7: ??? (in /usr/lib/x86_64-linux-gnu/libgstreamer-1.0.so.0.2003.0)
==7139==    by 0x4A7E467: gst_update_registry (in /usr/lib/x86_64-linux-gnu/libgstreamer-1.0.so.0.2003.0)
==7139==    by 0x4A0FDD9: ??? (in /usr/lib/x86_64-linux-gnu/libgstreamer-1.0.so.0.2003.0)
==7139==    by 0x4BE5A47: g_option_context_parse (in /usr/lib/x86_64-linux-gnu/libglib-2.0.so.0.7200.4)
==7139==    by 0x4A07876: gst_init_check (in /usr/lib/x86_64-linux-gnu/libgstreamer-1.0.so.0.2003.0)
==7139== 
==7139== 686 bytes in 15 blocks are still reachable in loss record 1,551 of 1,608
==7139==    at 0x4848899: malloc (in /usr/libexec/valgrind/vgpreload_memcheck-amd64-linux.so)
==7139==    by 0x4BE0738: g_malloc (in /usr/lib/x86_64-linux-gnu/libglib-2.0.so.0.7200.4)
==7139==    by 0x4BF5583: g_strdup (in /usr/lib/x86_64-linux-gnu/libglib-2.0.so.0.7200.4)
==7139==    by 0x4AACE69: ??? (in /usr/lib/x86_64-linux-gnu/libgstreamer-1.0.so.0.2003.0)
==7139==    by 0x4AACFD6: ??? (in /usr/lib/x86_64-linux-gnu/libgstreamer-1.0.so.0.2003.0)
==7139==    by 0x4AA7B91: ??? (in /usr/lib/x86_64-linux-gnu/libgstreamer-1.0.so.0.2003.0)
==7139==    by 0x4A8A6E8: ??? (in /usr/lib/x86_64-linux-gnu/libgstreamer-1.0.so.0.2003.0)
==7139==    by 0x4A8B77D: gst_structure_from_string (in /usr/lib/x86_64-linux-gnu/libgstreamer-1.0.so.0.2003.0)
==7139==    by 0x4A86C41: ??? (in /usr/lib/x86_64-linux-gnu/libgstreamer-1.0.so.0.2003.0)
==7139==    by 0x4A7E467: gst_update_registry (in /usr/lib/x86_64-linux-gnu/libgstreamer-1.0.so.0.2003.0)
==7139==    by 0x4A0FDD9: ??? (in /usr/lib/x86_64-linux-gnu/libgstreamer-1.0.so.0.2003.0)
==7139==    by 0x4BE5A47: g_option_context_parse (in /usr/lib/x86_64-linux-gnu/libglib-2.0.so.0.7200.4)
==7139== 
==7139== 1,022 bytes in 27 blocks are still reachable in loss record 1,553 of 1,608
==7139==    at 0x4848899: malloc (in /usr/libexec/valgrind/vgpreload_memcheck-amd64-linux.so)
==7139==    by 0x40271FF: malloc (rtld-malloc.h:56)
==7139==    by 0x40271FF: strdup (strdup.c:42)
==7139==    by 0x4016A66: _dl_load_cache_lookup (dl-cache.c:527)
==7139==    by 0x400A981: _dl_map_object (dl-load.c:2193)
==7139==    by 0x4003494: openaux (dl-deps.c:64)
==7139==    by 0x5163C27: _dl_catch_exception (dl-error-skeleton.c:208)
==7139==    by 0x4003C7B: _dl_map_object_deps (dl-deps.c:248)
==7139==    by 0x400EA0E: dl_open_worker_begin (dl-open.c:592)
==7139==    by 0x5163C27: _dl_catch_exception (dl-error-skeleton.c:208)
==7139==    by 0x400DF99: dl_open_worker (dl-open.c:782)
==7139==    by 0x5163C27: _dl_catch_exception (dl-error-skeleton.c:208)
==7139==    by 0x400E34D: _dl_open (dl-open.c:883)
==7139== 
==7139== 1,022 bytes in 27 blocks are still reachable in loss record 1,554 of 1,608
==7139==    at 0x4848899: malloc (in /usr/libexec/valgrind/vgpreload_memcheck-amd64-linux.so)
==7139==    by 0x400DD20: malloc (rtld-malloc.h:56)
==7139==    by 0x400DD20: _dl_new_object (dl-object.c:199)
==7139==    by 0x4008C82: _dl_map_object_from_fd (dl-load.c:1063)
==7139==    by 0x400A600: _dl_map_object (dl-load.c:2327)
==7139==    by 0x4003494: openaux (dl-deps.c:64)
==7139==    by 0x5163C27: _dl_catch_exception (dl-error-skeleton.c:208)
==7139==    by 0x4003C7B: _dl_map_object_deps (dl-deps.c:248)
==7139==    by 0x400EA0E: dl_open_worker_begin (dl-open.c:592)
==7139==    by 0x5163C27: _dl_catch_exception (dl-error-skeleton.c:208)
==7139==    by 0x400DF99: dl_open_worker (dl-open.c:782)
==7139==    by 0x5163C27: _dl_catch_exception (dl-error-skeleton.c:208)
==7139==    by 0x400E34D: _dl_open (dl-open.c:883)
==7139== 
==7139== 1,211 bytes in 1 blocks are still reachable in loss record 1,559 of 1,608
==7139==    at 0x484DA83: calloc (in /usr/libexec/valgrind/vgpreload_memcheck-amd64-linux.so)
==7139==    by 0x400DA02: calloc (rtld-malloc.h:44)
==7139==    by 0x400DA02: _dl_new_object (dl-object.c:92)
==7139==    by 0x4008C82: _dl_map_object_from_fd (dl-load.c:1063)
==7139==    by 0x400A600: _dl_map_object (dl-load.c:2327)
==7139==    by 0x400E9A8: dl_open_worker_begin (dl-open.c:534)
==7139==    by 0x5163C27: _dl_catch_exception (dl-error-skeleton.c:208)
==7139==    by 0x400DF99: dl_open_worker (dl-open.c:782)
==7139==    by 0x5163C27: _dl_catch_exception (dl-error-skeleton.c:208)
==7139==    by 0x400E34D: _dl_open (dl-open.c:883)
==7139==    by 0x507F6BB: dlopen_doit (dlopen.c:56)
==7139==    by 0x5163C27: _dl_catch_exception (dl-error-skeleton.c:208)
==7139==    by 0x5163CF2: _dl_catch_error (dl-error-skeleton.c:227)
==7139== 
==7139== 1,411 bytes in 65 blocks are still reachable in loss record 1,560 of 1,608
==7139==    at 0x4848899: malloc (in /usr/libexec/valgrind/vgpreload_memcheck-amd64-linux.so)
==7139==    by 0x66D2EE7: ??? (in /usr/lib/x86_64-linux-gnu/libtasn1.so.6.6.2)
==7139==    by 0x66DA4A7: asn1_array2tree (in /usr/lib/x86_64-linux-gnu/libtasn1.so.6.6.2)
==7139==    by 0x5BB7547: ??? (in /usr/lib/x86_64-linux-gnu/libgnutls.so.30.31.0)
==7139==    by 0x5B85CA2: ??? (in /usr/lib/x86_64-linux-gnu/libgnutls.so.30.31.0)
==7139==    by 0x400647D: call_init.part.0 (dl-init.c:70)
==7139==    by 0x4006567: call_init (dl-init.c:33)
==7139==    by 0x4006567: _dl_init (dl-init.c:117)
==7139==    by 0x5163C84: _dl_catch_exception (dl-error-skeleton.c:182)
==7139==    by 0x400DFF5: dl_open_worker (dl-open.c:808)
==7139==    by 0x400DFF5: dl_open_worker (dl-open.c:771)
==7139==    by 0x5163C27: _dl_catch_exception (dl-error-skeleton.c:208)
==7139==    by 0x400E34D: _dl_open (dl-open.c:883)
==7139==    by 0x507F6BB: dlopen_doit (dlopen.c:56)
==7139== 
==7139== 2,032 bytes in 1 blocks are still reachable in loss record 1,562 of 1,608
==7139==    at 0x484DA83: calloc (in /usr/libexec/valgrind/vgpreload_memcheck-amd64-linux.so)
==7139==    by 0x4BE0C50: g_malloc0 (in /usr/lib/x86_64-linux-gnu/libglib-2.0.so.0.7200.4)
==7139==    by 0x4BF7DDD: g_slice_alloc (in /usr/lib/x86_64-linux-gnu/libglib-2.0.so.0.7200.4)
==7139==    by 0x4BC5501: g_hash_table_new_full (in /usr/lib/x86_64-linux-gnu/libglib-2.0.so.0.7200.4)
==7139==    by 0x4BE0B62: ??? (in /usr/lib/x86_64-linux-gnu/libglib-2.0.so.0.7200.4)
==7139==    by 0x4BA0BA8: ??? (in /usr/lib/x86_64-linux-gnu/libglib-2.0.so.0.7200.4)
==7139==    by 0x400647D: call_init.part.0 (dl-init.c:70)
==7139==    by 0x4006567: call_init (dl-init.c:33)
==7139==    by 0x4006567: _dl_init (dl-init.c:117)
==7139==    by 0x40202E9: ??? (in /usr/lib/x86_64-linux-gnu/ld-linux-x86-64.so.2)
==7139== 
==7139== 2,048 bytes in 1 blocks are still reachable in loss record 1,565 of 1,608
==7139==    at 0x484DCD3: realloc (in /usr/libexec/valgrind/vgpreload_memcheck-amd64-linux.so)
==7139==    by 0x4BE0D7F: g_realloc (in /usr/lib/x86_64-linux-gnu/libglib-2.0.so.0.7200.4)
==7139==    by 0x4BC1C8B: ??? (in /usr/lib/x86_64-linux-gnu/libglib-2.0.so.0.7200.4)
==7139==    by 0x4BC2695: ??? (in /usr/lib/x86_64-linux-gnu/libglib-2.0.so.0.7200.4)
==7139==    by 0x4BC59CB: ??? (in /usr/lib/x86_64-linux-gnu/libglib-2.0.so.0.7200.4)
==7139==    by 0x4BC6282: g_hash_table_replace (in /usr/lib/x86_64-linux-gnu/libglib-2.0.so.0.7200.4)
==7139==    by 0x4A7C7E8: gst_registry_add_plugin (in /usr/lib/x86_64-linux-gnu/libgstreamer-1.0.so.0.2003.0)
==7139==    by 0x4A85A9F: ??? (in /usr/lib/x86_64-linux-gnu/libgstreamer-1.0.so.0.2003.0)
==7139==    by 0x4A7E467: gst_update_registry (in /usr/lib/x86_64-linux-gnu/libgstreamer-1.0.so.0.2003.0)
==7139==    by 0x4A0FDD9: ??? (in /usr/lib/x86_64-linux-gnu/libgstreamer-1.0.so.0.2003.0)
==7139==    by 0x4BE5A47: g_option_context_parse (in /usr/lib/x86_64-linux-gnu/libglib-2.0.so.0.7200.4)
==7139==    by 0x4A07876: gst_init_check (in /usr/lib/x86_64-linux-gnu/libgstreamer-1.0.so.0.2003.0)
==7139== 
==7139== 2,482 bytes in 259 blocks are still reachable in loss record 1,567 of 1,608
==7139==    at 0x4848899: malloc (in /usr/libexec/valgrind/vgpreload_memcheck-amd64-linux.so)
==7139==    by 0x50771D7: __vasprintf_internal (vasprintf.c:71)
==7139==    by 0x4C280C2: g_vasprintf (in /usr/lib/x86_64-linux-gnu/libglib-2.0.so.0.7200.4)
==7139==    by 0x4BF8E20: g_strdup_vprintf (in /usr/lib/x86_64-linux-gnu/libglib-2.0.so.0.7200.4)
==7139==    by 0x4BF8EDC: g_strdup_printf (in /usr/lib/x86_64-linux-gnu/libglib-2.0.so.0.7200.4)
==7139==    by 0x4A125EB: ??? (in /usr/lib/x86_64-linux-gnu/libgstreamer-1.0.so.0.2003.0)
==7139==    by 0x4B46D85: ??? (in /usr/lib/x86_64-linux-gnu/libgobject-2.0.so.0.7200.4)
==7139==    by 0x4B471BB: ??? (in /usr/lib/x86_64-linux-gnu/libgobject-2.0.so.0.7200.4)
==7139==    by 0x4B4834C: g_object_new_with_properties (in /usr/lib/x86_64-linux-gnu/libgobject-2.0.so.0.7200.4)
==7139==    by 0x4B48E50: g_object_new (in /usr/lib/x86_64-linux-gnu/libgobject-2.0.so.0.7200.4)
==7139==    by 0x4A85553: ??? (in /usr/lib/x86_64-linux-gnu/libgstreamer-1.0.so.0.2003.0)
==7139==    by 0x4A7E467: gst_update_registry (in /usr/lib/x86_64-linux-gnu/libgstreamer-1.0.so.0.2003.0)
==7139== 
==7139== 4,096 bytes in 1 blocks are still reachable in loss record 1,572 of 1,608
==7139==    at 0x484DCD3: realloc (in /usr/libexec/valgrind/vgpreload_memcheck-amd64-linux.so)
==7139==    by 0x4BE0D7F: g_realloc (in /usr/lib/x86_64-linux-gnu/libglib-2.0.so.0.7200.4)
==7139==    by 0x4BC1CAC: ??? (in /usr/lib/x86_64-linux-gnu/libglib-2.0.so.0.7200.4)
==7139==    by 0x4BC2695: ??? (in /usr/lib/x86_64-linux-gnu/libglib-2.0.so.0.7200.4)
==7139==    by 0x4BC59CB: ??? (in /usr/lib/x86_64-linux-gnu/libglib-2.0.so.0.7200.4)
==7139==    by 0x4BC6282: g_hash_table_replace (in /usr/lib/x86_64-linux-gnu/libglib-2.0.so.0.7200.4)
==7139==    by 0x4A7C7E8: gst_registry_add_plugin (in /usr/lib/x86_64-linux-gnu/libgstreamer-1.0.so.0.2003.0)
==7139==    by 0x4A85A9F: ??? (in /usr/lib/x86_64-linux-gnu/libgstreamer-1.0.so.0.2003.0)
==7139==    by 0x4A7E467: gst_update_registry (in /usr/lib/x86_64-linux-gnu/libgstreamer-1.0.so.0.2003.0)
==7139==    by 0x4A0FDD9: ??? (in /usr/lib/x86_64-linux-gnu/libgstreamer-1.0.so.0.2003.0)
==7139==    by 0x4BE5A47: g_option_context_parse (in /usr/lib/x86_64-linux-gnu/libglib-2.0.so.0.7200.4)
==7139==    by 0x4A07876: gst_init_check (in /usr/lib/x86_64-linux-gnu/libgstreamer-1.0.so.0.2003.0)
==7139== 
==7139== 4,096 bytes in 1 blocks are still reachable in loss record 1,573 of 1,608
==7139==    at 0x484DCD3: realloc (in /usr/libexec/valgrind/vgpreload_memcheck-amd64-linux.so)
==7139==    by 0x4BE0D7F: g_realloc (in /usr/lib/x86_64-linux-gnu/libglib-2.0.so.0.7200.4)
==7139==    by 0x4BC1CD3: ??? (in /usr/lib/x86_64-linux-gnu/libglib-2.0.so.0.7200.4)
==7139==    by 0x4BC2695: ??? (in /usr/lib/x86_64-linux-gnu/libglib-2.0.so.0.7200.4)
==7139==    by 0x4BC59CB: ??? (in /usr/lib/x86_64-linux-gnu/libglib-2.0.so.0.7200.4)
==7139==    by 0x4BC6282: g_hash_table_replace (in /usr/lib/x86_64-linux-gnu/libglib-2.0.so.0.7200.4)
==7139==    by 0x4A7C7E8: gst_registry_add_plugin (in /usr/lib/x86_64-linux-gnu/libgstreamer-1.0.so.0.2003.0)
==7139==    by 0x4A85A9F: ??? (in /usr/lib/x86_64-linux-gnu/libgstreamer-1.0.so.0.2003.0)
==7139==    by 0x4A7E467: gst_update_registry (in /usr/lib/x86_64-linux-gnu/libgstreamer-1.0.so.0.2003.0)
==7139==    by 0x4A0FDD9: ??? (in /usr/lib/x86_64-linux-gnu/libgstreamer-1.0.so.0.2003.0)
==7139==    by 0x4BE5A47: g_option_context_parse (in /usr/lib/x86_64-linux-gnu/libglib-2.0.so.0.7200.4)
==7139==    by 0x4A07876: gst_init_check (in /usr/lib/x86_64-linux-gnu/libgstreamer-1.0.so.0.2003.0)
==7139== 
==7139== 8,192 bytes in 1 blocks are still reachable in loss record 1,581 of 1,608
==7139==    at 0x484DCD3: realloc (in /usr/libexec/valgrind/vgpreload_memcheck-amd64-linux.so)
==7139==    by 0x4BE0D7F: g_realloc (in /usr/lib/x86_64-linux-gnu/libglib-2.0.so.0.7200.4)
==7139==    by 0x4BC1C8B: ??? (in /usr/lib/x86_64-linux-gnu/libglib-2.0.so.0.7200.4)
==7139==    by 0x4BC2695: ??? (in /usr/lib/x86_64-linux-gnu/libglib-2.0.so.0.7200.4)
==7139==    by 0x4BC59CB: ??? (in /usr/lib/x86_64-linux-gnu/libglib-2.0.so.0.7200.4)
==7139==    by 0x4BC6282: g_hash_table_replace (in /usr/lib/x86_64-linux-gnu/libglib-2.0.so.0.7200.4)
==7139==    by 0x4A7CB68: gst_registry_add_feature (in /usr/lib/x86_64-linux-gnu/libgstreamer-1.0.so.0.2003.0)
==7139==    by 0x4A85FBE: ??? (in /usr/lib/x86_64-linux-gnu/libgstreamer-1.0.so.0.2003.0)
==7139==    by 0x4A7E467: gst_update_registry (in /usr/lib/x86_64-linux-gnu/libgstreamer-1.0.so.0.2003.0)
==7139==    by 0x4A0FDD9: ??? (in /usr/lib/x86_64-linux-gnu/libgstreamer-1.0.so.0.2003.0)
==7139==    by 0x4BE5A47: g_option_context_parse (in /usr/lib/x86_64-linux-gnu/libglib-2.0.so.0.7200.4)
==7139==    by 0x4A07876: gst_init_check (in /usr/lib/x86_64-linux-gnu/libgstreamer-1.0.so.0.2003.0)
==7139== 
==7139== 8,592 bytes in 28 blocks are still reachable in loss record 1,582 of 1,608
==7139==    at 0x484DA83: calloc (in /usr/libexec/valgrind/vgpreload_memcheck-amd64-linux.so)
==7139==    by 0x40162DC: calloc (rtld-malloc.h:44)
==7139==    by 0x40162DC: _dl_check_map_versions (dl-version.c:273)
==7139==    by 0x400ED13: dl_open_worker_begin (dl-open.c:600)
==7139==    by 0x5163C27: _dl_catch_exception (dl-error-skeleton.c:208)
==7139==    by 0x400DF99: dl_open_worker (dl-open.c:782)
==7139==    by 0x5163C27: _dl_catch_exception (dl-error-skeleton.c:208)
==7139==    by 0x400E34D: _dl_open (dl-open.c:883)
==7139==    by 0x507F6BB: dlopen_doit (dlopen.c:56)
==7139==    by 0x5163C27: _dl_catch_exception (dl-error-skeleton.c:208)
==7139==    by 0x5163CF2: _dl_catch_error (dl-error-skeleton.c:227)
==7139==    by 0x507F1AD: _dlerror_run (dlerror.c:138)
==7139==    by 0x507F747: dlopen_implementation (dlopen.c:71)
==7139==    by 0x507F747: dlopen@@GLIBC_2.34 (dlopen.c:81)
==7139== 
==7139== 16,384 bytes in 1 blocks are still reachable in loss record 1,586 of 1,608
==7139==    at 0x484DCD3: realloc (in /usr/libexec/valgrind/vgpreload_memcheck-amd64-linux.so)
==7139==    by 0x4BE0D7F: g_realloc (in /usr/lib/x86_64-linux-gnu/libglib-2.0.so.0.7200.4)
==7139==    by 0x4BC1CAC: ??? (in /usr/lib/x86_64-linux-gnu/libglib-2.0.so.0.7200.4)
==7139==    by 0x4BC2695: ??? (in /usr/lib/x86_64-linux-gnu/libglib-2.0.so.0.7200.4)
==7139==    by 0x4BC59CB: ??? (in /usr/lib/x86_64-linux-gnu/libglib-2.0.so.0.7200.4)
==7139==    by 0x4BC6282: g_hash_table_replace (in /usr/lib/x86_64-linux-gnu/libglib-2.0.so.0.7200.4)
==7139==    by 0x4A7CB68: gst_registry_add_feature (in /usr/lib/x86_64-linux-gnu/libgstreamer-1.0.so.0.2003.0)
==7139==    by 0x4A85FBE: ??? (in /usr/lib/x86_64-linux-gnu/libgstreamer-1.0.so.0.2003.0)
==7139==    by 0x4A7E467: gst_update_registry (in /usr/lib/x86_64-linux-gnu/libgstreamer-1.0.so.0.2003.0)
==7139==    by 0x4A0FDD9: ??? (in /usr/lib/x86_64-linux-gnu/libgstreamer-1.0.so.0.2003.0)
==7139==    by 0x4BE5A47: g_option_context_parse (in /usr/lib/x86_64-linux-gnu/libglib-2.0.so.0.7200.4)
==7139==    by 0x4A07876: gst_init_check (in /usr/lib/x86_64-linux-gnu/libgstreamer-1.0.so.0.2003.0)
==7139== 
==7139== 16,384 bytes in 1 blocks are still reachable in loss record 1,587 of 1,608
==7139==    at 0x484DCD3: realloc (in /usr/libexec/valgrind/vgpreload_memcheck-amd64-linux.so)
==7139==    by 0x4BE0D7F: g_realloc (in /usr/lib/x86_64-linux-gnu/libglib-2.0.so.0.7200.4)
==7139==    by 0x4BC1CD3: ??? (in /usr/lib/x86_64-linux-gnu/libglib-2.0.so.0.7200.4)
==7139==    by 0x4BC2695: ??? (in /usr/lib/x86_64-linux-gnu/libglib-2.0.so.0.7200.4)
==7139==    by 0x4BC59CB: ??? (in /usr/lib/x86_64-linux-gnu/libglib-2.0.so.0.7200.4)
==7139==    by 0x4BC6282: g_hash_table_replace (in /usr/lib/x86_64-linux-gnu/libglib-2.0.so.0.7200.4)
==7139==    by 0x4A7CB68: gst_registry_add_feature (in /usr/lib/x86_64-linux-gnu/libgstreamer-1.0.so.0.2003.0)
==7139==    by 0x4A85FBE: ??? (in /usr/lib/x86_64-linux-gnu/libgstreamer-1.0.so.0.2003.0)
==7139==    by 0x4A7E467: gst_update_registry (in /usr/lib/x86_64-linux-gnu/libgstreamer-1.0.so.0.2003.0)
==7139==    by 0x4A0FDD9: ??? (in /usr/lib/x86_64-linux-gnu/libgstreamer-1.0.so.0.2003.0)
==7139==    by 0x4BE5A47: g_option_context_parse (in /usr/lib/x86_64-linux-gnu/libglib-2.0.so.0.7200.4)
==7139==    by 0x4A07876: gst_init_check (in /usr/lib/x86_64-linux-gnu/libgstreamer-1.0.so.0.2003.0)
==7139== 
==7139== 16,384 bytes in 1 blocks are still reachable in loss record 1,588 of 1,608
==7139==    at 0x484DCD3: realloc (in /usr/libexec/valgrind/vgpreload_memcheck-amd64-linux.so)
==7139==    by 0x4BE0D7F: g_realloc (in /usr/lib/x86_64-linux-gnu/libglib-2.0.so.0.7200.4)
==7139==    by 0x4BC1C8B: ??? (in /usr/lib/x86_64-linux-gnu/libglib-2.0.so.0.7200.4)
==7139==    by 0x4BC2695: ??? (in /usr/lib/x86_64-linux-gnu/libglib-2.0.so.0.7200.4)
==7139==    by 0x4BC59CB: ??? (in /usr/lib/x86_64-linux-gnu/libglib-2.0.so.0.7200.4)
==7139==    by 0x4BC5DEF: g_hash_table_insert (in /usr/lib/x86_64-linux-gnu/libglib-2.0.so.0.7200.4)
==7139==    by 0x4BE0EF0: g_intern_string (in /usr/lib/x86_64-linux-gnu/libglib-2.0.so.0.7200.4)
==7139==    by 0x4A855A4: ??? (in /usr/lib/x86_64-linux-gnu/libgstreamer-1.0.so.0.2003.0)
==7139==    by 0x4A7E467: gst_update_registry (in /usr/lib/x86_64-linux-gnu/libgstreamer-1.0.so.0.2003.0)
==7139==    by 0x4A0FDD9: ??? (in /usr/lib/x86_64-linux-gnu/libgstreamer-1.0.so.0.2003.0)
==7139==    by 0x4BE5A47: g_option_context_parse (in /usr/lib/x86_64-linux-gnu/libglib-2.0.so.0.7200.4)
==7139==    by 0x4A07876: gst_init_check (in /usr/lib/x86_64-linux-gnu/libgstreamer-1.0.so.0.2003.0)
==7139== 
==7139== 18,848 bytes in 124 blocks are still reachable in loss record 1,590 of 1,608
==7139==    at 0x484DA83: calloc (in /usr/libexec/valgrind/vgpreload_memcheck-amd64-linux.so)
==7139==    by 0x66DA3DC: asn1_array2tree (in /usr/lib/x86_64-linux-gnu/libtasn1.so.6.6.2)
==7139==    by 0x5BB7674: ??? (in /usr/lib/x86_64-linux-gnu/libgnutls.so.30.31.0)
==7139==    by 0x5B85CA2: ??? (in /usr/lib/x86_64-linux-gnu/libgnutls.so.30.31.0)
==7139==    by 0x400647D: call_init.part.0 (dl-init.c:70)
==7139==    by 0x4006567: call_init (dl-init.c:33)
==7139==    by 0x4006567: _dl_init (dl-init.c:117)
==7139==    by 0x5163C84: _dl_catch_exception (dl-error-skeleton.c:182)
==7139==    by 0x400DFF5: dl_open_worker (dl-open.c:808)
==7139==    by 0x400DFF5: dl_open_worker (dl-open.c:771)
==7139==    by 0x5163C27: _dl_catch_exception (dl-error-skeleton.c:208)
==7139==    by 0x400E34D: _dl_open (dl-open.c:883)
==7139==    by 0x507F6BB: dlopen_doit (dlopen.c:56)
==7139==    by 0x5163C27: _dl_catch_exception (dl-error-skeleton.c:208)
==7139== 
==7139== 19,184 bytes in 1,548 blocks are still reachable in loss record 1,591 of 1,608
==7139==    at 0x4848899: malloc (in /usr/libexec/valgrind/vgpreload_memcheck-amd64-linux.so)
==7139==    by 0x4BE0738: g_malloc (in /usr/lib/x86_64-linux-gnu/libglib-2.0.so.0.7200.4)
==7139==    by 0x4BF5583: g_strdup (in /usr/lib/x86_64-linux-gnu/libglib-2.0.so.0.7200.4)
==7139==    by 0x4A124E5: ??? (in /usr/lib/x86_64-linux-gnu/libgstreamer-1.0.so.0.2003.0)
==7139==    by 0x4B46D85: ??? (in /usr/lib/x86_64-linux-gnu/libgobject-2.0.so.0.7200.4)
==7139==    by 0x4B471BB: ??? (in /usr/lib/x86_64-linux-gnu/libgobject-2.0.so.0.7200.4)
==7139==    by 0x4B488F7: g_object_new_valist (in /usr/lib/x86_64-linux-gnu/libgobject-2.0.so.0.7200.4)
==7139==    by 0x4B48E2C: g_object_new (in /usr/lib/x86_64-linux-gnu/libgobject-2.0.so.0.7200.4)
==7139==    by 0x4A85DC2: ??? (in /usr/lib/x86_64-linux-gnu/libgstreamer-1.0.so.0.2003.0)
==7139==    by 0x4A7E467: gst_update_registry (in /usr/lib/x86_64-linux-gnu/libgstreamer-1.0.so.0.2003.0)
==7139==    by 0x4A0FDD9: ??? (in /usr/lib/x86_64-linux-gnu/libgstreamer-1.0.so.0.2003.0)
==7139==    by 0x4BE5A47: g_option_context_parse (in /usr/lib/x86_64-linux-gnu/libglib-2.0.so.0.7200.4)
==7139== 
==7139== 26,120 bytes in 1,433 blocks are still reachable in loss record 1,593 of 1,608
==7139==    at 0x4848899: malloc (in /usr/libexec/valgrind/vgpreload_memcheck-amd64-linux.so)
==7139==    by 0x4BE0738: g_malloc (in /usr/lib/x86_64-linux-gnu/libglib-2.0.so.0.7200.4)
==7139==    by 0x4BF5583: g_strdup (in /usr/lib/x86_64-linux-gnu/libglib-2.0.so.0.7200.4)
==7139==    by 0x4B63167: g_value_set_string (in /usr/lib/x86_64-linux-gnu/libgobject-2.0.so.0.7200.4)
==7139==    by 0x4AACFB2: ??? (in /usr/lib/x86_64-linux-gnu/libgstreamer-1.0.so.0.2003.0)
==7139==    by 0x4AA7B91: ??? (in /usr/lib/x86_64-linux-gnu/libgstreamer-1.0.so.0.2003.0)
==7139==    by 0x4A8A6E8: ??? (in /usr/lib/x86_64-linux-gnu/libgstreamer-1.0.so.0.2003.0)
==7139==    by 0x4A8B77D: gst_structure_from_string (in /usr/lib/x86_64-linux-gnu/libgstreamer-1.0.so.0.2003.0)
==7139==    by 0x4A86DC9: ??? (in /usr/lib/x86_64-linux-gnu/libgstreamer-1.0.so.0.2003.0)
==7139==    by 0x4A7E467: gst_update_registry (in /usr/lib/x86_64-linux-gnu/libgstreamer-1.0.so.0.2003.0)
==7139==    by 0x4A0FDD9: ??? (in /usr/lib/x86_64-linux-gnu/libgstreamer-1.0.so.0.2003.0)
==7139==    by 0x4BE5A47: g_option_context_parse (in /usr/lib/x86_64-linux-gnu/libglib-2.0.so.0.7200.4)
==7139== 
==7139== 32,612 bytes in 27 blocks are still reachable in loss record 1,594 of 1,608
==7139==    at 0x484DA83: calloc (in /usr/libexec/valgrind/vgpreload_memcheck-amd64-linux.so)
==7139==    by 0x400DA02: calloc (rtld-malloc.h:44)
==7139==    by 0x400DA02: _dl_new_object (dl-object.c:92)
==7139==    by 0x4008C82: _dl_map_object_from_fd (dl-load.c:1063)
==7139==    by 0x400A600: _dl_map_object (dl-load.c:2327)
==7139==    by 0x4003494: openaux (dl-deps.c:64)
==7139==    by 0x5163C27: _dl_catch_exception (dl-error-skeleton.c:208)
==7139==    by 0x4003C7B: _dl_map_object_deps (dl-deps.c:248)
==7139==    by 0x400EA0E: dl_open_worker_begin (dl-open.c:592)
==7139==    by 0x5163C27: _dl_catch_exception (dl-error-skeleton.c:208)
==7139==    by 0x400DF99: dl_open_worker (dl-open.c:782)
==7139==    by 0x5163C27: _dl_catch_exception (dl-error-skeleton.c:208)
==7139==    by 0x400E34D: _dl_open (dl-open.c:883)
==7139== 
==7139== 32,768 bytes in 1 blocks are still reachable in loss record 1,595 of 1,608
==7139==    at 0x484DCD3: realloc (in /usr/libexec/valgrind/vgpreload_memcheck-amd64-linux.so)
==7139==    by 0x4BE0D7F: g_realloc (in /usr/lib/x86_64-linux-gnu/libglib-2.0.so.0.7200.4)
==7139==    by 0x4BC1CAC: ??? (in /usr/lib/x86_64-linux-gnu/libglib-2.0.so.0.7200.4)
==7139==    by 0x4BC2695: ??? (in /usr/lib/x86_64-linux-gnu/libglib-2.0.so.0.7200.4)
==7139==    by 0x4BC59CB: ??? (in /usr/lib/x86_64-linux-gnu/libglib-2.0.so.0.7200.4)
==7139==    by 0x4BC5DEF: g_hash_table_insert (in /usr/lib/x86_64-linux-gnu/libglib-2.0.so.0.7200.4)
==7139==    by 0x4BE0EF0: g_intern_string (in /usr/lib/x86_64-linux-gnu/libglib-2.0.so.0.7200.4)
==7139==    by 0x4A855A4: ??? (in /usr/lib/x86_64-linux-gnu/libgstreamer-1.0.so.0.2003.0)
==7139==    by 0x4A7E467: gst_update_registry (in /usr/lib/x86_64-linux-gnu/libgstreamer-1.0.so.0.2003.0)
==7139==    by 0x4A0FDD9: ??? (in /usr/lib/x86_64-linux-gnu/libgstreamer-1.0.so.0.2003.0)
==7139==    by 0x4BE5A47: g_option_context_parse (in /usr/lib/x86_64-linux-gnu/libglib-2.0.so.0.7200.4)
==7139==    by 0x4A07876: gst_init_check (in /usr/lib/x86_64-linux-gnu/libgstreamer-1.0.so.0.2003.0)
==7139== 
==7139== 32,768 bytes in 1 blocks are still reachable in loss record 1,596 of 1,608
==7139==    at 0x484DCD3: realloc (in /usr/libexec/valgrind/vgpreload_memcheck-amd64-linux.so)
==7139==    by 0x4BE0D7F: g_realloc (in /usr/lib/x86_64-linux-gnu/libglib-2.0.so.0.7200.4)
==7139==    by 0x4BC1CD3: ??? (in /usr/lib/x86_64-linux-gnu/libglib-2.0.so.0.7200.4)
==7139==    by 0x4BC2695: ??? (in /usr/lib/x86_64-linux-gnu/libglib-2.0.so.0.7200.4)
==7139==    by 0x4BC59CB: ??? (in /usr/lib/x86_64-linux-gnu/libglib-2.0.so.0.7200.4)
==7139==    by 0x4BC5DEF: g_hash_table_insert (in /usr/lib/x86_64-linux-gnu/libglib-2.0.so.0.7200.4)
==7139==    by 0x4BE0EF0: g_intern_string (in /usr/lib/x86_64-linux-gnu/libglib-2.0.so.0.7200.4)
==7139==    by 0x4A855A4: ??? (in /usr/lib/x86_64-linux-gnu/libgstreamer-1.0.so.0.2003.0)
==7139==    by 0x4A7E467: gst_update_registry (in /usr/lib/x86_64-linux-gnu/libgstreamer-1.0.so.0.2003.0)
==7139==    by 0x4A0FDD9: ??? (in /usr/lib/x86_64-linux-gnu/libgstreamer-1.0.so.0.2003.0)
==7139==    by 0x4BE5A47: g_option_context_parse (in /usr/lib/x86_64-linux-gnu/libglib-2.0.so.0.7200.4)
==7139==    by 0x4A07876: gst_init_check (in /usr/lib/x86_64-linux-gnu/libgstreamer-1.0.so.0.2003.0)
==7139== 
==7139== 72,656 bytes in 478 blocks are still reachable in loss record 1,601 of 1,608
==7139==    at 0x484DA83: calloc (in /usr/libexec/valgrind/vgpreload_memcheck-amd64-linux.so)
==7139==    by 0x66DA3DC: asn1_array2tree (in /usr/lib/x86_64-linux-gnu/libtasn1.so.6.6.2)
==7139==    by 0x5BB7547: ??? (in /usr/lib/x86_64-linux-gnu/libgnutls.so.30.31.0)
==7139==    by 0x5B85CA2: ??? (in /usr/lib/x86_64-linux-gnu/libgnutls.so.30.31.0)
==7139==    by 0x400647D: call_init.part.0 (dl-init.c:70)
==7139==    by 0x4006567: call_init (dl-init.c:33)
==7139==    by 0x4006567: _dl_init (dl-init.c:117)
==7139==    by 0x5163C84: _dl_catch_exception (dl-error-skeleton.c:182)
==7139==    by 0x400DFF5: dl_open_worker (dl-open.c:808)
==7139==    by 0x400DFF5: dl_open_worker (dl-open.c:771)
==7139==    by 0x5163C27: _dl_catch_exception (dl-error-skeleton.c:208)
==7139==    by 0x400E34D: _dl_open (dl-open.c:883)
==7139==    by 0x507F6BB: dlopen_doit (dlopen.c:56)
==7139==    by 0x5163C27: _dl_catch_exception (dl-error-skeleton.c:208)
==7139== 
==7139== 221,226 bytes in 4,018 blocks are still reachable in loss record 1,606 of 1,608
==7139==    at 0x4848899: malloc (in /usr/libexec/valgrind/vgpreload_memcheck-amd64-linux.so)
==7139==    by 0x4BE0738: g_malloc (in /usr/lib/x86_64-linux-gnu/libglib-2.0.so.0.7200.4)
==7139==    by 0x4BF5583: g_strdup (in /usr/lib/x86_64-linux-gnu/libglib-2.0.so.0.7200.4)
==7139==    by 0x4AACE69: ??? (in /usr/lib/x86_64-linux-gnu/libgstreamer-1.0.so.0.2003.0)
==7139==    by 0x4AACFD6: ??? (in /usr/lib/x86_64-linux-gnu/libgstreamer-1.0.so.0.2003.0)
==7139==    by 0x4AA7B91: ??? (in /usr/lib/x86_64-linux-gnu/libgstreamer-1.0.so.0.2003.0)
==7139==    by 0x4A8A6E8: ??? (in /usr/lib/x86_64-linux-gnu/libgstreamer-1.0.so.0.2003.0)
==7139==    by 0x4A8B77D: gst_structure_from_string (in /usr/lib/x86_64-linux-gnu/libgstreamer-1.0.so.0.2003.0)
==7139==    by 0x4A86DC9: ??? (in /usr/lib/x86_64-linux-gnu/libgstreamer-1.0.so.0.2003.0)
==7139==    by 0x4A7E467: gst_update_registry (in /usr/lib/x86_64-linux-gnu/libgstreamer-1.0.so.0.2003.0)
==7139==    by 0x4A0FDD9: ??? (in /usr/lib/x86_64-linux-gnu/libgstreamer-1.0.so.0.2003.0)
==7139==    by 0x4BE5A47: g_option_context_parse (in /usr/lib/x86_64-linux-gnu/libglib-2.0.so.0.7200.4)
==7139== 
==7139== 344,928 bytes in 1,548 blocks are still reachable in loss record 1,607 of 1,608
==7139==    at 0x4848899: malloc (in /usr/libexec/valgrind/vgpreload_memcheck-amd64-linux.so)
==7139==    by 0x4BE0738: g_malloc (in /usr/lib/x86_64-linux-gnu/libglib-2.0.so.0.7200.4)
==7139==    by 0x4BF7B74: g_slice_alloc (in /usr/lib/x86_64-linux-gnu/libglib-2.0.so.0.7200.4)
==7139==    by 0x4BF81DD: g_slice_alloc0 (in /usr/lib/x86_64-linux-gnu/libglib-2.0.so.0.7200.4)
==7139==    by 0x4B5FF21: g_type_create_instance (in /usr/lib/x86_64-linux-gnu/libgobject-2.0.so.0.7200.4)
==7139==    by 0x4B470EC: ??? (in /usr/lib/x86_64-linux-gnu/libgobject-2.0.so.0.7200.4)
==7139==    by 0x4B488F7: g_object_new_valist (in /usr/lib/x86_64-linux-gnu/libgobject-2.0.so.0.7200.4)
==7139==    by 0x4B48E2C: g_object_new (in /usr/lib/x86_64-linux-gnu/libgobject-2.0.so.0.7200.4)
==7139==    by 0x4A85DC2: ??? (in /usr/lib/x86_64-linux-gnu/libgstreamer-1.0.so.0.2003.0)
==7139==    by 0x4A7E467: gst_update_registry (in /usr/lib/x86_64-linux-gnu/libgstreamer-1.0.so.0.2003.0)
==7139==    by 0x4A0FDD9: ??? (in /usr/lib/x86_64-linux-gnu/libgstreamer-1.0.so.0.2003.0)
==7139==    by 0x4BE5A47: g_option_context_parse (in /usr/lib/x86_64-linux-gnu/libglib-2.0.so.0.7200.4)
==7139== 
==7139== LEAK SUMMARY:
==7139==    definitely lost: 0 bytes in 0 blocks
==7139==    indirectly lost: 0 bytes in 0 blocks
==7139==      possibly lost: 0 bytes in 0 blocks
==7139==    still reachable: 894,127 bytes in 9,771 blocks
==7139==         suppressed: 1,345,858 bytes in 13,316 blocks
==7139== 
==7139== ERROR SUMMARY: 0 errors from 0 contexts (suppressed: 2 from 2)
--7139-- 
--7139-- used_suppression:   1016 ignore_gst_init_leak /home/lukewill95/rialto/rialto.supp:69 suppressed: 1,294,195 bytes in 12,886 blocks
--7139-- used_suppression:      1 ignore_dl_init_definitely_lost /home/lukewill95/rialto/rialto.supp:82 suppressed: 16,384 bytes in 1 blocks
--7139-- used_suppression:    237 ignore_glib_type_leaks /home/lukewill95/rialto/rialto.supp:62 suppressed: 23,412 bytes in 237 blocks
--7139-- used_suppression:    111 ignore_gtype_class_ref_leak /home/lukewill95/rialto/rialto.supp:76 suppressed: 7,511 bytes in 112 blocks
--7139-- used_suppression:     80 ignore_libgobject-2.0_register_fundamental /home/lukewill95/rialto/rialto.supp:31 suppressed: 4,356 bytes in 80 blocks
==7139== 
==7139== ERROR SUMMARY: 0 errors from 0 contexts (suppressed: 2 from 2)
+ make -j12 RialtoServerGstPlayerUnitTests
